[INFO] 正在查找 ADB 设备...
[SUCCESS] 连接到设备: MuMu安卓设备-MuMuPlayer12 v5 (127.0.0.1:16384)
[SUCCESS] 设备握手成功!
[INFO] 正在加载 YOLO 模型: D:\BiShe\MaAutomaton-main\MaAutomaton-main\models\yolo\best.pt
       使用设备: cpu
[SUCCESS] YOLO 模型加载完成!
[INFO] 正在加载模板匹配器...
[SUCCESS] 模板匹配器加载完成!
[INFO] 正在创建强化学习环境...
[ENV ERROR] 地形加载失败: [Errno 2] No such file or directory: 'D:\\BiShe\\MaAutomaton-main\\MaAutomaton-main\\Arknights-Tile-Pos-main\\Arknights-Tile-Pos-main\\levels.json'
[SUCCESS] 环境创建完成!
[INFO] 正在创建 PPO 模型...
[SUCCESS] 发现已有模型存档，从 D:\BiShe\MaAutomaton-main\MaAutomaton-main\models\rl\policy_latest.zip 恢复记忆继续训练！
[SUCCESS] PPO 模型创建完成!

================ 开始训练 ===================
总步数: 20000, 每次更新前收集步数: 128, 批次: 64
[ENV] 🛡️ 战斗全局异步监视器已启动...
Logging to D:\BiShe\MaAutomaton-main\MaAutomaton-main\tensorboard_logs\PPO_3
[SILENT_LOG] [TemplateMatcher] pause_gear.png -> max conf: 0.215 (needs 0.55, optimal scale: 1.20x)

[STEP 1] 开始执行动作...
[SILENT_LOG] [TemplateMatcher] pause_gear.png -> max conf: 0.215 (needs 0.55, optimal scale: 1.20x)

[MONITOR] 🚨 后台紧急熔断：连续 2 次未见右上角齿轮，战斗结束！
[ACTION] 盲狙执行: 选卡11 -> 拖拽至(3,1) 朝向3
[REWARD] 动作已执行，开始 3 次心跳检测血条 (间隔 0.2s)...
[REWARD] ❌ 未检测到新血条！判定为【费用不足或CD中】，强制挂机 2.0 秒等待费用恢复！
[REWARD] 执行前血条数: 0 -> 最终确认血条数: 0
[REWARD] ❌ 未产生血条 (游戏拒收/高低台错位/手滑)。惩罚 -0.05
[ENV] 🚨 后台监视器触发熔断，本回合正式结束！

================= 回合结束，开始自动重启关卡 =================
[TemplateMatcher] pause_gear.png -> max conf: 0.908 (needs 0.7, optimal scale: 0.80x)
[RESET] 找到 [pause_gear] (置信度 0.91 >= 0.7)，(仅检测，不点击)
[RESET] ✅ 检测到战斗画面右上角齿轮，重启成功！
================= 关卡重启流程结束 =================

[ENV] 🛡️ 战斗全局异步监视器已启动...
[SILENT_LOG] [TemplateMatcher] pause_gear.png -> max conf: 0.908 (needs 0.55, optimal scale: 0.80x)
--> [回合结束] 第 1 回合 | 奖励: -0.1 | 步数: 1

[STEP 1] 开始执行动作...
[ACTION MASKING] ⛔ 警告：手牌 4 亮度过低(无费/CD中)！代码直接拦截，不执行拖拽！
[SILENT_LOG] [TemplateMatcher] pause_gear.png -> max conf: 0.908 (needs 0.55, optimal scale: 0.80x)
[REWARD] 执行前血条数: 0 -> 最终确认血条数: 0
[REWARD] ⛔ 动作被拦截 (非法地形/没钱/有人)。惩罚 -0.05 (连续无作为: 2次)

[STEP 2] 开始执行动作...
[ACTION] 盲狙执行: 选卡11 -> 拖拽至(3,2) 朝向2
[SILENT_LOG] [TemplateMatcher] pause_gear.png -> max conf: 0.908 (needs 0.55, optimal scale: 0.80x)
[SILENT_LOG] [TemplateMatcher] pause_gear.png -> max conf: 0.908 (needs 0.55, optimal scale: 0.80x)
[SILENT_LOG] [TemplateMatcher] pause_gear.png -> max conf: 0.908 (needs 0.55, optimal scale: 0.80x)
[SILENT_LOG] [TemplateMatcher] pause_gear.png -> max conf: 0.909 (needs 0.55, optimal scale: 0.80x)
[SILENT_LOG] [TemplateMatcher] pause_gear.png -> max conf: 0.908 (needs 0.55, optimal scale: 0.80x)
[SILENT_LOG] [TemplateMatcher] pause_gear.png -> max conf: 0.908 (needs 0.55, optimal scale: 0.80x)
[SILENT_LOG] [TemplateMatcher] pause_gear.png -> max conf: 0.908 (needs 0.55, optimal scale: 0.80x)
[SILENT_LOG] [TemplateMatcher] pause_gear.png -> max conf: 0.908 (needs 0.55, optimal scale: 0.80x)
[SILENT_LOG] [TemplateMatcher] pause_gear.png -> max conf: 0.908 (needs 0.55, optimal scale: 0.80x)
[SILENT_LOG] [TemplateMatcher] pause_gear.png -> max conf: 0.908 (needs 0.55, optimal scale: 0.80x)
[SILENT_LOG] [TemplateMatcher] pause_gear.png -> max conf: 0.908 (needs 0.55, optimal scale: 0.80x)
[REWARD] 动作已执行，开始 3 次心跳检测血条 (间隔 0.2s)...
[SILENT_LOG] [TemplateMatcher] pause_gear.png -> max conf: 0.908 (needs 0.55, optimal scale: 0.80x)
[SILENT_LOG] [TemplateMatcher] pause_gear.png -> max conf: 0.908 (needs 0.55, optimal scale: 0.80x)
[SILENT_LOG] [TemplateMatcher] pause_gear.png -> max conf: 0.908 (needs 0.55, optimal scale: 0.80x)
[REWARD] ❌ 未检测到新血条！判定为【费用不足或CD中】，强制挂机 2.0 秒等待费用恢复！
[SILENT_LOG] [TemplateMatcher] pause_gear.png -> max conf: 0.908 (needs 0.55, optimal scale: 0.80x)
[SILENT_LOG] [TemplateMatcher] pause_gear.png -> max conf: 0.908 (needs 0.55, optimal scale: 0.80x)
[SILENT_LOG] [TemplateMatcher] pause_gear.png -> max conf: 0.908 (needs 0.55, optimal scale: 0.80x)
[SILENT_LOG] [TemplateMatcher] pause_gear.png -> max conf: 0.908 (needs 0.55, optimal scale: 0.80x)
[SILENT_LOG] [TemplateMatcher] pause_gear.png -> max conf: 0.908 (needs 0.55, optimal scale: 0.80x)
[SILENT_LOG] [TemplateMatcher] pause_gear.png -> max conf: 0.908 (needs 0.55, optimal scale: 0.80x)
[REWARD] 执行前血条数: 0 -> 最终确认血条数: 0
[REWARD] ❌ 未产生血条 (游戏拒收/高低台错位/手滑)。惩罚 -0.05

[STEP 3] 开始执行动作...
[SILENT_LOG] [TemplateMatcher] pause_gear.png -> max conf: 0.908 (needs 0.55, optimal scale: 0.80x)
[ACTION] 盲狙执行: 选卡2 -> 拖拽至(9,0) 朝向3
[SILENT_LOG] [TemplateMatcher] pause_gear.png -> max conf: 0.908 (needs 0.55, optimal scale: 0.80x)
[SILENT_LOG] [TemplateMatcher] pause_gear.png -> max conf: 0.894 (needs 0.55, optimal scale: 0.80x)
[SILENT_LOG] [TemplateMatcher] pause_gear.png -> max conf: 0.895 (needs 0.55, optimal scale: 0.80x)
[SILENT_LOG] [TemplateMatcher] pause_gear.png -> max conf: 0.895 (needs 0.55, optimal scale: 0.80x)
[SILENT_LOG] [TemplateMatcher] pause_gear.png -> max conf: 0.894 (needs 0.55, optimal scale: 0.80x)
[SILENT_LOG] [TemplateMatcher] pause_gear.png -> max conf: 0.886 (needs 0.55, optimal scale: 0.80x)
[SILENT_LOG] [TemplateMatcher] pause_gear.png -> max conf: 0.908 (needs 0.55, optimal scale: 0.80x)
[SILENT_LOG] [TemplateMatcher] pause_gear.png -> max conf: 0.908 (needs 0.55, optimal scale: 0.80x)
[SILENT_LOG] [TemplateMatcher] pause_gear.png -> max conf: 0.908 (needs 0.55, optimal scale: 0.80x)
[SILENT_LOG] [TemplateMatcher] pause_gear.png -> max conf: 0.908 (needs 0.55, optimal scale: 0.80x)
[REWARD] 动作已执行，开始 3 次心跳检测血条 (间隔 0.2s)...
[SILENT_LOG] [TemplateMatcher] pause_gear.png -> max conf: 0.908 (needs 0.55, optimal scale: 0.80x)
[SILENT_LOG] [TemplateMatcher] pause_gear.png -> max conf: 0.908 (needs 0.55, optimal scale: 0.80x)
[SILENT_LOG] [TemplateMatcher] pause_gear.png -> max conf: 0.907 (needs 0.55, optimal scale: 0.80x)
[REWARD] ❌ 未检测到新血条！判定为【费用不足或CD中】，强制挂机 2.0 秒等待费用恢复！
[SILENT_LOG] [TemplateMatcher] pause_gear.png -> max conf: 0.908 (needs 0.55, optimal scale: 0.80x)
[SILENT_LOG] [TemplateMatcher] pause_gear.png -> max conf: 0.908 (needs 0.55, optimal scale: 0.80x)
[SILENT_LOG] [TemplateMatcher] pause_gear.png -> max conf: 0.908 (needs 0.55, optimal scale: 0.80x)
[SILENT_LOG] [TemplateMatcher] pause_gear.png -> max conf: 0.908 (needs 0.55, optimal scale: 0.80x)
[SILENT_LOG] [TemplateMatcher] pause_gear.png -> max conf: 0.908 (needs 0.55, optimal scale: 0.80x)
[SILENT_LOG] [TemplateMatcher] pause_gear.png -> max conf: 0.908 (needs 0.55, optimal scale: 0.80x)
[REWARD] 执行前血条数: 0 -> 最终确认血条数: 0
[REWARD] ❌ 未产生血条 (游戏拒收/高低台错位/手滑)。惩罚 -0.05

[STEP 4] 开始执行动作...
[SILENT_LOG] [TemplateMatcher] pause_gear.png -> max conf: 0.908 (needs 0.55, optimal scale: 0.80x)
[ACTION] 盲狙执行: 选卡8 -> 拖拽至(9,1) 朝向1
[SILENT_LOG] [TemplateMatcher] pause_gear.png -> max conf: 0.908 (needs 0.55, optimal scale: 0.80x)
[SILENT_LOG] [TemplateMatcher] pause_gear.png -> max conf: 0.888 (needs 0.55, optimal scale: 0.80x)
[SILENT_LOG] [TemplateMatcher] pause_gear.png -> max conf: 0.888 (needs 0.55, optimal scale: 0.80x)
[SILENT_LOG] [TemplateMatcher] pause_gear.png -> max conf: 0.888 (needs 0.55, optimal scale: 0.80x)
[SILENT_LOG] [TemplateMatcher] pause_gear.png -> max conf: 0.888 (needs 0.55, optimal scale: 0.80x)
[SILENT_LOG] [TemplateMatcher] pause_gear.png -> max conf: 0.888 (needs 0.55, optimal scale: 0.80x)
[SILENT_LOG] [TemplateMatcher] pause_gear.png -> max conf: 0.906 (needs 0.55, optimal scale: 0.80x)
[SILENT_LOG] [TemplateMatcher] pause_gear.png -> max conf: 0.908 (needs 0.55, optimal scale: 0.80x)
[SILENT_LOG] [TemplateMatcher] pause_gear.png -> max conf: 0.908 (needs 0.55, optimal scale: 0.80x)
[SILENT_LOG] [TemplateMatcher] pause_gear.png -> max conf: 0.908 (needs 0.55, optimal scale: 0.80x)
[REWARD] 动作已执行，开始 3 次心跳检测血条 (间隔 0.2s)...
[SILENT_LOG] [TemplateMatcher] pause_gear.png -> max conf: 0.908 (needs 0.55, optimal scale: 0.80x)
[SILENT_LOG] [TemplateMatcher] pause_gear.png -> max conf: 0.908 (needs 0.55, optimal scale: 0.80x)
[SILENT_LOG] [TemplateMatcher] pause_gear.png -> max conf: 0.908 (needs 0.55, optimal scale: 0.80x)
[SILENT_LOG] [TemplateMatcher] pause_gear.png -> max conf: 0.908 (needs 0.55, optimal scale: 0.80x)
[REWARD] ❌ 未检测到新血条！判定为【费用不足或CD中】，强制挂机 2.0 秒等待费用恢复！
[SILENT_LOG] [TemplateMatcher] pause_gear.png -> max conf: 0.908 (needs 0.55, optimal scale: 0.80x)
[SILENT_LOG] [TemplateMatcher] pause_gear.png -> max conf: 0.908 (needs 0.55, optimal scale: 0.80x)
[SILENT_LOG] [TemplateMatcher] pause_gear.png -> max conf: 0.908 (needs 0.55, optimal scale: 0.80x)
[SILENT_LOG] [TemplateMatcher] pause_gear.png -> max conf: 0.908 (needs 0.55, optimal scale: 0.80x)
[SILENT_LOG] [TemplateMatcher] pause_gear.png -> max conf: 0.908 (needs 0.55, optimal scale: 0.80x)
[SILENT_LOG] [TemplateMatcher] pause_gear.png -> max conf: 0.908 (needs 0.55, optimal scale: 0.80x)
[REWARD] 执行前血条数: 0 -> 最终确认血条数: 0
[REWARD] ❌ 未产生血条 (游戏拒收/高低台错位/手滑)。惩罚 -0.05

[STEP 5] 开始执行动作...
[SILENT_LOG] [TemplateMatcher] pause_gear.png -> max conf: 0.908 (needs 0.55, optimal scale: 0.80x)
[ACTION] 盲狙执行: 选卡8 -> 拖拽至(5,3) 朝向2
[SILENT_LOG] [TemplateMatcher] pause_gear.png -> max conf: 0.908 (needs 0.55, optimal scale: 0.80x)
[SILENT_LOG] [TemplateMatcher] pause_gear.png -> max conf: 0.888 (needs 0.55, optimal scale: 0.80x)
[SILENT_LOG] [TemplateMatcher] pause_gear.png -> max conf: 0.887 (needs 0.55, optimal scale: 0.80x)
[SILENT_LOG] [TemplateMatcher] pause_gear.png -> max conf: 0.887 (needs 0.55, optimal scale: 0.80x)
[SILENT_LOG] [TemplateMatcher] pause_gear.png -> max conf: 0.888 (needs 0.55, optimal scale: 0.80x)
[SILENT_LOG] [TemplateMatcher] pause_gear.png -> max conf: 0.890 (needs 0.55, optimal scale: 0.80x)
[SILENT_LOG] [TemplateMatcher] pause_gear.png -> max conf: 0.892 (needs 0.55, optimal scale: 0.80x)
[SILENT_LOG] [TemplateMatcher] pause_gear.png -> max conf: 0.893 (needs 0.55, optimal scale: 0.80x)
[SILENT_LOG] [TemplateMatcher] pause_gear.png -> max conf: 0.892 (needs 0.55, optimal scale: 0.80x)
[SILENT_LOG] [TemplateMatcher] pause_gear.png -> max conf: 0.893 (needs 0.55, optimal scale: 0.80x)
[REWARD] 动作已执行，开始 3 次心跳检测血条 (间隔 0.2s)...
[SILENT_LOG] [TemplateMatcher] pause_gear.png -> max conf: 0.891 (needs 0.55, optimal scale: 0.80x)
[SILENT_LOG] [TemplateMatcher] pause_gear.png -> max conf: 0.890 (needs 0.55, optimal scale: 0.80x)
[SILENT_LOG] [TemplateMatcher] pause_gear.png -> max conf: 0.888 (needs 0.55, optimal scale: 0.80x)
[SILENT_LOG] [TemplateMatcher] pause_gear.png -> max conf: 0.888 (needs 0.55, optimal scale: 0.80x)
[REWARD] ❌ 未检测到新血条！判定为【费用不足或CD中】，强制挂机 2.0 秒等待费用恢复！
[SILENT_LOG] [TemplateMatcher] pause_gear.png -> max conf: 0.887 (needs 0.55, optimal scale: 0.80x)
[SILENT_LOG] [TemplateMatcher] pause_gear.png -> max conf: 0.886 (needs 0.55, optimal scale: 0.80x)
[SILENT_LOG] [TemplateMatcher] pause_gear.png -> max conf: 0.885 (needs 0.55, optimal scale: 0.80x)
[SILENT_LOG] [TemplateMatcher] pause_gear.png -> max conf: 0.885 (needs 0.55, optimal scale: 0.80x)
[SILENT_LOG] [TemplateMatcher] pause_gear.png -> max conf: 0.884 (needs 0.55, optimal scale: 0.80x)
[REWARD] 执行前血条数: 0 -> 最终确认血条数: 0
[REWARD] ❌ 未产生血条 (游戏拒收/高低台错位/手滑)。惩罚 -0.05

[STEP 6] 开始执行动作...
[SILENT_LOG] [TemplateMatcher] pause_gear.png -> max conf: 0.884 (needs 0.55, optimal scale: 0.80x)
[ACTION MASKING] ⛔ 警告：手牌 2 亮度过低(无费/CD中)！代码直接拦截，不执行拖拽！
[SILENT_LOG] [TemplateMatcher] pause_gear.png -> max conf: 0.885 (needs 0.55, optimal scale: 0.80x)
[REWARD] 执行前血条数: 0 -> 最终确认血条数: 0
[REWARD] ⛔ 动作被拦截 (非法地形/没钱/有人)。惩罚 -0.05 (连续无作为: 7次)

[STEP 7] 开始执行动作...
[ACTION MASKING] ⛔ 警告：手牌 7 亮度过低(无费/CD中)！代码直接拦截，不执行拖拽！
[SILENT_LOG] [TemplateMatcher] pause_gear.png -> max conf: 0.884 (needs 0.55, optimal scale: 0.80x)
[REWARD] 执行前血条数: 0 -> 最终确认血条数: 0
[REWARD] ⛔ 动作被拦截 (非法地形/没钱/有人)。惩罚 -0.05 (连续无作为: 8次)

[STEP 8] 开始执行动作...
[SILENT_LOG] [TemplateMatcher] pause_gear.png -> max conf: 0.885 (needs 0.55, optimal scale: 0.80x)
[ACTION MASKING] ⛔ 警告：手牌 3 亮度过低(无费/CD中)！代码直接拦截，不执行拖拽！
[REWARD] 执行前血条数: 0 -> 最终确认血条数: 0
[REWARD] ⛔ 动作被拦截 (非法地形/没钱/有人)。惩罚 -0.05 (连续无作为: 9次)

[STEP 9] 开始执行动作...
[SILENT_LOG] [TemplateMatcher] pause_gear.png -> max conf: 0.885 (needs 0.55, optimal scale: 0.80x)
[ACTION MASKING] ⛔ 警告：手牌 4 亮度过低(无费/CD中)！代码直接拦截，不执行拖拽！
[SILENT_LOG] [TemplateMatcher] pause_gear.png -> max conf: 0.884 (needs 0.55, optimal scale: 0.80x)
[REWARD] 执行前血条数: 0 -> 最终确认血条数: 0
[REWARD] ⛔ 动作被拦截 (非法地形/没钱/有人)。惩罚 -0.05 (连续无作为: 10次)

[STEP 10] 开始执行动作...
[ACTION MASKING] ⛔ 警告：手牌 1 亮度过低(无费/CD中)！代码直接拦截，不执行拖拽！
[SILENT_LOG] [TemplateMatcher] pause_gear.png -> max conf: 0.884 (needs 0.55, optimal scale: 0.80x)
[REWARD] 执行前血条数: 0 -> 最终确认血条数: 0
[REWARD] ⛔ 动作被拦截 (非法地形/没钱/有人)。惩罚 -0.05 (连续无作为: 11次)

[STEP 11] 开始执行动作...
[ACTION] 盲狙执行: 选卡11 -> 拖拽至(1,0) 朝向2
[SILENT_LOG] [TemplateMatcher] pause_gear.png -> max conf: 0.884 (needs 0.55, optimal scale: 0.80x)
[SILENT_LOG] [TemplateMatcher] pause_gear.png -> max conf: 0.884 (needs 0.55, optimal scale: 0.80x)
[SILENT_LOG] [TemplateMatcher] pause_gear.png -> max conf: 0.885 (needs 0.55, optimal scale: 0.80x)
[SILENT_LOG] [TemplateMatcher] pause_gear.png -> max conf: 0.885 (needs 0.55, optimal scale: 0.80x)
[SILENT_LOG] [TemplateMatcher] pause_gear.png -> max conf: 0.885 (needs 0.55, optimal scale: 0.80x)
[SILENT_LOG] [TemplateMatcher] pause_gear.png -> max conf: 0.885 (needs 0.55, optimal scale: 0.80x)
[SILENT_LOG] [TemplateMatcher] pause_gear.png -> max conf: 0.887 (needs 0.55, optimal scale: 0.80x)
[SILENT_LOG] [TemplateMatcher] pause_gear.png -> max conf: 0.908 (needs 0.55, optimal scale: 0.80x)
[SILENT_LOG] [TemplateMatcher] pause_gear.png -> max conf: 0.908 (needs 0.55, optimal scale: 0.80x)
[SILENT_LOG] [TemplateMatcher] pause_gear.png -> max conf: 0.907 (needs 0.55, optimal scale: 0.80x)
[SILENT_LOG] [TemplateMatcher] pause_gear.png -> max conf: 0.908 (needs 0.55, optimal scale: 0.80x)
[REWARD] 动作已执行，开始 3 次心跳检测血条 (间隔 0.2s)...
[SILENT_LOG] [TemplateMatcher] pause_gear.png -> max conf: 0.908 (needs 0.55, optimal scale: 0.80x)
[SILENT_LOG] [TemplateMatcher] pause_gear.png -> max conf: 0.908 (needs 0.55, optimal scale: 0.80x)
[SILENT_LOG] [TemplateMatcher] pause_gear.png -> max conf: 0.908 (needs 0.55, optimal scale: 0.80x)
[SILENT_LOG] [TemplateMatcher] pause_gear.png -> max conf: 0.908 (needs 0.55, optimal scale: 0.80x)
[REWARD] ❌ 未检测到新血条！判定为【费用不足或CD中】，强制挂机 2.0 秒等待费用恢复！
[SILENT_LOG] [TemplateMatcher] pause_gear.png -> max conf: 0.908 (needs 0.55, optimal scale: 0.80x)
[SILENT_LOG] [TemplateMatcher] pause_gear.png -> max conf: 0.909 (needs 0.55, optimal scale: 0.80x)
[SILENT_LOG] [TemplateMatcher] pause_gear.png -> max conf: 0.908 (needs 0.55, optimal scale: 0.80x)
[SILENT_LOG] [TemplateMatcher] pause_gear.png -> max conf: 0.908 (needs 0.55, optimal scale: 0.80x)
[SILENT_LOG] [TemplateMatcher] pause_gear.png -> max conf: 0.908 (needs 0.55, optimal scale: 0.80x)
[REWARD] 执行前血条数: 0 -> 最终确认血条数: 0
[REWARD] ❌ 未产生血条 (游戏拒收/高低台错位/手滑)。惩罚 -0.05

[STEP 12] 开始执行动作...
[SILENT_LOG] [TemplateMatcher] pause_gear.png -> max conf: 0.908 (needs 0.55, optimal scale: 0.80x)
[ACTION] 盲狙执行: 选卡5 -> 拖拽至(0,4) 朝向1
[SILENT_LOG] [TemplateMatcher] pause_gear.png -> max conf: 0.908 (needs 0.55, optimal scale: 0.80x)
[SILENT_LOG] [TemplateMatcher] pause_gear.png -> max conf: 0.908 (needs 0.55, optimal scale: 0.80x)
[SILENT_LOG] [TemplateMatcher] pause_gear.png -> max conf: 0.890 (needs 0.55, optimal scale: 0.80x)
[SILENT_LOG] [TemplateMatcher] pause_gear.png -> max conf: 0.889 (needs 0.55, optimal scale: 0.80x)
[SILENT_LOG] [TemplateMatcher] pause_gear.png -> max conf: 0.887 (needs 0.55, optimal scale: 0.80x)
[SILENT_LOG] [TemplateMatcher] pause_gear.png -> max conf: 0.886 (needs 0.55, optimal scale: 0.80x)
[SILENT_LOG] [TemplateMatcher] pause_gear.png -> max conf: 0.899 (needs 0.55, optimal scale: 0.80x)
[SILENT_LOG] [TemplateMatcher] pause_gear.png -> max conf: 0.908 (needs 0.55, optimal scale: 0.80x)
[SILENT_LOG] [TemplateMatcher] pause_gear.png -> max conf: 0.908 (needs 0.55, optimal scale: 0.80x)
[SILENT_LOG] [TemplateMatcher] pause_gear.png -> max conf: 0.908 (needs 0.55, optimal scale: 0.80x)
[REWARD] 动作已执行，开始 3 次心跳检测血条 (间隔 0.2s)...
[SILENT_LOG] [TemplateMatcher] pause_gear.png -> max conf: 0.908 (needs 0.55, optimal scale: 0.80x)
[SILENT_LOG] [TemplateMatcher] pause_gear.png -> max conf: 0.908 (needs 0.55, optimal scale: 0.80x)
[SILENT_LOG] [TemplateMatcher] pause_gear.png -> max conf: 0.908 (needs 0.55, optimal scale: 0.80x)
[SILENT_LOG] [TemplateMatcher] pause_gear.png -> max conf: 0.908 (needs 0.55, optimal scale: 0.80x)
[REWARD] ❌ 未检测到新血条！判定为【费用不足或CD中】，强制挂机 2.0 秒等待费用恢复！
[SILENT_LOG] [TemplateMatcher] pause_gear.png -> max conf: 0.908 (needs 0.55, optimal scale: 0.80x)
[SILENT_LOG] [TemplateMatcher] pause_gear.png -> max conf: 0.908 (needs 0.55, optimal scale: 0.80x)
[SILENT_LOG] [TemplateMatcher] pause_gear.png -> max conf: 0.908 (needs 0.55, optimal scale: 0.80x)
[SILENT_LOG] [TemplateMatcher] pause_gear.png -> max conf: 0.908 (needs 0.55, optimal scale: 0.80x)
[SILENT_LOG] [TemplateMatcher] pause_gear.png -> max conf: 0.908 (needs 0.55, optimal scale: 0.80x)
[SILENT_LOG] [TemplateMatcher] pause_gear.png -> max conf: 0.908 (needs 0.55, optimal scale: 0.80x)
[REWARD] 执行前血条数: 0 -> 最终确认血条数: 0
[REWARD] ❌ 未产生血条 (游戏拒收/高低台错位/手滑)。惩罚 -0.05

[STEP 13] 开始执行动作...
[ACTION] 盲狙执行: 选卡7 -> 拖拽至(8,2) 朝向2
[SILENT_LOG] [TemplateMatcher] pause_gear.png -> max conf: 0.908 (needs 0.55, optimal scale: 0.80x)
[SILENT_LOG] [TemplateMatcher] pause_gear.png -> max conf: 0.908 (needs 0.55, optimal scale: 0.80x)
[SILENT_LOG] [TemplateMatcher] pause_gear.png -> max conf: 0.885 (needs 0.55, optimal scale: 0.80x)
[SILENT_LOG] [TemplateMatcher] pause_gear.png -> max conf: 0.885 (needs 0.55, optimal scale: 0.80x)
[SILENT_LOG] [TemplateMatcher] pause_gear.png -> max conf: 0.885 (needs 0.55, optimal scale: 0.80x)
[SILENT_LOG] [TemplateMatcher] pause_gear.png -> max conf: 0.884 (needs 0.55, optimal scale: 0.80x)
[SILENT_LOG] [TemplateMatcher] pause_gear.png -> max conf: 0.884 (needs 0.55, optimal scale: 0.80x)
[SILENT_LOG] [TemplateMatcher] pause_gear.png -> max conf: 0.884 (needs 0.55, optimal scale: 0.80x)
[SILENT_LOG] [TemplateMatcher] pause_gear.png -> max conf: 0.830 (needs 0.55, optimal scale: 0.80x)
[SILENT_LOG] [TemplateMatcher] pause_gear.png -> max conf: 0.846 (needs 0.55, optimal scale: 0.80x)
[SILENT_LOG] [TemplateMatcher] pause_gear.png -> max conf: 0.859 (needs 0.55, optimal scale: 0.80x)
[REWARD] 动作已执行，开始 3 次心跳检测血条 (间隔 0.2s)...
[SILENT_LOG] [TemplateMatcher] pause_gear.png -> max conf: 0.870 (needs 0.55, optimal scale: 0.80x)
[SILENT_LOG] [TemplateMatcher] pause_gear.png -> max conf: 0.886 (needs 0.55, optimal scale: 0.80x)
[SILENT_LOG] [TemplateMatcher] pause_gear.png -> max conf: 0.889 (needs 0.55, optimal scale: 0.80x)
[REWARD] ❌ 未检测到新血条！判定为【费用不足或CD中】，强制挂机 2.0 秒等待费用恢复！
[SILENT_LOG] [TemplateMatcher] pause_gear.png -> max conf: 0.889 (needs 0.55, optimal scale: 0.80x)
[SILENT_LOG] [TemplateMatcher] pause_gear.png -> max conf: 0.888 (needs 0.55, optimal scale: 0.80x)
[SILENT_LOG] [TemplateMatcher] pause_gear.png -> max conf: 0.886 (needs 0.55, optimal scale: 0.80x)
[SILENT_LOG] [TemplateMatcher] pause_gear.png -> max conf: 0.885 (needs 0.55, optimal scale: 0.80x)
[SILENT_LOG] [TemplateMatcher] pause_gear.png -> max conf: 0.885 (needs 0.55, optimal scale: 0.80x)
[SILENT_LOG] [TemplateMatcher] pause_gear.png -> max conf: 0.884 (needs 0.55, optimal scale: 0.80x)
[REWARD] 执行前血条数: 0 -> 最终确认血条数: 0
[REWARD] ❌ 未产生血条 (游戏拒收/高低台错位/手滑)。惩罚 -0.05

[STEP 14] 开始执行动作...
[ACTION MASKING] ⛔ 警告：手牌 5 亮度过低(无费/CD中)！代码直接拦截，不执行拖拽！
[SILENT_LOG] [TemplateMatcher] pause_gear.png -> max conf: 0.884 (needs 0.55, optimal scale: 0.80x)
[REWARD] 执行前血条数: 0 -> 最终确认血条数: 0
[REWARD] ⛔ 动作被拦截 (非法地形/没钱/有人)。惩罚 -0.05 (连续无作为: 15次)

[STEP 15] 开始执行动作...
[SILENT_LOG] [TemplateMatcher] pause_gear.png -> max conf: 0.884 (needs 0.55, optimal scale: 0.80x)
[ACTION MASKING] ⛔ 警告：手牌 1 亮度过低(无费/CD中)！代码直接拦截，不执行拖拽！
[REWARD] 执行前血条数: 0 -> 最终确认血条数: 0
[REWARD] ⛔ 动作被拦截 (非法地形/没钱/有人)。惩罚 -0.05 (连续无作为: 16次)

[STEP 16] 开始执行动作...
[SILENT_LOG] [TemplateMatcher] pause_gear.png -> max conf: 0.883 (needs 0.55, optimal scale: 0.80x)
[ACTION MASKING] ⛔ 警告：手牌 1 亮度过低(无费/CD中)！代码直接拦截，不执行拖拽！
[REWARD] 执行前血条数: 0 -> 最终确认血条数: 0
[REWARD] ⛔ 动作被拦截 (非法地形/没钱/有人)。惩罚 -0.05 (连续无作为: 17次)

[STEP 17] 开始执行动作...
[SILENT_LOG] [TemplateMatcher] pause_gear.png -> max conf: 0.883 (needs 0.55, optimal scale: 0.80x)
[ACTION MASKING] ⛔ 警告：手牌 3 亮度过低(无费/CD中)！代码直接拦截，不执行拖拽！
[SILENT_LOG] [TemplateMatcher] pause_gear.png -> max conf: 0.883 (needs 0.55, optimal scale: 0.80x)
[REWARD] 执行前血条数: 0 -> 最终确认血条数: 0
[REWARD] ⛔ 动作被拦截 (非法地形/没钱/有人)。惩罚 -0.05 (连续无作为: 18次)

[STEP 18] 开始执行动作...
[ACTION MASKING] ⛔ 警告：手牌 3 亮度过低(无费/CD中)！代码直接拦截，不执行拖拽！
[SILENT_LOG] [TemplateMatcher] pause_gear.png -> max conf: 0.883 (needs 0.55, optimal scale: 0.80x)
[REWARD] 执行前血条数: 0 -> 最终确认血条数: 0
[REWARD] ⛔ 动作被拦截 (非法地形/没钱/有人)。惩罚 -0.05 (连续无作为: 19次)

[STEP 19] 开始执行动作...
[SILENT_LOG] [TemplateMatcher] pause_gear.png -> max conf: 0.882 (needs 0.55, optimal scale: 0.80x)
[ACTION MASKING] ⛔ 警告：手牌 2 亮度过低(无费/CD中)！代码直接拦截，不执行拖拽！
[REWARD] 执行前血条数: 0 -> 最终确认血条数: 0
[REWARD] ⛔ 动作被拦截 (非法地形/没钱/有人)。惩罚 -0.05 (连续无作为: 20次)
[SAVE] 自动保存进度 (Step 20) -> policy_latest.zip

[STEP 20] 开始执行动作...
[SILENT_LOG] [TemplateMatcher] pause_gear.png -> max conf: 0.883 (needs 0.55, optimal scale: 0.80x)
[ACTION MASKING] ⛔ 警告：手牌 6 亮度过低(无费/CD中)！代码直接拦截，不执行拖拽！
[SILENT_LOG] [TemplateMatcher] pause_gear.png -> max conf: 0.883 (needs 0.55, optimal scale: 0.80x)
[REWARD] 执行前血条数: 0 -> 最终确认血条数: 0
[REWARD] ⛔ 动作被拦截 (非法地形/没钱/有人)。惩罚 -0.05 (连续无作为: 21次)

[STEP 21] 开始执行动作...
[ACTION MASKING] ⛔ 警告：手牌 2 亮度过低(无费/CD中)！代码直接拦截，不执行拖拽！
[SILENT_LOG] [TemplateMatcher] pause_gear.png -> max conf: 0.884 (needs 0.55, optimal scale: 0.80x)
[REWARD] 执行前血条数: 0 -> 最终确认血条数: 0
[REWARD] ⛔ 动作被拦截 (非法地形/没钱/有人)。惩罚 -0.05 (连续无作为: 22次)

[STEP 22] 开始执行动作...
[ACTION MASKING] ⛔ 警告：手牌 9 亮度过低(无费/CD中)！代码直接拦截，不执行拖拽！
[SILENT_LOG] [TemplateMatcher] pause_gear.png -> max conf: 0.884 (needs 0.55, optimal scale: 0.80x)
[REWARD] 执行前血条数: 0 -> 最终确认血条数: 0
[REWARD] ⛔ 动作被拦截 (非法地形/没钱/有人)。惩罚 -0.05 (连续无作为: 23次)

[STEP 23] 开始执行动作...
[SILENT_LOG] [TemplateMatcher] pause_gear.png -> max conf: 0.884 (needs 0.55, optimal scale: 0.80x)
[ACTION MASKING] ⛔ 警告：手牌 5 亮度过低(无费/CD中)！代码直接拦截，不执行拖拽！
[REWARD] 执行前血条数: 0 -> 最终确认血条数: 0
[REWARD] ⛔ 动作被拦截 (非法地形/没钱/有人)。惩罚 -0.05 (连续无作为: 24次)

[STEP 24] 开始执行动作...
[SILENT_LOG] [TemplateMatcher] pause_gear.png -> max conf: 0.885 (needs 0.55, optimal scale: 0.80x)
[ACTION MASKING] ⛔ 警告：手牌 0 亮度过低(无费/CD中)！代码直接拦截，不执行拖拽！
[SILENT_LOG] [TemplateMatcher] pause_gear.png -> max conf: 0.885 (needs 0.55, optimal scale: 0.80x)
[REWARD] 执行前血条数: 0 -> 最终确认血条数: 0
[REWARD] ⛔ 动作被拦截 (非法地形/没钱/有人)。惩罚 -0.05 (连续无作为: 25次)

[STEP 25] 开始执行动作...
[SILENT_LOG] [TemplateMatcher] pause_gear.png -> max conf: 0.886 (needs 0.55, optimal scale: 0.80x)
[ACTION MASKING] ⛔ 警告：手牌 5 亮度过低(无费/CD中)！代码直接拦截，不执行拖拽！
[REWARD] 执行前血条数: 0 -> 最终确认血条数: 0
[REWARD] ⛔ 动作被拦截 (非法地形/没钱/有人)。惩罚 -0.05 (连续无作为: 26次)

[STEP 26] 开始执行动作...
[SILENT_LOG] [TemplateMatcher] pause_gear.png -> max conf: 0.886 (needs 0.55, optimal scale: 0.80x)
[ACTION MASKING] ⛔ 警告：手牌 7 亮度过低(无费/CD中)！代码直接拦截，不执行拖拽！
[REWARD] 执行前血条数: 0 -> 最终确认血条数: 0
[REWARD] ⛔ 动作被拦截 (非法地形/没钱/有人)。惩罚 -0.05 (连续无作为: 27次)
[SILENT_LOG] [TemplateMatcher] pause_gear.png -> max conf: 0.886 (needs 0.55, optimal scale: 0.80x)

[STEP 27] 开始执行动作...
[ACTION MASKING] ⛔ 警告：手牌 9 亮度过低(无费/CD中)！代码直接拦截，不执行拖拽！
[SILENT_LOG] [TemplateMatcher] pause_gear.png -> max conf: 0.887 (needs 0.55, optimal scale: 0.80x)
[REWARD] 执行前血条数: 0 -> 最终确认血条数: 0
[REWARD] ⛔ 动作被拦截 (非法地形/没钱/有人)。惩罚 -0.05 (连续无作为: 28次)

[STEP 28] 开始执行动作...
[ACTION MASKING] ⛔ 警告：手牌 6 亮度过低(无费/CD中)！代码直接拦截，不执行拖拽！
[SILENT_LOG] [TemplateMatcher] pause_gear.png -> max conf: 0.888 (needs 0.55, optimal scale: 0.80x)
[REWARD] 执行前血条数: 0 -> 最终确认血条数: 0
[REWARD] ⛔ 动作被拦截 (非法地形/没钱/有人)。惩罚 -0.05 (连续无作为: 29次)

[STEP 29] 开始执行动作...
[SILENT_LOG] [TemplateMatcher] pause_gear.png -> max conf: 0.888 (needs 0.55, optimal scale: 0.80x)
[ACTION MASKING] ⛔ 警告：手牌 6 亮度过低(无费/CD中)！代码直接拦截，不执行拖拽！
[REWARD] 执行前血条数: 0 -> 最终确认血条数: 0
[REWARD] ⛔ 动作被拦截 (非法地形/没钱/有人)。惩罚 -0.05 (连续无作为: 30次)

[STEP 30] 开始执行动作...
[SILENT_LOG] [TemplateMatcher] pause_gear.png -> max conf: 0.889 (needs 0.55, optimal scale: 0.80x)
[ACTION MASKING] ⛔ 警告：手牌 9 亮度过低(无费/CD中)！代码直接拦截，不执行拖拽！
[SILENT_LOG] [TemplateMatcher] pause_gear.png -> max conf: 0.889 (needs 0.55, optimal scale: 0.80x)
[REWARD] 执行前血条数: 0 -> 最终确认血条数: 0
[REWARD] ⛔ 动作被拦截 (非法地形/没钱/有人)。惩罚 -0.05 (连续无作为: 31次)

[STEP 31] 开始执行动作...
[ACTION MASKING] ⛔ 警告：手牌 7 亮度过低(无费/CD中)！代码直接拦截，不执行拖拽！
[SILENT_LOG] [TemplateMatcher] pause_gear.png -> max conf: 0.890 (needs 0.55, optimal scale: 0.80x)
[REWARD] 执行前血条数: 0 -> 最终确认血条数: 0
[REWARD] ⛔ 动作被拦截 (非法地形/没钱/有人)。惩罚 -0.05 (连续无作为: 32次)

[STEP 32] 开始执行动作...
[ACTION MASKING] ⛔ 警告：手牌 1 亮度过低(无费/CD中)！代码直接拦截，不执行拖拽！
[SILENT_LOG] [TemplateMatcher] pause_gear.png -> max conf: 0.891 (needs 0.55, optimal scale: 0.80x)
[REWARD] 执行前血条数: 0 -> 最终确认血条数: 0
[REWARD] ⛔ 动作被拦截 (非法地形/没钱/有人)。惩罚 -0.05 (连续无作为: 33次)

[STEP 33] 开始执行动作...
[SILENT_LOG] [TemplateMatcher] pause_gear.png -> max conf: 0.892 (needs 0.55, optimal scale: 0.80x)
[ACTION] 盲狙执行: 选卡11 -> 拖拽至(0,0) 朝向3
[SILENT_LOG] [TemplateMatcher] pause_gear.png -> max conf: 0.892 (needs 0.55, optimal scale: 0.80x)
[SILENT_LOG] [TemplateMatcher] pause_gear.png -> max conf: 0.893 (needs 0.55, optimal scale: 0.80x)
[SILENT_LOG] [TemplateMatcher] pause_gear.png -> max conf: 0.892 (needs 0.55, optimal scale: 0.80x)
[SILENT_LOG] [TemplateMatcher] pause_gear.png -> max conf: 0.892 (needs 0.55, optimal scale: 0.80x)
[SILENT_LOG] [TemplateMatcher] pause_gear.png -> max conf: 0.891 (needs 0.55, optimal scale: 0.80x)
[SILENT_LOG] [TemplateMatcher] pause_gear.png -> max conf: 0.891 (needs 0.55, optimal scale: 0.80x)
[SILENT_LOG] [TemplateMatcher] pause_gear.png -> max conf: 0.891 (needs 0.55, optimal scale: 0.80x)
[SILENT_LOG] [TemplateMatcher] pause_gear.png -> max conf: 0.908 (needs 0.55, optimal scale: 0.80x)
[SILENT_LOG] [TemplateMatcher] pause_gear.png -> max conf: 0.908 (needs 0.55, optimal scale: 0.80x)
[SILENT_LOG] [TemplateMatcher] pause_gear.png -> max conf: 0.908 (needs 0.55, optimal scale: 0.80x)
[REWARD] 动作已执行，开始 3 次心跳检测血条 (间隔 0.2s)...
[SILENT_LOG] [TemplateMatcher] pause_gear.png -> max conf: 0.908 (needs 0.55, optimal scale: 0.80x)
[SILENT_LOG] [TemplateMatcher] pause_gear.png -> max conf: 0.908 (needs 0.55, optimal scale: 0.80x)
[SILENT_LOG] [TemplateMatcher] pause_gear.png -> max conf: 0.908 (needs 0.55, optimal scale: 0.80x)
[SILENT_LOG] [TemplateMatcher] pause_gear.png -> max conf: 0.908 (needs 0.55, optimal scale: 0.80x)
[REWARD] ❌ 未检测到新血条！判定为【费用不足或CD中】，强制挂机 2.0 秒等待费用恢复！
[SILENT_LOG] [TemplateMatcher] pause_gear.png -> max conf: 0.908 (needs 0.55, optimal scale: 0.80x)
[SILENT_LOG] [TemplateMatcher] pause_gear.png -> max conf: 0.908 (needs 0.55, optimal scale: 0.80x)
[SILENT_LOG] [TemplateMatcher] pause_gear.png -> max conf: 0.908 (needs 0.55, optimal scale: 0.80x)
[SILENT_LOG] [TemplateMatcher] pause_gear.png -> max conf: 0.908 (needs 0.55, optimal scale: 0.80x)
[SILENT_LOG] [TemplateMatcher] pause_gear.png -> max conf: 0.908 (needs 0.55, optimal scale: 0.80x)
[SILENT_LOG] [TemplateMatcher] pause_gear.png -> max conf: 0.908 (needs 0.55, optimal scale: 0.80x)
[REWARD] 执行前血条数: 0 -> 最终确认血条数: 0
[REWARD] ❌ 未产生血条 (游戏拒收/高低台错位/手滑)。惩罚 -0.05

[STEP 34] 开始执行动作...
[SILENT_LOG] [TemplateMatcher] pause_gear.png -> max conf: 0.908 (needs 0.55, optimal scale: 0.80x)
[ACTION] 盲狙执行: 选卡1 -> 拖拽至(0,4) 朝向3
[SILENT_LOG] [TemplateMatcher] pause_gear.png -> max conf: 0.908 (needs 0.55, optimal scale: 0.80x)
[SILENT_LOG] [TemplateMatcher] pause_gear.png -> max conf: 0.890 (needs 0.55, optimal scale: 0.80x)
[SILENT_LOG] [TemplateMatcher] pause_gear.png -> max conf: 0.892 (needs 0.55, optimal scale: 0.80x)
[SILENT_LOG] [TemplateMatcher] pause_gear.png -> max conf: 0.894 (needs 0.55, optimal scale: 0.80x)
[SILENT_LOG] [TemplateMatcher] pause_gear.png -> max conf: 0.896 (needs 0.55, optimal scale: 0.80x)
[SILENT_LOG] [TemplateMatcher] pause_gear.png -> max conf: 0.897 (needs 0.55, optimal scale: 0.80x)
[SILENT_LOG] [TemplateMatcher] pause_gear.png -> max conf: 0.908 (needs 0.55, optimal scale: 0.80x)
[SILENT_LOG] [TemplateMatcher] pause_gear.png -> max conf: 0.908 (needs 0.55, optimal scale: 0.80x)
[SILENT_LOG] [TemplateMatcher] pause_gear.png -> max conf: 0.908 (needs 0.55, optimal scale: 0.80x)
[SILENT_LOG] [TemplateMatcher] pause_gear.png -> max conf: 0.908 (needs 0.55, optimal scale: 0.80x)
[REWARD] 动作已执行，开始 3 次心跳检测血条 (间隔 0.2s)...
[SILENT_LOG] [TemplateMatcher] pause_gear.png -> max conf: 0.908 (needs 0.55, optimal scale: 0.80x)
[SILENT_LOG] [TemplateMatcher] pause_gear.png -> max conf: 0.908 (needs 0.55, optimal scale: 0.80x)
[SILENT_LOG] [TemplateMatcher] pause_gear.png -> max conf: 0.908 (needs 0.55, optimal scale: 0.80x)
