[INFO] 正在查找 ADB 设备...
[SUCCESS] 连接到设备: MuMu安卓设备-MuMuPlayer12 v5 (127.0.0.1:16384)
[SUCCESS] 设备握手成功!
[INFO] 正在加载 YOLO 模型: D:\BiShe\MaAutomaton-main\MaAutomaton-main\models\yolo\best.pt
       使用设备: cpu
[SUCCESS] YOLO 模型加载完成!
[INFO] 正在加载模板匹配器...
[SUCCESS] 模板匹配器加载完成!
[INFO] 正在创建强化学习环境...
[SUCCESS] 环境创建完成!
[INFO] 正在创建 PPO 模型...
Using cpu device
[SUCCESS] PPO 模型创建完成!

================ 开始训练 ===================
总步数: 5000, 每次更新前收集步数: 128, 批次: 64
Logging to ./tensorboard_logs/PPO_10

[STEP 1] 开始执行动作...
[ACTION] AI决定: 选卡 0 -> 放入网格(3,0) -> 朝向 0
         坐标映射: 拖拽从(295,650)至(500,190) -> 方向滑动至(500,40)
[ACTION] ✅ CV校验通过！网格(3,0)具有高亮绿色(像素:467)，准许拖拽。
[REWARD] 执行前血条数: 0 -> 执行后血条数: 0
[REWARD] 部署失败，计算前后帧 MSE (均方误差) = 2624.75
[REWARD] 动作无效。奖励 -0.5

[STEP 2] 开始执行动作...
[ACTION] AI决定: 选卡 6 -> 放入网格(8,2) -> 朝向 3
         坐标映射: 拖拽从(835,650)至(1000,350) -> 方向滑动至(1150,350)
[ACTION] ✅ CV校验通过！网格(8,2)具有高亮绿色(像素:78)，准许拖拽。
[REWARD] 执行前血条数: 0 -> 执行后血条数: 0
[REWARD] 部署失败，计算前后帧 MSE (均方误差) = 121.45
[REWARD] 画面未发生明显变化(非法部署)。奖励 -1.0 (连续阻断/无效: 1次)

[STEP 3] 开始执行动作...
[ACTION] AI决定: 选卡 6 -> 放入网格(1,2) -> 朝向 3
         坐标映射: 拖拽从(835,650)至(300,350) -> 方向滑动至(450,350)
[ACTION] ⛔ Fast-Fail! 目标网格(1,2)非绿色高亮(绿像素:0)。取消拖拽。
[REWARD] 执行前血条数: 0 -> 执行后血条数: 0
[REWARD] ⛔ 非法区域/无费用，已被 CV 阻断。奖励 -1.0 (连续阻断: 2次)

[STEP 4] 开始执行动作...
[ACTION] AI决定: 选卡 8 -> 放入网格(6,4) -> 朝向 0
         坐标映射: 拖拽从(1015,650)至(800,510) -> 方向滑动至(800,360)
[ACTION] ✅ CV校验通过！网格(6,4)具有高亮绿色(像素:900)，准许拖拽。
[REWARD] 执行前血条数: 0 -> 执行后血条数: 0
[REWARD] 部署失败，计算前后帧 MSE (均方误差) = 3743.77
[REWARD] 动作无效。奖励 -0.5

[STEP 5] 开始执行动作...
[ACTION] AI决定: 选卡 1 -> 放入网格(6,4) -> 朝向 3
         坐标映射: 拖拽从(385,650)至(800,510) -> 方向滑动至(950,510)
[ACTION] ⛔ Fast-Fail! 目标网格(6,4)非绿色高亮(绿像素:0)。取消拖拽。
[REWARD] 执行前血条数: 0 -> 执行后血条数: 0
[REWARD] ⛔ 非法区域/无费用，已被 CV 阻断。奖励 -1.0 (连续阻断: 1次)

[STEP 6] 开始执行动作...
[ACTION] AI决定: 选卡 8 -> 放入网格(9,1) -> 朝向 2
         坐标映射: 拖拽从(1015,650)至(1100,270) -> 方向滑动至(950,270)
[ACTION] ⛔ Fast-Fail! 目标网格(9,1)非绿色高亮(绿像素:0)。取消拖拽。
[REWARD] 执行前血条数: 0 -> 执行后血条数: 0
[REWARD] ⛔ 非法区域/无费用，已被 CV 阻断。奖励 -1.0 (连续阻断: 2次)

[STEP 7] 开始执行动作...
[ACTION] AI决定: 选卡 7 -> 放入网格(7,1) -> 朝向 3
         坐标映射: 拖拽从(925,650)至(900,270) -> 方向滑动至(1050,270)
[ACTION] ✅ CV校验通过！网格(7,1)具有高亮绿色(像素:499)，准许拖拽。
[REWARD] 执行前血条数: 0 -> 执行后血条数: 0
[REWARD] 部署失败，计算前后帧 MSE (均方误差) = 262.19
[REWARD] 画面未发生明显变化(非法部署)。奖励 -1.0 (连续阻断/无效: 3次)

[STEP 8] 开始执行动作...
[ACTION] AI决定: 选卡 9 -> 放入网格(4,1) -> 朝向 0
         坐标映射: 拖拽从(1105,650)至(600,270) -> 方向滑动至(600,120)
[ACTION] ✅ CV校验通过！网格(4,1)具有高亮绿色(像素:245)，准许拖拽。
[REWARD] 执行前血条数: 0 -> 执行后血条数: 0
[REWARD] 部署失败，计算前后帧 MSE (均方误差) = 242.98
[REWARD] 画面未发生明显变化(非法部署)。奖励 -1.0 (连续阻断/无效: 4次)

[STEP 9] 开始执行动作...
[ACTION] AI决定: 选卡 3 -> 放入网格(6,3) -> 朝向 0
         坐标映射: 拖拽从(565,650)至(800,430) -> 方向滑动至(800,280)
[ACTION] ✅ CV校验通过！网格(6,3)具有高亮绿色(像素:900)，准许拖拽。
[REWARD] 执行前血条数: 0 -> 执行后血条数: 0
[REWARD] 部署失败，计算前后帧 MSE (均方误差) = 1108.96
[REWARD] 动作无效。奖励 -0.5

[STEP 10] 开始执行动作...
[ACTION] AI决定: 选卡 5 -> 放入网格(4,1) -> 朝向 1
         坐标映射: 拖拽从(745,650)至(600,270) -> 方向滑动至(600,420)
[ACTION] ✅ CV校验通过！网格(4,1)具有高亮绿色(像素:900)，准许拖拽。
[REWARD] 执行前血条数: 0 -> 执行后血条数: 0
[REWARD] 部署失败，计算前后帧 MSE (均方误差) = 282.68
[REWARD] 画面未发生明显变化(非法部署)。奖励 -1.0 (连续阻断/无效: 1次)

[STEP 11] 开始执行动作...
[ACTION] AI决定: 选卡 7 -> 放入网格(2,0) -> 朝向 1
         坐标映射: 拖拽从(925,650)至(400,190) -> 方向滑动至(400,340)
[ACTION] ⛔ Fast-Fail! 目标网格(2,0)非绿色高亮(绿像素:0)。取消拖拽。
[REWARD] 执行前血条数: 0 -> 执行后血条数: 0
[REWARD] ⛔ 非法区域/无费用，已被 CV 阻断。奖励 -1.0 (连续阻断: 2次)

[STEP 12] 开始执行动作...
[ACTION] AI决定: 选卡 8 -> 放入网格(0,3) -> 朝向 3
         坐标映射: 拖拽从(1015,650)至(200,430) -> 方向滑动至(350,430)
[ACTION] ⛔ Fast-Fail! 目标网格(0,3)非绿色高亮(绿像素:0)。取消拖拽。
[REWARD] 执行前血条数: 0 -> 执行后血条数: 0
[REWARD] ⛔ 非法区域/无费用，已被 CV 阻断。奖励 -1.0 (连续阻断: 3次)

[STEP 13] 开始执行动作...
[ACTION] AI决定: 选卡 1 -> 放入网格(8,0) -> 朝向 3
         坐标映射: 拖拽从(385,650)至(1000,190) -> 方向滑动至(1150,190)
[ACTION] ✅ CV校验通过！网格(8,0)具有高亮绿色(像素:900)，准许拖拽。
[REWARD] 执行前血条数: 0 -> 执行后血条数: 0
[REWARD] 部署失败，计算前后帧 MSE (均方误差) = 385.38
[REWARD] 动作无效。奖励 -0.5

[STEP 14] 开始执行动作...
[ACTION] AI决定: 选卡 7 -> 放入网格(6,2) -> 朝向 3
         坐标映射: 拖拽从(925,650)至(800,350) -> 方向滑动至(950,350)
[ACTION] ✅ CV校验通过！网格(6,2)具有高亮绿色(像素:283)，准许拖拽。
[REWARD] 执行前血条数: 0 -> 执行后血条数: 0
[REWARD] 部署失败，计算前后帧 MSE (均方误差) = 212.19
[REWARD] 画面未发生明显变化(非法部署)。奖励 -1.0 (连续阻断/无效: 1次)

[STEP 15] 开始执行动作...
[ACTION] AI决定: 选卡 7 -> 放入网格(8,1) -> 朝向 3
         坐标映射: 拖拽从(925,650)至(1000,270) -> 方向滑动至(1150,270)
[ACTION] ✅ CV校验通过！网格(8,1)具有高亮绿色(像素:323)，准许拖拽。
[REWARD] 执行前血条数: 0 -> 执行后血条数: 0
[REWARD] 部署失败，计算前后帧 MSE (均方误差) = 272.58
[REWARD] 画面未发生明显变化(非法部署)。奖励 -1.0 (连续阻断/无效: 2次)

[STEP 16] 开始执行动作...
[ACTION] AI决定: 选卡 3 -> 放入网格(5,3) -> 朝向 2
         坐标映射: 拖拽从(565,650)至(700,430) -> 方向滑动至(550,430)
[ACTION] ⛔ Fast-Fail! 目标网格(5,3)非绿色高亮(绿像素:15)。取消拖拽。
[REWARD] 执行前血条数: 0 -> 执行后血条数: 0
[REWARD] ⛔ 非法区域/无费用，已被 CV 阻断。奖励 -1.0 (连续阻断: 3次)

[STEP 17] 开始执行动作...
[ACTION] AI决定: 选卡 8 -> 放入网格(5,1) -> 朝向 2
         坐标映射: 拖拽从(1015,650)至(700,270) -> 方向滑动至(550,270)
[ACTION] ⛔ Fast-Fail! 目标网格(5,1)非绿色高亮(绿像素:0)。取消拖拽。
[REWARD] 执行前血条数: 0 -> 执行后血条数: 0
[REWARD] ⛔ 非法区域/无费用，已被 CV 阻断。奖励 -1.0 (连续阻断: 4次)

[STEP 18] 开始执行动作...
[ACTION] AI决定: 选卡 8 -> 放入网格(3,4) -> 朝向 2
         坐标映射: 拖拽从(1015,650)至(500,510) -> 方向滑动至(350,510)
[ACTION] ⛔ Fast-Fail! 目标网格(3,4)非绿色高亮(绿像素:0)。取消拖拽。
[REWARD] 执行前血条数: 0 -> 执行后血条数: 0
[REWARD] ⛔ 非法区域/无费用，已被 CV 阻断。奖励 -1.0 (连续阻断: 5次)

[STEP 19] 开始执行动作...
[ACTION] AI决定: 选卡 3 -> 放入网格(0,1) -> 朝向 3
         坐标映射: 拖拽从(565,650)至(200,270) -> 方向滑动至(350,270)
[ACTION] ⛔ Fast-Fail! 目标网格(0,1)非绿色高亮(绿像素:0)。取消拖拽。
[REWARD] 执行前血条数: 0 -> 执行后血条数: 0
[REWARD] ⛔ 非法区域/无费用，已被 CV 阻断。奖励 -1.0 (连续阻断: 6次)

[STEP 20] 开始执行动作...
[ACTION] AI决定: 选卡 5 -> 放入网格(7,4) -> 朝向 2
         坐标映射: 拖拽从(745,650)至(900,510) -> 方向滑动至(750,510)
[ACTION] ✅ CV校验通过！网格(7,4)具有高亮绿色(像素:900)，准许拖拽。
[REWARD] 执行前血条数: 0 -> 执行后血条数: 0
[REWARD] 部署失败，计算前后帧 MSE (均方误差) = 355.77
[REWARD] 动作无效。奖励 -0.5

[STEP 21] 开始执行动作...
[ACTION] AI决定: 选卡 9 -> 放入网格(5,0) -> 朝向 0
         坐标映射: 拖拽从(1105,650)至(700,190) -> 方向滑动至(700,40)
[ACTION] ✅ CV校验通过！网格(5,0)具有高亮绿色(像素:811)，准许拖拽。
[REWARD] 执行前血条数: 0 -> 执行后血条数: 0
[REWARD] 部署失败，计算前后帧 MSE (均方误差) = 247.23
[REWARD] 画面未发生明显变化(非法部署)。奖励 -1.0 (连续阻断/无效: 1次)

[STEP 22] 开始执行动作...
[ACTION] AI决定: 选卡 7 -> 放入网格(8,0) -> 朝向 1
         坐标映射: 拖拽从(925,650)至(1000,190) -> 方向滑动至(1000,340)
[ACTION] ✅ CV校验通过！网格(8,0)具有高亮绿色(像素:900)，准许拖拽。
[REWARD] 执行前血条数: 0 -> 执行后血条数: 0
[REWARD] 部署失败，计算前后帧 MSE (均方误差) = 1227.64
[REWARD] 动作无效。奖励 -0.5

[STEP 23] 开始执行动作...
[ACTION] AI决定: 选卡 8 -> 放入网格(7,1) -> 朝向 2
         坐标映射: 拖拽从(1015,650)至(900,270) -> 方向滑动至(750,270)
[ACTION] ✅ CV校验通过！网格(7,1)具有高亮绿色(像素:292)，准许拖拽。
[REWARD] 执行前血条数: 0 -> 执行后血条数: 0
[REWARD] 部署失败，计算前后帧 MSE (均方误差) = 248.95
[REWARD] 画面未发生明显变化(非法部署)。奖励 -1.0 (连续阻断/无效: 1次)

[STEP 24] 开始执行动作...
[ACTION] AI决定: 选卡 1 -> 放入网格(9,2) -> 朝向 2
         坐标映射: 拖拽从(385,650)至(1100,350) -> 方向滑动至(950,350)
[ACTION] ⛔ Fast-Fail! 目标网格(9,2)非绿色高亮(绿像素:0)。取消拖拽。
[REWARD] 执行前血条数: 0 -> 执行后血条数: 0
[REWARD] ⛔ 非法区域/无费用，已被 CV 阻断。奖励 -1.0 (连续阻断: 2次)

[STEP 25] 开始执行动作...
[ACTION] AI决定: 选卡 8 -> 放入网格(7,4) -> 朝向 0
         坐标映射: 拖拽从(1015,650)至(900,510) -> 方向滑动至(900,360)
[ACTION] ✅ CV校验通过！网格(7,4)具有高亮绿色(像素:900)，准许拖拽。
[REWARD] 执行前血条数: 0 -> 执行后血条数: 0
[REWARD] 部署失败，计算前后帧 MSE (均方误差) = 227.55
[REWARD] 画面未发生明显变化(非法部署)。奖励 -1.0 (连续阻断/无效: 3次)

[STEP 26] 开始执行动作...
[ACTION] AI决定: 选卡 0 -> 放入网格(1,2) -> 朝向 1
         坐标映射: 拖拽从(295,650)至(300,350) -> 方向滑动至(300,500)
[ACTION] ⛔ Fast-Fail! 目标网格(1,2)非绿色高亮(绿像素:1)。取消拖拽。
[REWARD] 执行前血条数: 0 -> 执行后血条数: 0
[REWARD] ⛔ 非法区域/无费用，已被 CV 阻断。奖励 -1.0 (连续阻断: 4次)

[STEP 27] 开始执行动作...
[ACTION] AI决定: 选卡 7 -> 放入网格(1,4) -> 朝向 0
         坐标映射: 拖拽从(925,650)至(300,510) -> 方向滑动至(300,360)
[ACTION] ⛔ Fast-Fail! 目标网格(1,4)非绿色高亮(绿像素:0)。取消拖拽。
[REWARD] 执行前血条数: 0 -> 执行后血条数: 0
[REWARD] ⛔ 非法区域/无费用，已被 CV 阻断。奖励 -1.0 (连续阻断: 5次)

[STEP 28] 开始执行动作...
[ACTION] AI决定: 选卡 6 -> 放入网格(0,4) -> 朝向 2
         坐标映射: 拖拽从(835,650)至(200,510) -> 方向滑动至(50,510)
[ACTION] ⛔ Fast-Fail! 目标网格(0,4)非绿色高亮(绿像素:0)。取消拖拽。
[REWARD] 执行前血条数: 0 -> 执行后血条数: 0
[REWARD] ⛔ 非法区域/无费用，已被 CV 阻断。奖励 -1.0 (连续阻断: 6次)

[STEP 29] 开始执行动作...
[ACTION] AI决定: 选卡 5 -> 放入网格(2,0) -> 朝向 2
         坐标映射: 拖拽从(745,650)至(400,190) -> 方向滑动至(250,190)
[ACTION] ✅ CV校验通过！网格(2,0)具有高亮绿色(像素:87)，准许拖拽。
[REWARD] 执行前血条数: 0 -> 执行后血条数: 0
[REWARD] 部署失败，计算前后帧 MSE (均方误差) = 275.63
[REWARD] 画面未发生明显变化(非法部署)。奖励 -1.0 (连续阻断/无效: 7次)

[STEP 30] 开始执行动作...
[ACTION] AI决定: 选卡 0 -> 放入网格(9,3) -> 朝向 0
         坐标映射: 拖拽从(295,650)至(1100,430) -> 方向滑动至(1100,280)
[ACTION] ✅ CV校验通过！网格(9,3)具有高亮绿色(像素:88)，准许拖拽。
[REWARD] 执行前血条数: 0 -> 执行后血条数: 0
[REWARD] 部署失败，计算前后帧 MSE (均方误差) = 260.36
[REWARD] 画面未发生明显变化(非法部署)。奖励 -1.0 (连续阻断/无效: 8次)
[ENV] 连续 8 次操作无效被拦截！系统判定游戏已结算或卡死，强制终止回合！

================= 回合结束，开始自动重启关卡 =================
[RESET] 尝试跳过动画/寻找入口... (尝试 1/100)
[RESET] 尝试跳过动画/寻找入口... (尝试 2/100)
[RESET] 尝试跳过动画/寻找入口... (尝试 3/100)
[RESET] 尝试跳过动画/寻找入口... (尝试 4/100)
[RESET] 尝试跳过动画/寻找入口... (尝试 5/100)
[RESET] 尝试跳过动画/寻找入口... (尝试 6/100)
[RESET] 尝试跳过动画/寻找入口... (尝试 7/100)
[RESET] 尝试跳过动画/寻找入口... (尝试 8/100)
[RESET] 尝试跳过动画/寻找入口... (尝试 9/100)
[RESET] 尝试跳过动画/寻找入口... (尝试 10/100)
[RESET] 尝试跳过动画/寻找入口... (尝试 11/100)
[RESET] 尝试跳过动画/寻找入口... (尝试 12/100)
[RESET] 尝试跳过动画/寻找入口... (尝试 13/100)
[RESET] 尝试跳过动画/寻找入口... (尝试 14/100)
[RESET] 尝试跳过动画/寻找入口... (尝试 15/100)
[RESET] 尝试跳过动画/寻找入口... (尝试 16/100)
[RESET] 尝试跳过动画/寻找入口... (尝试 17/100)
[RESET] 尝试跳过动画/寻找入口... (尝试 18/100)
[RESET] 尝试跳过动画/寻找入口... (尝试 19/100)
[RESET] 尝试跳过动画/寻找入口... (尝试 20/100)
[RESET] 尝试跳过动画/寻找入口... (尝试 21/100)
[RESET] 尝试跳过动画/寻找入口... (尝试 22/100)
[RESET] 尝试跳过动画/寻找入口... (尝试 23/100)
[RESET] 尝试跳过动画/寻找入口... (尝试 24/100)
[RESET] 尝试跳过动画/寻找入口... (尝试 25/100)
[RESET] 尝试跳过动画/寻找入口... (尝试 26/100)
[RESET] 尝试跳过动画/寻找入口... (尝试 27/100)
[RESET] 尝试跳过动画/寻找入口... (尝试 28/100)
[RESET] 尝试跳过动画/寻找入口... (尝试 29/100)
[RESET] 尝试跳过动画/寻找入口... (尝试 30/100)
[RESET] 尝试跳过动画/寻找入口... (尝试 31/100)
[RESET] 尝试跳过动画/寻找入口... (尝试 32/100)
[RESET] 尝试跳过动画/寻找入口... (尝试 33/100)
[RESET] 尝试跳过动画/寻找入口... (尝试 34/100)
[RESET] 尝试跳过动画/寻找入口... (尝试 35/100)
[RESET] 尝试跳过动画/寻找入口... (尝试 36/100)
[RESET] 尝试跳过动画/寻找入口... (尝试 37/100)
[RESET] 尝试跳过动画/寻找入口... (尝试 38/100)
[RESET] 尝试跳过动画/寻找入口... (尝试 39/100)
[RESET] 尝试跳过动画/寻找入口... (尝试 40/100)
[RESET] 尝试跳过动画/寻找入口... (尝试 41/100)
[RESET] 尝试跳过动画/寻找入口... (尝试 42/100)
[RESET] 尝试跳过动画/寻找入口... (尝试 43/100)
[RESET] 尝试跳过动画/寻找入口... (尝试 44/100)
[RESET] 尝试跳过动画/寻找入口... (尝试 45/100)
[RESET] 尝试跳过动画/寻找入口... (尝试 46/100)
[RESET] 尝试跳过动画/寻找入口... (尝试 47/100)
[RESET] 尝试跳过动画/寻找入口... (尝试 48/100)
[RESET] 尝试跳过动画/寻找入口... (尝试 49/100)
[RESET] 尝试跳过动画/寻找入口... (尝试 50/100)
[RESET] 尝试跳过动画/寻找入口... (尝试 51/100)
[RESET] 尝试跳过动画/寻找入口... (尝试 52/100)
[RESET] 尝试跳过动画/寻找入口... (尝试 53/100)
[RESET] 尝试跳过动画/寻找入口... (尝试 54/100)
[RESET] 尝试跳过动画/寻找入口... (尝试 55/100)
[RESET] 尝试跳过动画/寻找入口... (尝试 56/100)
[RESET] 尝试跳过动画/寻找入口... (尝试 57/100)
[RESET] 尝试跳过动画/寻找入口... (尝试 58/100)
[RESET] 尝试跳过动画/寻找入口... (尝试 59/100)
[RESET] 尝试跳过动画/寻找入口... (尝试 60/100)
[RESET] 尝试跳过动画/寻找入口... (尝试 61/100)
[RESET] 尝试跳过动画/寻找入口... (尝试 62/100)
[RESET] 尝试跳过动画/寻找入口... (尝试 63/100)
[RESET] 尝试跳过动画/寻找入口... (尝试 64/100)
[RESET] 尝试跳过动画/寻找入口... (尝试 65/100)
