[INFO] 正在查找 ADB 设备...
[SUCCESS] 连接到设备: MuMu安卓设备-MuMuPlayer12 v5 (127.0.0.1:16384)
[SUCCESS] 设备握手成功!
[INFO] 正在加载 YOLO 模型: D:\BiShe\MaAutomaton-main\MaAutomaton-main\models\yolo\best.pt
       使用设备: cpu
[SUCCESS] YOLO 模型加载完成!
[INFO] 正在加载模板匹配器...
[SUCCESS] 模板匹配器加载完成!
[INFO] 正在创建强化学习环境...
[SUCCESS] 环境创建完成!
[INFO] 正在创建 PPO 模型...
Using cpu device
[SUCCESS] PPO 模型创建完成!

================ 开始训练 ===================
总步数: 5000, 每次更新前收集步数: 128, 批次: 64
Logging to ./tensorboard_logs/PPO_11

[STEP 1] 开始执行动作...
[ACTION] AI决定: 选卡 7 -> 放入网格(1,3) -> 朝向 2
         坐标映射: 拖拽从(925,650)至(300,430) -> 方向滑动至(150,430)
[ACTION] ⛔ Fast-Fail! 目标网格(1,3)非绿色高亮(绿像素:0)。取消拖拽。
[REWARD] 执行前血条数: 0 -> 执行后血条数: 0
[REWARD] ⛔ 非法区域/无费用，已被 CV 阻断。奖励 -1.0 (连续无作为: 1次)

[STEP 2] 开始执行动作...
[ACTION] AI决定: 选卡 9 -> 放入网格(9,0) -> 朝向 1
         坐标映射: 拖拽从(1105,650)至(1100,190) -> 方向滑动至(1100,340)
[ACTION] ⛔ Fast-Fail! 目标网格(9,0)非绿色高亮(绿像素:0)。取消拖拽。
[REWARD] 执行前血条数: 0 -> 执行后血条数: 0
[REWARD] ⛔ 非法区域/无费用，已被 CV 阻断。奖励 -1.0 (连续无作为: 2次)

[STEP 3] 开始执行动作...
[ACTION] AI决定: 选卡 0 -> 放入网格(7,1) -> 朝向 2
         坐标映射: 拖拽从(295,650)至(900,270) -> 方向滑动至(750,270)
[ACTION] ✅ CV校验通过！网格(7,1)具有高亮绿色(像素:613)，准许拖拽。
[REWARD] 执行前血条数: 0 -> 执行后血条数: 0
[REWARD] 部署失败，计算前后帧 MSE (均方误差) = 154.74
[REWARD] 画面未发生明显变化(非法部署)。奖励 -1.0 (连续无作为: 3次)

[STEP 4] 开始执行动作...
[ACTION] AI决定: 选卡 7 -> 放入网格(4,2) -> 朝向 2
         坐标映射: 拖拽从(925,650)至(600,350) -> 方向滑动至(450,350)
[ACTION] ⛔ Fast-Fail! 目标网格(4,2)非绿色高亮(绿像素:0)。取消拖拽。
[REWARD] 执行前血条数: 0 -> 执行后血条数: 0
[REWARD] ⛔ 非法区域/无费用，已被 CV 阻断。奖励 -1.0 (连续无作为: 4次)

[STEP 5] 开始执行动作...
[ACTION] AI决定: 选卡 6 -> 放入网格(5,0) -> 朝向 1
         坐标映射: 拖拽从(835,650)至(700,190) -> 方向滑动至(700,340)
[ACTION] ✅ CV校验通过！网格(5,0)具有高亮绿色(像素:811)，准许拖拽。
[REWARD] 执行前血条数: 0 -> 执行后血条数: 0
[REWARD] 部署失败，计算前后帧 MSE (均方误差) = 96.47
[REWARD] 画面未发生明显变化(非法部署)。奖励 -1.0 (连续无作为: 5次)

[STEP 6] 开始执行动作...
[ACTION] AI决定: 选卡 9 -> 放入网格(0,0) -> 朝向 0
         坐标映射: 拖拽从(1105,650)至(200,190) -> 方向滑动至(200,40)
[ACTION] ⛔ Fast-Fail! 目标网格(0,0)非绿色高亮(绿像素:0)。取消拖拽。
[REWARD] 执行前血条数: 0 -> 执行后血条数: 0
[REWARD] ⛔ 非法区域/无费用，已被 CV 阻断。奖励 -1.0 (连续无作为: 6次)

[STEP 7] 开始执行动作...
[ACTION] AI决定: 选卡 7 -> 放入网格(4,0) -> 朝向 0
         坐标映射: 拖拽从(925,650)至(600,190) -> 方向滑动至(600,40)
[ACTION] ✅ CV校验通过！网格(4,0)具有高亮绿色(像素:186)，准许拖拽。
[REWARD] 执行前血条数: 0 -> 执行后血条数: 0
[REWARD] 部署失败，计算前后帧 MSE (均方误差) = 225.23
[REWARD] 画面未发生明显变化(非法部署)。奖励 -1.0 (连续无作为: 7次)

[STEP 8] 开始执行动作...
[ACTION] AI决定: 选卡 4 -> 放入网格(6,3) -> 朝向 2
         坐标映射: 拖拽从(655,650)至(800,430) -> 方向滑动至(650,430)
[ACTION] ⛔ Fast-Fail! 目标网格(6,3)非绿色高亮(绿像素:0)。取消拖拽。
[REWARD] 执行前血条数: 0 -> 执行后血条数: 0
[REWARD] ⛔ 非法区域/无费用，已被 CV 阻断。奖励 -1.0 (连续无作为: 8次)

[STEP 9] 开始执行动作...
[ACTION] AI决定: 选卡 0 -> 放入网格(1,4) -> 朝向 2
         坐标映射: 拖拽从(295,650)至(300,510) -> 方向滑动至(150,510)
[ACTION] ⛔ Fast-Fail! 目标网格(1,4)非绿色高亮(绿像素:0)。取消拖拽。
[REWARD] 执行前血条数: 0 -> 执行后血条数: 0
[REWARD] ⛔ 非法区域/无费用，已被 CV 阻断。奖励 -1.0 (连续无作为: 9次)

[STEP 10] 开始执行动作...
[ACTION] AI决定: 选卡 9 -> 放入网格(3,4) -> 朝向 0
         坐标映射: 拖拽从(1105,650)至(500,510) -> 方向滑动至(500,360)
[ACTION] ⛔ Fast-Fail! 目标网格(3,4)非绿色高亮(绿像素:0)。取消拖拽。
[REWARD] 执行前血条数: 0 -> 执行后血条数: 0
[REWARD] ⛔ 非法区域/无费用，已被 CV 阻断。奖励 -1.0 (连续无作为: 10次)

[STEP 11] 开始执行动作...
[ACTION] AI决定: 选卡 2 -> 放入网格(8,4) -> 朝向 0
         坐标映射: 拖拽从(475,650)至(1000,510) -> 方向滑动至(1000,360)
[ACTION] ⛔ Fast-Fail! 目标网格(8,4)非绿色高亮(绿像素:0)。取消拖拽。
[REWARD] 执行前血条数: 0 -> 执行后血条数: 0
[REWARD] ⛔ 非法区域/无费用，已被 CV 阻断。奖励 -1.0 (连续无作为: 11次)

[STEP 12] 开始执行动作...
[ACTION] AI决定: 选卡 0 -> 放入网格(2,1) -> 朝向 1
         坐标映射: 拖拽从(295,650)至(400,270) -> 方向滑动至(400,420)
[ACTION] ✅ CV校验通过！网格(2,1)具有高亮绿色(像素:633)，准许拖拽。
[REWARD] 执行前血条数: 0 -> 执行后血条数: 0
[REWARD] 部署失败，计算前后帧 MSE (均方误差) = 798.13
[REWARD] 动作无效，但游戏仍在进行(画面有变化)。奖励 -0.5 (已清空无作为计数器)

[STEP 13] 开始执行动作...
[ACTION] AI决定: 选卡 2 -> 放入网格(9,1) -> 朝向 2
         坐标映射: 拖拽从(475,650)至(1100,270) -> 方向滑动至(950,270)
[ACTION] ⛔ Fast-Fail! 目标网格(9,1)非绿色高亮(绿像素:0)。取消拖拽。
[REWARD] 执行前血条数: 0 -> 执行后血条数: 0
[REWARD] ⛔ 非法区域/无费用，已被 CV 阻断。奖励 -1.0 (连续无作为: 1次)

[STEP 14] 开始执行动作...
[ACTION] AI决定: 选卡 0 -> 放入网格(4,3) -> 朝向 1
         坐标映射: 拖拽从(295,650)至(600,430) -> 方向滑动至(600,580)
[ACTION] ✅ CV校验通过！网格(4,3)具有高亮绿色(像素:900)，准许拖拽。
[REWARD] 执行前血条数: 0 -> 执行后血条数: 0
[REWARD] 部署失败，计算前后帧 MSE (均方误差) = 729.95
[REWARD] 动作无效，但游戏仍在进行(画面有变化)。奖励 -0.5 (已清空无作为计数器)

[STEP 15] 开始执行动作...
[ACTION] AI决定: 选卡 0 -> 放入网格(3,1) -> 朝向 2
         坐标映射: 拖拽从(295,650)至(500,270) -> 方向滑动至(350,270)
[ACTION] ⛔ Fast-Fail! 目标网格(3,1)非绿色高亮(绿像素:0)。取消拖拽。
[REWARD] 执行前血条数: 0 -> 执行后血条数: 0
[REWARD] ⛔ 非法区域/无费用，已被 CV 阻断。奖励 -1.0 (连续无作为: 1次)

[STEP 16] 开始执行动作...
[ACTION] AI决定: 选卡 9 -> 放入网格(3,0) -> 朝向 1
         坐标映射: 拖拽从(1105,650)至(500,190) -> 方向滑动至(500,340)
[ACTION] ⛔ Fast-Fail! 目标网格(3,0)非绿色高亮(绿像素:0)。取消拖拽。
[REWARD] 执行前血条数: 0 -> 执行后血条数: 0
[REWARD] ⛔ 非法区域/无费用，已被 CV 阻断。奖励 -1.0 (连续无作为: 2次)

[STEP 17] 开始执行动作...
[ACTION] AI决定: 选卡 9 -> 放入网格(2,0) -> 朝向 0
         坐标映射: 拖拽从(1105,650)至(400,190) -> 方向滑动至(400,40)
[ACTION] ⛔ Fast-Fail! 目标网格(2,0)非绿色高亮(绿像素:0)。取消拖拽。
[REWARD] 执行前血条数: 0 -> 执行后血条数: 0
[REWARD] ⛔ 非法区域/无费用，已被 CV 阻断。奖励 -1.0 (连续无作为: 3次)

[STEP 18] 开始执行动作...
[ACTION] AI决定: 选卡 2 -> 放入网格(7,0) -> 朝向 3
         坐标映射: 拖拽从(475,650)至(900,190) -> 方向滑动至(1050,190)
[ACTION] ✅ CV校验通过！网格(7,0)具有高亮绿色(像素:755)，准许拖拽。
[REWARD] 执行前血条数: 0 -> 执行后血条数: 0
[REWARD] 部署失败，计算前后帧 MSE (均方误差) = 213.48
[REWARD] 画面未发生明显变化(非法部署)。奖励 -1.0 (连续无作为: 4次)

[STEP 19] 开始执行动作...
[ACTION] AI决定: 选卡 3 -> 放入网格(3,3) -> 朝向 3
         坐标映射: 拖拽从(565,650)至(500,430) -> 方向滑动至(650,430)
[ACTION] ⛔ Fast-Fail! 目标网格(3,3)非绿色高亮(绿像素:0)。取消拖拽。
[REWARD] 执行前血条数: 0 -> 执行后血条数: 0
[REWARD] ⛔ 非法区域/无费用，已被 CV 阻断。奖励 -1.0 (连续无作为: 5次)

[STEP 20] 开始执行动作...
[ACTION] AI决定: 选卡 4 -> 放入网格(2,0) -> 朝向 3
         坐标映射: 拖拽从(655,650)至(400,190) -> 方向滑动至(550,190)
[ACTION] ✅ CV校验通过！网格(2,0)具有高亮绿色(像素:88)，准许拖拽。
[REWARD] 执行前血条数: 0 -> 执行后血条数: 0
[REWARD] 部署失败，计算前后帧 MSE (均方误差) = 260.27
[REWARD] 画面未发生明显变化(非法部署)。奖励 -1.0 (连续无作为: 6次)

[STEP 21] 开始执行动作...
[ACTION] AI决定: 选卡 6 -> 放入网格(9,2) -> 朝向 1
         坐标映射: 拖拽从(835,650)至(1100,350) -> 方向滑动至(1100,500)
[ACTION] ✅ CV校验通过！网格(9,2)具有高亮绿色(像素:860)，准许拖拽。
[REWARD] 执行前血条数: 0 -> 执行后血条数: 0
[REWARD] 部署失败，计算前后帧 MSE (均方误差) = 319.91
[REWARD] 动作无效，但游戏仍在进行(画面有变化)。奖励 -0.5 (已清空无作为计数器)

[STEP 22] 开始执行动作...
[ACTION] AI决定: 选卡 6 -> 放入网格(6,1) -> 朝向 2
         坐标映射: 拖拽从(835,650)至(800,270) -> 方向滑动至(650,270)
[ACTION] ✅ CV校验通过！网格(6,1)具有高亮绿色(像素:893)，准许拖拽。
[REWARD] 执行前血条数: 0 -> 执行后血条数: 0
[REWARD] 部署失败，计算前后帧 MSE (均方误差) = 288.22
[REWARD] 画面未发生明显变化(非法部署)。奖励 -1.0 (连续无作为: 1次)

[STEP 23] 开始执行动作...
[ACTION] AI决定: 选卡 6 -> 放入网格(5,4) -> 朝向 3
         坐标映射: 拖拽从(835,650)至(700,510) -> 方向滑动至(850,510)
[ACTION] ⛔ Fast-Fail! 目标网格(5,4)非绿色高亮(绿像素:0)。取消拖拽。
[REWARD] 执行前血条数: 0 -> 执行后血条数: 0
[REWARD] ⛔ 非法区域/无费用，已被 CV 阻断。奖励 -1.0 (连续无作为: 2次)

[STEP 24] 开始执行动作...
[ACTION] AI决定: 选卡 3 -> 放入网格(2,3) -> 朝向 0
         坐标映射: 拖拽从(565,650)至(400,430) -> 方向滑动至(400,280)
[ACTION] ⛔ Fast-Fail! 目标网格(2,3)非绿色高亮(绿像素:0)。取消拖拽。
[REWARD] 执行前血条数: 0 -> 执行后血条数: 0
[REWARD] ⛔ 非法区域/无费用，已被 CV 阻断。奖励 -1.0 (连续无作为: 3次)

[STEP 25] 开始执行动作...
[ACTION] AI决定: 选卡 5 -> 放入网格(1,2) -> 朝向 2
         坐标映射: 拖拽从(745,650)至(300,350) -> 方向滑动至(150,350)
[ACTION] ⛔ Fast-Fail! 目标网格(1,2)非绿色高亮(绿像素:0)。取消拖拽。
[REWARD] 执行前血条数: 0 -> 执行后血条数: 0
[REWARD] ⛔ 非法区域/无费用，已被 CV 阻断。奖励 -1.0 (连续无作为: 4次)

[STEP 26] 开始执行动作...
[ACTION] AI决定: 选卡 7 -> 放入网格(1,0) -> 朝向 0
         坐标映射: 拖拽从(925,650)至(300,190) -> 方向滑动至(300,40)
[ACTION] ⛔ Fast-Fail! 目标网格(1,0)非绿色高亮(绿像素:0)。取消拖拽。
[REWARD] 执行前血条数: 0 -> 执行后血条数: 0
[REWARD] ⛔ 非法区域/无费用，已被 CV 阻断。奖励 -1.0 (连续无作为: 5次)

[STEP 27] 开始执行动作...
[ACTION] AI决定: 选卡 2 -> 放入网格(5,2) -> 朝向 1
         坐标映射: 拖拽从(475,650)至(700,350) -> 方向滑动至(700,500)
[ACTION] ✅ CV校验通过！网格(5,2)具有高亮绿色(像素:84)，准许拖拽。
[REWARD] 执行前血条数: 0 -> 执行后血条数: 0
[REWARD] 部署失败，计算前后帧 MSE (均方误差) = 419.79
[REWARD] 动作无效，但游戏仍在进行(画面有变化)。奖励 -0.5 (已清空无作为计数器)

[STEP 28] 开始执行动作...
[ACTION] AI决定: 选卡 5 -> 放入网格(3,2) -> 朝向 2
         坐标映射: 拖拽从(745,650)至(500,350) -> 方向滑动至(350,350)
[ACTION] ✅ CV校验通过！网格(3,2)具有高亮绿色(像素:302)，准许拖拽。
[REWARD] 执行前血条数: 0 -> 执行后血条数: 0
[REWARD] 部署失败，计算前后帧 MSE (均方误差) = 2941.76
[REWARD] 动作无效，但游戏仍在进行(画面有变化)。奖励 -0.5 (已清空无作为计数器)

[STEP 29] 开始执行动作...
[ACTION] AI决定: 选卡 7 -> 放入网格(2,2) -> 朝向 2
         坐标映射: 拖拽从(925,650)至(400,350) -> 方向滑动至(250,350)
[ACTION] ⛔ Fast-Fail! 目标网格(2,2)非绿色高亮(绿像素:0)。取消拖拽。
[REWARD] 执行前血条数: 0 -> 执行后血条数: 0
[REWARD] ⛔ 非法区域/无费用，已被 CV 阻断。奖励 -1.0 (连续无作为: 1次)

[STEP 30] 开始执行动作...
[ACTION] AI决定: 选卡 1 -> 放入网格(1,3) -> 朝向 3
         坐标映射: 拖拽从(385,650)至(300,430) -> 方向滑动至(450,430)
[ACTION] ⛔ Fast-Fail! 目标网格(1,3)非绿色高亮(绿像素:0)。取消拖拽。
[REWARD] 执行前血条数: 0 -> 执行后血条数: 0
[REWARD] ⛔ 非法区域/无费用，已被 CV 阻断。奖励 -1.0 (连续无作为: 2次)

[STEP 31] 开始执行动作...
[ACTION] AI决定: 选卡 7 -> 放入网格(0,0) -> 朝向 2
         坐标映射: 拖拽从(925,650)至(200,190) -> 方向滑动至(50,190)
[ACTION] ⛔ Fast-Fail! 目标网格(0,0)非绿色高亮(绿像素:0)。取消拖拽。
[REWARD] 执行前血条数: 0 -> 执行后血条数: 0
[REWARD] ⛔ 非法区域/无费用，已被 CV 阻断。奖励 -1.0 (连续无作为: 3次)

[STEP 32] 开始执行动作...
[ACTION] AI决定: 选卡 1 -> 放入网格(4,0) -> 朝向 3
         坐标映射: 拖拽从(385,650)至(600,190) -> 方向滑动至(750,190)
[ACTION] ✅ CV校验通过！网格(4,0)具有高亮绿色(像素:186)，准许拖拽。
[REWARD] 执行前血条数: 0 -> 执行后血条数: 0
[REWARD] 部署失败，计算前后帧 MSE (均方误差) = 285.70
[REWARD] 画面未发生明显变化(非法部署)。奖励 -1.0 (连续无作为: 4次)

[STEP 33] 开始执行动作...
[ACTION] AI决定: 选卡 8 -> 放入网格(1,3) -> 朝向 0
         坐标映射: 拖拽从(1015,650)至(300,430) -> 方向滑动至(300,280)
[ACTION] ⛔ Fast-Fail! 目标网格(1,3)非绿色高亮(绿像素:0)。取消拖拽。
[REWARD] 执行前血条数: 0 -> 执行后血条数: 0
[REWARD] ⛔ 非法区域/无费用，已被 CV 阻断。奖励 -1.0 (连续无作为: 5次)

[STEP 34] 开始执行动作...
[ACTION] AI决定: 选卡 9 -> 放入网格(4,3) -> 朝向 3
         坐标映射: 拖拽从(1105,650)至(600,430) -> 方向滑动至(750,430)
[ACTION] ⛔ Fast-Fail! 目标网格(4,3)非绿色高亮(绿像素:5)。取消拖拽。
[REWARD] 执行前血条数: 0 -> 执行后血条数: 0
[REWARD] ⛔ 非法区域/无费用，已被 CV 阻断。奖励 -1.0 (连续无作为: 6次)

[STEP 35] 开始执行动作...
[ACTION] AI决定: 选卡 3 -> 放入网格(5,2) -> 朝向 2
         坐标映射: 拖拽从(565,650)至(700,350) -> 方向滑动至(550,350)
[ACTION] ✅ CV校验通过！网格(5,2)具有高亮绿色(像素:74)，准许拖拽。
[REWARD] 执行前血条数: 0 -> 执行后血条数: 0
[REWARD] 部署失败，计算前后帧 MSE (均方误差) = 315.03
[REWARD] 动作无效，但游戏仍在进行(画面有变化)。奖励 -0.5 (已清空无作为计数器)

[STEP 36] 开始执行动作...
[ACTION] AI决定: 选卡 4 -> 放入网格(9,4) -> 朝向 2
         坐标映射: 拖拽从(655,650)至(1100,510) -> 方向滑动至(950,510)
[ACTION] ✅ CV校验通过！网格(9,4)具有高亮绿色(像素:728)，准许拖拽。
[REWARD] 执行前血条数: 0 -> 执行后血条数: 0
[REWARD] 部署失败，计算前后帧 MSE (均方误差) = 1256.60
[REWARD] 动作无效，但游戏仍在进行(画面有变化)。奖励 -0.5 (已清空无作为计数器)

[STEP 37] 开始执行动作...
[ACTION] AI决定: 选卡 6 -> 放入网格(2,2) -> 朝向 0
         坐标映射: 拖拽从(835,650)至(400,350) -> 方向滑动至(400,200)
[ACTION] ⛔ Fast-Fail! 目标网格(2,2)非绿色高亮(绿像素:0)。取消拖拽。
[REWARD] 执行前血条数: 0 -> 执行后血条数: 0
[REWARD] ⛔ 非法区域/无费用，已被 CV 阻断。奖励 -1.0 (连续无作为: 1次)

[STEP 38] 开始执行动作...
[ACTION] AI决定: 选卡 8 -> 放入网格(2,4) -> 朝向 3
         坐标映射: 拖拽从(1015,650)至(400,510) -> 方向滑动至(550,510)
[ACTION] ⛔ Fast-Fail! 目标网格(2,4)非绿色高亮(绿像素:0)。取消拖拽。
[REWARD] 执行前血条数: 0 -> 执行后血条数: 0
[REWARD] ⛔ 非法区域/无费用，已被 CV 阻断。奖励 -1.0 (连续无作为: 2次)

[STEP 39] 开始执行动作...
[ACTION] AI决定: 选卡 8 -> 放入网格(0,4) -> 朝向 0
         坐标映射: 拖拽从(1015,650)至(200,510) -> 方向滑动至(200,360)
[ACTION] ⛔ Fast-Fail! 目标网格(0,4)非绿色高亮(绿像素:0)。取消拖拽。
[REWARD] 执行前血条数: 0 -> 执行后血条数: 0
[REWARD] ⛔ 非法区域/无费用，已被 CV 阻断。奖励 -1.0 (连续无作为: 3次)

[STEP 40] 开始执行动作...
[ACTION] AI决定: 选卡 5 -> 放入网格(1,0) -> 朝向 3
         坐标映射: 拖拽从(745,650)至(300,190) -> 方向滑动至(450,190)
[ACTION] ⛔ Fast-Fail! 目标网格(1,0)非绿色高亮(绿像素:0)。取消拖拽。
[REWARD] 执行前血条数: 0 -> 执行后血条数: 0
[REWARD] ⛔ 非法区域/无费用，已被 CV 阻断。奖励 -1.0 (连续无作为: 4次)

[STEP 41] 开始执行动作...
[ACTION] AI决定: 选卡 6 -> 放入网格(7,3) -> 朝向 3
         坐标映射: 拖拽从(835,650)至(900,430) -> 方向滑动至(1050,430)
[ACTION] ✅ CV校验通过！网格(7,3)具有高亮绿色(像素:900)，准许拖拽。
[REWARD] 执行前血条数: 0 -> 执行后血条数: 0
[REWARD] 部署失败，计算前后帧 MSE (均方误差) = 323.94
[REWARD] 动作无效，但游戏仍在进行(画面有变化)。奖励 -0.5 (已清空无作为计数器)

[STEP 42] 开始执行动作...
[ACTION] AI决定: 选卡 4 -> 放入网格(5,2) -> 朝向 0
         坐标映射: 拖拽从(655,650)至(700,350) -> 方向滑动至(700,200)
[ACTION] ✅ CV校验通过！网格(5,2)具有高亮绿色(像素:84)，准许拖拽。
[REWARD] 执行前血条数: 0 -> 执行后血条数: 0
[REWARD] 部署失败，计算前后帧 MSE (均方误差) = 175.78
[REWARD] 画面未发生明显变化(非法部署)。奖励 -1.0 (连续无作为: 1次)

[STEP 43] 开始执行动作...
[ACTION] AI决定: 选卡 8 -> 放入网格(8,2) -> 朝向 2
         坐标映射: 拖拽从(1015,650)至(1000,350) -> 方向滑动至(850,350)
[ACTION] ✅ CV校验通过！网格(8,2)具有高亮绿色(像素:77)，准许拖拽。
[REWARD] 执行前血条数: 0 -> 执行后血条数: 0
[REWARD] 部署失败，计算前后帧 MSE (均方误差) = 233.84
[REWARD] 画面未发生明显变化(非法部署)。奖励 -1.0 (连续无作为: 2次)

[STEP 44] 开始执行动作...
[ACTION] AI决定: 选卡 8 -> 放入网格(9,1) -> 朝向 1
         坐标映射: 拖拽从(1015,650)至(1100,270) -> 方向滑动至(1100,420)
[ACTION] ⛔ Fast-Fail! 目标网格(9,1)非绿色高亮(绿像素:0)。取消拖拽。
[REWARD] 执行前血条数: 0 -> 执行后血条数: 0
[REWARD] ⛔ 非法区域/无费用，已被 CV 阻断。奖励 -1.0 (连续无作为: 3次)

[STEP 45] 开始执行动作...
[ACTION] AI决定: 选卡 1 -> 放入网格(6,2) -> 朝向 3
         坐标映射: 拖拽从(385,650)至(800,350) -> 方向滑动至(950,350)
[ACTION] ✅ CV校验通过！网格(6,2)具有高亮绿色(像素:341)，准许拖拽。
[REWARD] 执行前血条数: 0 -> 执行后血条数: 0
[REWARD] 部署失败，计算前后帧 MSE (均方误差) = 363.90
[REWARD] 动作无效，但游戏仍在进行(画面有变化)。奖励 -0.5 (已清空无作为计数器)

[STEP 46] 开始执行动作...
[ACTION] AI决定: 选卡 1 -> 放入网格(7,1) -> 朝向 0
         坐标映射: 拖拽从(385,650)至(900,270) -> 方向滑动至(900,120)
[ACTION] ✅ CV校验通过！网格(7,1)具有高亮绿色(像素:616)，准许拖拽。
[REWARD] 执行前血条数: 0 -> 执行后血条数: 0
[REWARD] 部署失败，计算前后帧 MSE (均方误差) = 240.39
[REWARD] 画面未发生明显变化(非法部署)。奖励 -1.0 (连续无作为: 1次)

[STEP 47] 开始执行动作...
[ACTION] AI决定: 选卡 0 -> 放入网格(3,4) -> 朝向 0
         坐标映射: 拖拽从(295,650)至(500,510) -> 方向滑动至(500,360)
[ACTION] ⛔ Fast-Fail! 目标网格(3,4)非绿色高亮(绿像素:0)。取消拖拽。
[REWARD] 执行前血条数: 0 -> 执行后血条数: 0
[REWARD] ⛔ 非法区域/无费用，已被 CV 阻断。奖励 -1.0 (连续无作为: 2次)

[STEP 48] 开始执行动作...
[ACTION] AI决定: 选卡 5 -> 放入网格(8,0) -> 朝向 0
         坐标映射: 拖拽从(745,650)至(1000,190) -> 方向滑动至(1000,40)
[ACTION] ⛔ Fast-Fail! 目标网格(8,0)非绿色高亮(绿像素:0)。取消拖拽。
[REWARD] 执行前血条数: 0 -> 执行后血条数: 0
[REWARD] ⛔ 非法区域/无费用，已被 CV 阻断。奖励 -1.0 (连续无作为: 3次)

[STEP 49] 开始执行动作...
[ACTION] AI决定: 选卡 8 -> 放入网格(1,1) -> 朝向 0
         坐标映射: 拖拽从(1015,650)至(300,270) -> 方向滑动至(300,120)
[ACTION] ✅ CV校验通过！网格(1,1)具有高亮绿色(像素:231)，准许拖拽。
[REWARD] 执行前血条数: 0 -> 执行后血条数: 0
[REWARD] 部署失败，计算前后帧 MSE (均方误差) = 480.44
[REWARD] 动作无效，但游戏仍在进行(画面有变化)。奖励 -0.5 (已清空无作为计数器)

[STEP 50] 开始执行动作...
[ACTION] AI决定: 选卡 0 -> 放入网格(4,4) -> 朝向 0
         坐标映射: 拖拽从(295,650)至(600,510) -> 方向滑动至(600,360)
[ACTION] ✅ CV校验通过！网格(4,4)具有高亮绿色(像素:900)，准许拖拽。
[REWARD] 执行前血条数: 0 -> 执行后血条数: 0
[REWARD] 部署失败，计算前后帧 MSE (均方误差) = 386.23
[REWARD] 动作无效，但游戏仍在进行(画面有变化)。奖励 -0.5 (已清空无作为计数器)

[STEP 51] 开始执行动作...
[ACTION] AI决定: 选卡 6 -> 放入网格(8,1) -> 朝向 3
         坐标映射: 拖拽从(835,650)至(1000,270) -> 方向滑动至(1150,270)
[ACTION] ✅ CV校验通过！网格(8,1)具有高亮绿色(像素:323)，准许拖拽。
[REWARD] 执行前血条数: 0 -> 执行后血条数: 0
[REWARD] 部署失败，计算前后帧 MSE (均方误差) = 1260.89
[REWARD] 动作无效，但游戏仍在进行(画面有变化)。奖励 -0.5 (已清空无作为计数器)

[STEP 52] 开始执行动作...
[ACTION] AI决定: 选卡 4 -> 放入网格(3,1) -> 朝向 0
         坐标映射: 拖拽从(655,650)至(500,270) -> 方向滑动至(500,120)
[ACTION] ⛔ Fast-Fail! 目标网格(3,1)非绿色高亮(绿像素:5)。取消拖拽。
[REWARD] 执行前血条数: 0 -> 执行后血条数: 0
[REWARD] ⛔ 非法区域/无费用，已被 CV 阻断。奖励 -1.0 (连续无作为: 1次)

[STEP 53] 开始执行动作...
[ACTION] AI决定: 选卡 3 -> 放入网格(2,0) -> 朝向 2
         坐标映射: 拖拽从(565,650)至(400,190) -> 方向滑动至(250,190)
[ACTION] ✅ CV校验通过！网格(2,0)具有高亮绿色(像素:884)，准许拖拽。
[REWARD] 执行前血条数: 0 -> 执行后血条数: 0
[REWARD] 部署失败，计算前后帧 MSE (均方误差) = 548.11
[REWARD] 动作无效，但游戏仍在进行(画面有变化)。奖励 -0.5 (已清空无作为计数器)

[STEP 54] 开始执行动作...
[ACTION] AI决定: 选卡 5 -> 放入网格(2,3) -> 朝向 1
         坐标映射: 拖拽从(745,650)至(400,430) -> 方向滑动至(400,580)
[ACTION] ⛔ Fast-Fail! 目标网格(2,3)非绿色高亮(绿像素:0)。取消拖拽。
[REWARD] 执行前血条数: 0 -> 执行后血条数: 0
[REWARD] ⛔ 非法区域/无费用，已被 CV 阻断。奖励 -1.0 (连续无作为: 1次)

[STEP 55] 开始执行动作...
[ACTION] AI决定: 选卡 7 -> 放入网格(1,2) -> 朝向 1
         坐标映射: 拖拽从(925,650)至(300,350) -> 方向滑动至(300,500)
[ACTION] ⛔ Fast-Fail! 目标网格(1,2)非绿色高亮(绿像素:0)。取消拖拽。
[REWARD] 执行前血条数: 0 -> 执行后血条数: 0
[REWARD] ⛔ 非法区域/无费用，已被 CV 阻断。奖励 -1.0 (连续无作为: 2次)

[STEP 56] 开始执行动作...
[ACTION] AI决定: 选卡 6 -> 放入网格(3,3) -> 朝向 0
         坐标映射: 拖拽从(835,650)至(500,430) -> 方向滑动至(500,280)
[ACTION] ✅ CV校验通过！网格(3,3)具有高亮绿色(像素:71)，准许拖拽。
[REWARD] 执行前血条数: 0 -> 执行后血条数: 0
[REWARD] 部署失败，计算前后帧 MSE (均方误差) = 2767.56
[REWARD] 动作无效，但游戏仍在进行(画面有变化)。奖励 -0.5 (已清空无作为计数器)

[STEP 57] 开始执行动作...
[ACTION] AI决定: 选卡 3 -> 放入网格(8,3) -> 朝向 3
         坐标映射: 拖拽从(565,650)至(1000,430) -> 方向滑动至(1150,430)
[ACTION] ✅ CV校验通过！网格(8,3)具有高亮绿色(像素:895)，准许拖拽。
[REWARD] 执行前血条数: 0 -> 执行后血条数: 0
[REWARD] 部署失败，计算前后帧 MSE (均方误差) = 2752.86
[REWARD] 动作无效，但游戏仍在进行(画面有变化)。奖励 -0.5 (已清空无作为计数器)

[STEP 58] 开始执行动作...
[ACTION] AI决定: 选卡 6 -> 放入网格(8,3) -> 朝向 3
         坐标映射: 拖拽从(835,650)至(1000,430) -> 方向滑动至(1150,430)
[ACTION] ⛔ Fast-Fail! 目标网格(8,3)非绿色高亮(绿像素:0)。取消拖拽。
[REWARD] 执行前血条数: 0 -> 执行后血条数: 0
[REWARD] ⛔ 非法区域/无费用，已被 CV 阻断。奖励 -1.0 (连续无作为: 1次)

[STEP 59] 开始执行动作...
[ACTION] AI决定: 选卡 5 -> 放入网格(4,4) -> 朝向 0
         坐标映射: 拖拽从(745,650)至(600,510) -> 方向滑动至(600,360)
[ACTION] ⛔ Fast-Fail! 目标网格(4,4)非绿色高亮(绿像素:0)。取消拖拽。
[REWARD] 执行前血条数: 0 -> 执行后血条数: 0
[REWARD] ⛔ 非法区域/无费用，已被 CV 阻断。奖励 -1.0 (连续无作为: 2次)

[STEP 60] 开始执行动作...
[ACTION] AI决定: 选卡 7 -> 放入网格(7,2) -> 朝向 3
         坐标映射: 拖拽从(925,650)至(900,350) -> 方向滑动至(1050,350)
[ACTION] ✅ CV校验通过！网格(7,2)具有高亮绿色(像素:332)，准许拖拽。
[REWARD] 执行前血条数: 0 -> 执行后血条数: 0
[REWARD] 部署失败，计算前后帧 MSE (均方误差) = 321.92
[REWARD] 动作无效，但游戏仍在进行(画面有变化)。奖励 -0.5 (已清空无作为计数器)

[STEP 61] 开始执行动作...
[ACTION] AI决定: 选卡 5 -> 放入网格(0,0) -> 朝向 0
         坐标映射: 拖拽从(745,650)至(200,190) -> 方向滑动至(200,40)
[ACTION] ⛔ Fast-Fail! 目标网格(0,0)非绿色高亮(绿像素:0)。取消拖拽。
[REWARD] 执行前血条数: 0 -> 执行后血条数: 0
[REWARD] ⛔ 非法区域/无费用，已被 CV 阻断。奖励 -1.0 (连续无作为: 1次)

[STEP 62] 开始执行动作...
[ACTION] AI决定: 选卡 2 -> 放入网格(1,3) -> 朝向 0
         坐标映射: 拖拽从(475,650)至(300,430) -> 方向滑动至(300,280)
[ACTION] ⛔ Fast-Fail! 目标网格(1,3)非绿色高亮(绿像素:0)。取消拖拽。
[REWARD] 执行前血条数: 0 -> 执行后血条数: 0
[REWARD] ⛔ 非法区域/无费用，已被 CV 阻断。奖励 -1.0 (连续无作为: 2次)

[STEP 63] 开始执行动作...
[ACTION] AI决定: 选卡 5 -> 放入网格(2,1) -> 朝向 3
         坐标映射: 拖拽从(745,650)至(400,270) -> 方向滑动至(550,270)
[ACTION] ⛔ Fast-Fail! 目标网格(2,1)非绿色高亮(绿像素:0)。取消拖拽。
[REWARD] 执行前血条数: 0 -> 执行后血条数: 0
[REWARD] ⛔ 非法区域/无费用，已被 CV 阻断。奖励 -1.0 (连续无作为: 3次)

[STEP 64] 开始执行动作...
[ACTION] AI决定: 选卡 2 -> 放入网格(5,4) -> 朝向 3
         坐标映射: 拖拽从(475,650)至(700,510) -> 方向滑动至(850,510)
[ACTION] ⛔ Fast-Fail! 目标网格(5,4)非绿色高亮(绿像素:0)。取消拖拽。
[REWARD] 执行前血条数: 0 -> 执行后血条数: 0
[REWARD] ⛔ 非法区域/无费用，已被 CV 阻断。奖励 -1.0 (连续无作为: 4次)

[STEP 65] 开始执行动作...
[ACTION] AI决定: 选卡 4 -> 放入网格(3,4) -> 朝向 1
         坐标映射: 拖拽从(655,650)至(500,510) -> 方向滑动至(500,660)
[ACTION] ✅ CV校验通过！网格(3,4)具有高亮绿色(像素:900)，准许拖拽。
[REWARD] 执行前血条数: 0 -> 执行后血条数: 0
[REWARD] 部署失败，计算前后帧 MSE (均方误差) = 798.22
[REWARD] 动作无效，但游戏仍在进行(画面有变化)。奖励 -0.5 (已清空无作为计数器)

[STEP 66] 开始执行动作...
[ACTION] AI决定: 选卡 3 -> 放入网格(3,2) -> 朝向 3
         坐标映射: 拖拽从(565,650)至(500,350) -> 方向滑动至(650,350)
[ACTION] ✅ CV校验通过！网格(3,2)具有高亮绿色(像素:368)，准许拖拽。
[REWARD] 执行前血条数: 0 -> 执行后血条数: 0
[REWARD] 部署失败，计算前后帧 MSE (均方误差) = 255.27
[REWARD] 画面未发生明显变化(非法部署)。奖励 -1.0 (连续无作为: 1次)

[STEP 67] 开始执行动作...
[ACTION] AI决定: 选卡 7 -> 放入网格(8,4) -> 朝向 2
         坐标映射: 拖拽从(925,650)至(1000,510) -> 方向滑动至(850,510)
[ACTION] ✅ CV校验通过！网格(8,4)具有高亮绿色(像素:900)，准许拖拽。
[REWARD] 执行前血条数: 0 -> 执行后血条数: 0
[REWARD] 部署失败，计算前后帧 MSE (均方误差) = 237.19
[REWARD] 画面未发生明显变化(非法部署)。奖励 -1.0 (连续无作为: 2次)

[STEP 68] 开始执行动作...
[ACTION] AI决定: 选卡 7 -> 放入网格(3,1) -> 朝向 2
         坐标映射: 拖拽从(925,650)至(500,270) -> 方向滑动至(350,270)
[ACTION] ✅ CV校验通过！网格(3,1)具有高亮绿色(像素:757)，准许拖拽。
[REWARD] 执行前血条数: 0 -> 执行后血条数: 0
[REWARD] 部署失败，计算前后帧 MSE (均方误差) = 3299.74
[REWARD] 动作无效，但游戏仍在进行(画面有变化)。奖励 -0.5 (已清空无作为计数器)

[STEP 69] 开始执行动作...
[ACTION] AI决定: 选卡 0 -> 放入网格(3,1) -> 朝向 2
         坐标映射: 拖拽从(295,650)至(500,270) -> 方向滑动至(350,270)
[ACTION] ⛔ Fast-Fail! 目标网格(3,1)非绿色高亮(绿像素:0)。取消拖拽。
[REWARD] 执行前血条数: 0 -> 执行后血条数: 0
[REWARD] ⛔ 非法区域/无费用，已被 CV 阻断。奖励 -1.0 (连续无作为: 1次)

[STEP 70] 开始执行动作...
[ACTION] AI决定: 选卡 0 -> 放入网格(2,4) -> 朝向 0
         坐标映射: 拖拽从(295,650)至(400,510) -> 方向滑动至(400,360)
[ACTION] ⛔ Fast-Fail! 目标网格(2,4)非绿色高亮(绿像素:0)。取消拖拽。
[REWARD] 执行前血条数: 0 -> 执行后血条数: 0
[REWARD] ⛔ 非法区域/无费用，已被 CV 阻断。奖励 -1.0 (连续无作为: 2次)

[STEP 71] 开始执行动作...
[ACTION] AI决定: 选卡 0 -> 放入网格(5,3) -> 朝向 3
         坐标映射: 拖拽从(295,650)至(700,430) -> 方向滑动至(850,430)
[ACTION] ⛔ Fast-Fail! 目标网格(5,3)非绿色高亮(绿像素:0)。取消拖拽。
[REWARD] 执行前血条数: 0 -> 执行后血条数: 0
[REWARD] ⛔ 非法区域/无费用，已被 CV 阻断。奖励 -1.0 (连续无作为: 3次)

[STEP 72] 开始执行动作...
[ACTION] AI决定: 选卡 6 -> 放入网格(3,2) -> 朝向 3
         坐标映射: 拖拽从(835,650)至(500,350) -> 方向滑动至(650,350)
[ACTION] ⛔ Fast-Fail! 目标网格(3,2)非绿色高亮(绿像素:0)。取消拖拽。
[REWARD] 执行前血条数: 0 -> 执行后血条数: 0
[REWARD] ⛔ 非法区域/无费用，已被 CV 阻断。奖励 -1.0 (连续无作为: 4次)

[STEP 73] 开始执行动作...
[ACTION] AI决定: 选卡 2 -> 放入网格(8,1) -> 朝向 0
         坐标映射: 拖拽从(475,650)至(1000,270) -> 方向滑动至(1000,120)
[ACTION] ⛔ Fast-Fail! 目标网格(8,1)非绿色高亮(绿像素:0)。取消拖拽。
[REWARD] 执行前血条数: 0 -> 执行后血条数: 0
[REWARD] ⛔ 非法区域/无费用，已被 CV 阻断。奖励 -1.0 (连续无作为: 5次)

[STEP 74] 开始执行动作...
[ACTION] AI决定: 选卡 0 -> 放入网格(6,4) -> 朝向 0
         坐标映射: 拖拽从(295,650)至(800,510) -> 方向滑动至(800,360)
[ACTION] ⛔ Fast-Fail! 目标网格(6,4)非绿色高亮(绿像素:0)。取消拖拽。
[REWARD] 执行前血条数: 0 -> 执行后血条数: 0
[REWARD] ⛔ 非法区域/无费用，已被 CV 阻断。奖励 -1.0 (连续无作为: 6次)

[STEP 75] 开始执行动作...
[ACTION] AI决定: 选卡 8 -> 放入网格(3,0) -> 朝向 2
         坐标映射: 拖拽从(1015,650)至(500,190) -> 方向滑动至(350,190)
[ACTION] ⛔ Fast-Fail! 目标网格(3,0)非绿色高亮(绿像素:0)。取消拖拽。
[REWARD] 执行前血条数: 0 -> 执行后血条数: 0
[REWARD] ⛔ 非法区域/无费用，已被 CV 阻断。奖励 -1.0 (连续无作为: 7次)

[STEP 76] 开始执行动作...
[ACTION] AI决定: 选卡 5 -> 放入网格(1,3) -> 朝向 2
         坐标映射: 拖拽从(745,650)至(300,430) -> 方向滑动至(150,430)
[ACTION] ⛔ Fast-Fail! 目标网格(1,3)非绿色高亮(绿像素:0)。取消拖拽。
[REWARD] 执行前血条数: 0 -> 执行后血条数: 0
[REWARD] ⛔ 非法区域/无费用，已被 CV 阻断。奖励 -1.0 (连续无作为: 8次)

[STEP 77] 开始执行动作...
[ACTION] AI决定: 选卡 8 -> 放入网格(2,1) -> 朝向 0
         坐标映射: 拖拽从(1015,650)至(400,270) -> 方向滑动至(400,120)
[ACTION] ✅ CV校验通过！网格(2,1)具有高亮绿色(像素:239)，准许拖拽。
[REWARD] 执行前血条数: 0 -> 执行后血条数: 0
[REWARD] 部署失败，计算前后帧 MSE (均方误差) = 605.63
[REWARD] 动作无效，但游戏仍在进行(画面有变化)。奖励 -0.5 (已清空无作为计数器)

[STEP 78] 开始执行动作...
[ACTION] AI决定: 选卡 7 -> 放入网格(5,3) -> 朝向 0
         坐标映射: 拖拽从(925,650)至(700,430) -> 方向滑动至(700,280)
[ACTION] ⛔ Fast-Fail! 目标网格(5,3)非绿色高亮(绿像素:0)。取消拖拽。
[REWARD] 执行前血条数: 0 -> 执行后血条数: 0
[REWARD] ⛔ 非法区域/无费用，已被 CV 阻断。奖励 -1.0 (连续无作为: 1次)

[STEP 79] 开始执行动作...
[ACTION] AI决定: 选卡 4 -> 放入网格(2,0) -> 朝向 1
         坐标映射: 拖拽从(655,650)至(400,190) -> 方向滑动至(400,340)
[ACTION] ✅ CV校验通过！网格(2,0)具有高亮绿色(像素:884)，准许拖拽。
[REWARD] 执行前血条数: 0 -> 执行后血条数: 0
[REWARD] 部署失败，计算前后帧 MSE (均方误差) = 3043.18
[REWARD] 动作无效，但游戏仍在进行(画面有变化)。奖励 -0.5 (已清空无作为计数器)

[STEP 80] 开始执行动作...
[ACTION] AI决定: 选卡 1 -> 放入网格(7,0) -> 朝向 1
         坐标映射: 拖拽从(385,650)至(900,190) -> 方向滑动至(900,340)
[ACTION] ⛔ Fast-Fail! 目标网格(7,0)非绿色高亮(绿像素:0)。取消拖拽。
[REWARD] 执行前血条数: 0 -> 执行后血条数: 0
[REWARD] ⛔ 非法区域/无费用，已被 CV 阻断。奖励 -1.0 (连续无作为: 1次)

[STEP 81] 开始执行动作...
[ACTION] AI决定: 选卡 2 -> 放入网格(4,1) -> 朝向 1
         坐标映射: 拖拽从(475,650)至(600,270) -> 方向滑动至(600,420)
[ACTION] ✅ CV校验通过！网格(4,1)具有高亮绿色(像素:900)，准许拖拽。
[REWARD] 执行前血条数: 0 -> 执行后血条数: 0
[REWARD] 部署失败，计算前后帧 MSE (均方误差) = 432.97
[REWARD] 动作无效，但游戏仍在进行(画面有变化)。奖励 -0.5 (已清空无作为计数器)

[STEP 82] 开始执行动作...
[ACTION] AI决定: 选卡 4 -> 放入网格(0,4) -> 朝向 0
         坐标映射: 拖拽从(655,650)至(200,510) -> 方向滑动至(200,360)
[ACTION] ⛔ Fast-Fail! 目标网格(0,4)非绿色高亮(绿像素:0)。取消拖拽。
[REWARD] 执行前血条数: 0 -> 执行后血条数: 0
[REWARD] ⛔ 非法区域/无费用，已被 CV 阻断。奖励 -1.0 (连续无作为: 1次)

[STEP 83] 开始执行动作...
[ACTION] AI决定: 选卡 8 -> 放入网格(6,1) -> 朝向 3
         坐标映射: 拖拽从(1015,650)至(800,270) -> 方向滑动至(950,270)
[ACTION] ⛔ Fast-Fail! 目标网格(6,1)非绿色高亮(绿像素:9)。取消拖拽。
[REWARD] 执行前血条数: 0 -> 执行后血条数: 0
[REWARD] ⛔ 非法区域/无费用，已被 CV 阻断。奖励 -1.0 (连续无作为: 2次)

[STEP 84] 开始执行动作...
[ACTION] AI决定: 选卡 0 -> 放入网格(5,4) -> 朝向 0
         坐标映射: 拖拽从(295,650)至(700,510) -> 方向滑动至(700,360)
[ACTION] ⛔ Fast-Fail! 目标网格(5,4)非绿色高亮(绿像素:0)。取消拖拽。
[REWARD] 执行前血条数: 0 -> 执行后血条数: 0
[REWARD] ⛔ 非法区域/无费用，已被 CV 阻断。奖励 -1.0 (连续无作为: 3次)

[STEP 85] 开始执行动作...
[ACTION] AI决定: 选卡 8 -> 放入网格(1,2) -> 朝向 0
         坐标映射: 拖拽从(1015,650)至(300,350) -> 方向滑动至(300,200)
[ACTION] ⛔ Fast-Fail! 目标网格(1,2)非绿色高亮(绿像素:0)。取消拖拽。
[REWARD] 执行前血条数: 0 -> 执行后血条数: 0
[REWARD] ⛔ 非法区域/无费用，已被 CV 阻断。奖励 -1.0 (连续无作为: 4次)

[STEP 86] 开始执行动作...
[ACTION] AI决定: 选卡 4 -> 放入网格(6,1) -> 朝向 0
         坐标映射: 拖拽从(655,650)至(800,270) -> 方向滑动至(800,120)
[ACTION] ✅ CV校验通过！网格(6,1)具有高亮绿色(像素:893)，准许拖拽。
[REWARD] 执行前血条数: 0 -> 执行后血条数: 0
[REWARD] 部署失败，计算前后帧 MSE (均方误差) = 1349.42
[REWARD] 动作无效，但游戏仍在进行(画面有变化)。奖励 -0.5 (已清空无作为计数器)

[STEP 87] 开始执行动作...
[ACTION] AI决定: 选卡 3 -> 放入网格(6,3) -> 朝向 0
         坐标映射: 拖拽从(565,650)至(800,430) -> 方向滑动至(800,280)
[ACTION] ⛔ Fast-Fail! 目标网格(6,3)非绿色高亮(绿像素:0)。取消拖拽。
[REWARD] 执行前血条数: 0 -> 执行后血条数: 0
[REWARD] ⛔ 非法区域/无费用，已被 CV 阻断。奖励 -1.0 (连续无作为: 1次)

[STEP 88] 开始执行动作...
[ACTION] AI决定: 选卡 0 -> 放入网格(5,2) -> 朝向 1
         坐标映射: 拖拽从(295,650)至(700,350) -> 方向滑动至(700,500)
[ACTION] ⛔ Fast-Fail! 目标网格(5,2)非绿色高亮(绿像素:0)。取消拖拽。
[REWARD] 执行前血条数: 0 -> 执行后血条数: 0
[REWARD] ⛔ 非法区域/无费用，已被 CV 阻断。奖励 -1.0 (连续无作为: 2次)

[STEP 89] 开始执行动作...
[ACTION] AI决定: 选卡 5 -> 放入网格(9,0) -> 朝向 3
         坐标映射: 拖拽从(745,650)至(1100,190) -> 方向滑动至(1250,190)
[ACTION] ⛔ Fast-Fail! 目标网格(9,0)非绿色高亮(绿像素:0)。取消拖拽。
[REWARD] 执行前血条数: 0 -> 执行后血条数: 0
[REWARD] ⛔ 非法区域/无费用，已被 CV 阻断。奖励 -1.0 (连续无作为: 3次)

[STEP 90] 开始执行动作...
[ACTION] AI决定: 选卡 7 -> 放入网格(1,1) -> 朝向 2
         坐标映射: 拖拽从(925,650)至(300,270) -> 方向滑动至(150,270)
[ACTION] ✅ CV校验通过！网格(1,1)具有高亮绿色(像素:231)，准许拖拽。
[REWARD] 执行前血条数: 0 -> 执行后血条数: 0
[REWARD] 部署失败，计算前后帧 MSE (均方误差) = 423.92
[REWARD] 动作无效，但游戏仍在进行(画面有变化)。奖励 -0.5 (已清空无作为计数器)

[STEP 91] 开始执行动作...
[ACTION] AI决定: 选卡 6 -> 放入网格(3,3) -> 朝向 1
         坐标映射: 拖拽从(835,650)至(500,430) -> 方向滑动至(500,580)
[ACTION] ✅ CV校验通过！网格(3,3)具有高亮绿色(像素:79)，准许拖拽。
[REWARD] 执行前血条数: 0 -> 执行后血条数: 0
[REWARD] 部署失败，计算前后帧 MSE (均方误差) = 2827.71
[REWARD] 动作无效，但游戏仍在进行(画面有变化)。奖励 -0.5 (已清空无作为计数器)

[STEP 92] 开始执行动作...
[ACTION] AI决定: 选卡 5 -> 放入网格(0,2) -> 朝向 2
         坐标映射: 拖拽从(745,650)至(200,350) -> 方向滑动至(50,350)
[ACTION] ⛔ Fast-Fail! 目标网格(0,2)非绿色高亮(绿像素:0)。取消拖拽。
[REWARD] 执行前血条数: 0 -> 执行后血条数: 0
[REWARD] ⛔ 非法区域/无费用，已被 CV 阻断。奖励 -1.0 (连续无作为: 1次)

[STEP 93] 开始执行动作...
[ACTION] AI决定: 选卡 6 -> 放入网格(0,0) -> 朝向 1
         坐标映射: 拖拽从(835,650)至(200,190) -> 方向滑动至(200,340)
[ACTION] ⛔ Fast-Fail! 目标网格(0,0)非绿色高亮(绿像素:0)。取消拖拽。
[REWARD] 执行前血条数: 0 -> 执行后血条数: 0
[REWARD] ⛔ 非法区域/无费用，已被 CV 阻断。奖励 -1.0 (连续无作为: 2次)

[STEP 94] 开始执行动作...
[ACTION] AI决定: 选卡 0 -> 放入网格(2,4) -> 朝向 1
         坐标映射: 拖拽从(295,650)至(400,510) -> 方向滑动至(400,660)
[ACTION] ⛔ Fast-Fail! 目标网格(2,4)非绿色高亮(绿像素:0)。取消拖拽。
[REWARD] 执行前血条数: 0 -> 执行后血条数: 0
[REWARD] ⛔ 非法区域/无费用，已被 CV 阻断。奖励 -1.0 (连续无作为: 3次)

[STEP 95] 开始执行动作...
[ACTION] AI决定: 选卡 3 -> 放入网格(9,2) -> 朝向 2
         坐标映射: 拖拽从(565,650)至(1100,350) -> 方向滑动至(950,350)
[ACTION] ⛔ Fast-Fail! 目标网格(9,2)非绿色高亮(绿像素:0)。取消拖拽。
[REWARD] 执行前血条数: 0 -> 执行后血条数: 0
[REWARD] ⛔ 非法区域/无费用，已被 CV 阻断。奖励 -1.0 (连续无作为: 4次)

[STEP 96] 开始执行动作...
[ACTION] AI决定: 选卡 6 -> 放入网格(1,1) -> 朝向 2
         坐标映射: 拖拽从(835,650)至(300,270) -> 方向滑动至(150,270)
[ACTION] ⛔ Fast-Fail! 目标网格(1,1)非绿色高亮(绿像素:0)。取消拖拽。
[REWARD] 执行前血条数: 0 -> 执行后血条数: 0
[REWARD] ⛔ 非法区域/无费用，已被 CV 阻断。奖励 -1.0 (连续无作为: 5次)

[STEP 97] 开始执行动作...
[ACTION] AI决定: 选卡 5 -> 放入网格(4,0) -> 朝向 1
         坐标映射: 拖拽从(745,650)至(600,190) -> 方向滑动至(600,340)
[ACTION] ✅ CV校验通过！网格(4,0)具有高亮绿色(像素:189)，准许拖拽。
[REWARD] 执行前血条数: 0 -> 执行后血条数: 0
[REWARD] 部署失败，计算前后帧 MSE (均方误差) = 345.57
[REWARD] 动作无效，但游戏仍在进行(画面有变化)。奖励 -0.5 (已清空无作为计数器)

[STEP 98] 开始执行动作...
[ACTION] AI决定: 选卡 5 -> 放入网格(7,2) -> 朝向 3
         坐标映射: 拖拽从(745,650)至(900,350) -> 方向滑动至(1050,350)
[ACTION] ✅ CV校验通过！网格(7,2)具有高亮绿色(像素:560)，准许拖拽。
[REWARD] 执行前血条数: 0 -> 执行后血条数: 0
[REWARD] 部署失败，计算前后帧 MSE (均方误差) = 171.92
[REWARD] 画面未发生明显变化(非法部署)。奖励 -1.0 (连续无作为: 1次)

[STEP 99] 开始执行动作...
[ACTION] AI决定: 选卡 8 -> 放入网格(3,0) -> 朝向 2
         坐标映射: 拖拽从(1015,650)至(500,190) -> 方向滑动至(350,190)
[ACTION] ✅ CV校验通过！网格(3,0)具有高亮绿色(像素:80)，准许拖拽。
[REWARD] 执行前血条数: 0 -> 执行后血条数: 0
[REWARD] 部署失败，计算前后帧 MSE (均方误差) = 258.57
[REWARD] 画面未发生明显变化(非法部署)。奖励 -1.0 (连续无作为: 2次)

[STEP 100] 开始执行动作...
[ACTION] AI决定: 选卡 1 -> 放入网格(7,4) -> 朝向 2
         坐标映射: 拖拽从(385,650)至(900,510) -> 方向滑动至(750,510)
[ACTION] ⛔ Fast-Fail! 目标网格(7,4)非绿色高亮(绿像素:0)。取消拖拽。
[REWARD] 执行前血条数: 0 -> 执行后血条数: 0
[REWARD] ⛔ 非法区域/无费用，已被 CV 阻断。奖励 -1.0 (连续无作为: 3次)

[STEP 101] 开始执行动作...
[ACTION] AI决定: 选卡 6 -> 放入网格(4,2) -> 朝向 0
         坐标映射: 拖拽从(835,650)至(600,350) -> 方向滑动至(600,200)
[ACTION] ✅ CV校验通过！网格(4,2)具有高亮绿色(像素:866)，准许拖拽。
[REWARD] 执行前血条数: 0 -> 执行后血条数: 0
[REWARD] 部署失败，计算前后帧 MSE (均方误差) = 255.43
[REWARD] 画面未发生明显变化(非法部署)。奖励 -1.0 (连续无作为: 4次)

[STEP 102] 开始执行动作...
[ACTION] AI决定: 选卡 7 -> 放入网格(4,4) -> 朝向 3
         坐标映射: 拖拽从(925,650)至(600,510) -> 方向滑动至(750,510)
[ACTION] ✅ CV校验通过！网格(4,4)具有高亮绿色(像素:900)，准许拖拽。
[REWARD] 执行前血条数: 0 -> 执行后血条数: 0
[REWARD] 部署失败，计算前后帧 MSE (均方误差) = 278.73
[REWARD] 画面未发生明显变化(非法部署)。奖励 -1.0 (连续无作为: 5次)

[STEP 103] 开始执行动作...
[ACTION] AI决定: 选卡 1 -> 放入网格(0,2) -> 朝向 0
         坐标映射: 拖拽从(385,650)至(200,350) -> 方向滑动至(200,200)
[ACTION] ⛔ Fast-Fail! 目标网格(0,2)非绿色高亮(绿像素:0)。取消拖拽。
[REWARD] 执行前血条数: 0 -> 执行后血条数: 0
[REWARD] ⛔ 非法区域/无费用，已被 CV 阻断。奖励 -1.0 (连续无作为: 6次)

[STEP 104] 开始执行动作...
[ACTION] AI决定: 选卡 8 -> 放入网格(7,4) -> 朝向 0
         坐标映射: 拖拽从(1015,650)至(900,510) -> 方向滑动至(900,360)
[ACTION] ✅ CV校验通过！网格(7,4)具有高亮绿色(像素:900)，准许拖拽。
[REWARD] 执行前血条数: 0 -> 执行后血条数: 0
[REWARD] 部署失败，计算前后帧 MSE (均方误差) = 825.78
[REWARD] 动作无效，但游戏仍在进行(画面有变化)。奖励 -0.5 (已清空无作为计数器)

[STEP 105] 开始执行动作...
[ACTION] AI决定: 选卡 5 -> 放入网格(3,1) -> 朝向 2
         坐标映射: 拖拽从(745,650)至(500,270) -> 方向滑动至(350,270)
[ACTION] ✅ CV校验通过！网格(3,1)具有高亮绿色(像素:752)，准许拖拽。
[REWARD] 执行前血条数: 0 -> 执行后血条数: 0
[REWARD] 部署失败，计算前后帧 MSE (均方误差) = 3350.55
[REWARD] 动作无效，但游戏仍在进行(画面有变化)。奖励 -0.5 (已清空无作为计数器)

[STEP 106] 开始执行动作...
[ACTION] AI决定: 选卡 1 -> 放入网格(8,0) -> 朝向 0
         坐标映射: 拖拽从(385,650)至(1000,190) -> 方向滑动至(1000,40)
[ACTION] ⛔ Fast-Fail! 目标网格(8,0)非绿色高亮(绿像素:0)。取消拖拽。
[REWARD] 执行前血条数: 0 -> 执行后血条数: 0
[REWARD] ⛔ 非法区域/无费用，已被 CV 阻断。奖励 -1.0 (连续无作为: 1次)

[STEP 107] 开始执行动作...
[ACTION] AI决定: 选卡 1 -> 放入网格(2,2) -> 朝向 3
         坐标映射: 拖拽从(385,650)至(400,350) -> 方向滑动至(550,350)
[ACTION] ⛔ Fast-Fail! 目标网格(2,2)非绿色高亮(绿像素:0)。取消拖拽。
[REWARD] 执行前血条数: 0 -> 执行后血条数: 0
[REWARD] ⛔ 非法区域/无费用，已被 CV 阻断。奖励 -1.0 (连续无作为: 2次)

[STEP 108] 开始执行动作...
[ACTION] AI决定: 选卡 1 -> 放入网格(9,2) -> 朝向 1
         坐标映射: 拖拽从(385,650)至(1100,350) -> 方向滑动至(1100,500)
[ACTION] ⛔ Fast-Fail! 目标网格(9,2)非绿色高亮(绿像素:0)。取消拖拽。
[REWARD] 执行前血条数: 0 -> 执行后血条数: 0
[REWARD] ⛔ 非法区域/无费用，已被 CV 阻断。奖励 -1.0 (连续无作为: 3次)

[STEP 109] 开始执行动作...
[ACTION] AI决定: 选卡 0 -> 放入网格(3,0) -> 朝向 2
         坐标映射: 拖拽从(295,650)至(500,190) -> 方向滑动至(350,190)
[ACTION] ⛔ Fast-Fail! 目标网格(3,0)非绿色高亮(绿像素:0)。取消拖拽。
[REWARD] 执行前血条数: 0 -> 执行后血条数: 0
[REWARD] ⛔ 非法区域/无费用，已被 CV 阻断。奖励 -1.0 (连续无作为: 4次)

[STEP 110] 开始执行动作...
[ACTION] AI决定: 选卡 2 -> 放入网格(4,0) -> 朝向 0
         坐标映射: 拖拽从(475,650)至(600,190) -> 方向滑动至(600,40)
[ACTION] ⛔ Fast-Fail! 目标网格(4,0)非绿色高亮(绿像素:0)。取消拖拽。
[REWARD] 执行前血条数: 0 -> 执行后血条数: 0
[REWARD] ⛔ 非法区域/无费用，已被 CV 阻断。奖励 -1.0 (连续无作为: 5次)

[STEP 111] 开始执行动作...
[ACTION] AI决定: 选卡 3 -> 放入网格(4,1) -> 朝向 0
         坐标映射: 拖拽从(565,650)至(600,270) -> 方向滑动至(600,120)
[ACTION] ⛔ Fast-Fail! 目标网格(4,1)非绿色高亮(绿像素:19)。取消拖拽。
[REWARD] 执行前血条数: 0 -> 执行后血条数: 0
[REWARD] ⛔ 非法区域/无费用，已被 CV 阻断。奖励 -1.0 (连续无作为: 6次)

[STEP 112] 开始执行动作...
[ACTION] AI决定: 选卡 2 -> 放入网格(3,3) -> 朝向 0
         坐标映射: 拖拽从(475,650)至(500,430) -> 方向滑动至(500,280)
[ACTION] ⛔ Fast-Fail! 目标网格(3,3)非绿色高亮(绿像素:0)。取消拖拽。
[REWARD] 执行前血条数: 0 -> 执行后血条数: 0
[REWARD] ⛔ 非法区域/无费用，已被 CV 阻断。奖励 -1.0 (连续无作为: 7次)

[STEP 113] 开始执行动作...
[ACTION] AI决定: 选卡 7 -> 放入网格(5,0) -> 朝向 3
         坐标映射: 拖拽从(925,650)至(700,190) -> 方向滑动至(850,190)
[ACTION] ✅ CV校验通过！网格(5,0)具有高亮绿色(像素:812)，准许拖拽。
[REWARD] 执行前血条数: 0 -> 执行后血条数: 0
[REWARD] 部署失败，计算前后帧 MSE (均方误差) = 3878.21
[REWARD] 动作无效，但游戏仍在进行(画面有变化)。奖励 -0.5 (已清空无作为计数器)

[STEP 114] 开始执行动作...
[ACTION] AI决定: 选卡 1 -> 放入网格(6,0) -> 朝向 1
         坐标映射: 拖拽从(385,650)至(800,190) -> 方向滑动至(800,340)
[ACTION] ✅ CV校验通过！网格(6,0)具有高亮绿色(像素:99)，准许拖拽。
[REWARD] 执行前血条数: 0 -> 执行后血条数: 0
[REWARD] 部署失败，计算前后帧 MSE (均方误差) = 292.74
[REWARD] 画面未发生明显变化(非法部署)。奖励 -1.0 (连续无作为: 1次)

[STEP 115] 开始执行动作...
[ACTION] AI决定: 选卡 2 -> 放入网格(3,2) -> 朝向 3
         坐标映射: 拖拽从(475,650)至(500,350) -> 方向滑动至(650,350)
[ACTION] ⛔ Fast-Fail! 目标网格(3,2)非绿色高亮(绿像素:0)。取消拖拽。
[REWARD] 执行前血条数: 0 -> 执行后血条数: 0
[REWARD] ⛔ 非法区域/无费用，已被 CV 阻断。奖励 -1.0 (连续无作为: 2次)

[STEP 116] 开始执行动作...
[ACTION] AI决定: 选卡 6 -> 放入网格(3,2) -> 朝向 0
         坐标映射: 拖拽从(835,650)至(500,350) -> 方向滑动至(500,200)
[ACTION] ⛔ Fast-Fail! 目标网格(3,2)非绿色高亮(绿像素:2)。取消拖拽。
[REWARD] 执行前血条数: 0 -> 执行后血条数: 0
[REWARD] ⛔ 非法区域/无费用，已被 CV 阻断。奖励 -1.0 (连续无作为: 3次)

[STEP 117] 开始执行动作...
[ACTION] AI决定: 选卡 4 -> 放入网格(5,1) -> 朝向 2
         坐标映射: 拖拽从(655,650)至(700,270) -> 方向滑动至(550,270)
[ACTION] ⛔ Fast-Fail! 目标网格(5,1)非绿色高亮(绿像素:12)。取消拖拽。
[REWARD] 执行前血条数: 0 -> 执行后血条数: 0
[REWARD] ⛔ 非法区域/无费用，已被 CV 阻断。奖励 -1.0 (连续无作为: 4次)

[STEP 118] 开始执行动作...
[ACTION] AI决定: 选卡 7 -> 放入网格(7,1) -> 朝向 3
         坐标映射: 拖拽从(925,650)至(900,270) -> 方向滑动至(1050,270)
[ACTION] ⛔ Fast-Fail! 目标网格(7,1)非绿色高亮(绿像素:0)。取消拖拽。
[REWARD] 执行前血条数: 0 -> 执行后血条数: 0
[REWARD] ⛔ 非法区域/无费用，已被 CV 阻断。奖励 -1.0 (连续无作为: 5次)

[STEP 119] 开始执行动作...
[ACTION] AI决定: 选卡 7 -> 放入网格(5,2) -> 朝向 0
         坐标映射: 拖拽从(925,650)至(700,350) -> 方向滑动至(700,200)
[ACTION] ✅ CV校验通过！网格(5,2)具有高亮绿色(像素:93)，准许拖拽。
[REWARD] 执行前血条数: 0 -> 执行后血条数: 0
[REWARD] 部署失败，计算前后帧 MSE (均方误差) = 3232.57
[REWARD] 动作无效，但游戏仍在进行(画面有变化)。奖励 -0.5 (已清空无作为计数器)

[STEP 120] 开始执行动作...
[ACTION] AI决定: 选卡 4 -> 放入网格(7,2) -> 朝向 0
         坐标映射: 拖拽从(655,650)至(900,350) -> 方向滑动至(900,200)
[ACTION] ✅ CV校验通过！网格(7,2)具有高亮绿色(像素:85)，准许拖拽。
[REWARD] 执行前血条数: 0 -> 执行后血条数: 0
[REWARD] 部署失败，计算前后帧 MSE (均方误差) = 3537.40
[REWARD] 动作无效，但游戏仍在进行(画面有变化)。奖励 -0.5 (已清空无作为计数器)

[STEP 121] 开始执行动作...
[ACTION] AI决定: 选卡 6 -> 放入网格(2,2) -> 朝向 0
         坐标映射: 拖拽从(835,650)至(400,350) -> 方向滑动至(400,200)
[ACTION] ⛔ Fast-Fail! 目标网格(2,2)非绿色高亮(绿像素:0)。取消拖拽。
[REWARD] 执行前血条数: 0 -> 执行后血条数: 0
[REWARD] ⛔ 非法区域/无费用，已被 CV 阻断。奖励 -1.0 (连续无作为: 1次)

[STEP 122] 开始执行动作...
[ACTION] AI决定: 选卡 7 -> 放入网格(9,1) -> 朝向 3
         坐标映射: 拖拽从(925,650)至(1100,270) -> 方向滑动至(1250,270)
[ACTION] ⛔ Fast-Fail! 目标网格(9,1)非绿色高亮(绿像素:0)。取消拖拽。
[REWARD] 执行前血条数: 0 -> 执行后血条数: 0
[REWARD] ⛔ 非法区域/无费用，已被 CV 阻断。奖励 -1.0 (连续无作为: 2次)

[STEP 123] 开始执行动作...
[ACTION] AI决定: 选卡 3 -> 放入网格(5,4) -> 朝向 3
         坐标映射: 拖拽从(565,650)至(700,510) -> 方向滑动至(850,510)
[ACTION] ⛔ Fast-Fail! 目标网格(5,4)非绿色高亮(绿像素:0)。取消拖拽。
[REWARD] 执行前血条数: 0 -> 执行后血条数: 0
[REWARD] ⛔ 非法区域/无费用，已被 CV 阻断。奖励 -1.0 (连续无作为: 3次)

[STEP 124] 开始执行动作...
[ACTION] AI决定: 选卡 7 -> 放入网格(7,3) -> 朝向 2
         坐标映射: 拖拽从(925,650)至(900,430) -> 方向滑动至(750,430)
[ACTION] ⛔ Fast-Fail! 目标网格(7,3)非绿色高亮(绿像素:16)。取消拖拽。
[REWARD] 执行前血条数: 0 -> 执行后血条数: 0
[REWARD] ⛔ 非法区域/无费用，已被 CV 阻断。奖励 -1.0 (连续无作为: 4次)

[STEP 125] 开始执行动作...
[ACTION] AI决定: 选卡 4 -> 放入网格(5,2) -> 朝向 1
         坐标映射: 拖拽从(655,650)至(700,350) -> 方向滑动至(700,500)
[ACTION] ⛔ Fast-Fail! 目标网格(5,2)非绿色高亮(绿像素:0)。取消拖拽。
[REWARD] 执行前血条数: 0 -> 执行后血条数: 0
[REWARD] ⛔ 非法区域/无费用，已被 CV 阻断。奖励 -1.0 (连续无作为: 5次)

[STEP 126] 开始执行动作...
[ACTION] AI决定: 选卡 7 -> 放入网格(2,0) -> 朝向 1
         坐标映射: 拖拽从(925,650)至(400,190) -> 方向滑动至(400,340)
[ACTION] ✅ CV校验通过！网格(2,0)具有高亮绿色(像素:130)，准许拖拽。
[REWARD] 执行前血条数: 0 -> 执行后血条数: 0
[REWARD] 部署失败，计算前后帧 MSE (均方误差) = 3069.19
[REWARD] 动作无效，但游戏仍在进行(画面有变化)。奖励 -0.5 (已清空无作为计数器)

[STEP 127] 开始执行动作...
[ACTION] AI决定: 选卡 9 -> 放入网格(7,4) -> 朝向 1
         坐标映射: 拖拽从(1105,650)至(900,510) -> 方向滑动至(900,660)
[ACTION] ✅ CV校验通过！网格(7,4)具有高亮绿色(像素:135)，准许拖拽。
[REWARD] 执行前血条数: 0 -> 执行后血条数: 0
[REWARD] 部署失败，计算前后帧 MSE (均方误差) = 1647.99
[REWARD] 动作无效，但游戏仍在进行(画面有变化)。奖励 -0.5 (已清空无作为计数器)

[STEP 128] 开始执行动作...
[ACTION] AI决定: 选卡 8 -> 放入网格(1,2) -> 朝向 0
         坐标映射: 拖拽从(1015,650)至(300,350) -> 方向滑动至(300,200)
[ACTION] ⛔ Fast-Fail! 目标网格(1,2)非绿色高亮(绿像素:0)。取消拖拽。
[REWARD] 执行前血条数: 0 -> 执行后血条数: 0
[REWARD] ⛔ 非法区域/无费用，已被 CV 阻断。奖励 -1.0 (连续无作为: 1次)
----------------------------
| time/              |     |
|    fps             | 0   |
|    iterations      | 1   |
|    time_elapsed    | 223 |
|    total_timesteps | 128 |
----------------------------

[STEP 129] 开始执行动作...
[ACTION] AI决定: 选卡 0 -> 放入网格(5,0) -> 朝向 0
         坐标映射: 拖拽从(295,650)至(700,190) -> 方向滑动至(700,40)
[ACTION] ⛔ Fast-Fail! 目标网格(5,0)非绿色高亮(绿像素:0)。取消拖拽。
[REWARD] 执行前血条数: 0 -> 执行后血条数: 0
[REWARD] ⛔ 非法区域/无费用，已被 CV 阻断。奖励 -1.0 (连续无作为: 2次)

[STEP 130] 开始执行动作...
[ACTION] AI决定: 选卡 2 -> 放入网格(7,2) -> 朝向 1
         坐标映射: 拖拽从(475,650)至(900,350) -> 方向滑动至(900,500)
[ACTION] ⛔ Fast-Fail! 目标网格(7,2)非绿色高亮(绿像素:0)。取消拖拽。
[REWARD] 执行前血条数: 0 -> 执行后血条数: 0
[REWARD] ⛔ 非法区域/无费用，已被 CV 阻断。奖励 -1.0 (连续无作为: 3次)

[STEP 131] 开始执行动作...
[ACTION] AI决定: 选卡 7 -> 放入网格(6,2) -> 朝向 3
         坐标映射: 拖拽从(925,650)至(800,350) -> 方向滑动至(950,350)
[ACTION] ✅ CV校验通过！网格(6,2)具有高亮绿色(像素:553)，准许拖拽。
[REWARD] 执行前血条数: 0 -> 执行后血条数: 0
[REWARD] 部署失败，计算前后帧 MSE (均方误差) = 302.76
[REWARD] 动作无效，但游戏仍在进行(画面有变化)。奖励 -0.5 (已清空无作为计数器)

[STEP 132] 开始执行动作...
[ACTION] AI决定: 选卡 8 -> 放入网格(6,0) -> 朝向 1
         坐标映射: 拖拽从(1015,650)至(800,190) -> 方向滑动至(800,340)
[ACTION] ✅ CV校验通过！网格(6,0)具有高亮绿色(像素:48)，准许拖拽。
[REWARD] 执行前血条数: 0 -> 执行后血条数: 0
[REWARD] 部署失败，计算前后帧 MSE (均方误差) = 227.92
[REWARD] 画面未发生明显变化(非法部署)。奖励 -1.0 (连续无作为: 1次)

[STEP 133] 开始执行动作...
[ACTION] AI决定: 选卡 3 -> 放入网格(2,0) -> 朝向 0
         坐标映射: 拖拽从(565,650)至(400,190) -> 方向滑动至(400,40)
[ACTION] ⛔ Fast-Fail! 目标网格(2,0)非绿色高亮(绿像素:0)。取消拖拽。
[REWARD] 执行前血条数: 0 -> 执行后血条数: 0
[REWARD] ⛔ 非法区域/无费用，已被 CV 阻断。奖励 -1.0 (连续无作为: 2次)

[STEP 134] 开始执行动作...
[ACTION] AI决定: 选卡 5 -> 放入网格(8,4) -> 朝向 1
         坐标映射: 拖拽从(745,650)至(1000,510) -> 方向滑动至(1000,660)
[ACTION] ⛔ Fast-Fail! 目标网格(8,4)非绿色高亮(绿像素:0)。取消拖拽。
[REWARD] 执行前血条数: 0 -> 执行后血条数: 0
[REWARD] ⛔ 非法区域/无费用，已被 CV 阻断。奖励 -1.0 (连续无作为: 3次)

[STEP 135] 开始执行动作...
[ACTION] AI决定: 选卡 1 -> 放入网格(9,2) -> 朝向 2
         坐标映射: 拖拽从(385,650)至(1100,350) -> 方向滑动至(950,350)
[ACTION] ⛔ Fast-Fail! 目标网格(9,2)非绿色高亮(绿像素:0)。取消拖拽。
[REWARD] 执行前血条数: 0 -> 执行后血条数: 0
[REWARD] ⛔ 非法区域/无费用，已被 CV 阻断。奖励 -1.0 (连续无作为: 4次)

[STEP 136] 开始执行动作...
[ACTION] AI决定: 选卡 8 -> 放入网格(9,1) -> 朝向 3
         坐标映射: 拖拽从(1015,650)至(1100,270) -> 方向滑动至(1250,270)
[ACTION] ⛔ Fast-Fail! 目标网格(9,1)非绿色高亮(绿像素:0)。取消拖拽。
[REWARD] 执行前血条数: 0 -> 执行后血条数: 0
[REWARD] ⛔ 非法区域/无费用，已被 CV 阻断。奖励 -1.0 (连续无作为: 5次)

[STEP 137] 开始执行动作...
[ACTION] AI决定: 选卡 3 -> 放入网格(7,2) -> 朝向 0
         坐标映射: 拖拽从(565,650)至(900,350) -> 方向滑动至(900,200)
[ACTION] ⛔ Fast-Fail! 目标网格(7,2)非绿色高亮(绿像素:0)。取消拖拽。
[REWARD] 执行前血条数: 0 -> 执行后血条数: 0
[REWARD] ⛔ 非法区域/无费用，已被 CV 阻断。奖励 -1.0 (连续无作为: 6次)

[STEP 138] 开始执行动作...
[ACTION] AI决定: 选卡 9 -> 放入网格(7,0) -> 朝向 2
         坐标映射: 拖拽从(1105,650)至(900,190) -> 方向滑动至(750,190)
[ACTION] ✅ CV校验通过！网格(7,0)具有高亮绿色(像素:137)，准许拖拽。
[REWARD] 执行前血条数: 0 -> 执行后血条数: 0
[REWARD] 部署失败，计算前后帧 MSE (均方误差) = 166.34
[REWARD] 画面未发生明显变化(非法部署)。奖励 -1.0 (连续无作为: 7次)

[STEP 139] 开始执行动作...
[ACTION] AI决定: 选卡 8 -> 放入网格(7,3) -> 朝向 0
         坐标映射: 拖拽从(1015,650)至(900,430) -> 方向滑动至(900,280)
[ACTION] ⛔ Fast-Fail! 目标网格(7,3)非绿色高亮(绿像素:16)。取消拖拽。
[REWARD] 执行前血条数: 0 -> 执行后血条数: 0
[REWARD] ⛔ 非法区域/无费用，已被 CV 阻断。奖励 -1.0 (连续无作为: 8次)

[STEP 140] 开始执行动作...
[ACTION] AI决定: 选卡 3 -> 放入网格(0,2) -> 朝向 1
         坐标映射: 拖拽从(565,650)至(200,350) -> 方向滑动至(200,500)
[ACTION] ⛔ Fast-Fail! 目标网格(0,2)非绿色高亮(绿像素:0)。取消拖拽。
[REWARD] 执行前血条数: 0 -> 执行后血条数: 0
[REWARD] ⛔ 非法区域/无费用，已被 CV 阻断。奖励 -1.0 (连续无作为: 9次)

[STEP 141] 开始执行动作...
[ACTION] AI决定: 选卡 6 -> 放入网格(5,4) -> 朝向 2
         坐标映射: 拖拽从(835,650)至(700,510) -> 方向滑动至(550,510)
[ACTION] ⛔ Fast-Fail! 目标网格(5,4)非绿色高亮(绿像素:0)。取消拖拽。
[REWARD] 执行前血条数: 0 -> 执行后血条数: 0
[REWARD] ⛔ 非法区域/无费用，已被 CV 阻断。奖励 -1.0 (连续无作为: 10次)

[STEP 142] 开始执行动作...
[ACTION] AI决定: 选卡 3 -> 放入网格(5,1) -> 朝向 3
         坐标映射: 拖拽从(565,650)至(700,270) -> 方向滑动至(850,270)
[ACTION] ⛔ Fast-Fail! 目标网格(5,1)非绿色高亮(绿像素:11)。取消拖拽。
[REWARD] 执行前血条数: 0 -> 执行后血条数: 0
[REWARD] ⛔ 非法区域/无费用，已被 CV 阻断。奖励 -1.0 (连续无作为: 11次)

[STEP 143] 开始执行动作...
[ACTION] AI决定: 选卡 3 -> 放入网格(0,1) -> 朝向 0
         坐标映射: 拖拽从(565,650)至(200,270) -> 方向滑动至(200,120)
[ACTION] ✅ CV校验通过！网格(0,1)具有高亮绿色(像素:128)，准许拖拽。
[REWARD] 执行前血条数: 0 -> 执行后血条数: 0
[REWARD] 部署失败，计算前后帧 MSE (均方误差) = 3215.66
[REWARD] 动作无效，但游戏仍在进行(画面有变化)。奖励 -0.5 (已清空无作为计数器)

[STEP 144] 开始执行动作...
[ACTION] AI决定: 选卡 9 -> 放入网格(5,4) -> 朝向 0
         坐标映射: 拖拽从(1105,650)至(700,510) -> 方向滑动至(700,360)
[ACTION] ⛔ Fast-Fail! 目标网格(5,4)非绿色高亮(绿像素:0)。取消拖拽。
[REWARD] 执行前血条数: 0 -> 执行后血条数: 0
[REWARD] ⛔ 非法区域/无费用，已被 CV 阻断。奖励 -1.0 (连续无作为: 1次)

[STEP 145] 开始执行动作...
[ACTION] AI决定: 选卡 3 -> 放入网格(9,4) -> 朝向 2
         坐标映射: 拖拽从(565,650)至(1100,510) -> 方向滑动至(950,510)
[ACTION] ⛔ Fast-Fail! 目标网格(9,4)非绿色高亮(绿像素:0)。取消拖拽。
[REWARD] 执行前血条数: 0 -> 执行后血条数: 0
[REWARD] ⛔ 非法区域/无费用，已被 CV 阻断。奖励 -1.0 (连续无作为: 2次)

[STEP 146] 开始执行动作...
[ACTION] AI决定: 选卡 3 -> 放入网格(5,3) -> 朝向 3
         坐标映射: 拖拽从(565,650)至(700,430) -> 方向滑动至(850,430)
[ACTION] ⛔ Fast-Fail! 目标网格(5,3)非绿色高亮(绿像素:0)。取消拖拽。
[REWARD] 执行前血条数: 0 -> 执行后血条数: 0
[REWARD] ⛔ 非法区域/无费用，已被 CV 阻断。奖励 -1.0 (连续无作为: 3次)

[STEP 147] 开始执行动作...
[ACTION] AI决定: 选卡 5 -> 放入网格(1,0) -> 朝向 1
         坐标映射: 拖拽从(745,650)至(300,190) -> 方向滑动至(300,340)
[ACTION] ⛔ Fast-Fail! 目标网格(1,0)非绿色高亮(绿像素:0)。取消拖拽。
[REWARD] 执行前血条数: 0 -> 执行后血条数: 0
[REWARD] ⛔ 非法区域/无费用，已被 CV 阻断。奖励 -1.0 (连续无作为: 4次)

[STEP 148] 开始执行动作...
[ACTION] AI决定: 选卡 9 -> 放入网格(4,4) -> 朝向 1
         坐标映射: 拖拽从(1105,650)至(600,510) -> 方向滑动至(600,660)
[ACTION] ⛔ Fast-Fail! 目标网格(4,4)非绿色高亮(绿像素:0)。取消拖拽。
[REWARD] 执行前血条数: 0 -> 执行后血条数: 0
[REWARD] ⛔ 非法区域/无费用，已被 CV 阻断。奖励 -1.0 (连续无作为: 5次)

[STEP 149] 开始执行动作...
[ACTION] AI决定: 选卡 2 -> 放入网格(7,1) -> 朝向 3
         坐标映射: 拖拽从(475,650)至(900,270) -> 方向滑动至(1050,270)
[ACTION] ⛔ Fast-Fail! 目标网格(7,1)非绿色高亮(绿像素:0)。取消拖拽。
[REWARD] 执行前血条数: 0 -> 执行后血条数: 0
[REWARD] ⛔ 非法区域/无费用，已被 CV 阻断。奖励 -1.0 (连续无作为: 6次)

[STEP 150] 开始执行动作...
[ACTION] AI决定: 选卡 7 -> 放入网格(3,4) -> 朝向 1
         坐标映射: 拖拽从(925,650)至(500,510) -> 方向滑动至(500,660)
[ACTION] ⛔ Fast-Fail! 目标网格(3,4)非绿色高亮(绿像素:0)。取消拖拽。
[REWARD] 执行前血条数: 0 -> 执行后血条数: 0
[REWARD] ⛔ 非法区域/无费用，已被 CV 阻断。奖励 -1.0 (连续无作为: 7次)

[STEP 151] 开始执行动作...
[ACTION] AI决定: 选卡 6 -> 放入网格(8,1) -> 朝向 1
         坐标映射: 拖拽从(835,650)至(1000,270) -> 方向滑动至(1000,420)
[ACTION] ⛔ Fast-Fail! 目标网格(8,1)非绿色高亮(绿像素:0)。取消拖拽。
[REWARD] 执行前血条数: 0 -> 执行后血条数: 0
[REWARD] ⛔ 非法区域/无费用，已被 CV 阻断。奖励 -1.0 (连续无作为: 8次)

[STEP 152] 开始执行动作...
[ACTION] AI决定: 选卡 8 -> 放入网格(6,1) -> 朝向 1
         坐标映射: 拖拽从(1015,650)至(800,270) -> 方向滑动至(800,420)
[ACTION] ⛔ Fast-Fail! 目标网格(6,1)非绿色高亮(绿像素:0)。取消拖拽。
[REWARD] 执行前血条数: 0 -> 执行后血条数: 0
[REWARD] ⛔ 非法区域/无费用，已被 CV 阻断。奖励 -1.0 (连续无作为: 9次)

[STEP 153] 开始执行动作...
[ACTION] AI决定: 选卡 4 -> 放入网格(2,0) -> 朝向 1
         坐标映射: 拖拽从(655,650)至(400,190) -> 方向滑动至(400,340)
[ACTION] ⛔ Fast-Fail! 目标网格(2,0)非绿色高亮(绿像素:0)。取消拖拽。
[REWARD] 执行前血条数: 0 -> 执行后血条数: 0
[REWARD] ⛔ 非法区域/无费用，已被 CV 阻断。奖励 -1.0 (连续无作为: 10次)

[STEP 154] 开始执行动作...
[ACTION] AI决定: 选卡 3 -> 放入网格(6,4) -> 朝向 0
         坐标映射: 拖拽从(565,650)至(800,510) -> 方向滑动至(800,360)
[ACTION] ⛔ Fast-Fail! 目标网格(6,4)非绿色高亮(绿像素:0)。取消拖拽。
[REWARD] 执行前血条数: 0 -> 执行后血条数: 0
[REWARD] ⛔ 非法区域/无费用，已被 CV 阻断。奖励 -1.0 (连续无作为: 11次)

[STEP 155] 开始执行动作...
[ACTION] AI决定: 选卡 4 -> 放入网格(1,1) -> 朝向 1
         坐标映射: 拖拽从(655,650)至(300,270) -> 方向滑动至(300,420)
[ACTION] ⛔ Fast-Fail! 目标网格(1,1)非绿色高亮(绿像素:0)。取消拖拽。
[REWARD] 执行前血条数: 0 -> 执行后血条数: 0
[REWARD] ⛔ 非法区域/无费用，已被 CV 阻断。奖励 -1.0 (连续无作为: 12次)

[STEP 156] 开始执行动作...
[ACTION] AI决定: 选卡 9 -> 放入网格(7,2) -> 朝向 2
         坐标映射: 拖拽从(1105,650)至(900,350) -> 方向滑动至(750,350)
[ACTION] ⛔ Fast-Fail! 目标网格(7,2)非绿色高亮(绿像素:0)。取消拖拽。
[REWARD] 执行前血条数: 0 -> 执行后血条数: 0
[REWARD] ⛔ 非法区域/无费用，已被 CV 阻断。奖励 -1.0 (连续无作为: 13次)

[STEP 157] 开始执行动作...
[ACTION] AI决定: 选卡 5 -> 放入网格(8,2) -> 朝向 1
         坐标映射: 拖拽从(745,650)至(1000,350) -> 方向滑动至(1000,500)
[ACTION] ⛔ Fast-Fail! 目标网格(8,2)非绿色高亮(绿像素:0)。取消拖拽。
[REWARD] 执行前血条数: 0 -> 执行后血条数: 0
[REWARD] ⛔ 非法区域/无费用，已被 CV 阻断。奖励 -1.0 (连续无作为: 14次)

[STEP 158] 开始执行动作...
[ACTION] AI决定: 选卡 1 -> 放入网格(0,4) -> 朝向 0
         坐标映射: 拖拽从(385,650)至(200,510) -> 方向滑动至(200,360)
[ACTION] ✅ CV校验通过！网格(0,4)具有高亮绿色(像素:228)，准许拖拽。
[REWARD] 执行前血条数: 0 -> 执行后血条数: 0
[REWARD] 部署失败，计算前后帧 MSE (均方误差) = 6556.07
[REWARD] 动作无效，但游戏仍在进行(画面有变化)。奖励 -0.5 (已清空无作为计数器)

[STEP 159] 开始执行动作...
[ACTION] AI决定: 选卡 6 -> 放入网格(6,1) -> 朝向 3
         坐标映射: 拖拽从(835,650)至(800,270) -> 方向滑动至(950,270)
[ACTION] ⛔ Fast-Fail! 目标网格(6,1)非绿色高亮(绿像素:0)。取消拖拽。
[REWARD] 执行前血条数: 0 -> 执行后血条数: 0
[REWARD] ⛔ 非法区域/无费用，已被 CV 阻断。奖励 -1.0 (连续无作为: 1次)

[STEP 160] 开始执行动作...
[ACTION] AI决定: 选卡 9 -> 放入网格(5,1) -> 朝向 3
         坐标映射: 拖拽从(1105,650)至(700,270) -> 方向滑动至(850,270)
[ACTION] ⛔ Fast-Fail! 目标网格(5,1)非绿色高亮(绿像素:0)。取消拖拽。
[REWARD] 执行前血条数: 0 -> 执行后血条数: 0
[REWARD] ⛔ 非法区域/无费用，已被 CV 阻断。奖励 -1.0 (连续无作为: 2次)

[STEP 161] 开始执行动作...
[ACTION] AI决定: 选卡 3 -> 放入网格(7,4) -> 朝向 2
         坐标映射: 拖拽从(565,650)至(900,510) -> 方向滑动至(750,510)
[ACTION] ⛔ Fast-Fail! 目标网格(7,4)非绿色高亮(绿像素:0)。取消拖拽。
[REWARD] 执行前血条数: 0 -> 执行后血条数: 0
[REWARD] ⛔ 非法区域/无费用，已被 CV 阻断。奖励 -1.0 (连续无作为: 3次)

[STEP 162] 开始执行动作...
[ACTION] AI决定: 选卡 2 -> 放入网格(7,0) -> 朝向 0
         坐标映射: 拖拽从(475,650)至(900,190) -> 方向滑动至(900,40)
[ACTION] ⛔ Fast-Fail! 目标网格(7,0)非绿色高亮(绿像素:0)。取消拖拽。
[REWARD] 执行前血条数: 0 -> 执行后血条数: 0
[REWARD] ⛔ 非法区域/无费用，已被 CV 阻断。奖励 -1.0 (连续无作为: 4次)

[STEP 163] 开始执行动作...
[ACTION] AI决定: 选卡 0 -> 放入网格(4,1) -> 朝向 0
         坐标映射: 拖拽从(295,650)至(600,270) -> 方向滑动至(600,120)
[ACTION] ⛔ Fast-Fail! 目标网格(4,1)非绿色高亮(绿像素:0)。取消拖拽。
[REWARD] 执行前血条数: 0 -> 执行后血条数: 0
[REWARD] ⛔ 非法区域/无费用，已被 CV 阻断。奖励 -1.0 (连续无作为: 5次)

[STEP 164] 开始执行动作...
[ACTION] AI决定: 选卡 8 -> 放入网格(3,1) -> 朝向 0
         坐标映射: 拖拽从(1015,650)至(500,270) -> 方向滑动至(500,120)
[ACTION] ⛔ Fast-Fail! 目标网格(3,1)非绿色高亮(绿像素:0)。取消拖拽。
[REWARD] 执行前血条数: 0 -> 执行后血条数: 0
[REWARD] ⛔ 非法区域/无费用，已被 CV 阻断。奖励 -1.0 (连续无作为: 6次)

[STEP 165] 开始执行动作...
[ACTION] AI决定: 选卡 7 -> 放入网格(5,3) -> 朝向 0
         坐标映射: 拖拽从(925,650)至(700,430) -> 方向滑动至(700,280)
[ACTION] ⛔ Fast-Fail! 目标网格(5,3)非绿色高亮(绿像素:0)。取消拖拽。
[REWARD] 执行前血条数: 0 -> 执行后血条数: 0
[REWARD] ⛔ 非法区域/无费用，已被 CV 阻断。奖励 -1.0 (连续无作为: 7次)

[STEP 166] 开始执行动作...
[ACTION] AI决定: 选卡 7 -> 放入网格(6,2) -> 朝向 2
         坐标映射: 拖拽从(925,650)至(800,350) -> 方向滑动至(650,350)
[ACTION] ⛔ Fast-Fail! 目标网格(6,2)非绿色高亮(绿像素:0)。取消拖拽。
[REWARD] 执行前血条数: 0 -> 执行后血条数: 0
[REWARD] ⛔ 非法区域/无费用，已被 CV 阻断。奖励 -1.0 (连续无作为: 8次)

[STEP 167] 开始执行动作...
[ACTION] AI决定: 选卡 3 -> 放入网格(3,2) -> 朝向 2
         坐标映射: 拖拽从(565,650)至(500,350) -> 方向滑动至(350,350)
[ACTION] ⛔ Fast-Fail! 目标网格(3,2)非绿色高亮(绿像素:0)。取消拖拽。
[REWARD] 执行前血条数: 0 -> 执行后血条数: 0
[REWARD] ⛔ 非法区域/无费用，已被 CV 阻断。奖励 -1.0 (连续无作为: 9次)

[STEP 168] 开始执行动作...
[ACTION] AI决定: 选卡 4 -> 放入网格(2,1) -> 朝向 2
         坐标映射: 拖拽从(655,650)至(400,270) -> 方向滑动至(250,270)
[ACTION] ⛔ Fast-Fail! 目标网格(2,1)非绿色高亮(绿像素:0)。取消拖拽。
[REWARD] 执行前血条数: 0 -> 执行后血条数: 0
[REWARD] ⛔ 非法区域/无费用，已被 CV 阻断。奖励 -1.0 (连续无作为: 10次)

[STEP 169] 开始执行动作...
[ACTION] AI决定: 选卡 5 -> 放入网格(0,0) -> 朝向 1
         坐标映射: 拖拽从(745,650)至(200,190) -> 方向滑动至(200,340)
[ACTION] ⛔ Fast-Fail! 目标网格(0,0)非绿色高亮(绿像素:0)。取消拖拽。
[REWARD] 执行前血条数: 0 -> 执行后血条数: 0
[REWARD] ⛔ 非法区域/无费用，已被 CV 阻断。奖励 -1.0 (连续无作为: 11次)

[STEP 170] 开始执行动作...
[ACTION] AI决定: 选卡 4 -> 放入网格(3,4) -> 朝向 3
         坐标映射: 拖拽从(655,650)至(500,510) -> 方向滑动至(650,510)
[ACTION] ⛔ Fast-Fail! 目标网格(3,4)非绿色高亮(绿像素:0)。取消拖拽。
[REWARD] 执行前血条数: 0 -> 执行后血条数: 0
[REWARD] ⛔ 非法区域/无费用，已被 CV 阻断。奖励 -1.0 (连续无作为: 12次)

[STEP 171] 开始执行动作...
[ACTION] AI决定: 选卡 4 -> 放入网格(6,3) -> 朝向 1
         坐标映射: 拖拽从(655,650)至(800,430) -> 方向滑动至(800,580)
[ACTION] ⛔ Fast-Fail! 目标网格(6,3)非绿色高亮(绿像素:0)。取消拖拽。
[REWARD] 执行前血条数: 0 -> 执行后血条数: 0
[REWARD] ⛔ 非法区域/无费用，已被 CV 阻断。奖励 -1.0 (连续无作为: 13次)

[STEP 172] 开始执行动作...
[ACTION] AI决定: 选卡 9 -> 放入网格(0,4) -> 朝向 3
         坐标映射: 拖拽从(1105,650)至(200,510) -> 方向滑动至(350,510)
[ACTION] ⛔ Fast-Fail! 目标网格(0,4)非绿色高亮(绿像素:0)。取消拖拽。
[REWARD] 执行前血条数: 0 -> 执行后血条数: 0
[REWARD] ⛔ 非法区域/无费用，已被 CV 阻断。奖励 -1.0 (连续无作为: 14次)

[STEP 173] 开始执行动作...
[ACTION] AI决定: 选卡 3 -> 放入网格(0,4) -> 朝向 2
         坐标映射: 拖拽从(565,650)至(200,510) -> 方向滑动至(50,510)
[ACTION] ⛔ Fast-Fail! 目标网格(0,4)非绿色高亮(绿像素:0)。取消拖拽。
[REWARD] 执行前血条数: 0 -> 执行后血条数: 0
[REWARD] ⛔ 非法区域/无费用，已被 CV 阻断。奖励 -1.0 (连续无作为: 15次)

[STEP 174] 开始执行动作...
[ACTION] AI决定: 选卡 0 -> 放入网格(6,0) -> 朝向 1
         坐标映射: 拖拽从(295,650)至(800,190) -> 方向滑动至(800,340)
[ACTION] ⛔ Fast-Fail! 目标网格(6,0)非绿色高亮(绿像素:0)。取消拖拽。
[REWARD] 执行前血条数: 0 -> 执行后血条数: 0
[REWARD] ⛔ 非法区域/无费用，已被 CV 阻断。奖励 -1.0 (连续无作为: 16次)

[STEP 175] 开始执行动作...
[ACTION] AI决定: 选卡 3 -> 放入网格(3,0) -> 朝向 1
         坐标映射: 拖拽从(565,650)至(500,190) -> 方向滑动至(500,340)
[ACTION] ⛔ Fast-Fail! 目标网格(3,0)非绿色高亮(绿像素:0)。取消拖拽。
[REWARD] 执行前血条数: 0 -> 执行后血条数: 0
[REWARD] ⛔ 非法区域/无费用，已被 CV 阻断。奖励 -1.0 (连续无作为: 17次)

[STEP 176] 开始执行动作...
[ACTION] AI决定: 选卡 8 -> 放入网格(0,4) -> 朝向 0
         坐标映射: 拖拽从(1015,650)至(200,510) -> 方向滑动至(200,360)
[ACTION] ⛔ Fast-Fail! 目标网格(0,4)非绿色高亮(绿像素:0)。取消拖拽。
[REWARD] 执行前血条数: 0 -> 执行后血条数: 0
[REWARD] ⛔ 非法区域/无费用，已被 CV 阻断。奖励 -1.0 (连续无作为: 18次)

[STEP 177] 开始执行动作...
[ACTION] AI决定: 选卡 1 -> 放入网格(1,0) -> 朝向 0
         坐标映射: 拖拽从(385,650)至(300,190) -> 方向滑动至(300,40)
[ACTION] ⛔ Fast-Fail! 目标网格(1,0)非绿色高亮(绿像素:0)。取消拖拽。
[REWARD] 执行前血条数: 0 -> 执行后血条数: 0
[REWARD] ⛔ 非法区域/无费用，已被 CV 阻断。奖励 -1.0 (连续无作为: 19次)

[STEP 178] 开始执行动作...
[ACTION] AI决定: 选卡 9 -> 放入网格(3,1) -> 朝向 2
         坐标映射: 拖拽从(1105,650)至(500,270) -> 方向滑动至(350,270)
[ACTION] ⛔ Fast-Fail! 目标网格(3,1)非绿色高亮(绿像素:0)。取消拖拽。
[REWARD] 执行前血条数: 0 -> 执行后血条数: 0
[REWARD] ⛔ 非法区域/无费用，已被 CV 阻断。奖励 -1.0 (连续无作为: 20次)
[ENV] 连续 20 次操作无效被拦截！系统判定游戏已结算或卡死，强制终止回合！

================= 回合结束，开始自动重启关卡 =================
[RESET] 尝试跳过动画/寻找入口... (尝试 1/100)
[RESET] 尝试跳过动画/寻找入口... (尝试 2/100)
[RESET] 尝试跳过动画/寻找入口... (尝试 3/100)
[RESET] 尝试跳过动画/寻找入口... (尝试 4/100)
[RESET] 尝试跳过动画/寻找入口... (尝试 5/100)
[RESET] 尝试跳过动画/寻找入口... (尝试 6/100)
[RESET] 尝试跳过动画/寻找入口... (尝试 7/100)
[RESET] 尝试跳过动画/寻找入口... (尝试 8/100)
[RESET] 尝试跳过动画/寻找入口... (尝试 9/100)
[RESET] 尝试跳过动画/寻找入口... (尝试 10/100)
[RESET] 尝试跳过动画/寻找入口... (尝试 11/100)
[RESET] 尝试跳过动画/寻找入口... (尝试 12/100)
[RESET] 尝试跳过动画/寻找入口... (尝试 13/100)
[RESET] 尝试跳过动画/寻找入口... (尝试 14/100)
[RESET] 尝试跳过动画/寻找入口... (尝试 15/100)
[RESET] 尝试跳过动画/寻找入口... (尝试 16/100)
[RESET] 尝试跳过动画/寻找入口... (尝试 17/100)
