[INFO] 正在查找 ADB 设备...
[SUCCESS] 连接到设备: MuMu安卓设备-MuMuPlayer12 v5 (127.0.0.1:16384)
[SUCCESS] 设备握手成功!
[INFO] 正在加载 YOLO 模型: D:\BiShe\MaAutomaton-main\MaAutomaton-main\models\yolo\best.pt
       使用设备: cpu
[SUCCESS] YOLO 模型加载完成!
[INFO] 正在加载模板匹配器...
[SUCCESS] 模板匹配器加载完成!
[INFO] 正在创建强化学习环境...
[SUCCESS] 环境创建完成!
[INFO] 正在创建 PPO 模型...
Using cpu device
[SUCCESS] PPO 模型创建完成!

================ 开始训练 ===================
总步数: 5000, 每次更新前收集步数: 128, 批次: 64
Logging to ./tensorboard_logs/PPO_12

[STEP 1] 开始执行动作...
[ACTION] AI决定: 选卡 3 -> 放入网格(6,3) -> 朝向 3
         坐标映射: 拖拽从(565,650)至(800,430) -> 方向滑动至(950,430)
[ACTION] ✅ CV校验通过！网格(6,3)具有高亮绿色(像素:900)，准许拖拽。
[REWARD] 执行前血条数: 0 -> 执行后血条数: 0
[REWARD] 部署失败，计算前后帧 MSE (均方误差) = 149.78
[REWARD] 画面未发生明显变化(非法部署)。奖励 -1.0 (连续无作为: 1次)

[STEP 2] 开始执行动作...
[ACTION] AI决定: 选卡 3 -> 放入网格(0,1) -> 朝向 3
         坐标映射: 拖拽从(565,650)至(200,270) -> 方向滑动至(350,270)
[ACTION] ⛔ Fast-Fail! 目标网格(0,1)非绿色高亮(绿像素:0)。取消拖拽。
[REWARD] 执行前血条数: 0 -> 执行后血条数: 0
[REWARD] ⛔ 非法区域/无费用，已被 CV 阻断。奖励 -1.0 (连续无作为: 2次)

[STEP 3] 开始执行动作...
[ACTION] AI决定: 选卡 3 -> 放入网格(6,4) -> 朝向 3
         坐标映射: 拖拽从(565,650)至(800,510) -> 方向滑动至(950,510)
[ACTION] ⛔ Fast-Fail! 目标网格(6,4)非绿色高亮(绿像素:0)。取消拖拽。
[REWARD] 执行前血条数: 0 -> 执行后血条数: 0
[REWARD] ⛔ 非法区域/无费用，已被 CV 阻断。奖励 -1.0 (连续无作为: 3次)

[STEP 4] 开始执行动作...
[ACTION] AI决定: 选卡 7 -> 放入网格(4,3) -> 朝向 1
         坐标映射: 拖拽从(925,650)至(600,430) -> 方向滑动至(600,580)
[ACTION] ⛔ Fast-Fail! 目标网格(4,3)非绿色高亮(绿像素:0)。取消拖拽。
[REWARD] 执行前血条数: 0 -> 执行后血条数: 0
[REWARD] ⛔ 非法区域/无费用，已被 CV 阻断。奖励 -1.0 (连续无作为: 4次)

[STEP 5] 开始执行动作...
[ACTION] AI决定: 选卡 3 -> 放入网格(9,4) -> 朝向 2
         坐标映射: 拖拽从(565,650)至(1100,510) -> 方向滑动至(950,510)
[ACTION] ⛔ Fast-Fail! 目标网格(9,4)非绿色高亮(绿像素:0)。取消拖拽。
[REWARD] 执行前血条数: 0 -> 执行后血条数: 0
[REWARD] ⛔ 非法区域/无费用，已被 CV 阻断。奖励 -1.0 (连续无作为: 5次)

[STEP 6] 开始执行动作...
[ACTION] AI决定: 选卡 7 -> 放入网格(0,1) -> 朝向 3
         坐标映射: 拖拽从(925,650)至(200,270) -> 方向滑动至(350,270)
[ACTION] ⛔ Fast-Fail! 目标网格(0,1)非绿色高亮(绿像素:0)。取消拖拽。
[REWARD] 执行前血条数: 0 -> 执行后血条数: 0
[REWARD] ⛔ 非法区域/无费用，已被 CV 阻断。奖励 -1.0 (连续无作为: 6次)

[STEP 7] 开始执行动作...
[ACTION] AI决定: 选卡 2 -> 放入网格(1,0) -> 朝向 1
         坐标映射: 拖拽从(475,650)至(300,190) -> 方向滑动至(300,340)
[ACTION] ⛔ Fast-Fail! 目标网格(1,0)非绿色高亮(绿像素:2)。取消拖拽。
[REWARD] 执行前血条数: 0 -> 执行后血条数: 0
[REWARD] ⛔ 非法区域/无费用，已被 CV 阻断。奖励 -1.0 (连续无作为: 7次)

[STEP 8] 开始执行动作...
[ACTION] AI决定: 选卡 6 -> 放入网格(6,3) -> 朝向 1
         坐标映射: 拖拽从(835,650)至(800,430) -> 方向滑动至(800,580)
[ACTION] ⛔ Fast-Fail! 目标网格(6,3)非绿色高亮(绿像素:0)。取消拖拽。
[REWARD] 执行前血条数: 0 -> 执行后血条数: 0
[REWARD] ⛔ 非法区域/无费用，已被 CV 阻断。奖励 -1.0 (连续无作为: 8次)

[STEP 9] 开始执行动作...
[ACTION] AI决定: 选卡 6 -> 放入网格(2,4) -> 朝向 2
         坐标映射: 拖拽从(835,650)至(400,510) -> 方向滑动至(250,510)
[ACTION] ⛔ Fast-Fail! 目标网格(2,4)非绿色高亮(绿像素:0)。取消拖拽。
[REWARD] 执行前血条数: 0 -> 执行后血条数: 0
[REWARD] ⛔ 非法区域/无费用，已被 CV 阻断。奖励 -1.0 (连续无作为: 9次)

[STEP 10] 开始执行动作...
[ACTION] AI决定: 选卡 4 -> 放入网格(0,3) -> 朝向 2
         坐标映射: 拖拽从(655,650)至(200,430) -> 方向滑动至(50,430)
[ACTION] ⛔ Fast-Fail! 目标网格(0,3)非绿色高亮(绿像素:0)。取消拖拽。
[REWARD] 执行前血条数: 0 -> 执行后血条数: 0
[REWARD] ⛔ 非法区域/无费用，已被 CV 阻断。奖励 -1.0 (连续无作为: 10次)

[STEP 11] 开始执行动作...
[ACTION] AI决定: 选卡 1 -> 放入网格(5,3) -> 朝向 2
         坐标映射: 拖拽从(385,650)至(700,430) -> 方向滑动至(550,430)
[ACTION] ✅ CV校验通过！网格(5,3)具有高亮绿色(像素:900)，准许拖拽。
[REWARD] 执行前血条数: 0 -> 执行后血条数: 0
[REWARD] 部署失败，计算前后帧 MSE (均方误差) = 835.86
[REWARD] 动作无效，但游戏仍在进行(画面有变化)。奖励 -0.5 (已清空无作为计数器)

[STEP 12] 开始执行动作...
[ACTION] AI决定: 选卡 4 -> 放入网格(3,0) -> 朝向 2
         坐标映射: 拖拽从(655,650)至(500,190) -> 方向滑动至(350,190)
[ACTION] ⛔ Fast-Fail! 目标网格(3,0)非绿色高亮(绿像素:4)。取消拖拽。
[REWARD] 执行前血条数: 0 -> 执行后血条数: 0
[REWARD] ⛔ 非法区域/无费用，已被 CV 阻断。奖励 -1.0 (连续无作为: 1次)

[STEP 13] 开始执行动作...
[ACTION] AI决定: 选卡 3 -> 放入网格(9,0) -> 朝向 0
         坐标映射: 拖拽从(565,650)至(1100,190) -> 方向滑动至(1100,40)
[ACTION] ⛔ Fast-Fail! 目标网格(9,0)非绿色高亮(绿像素:0)。取消拖拽。
[REWARD] 执行前血条数: 0 -> 执行后血条数: 0
[REWARD] ⛔ 非法区域/无费用，已被 CV 阻断。奖励 -1.0 (连续无作为: 2次)

[STEP 14] 开始执行动作...
[ACTION] AI决定: 选卡 2 -> 放入网格(1,3) -> 朝向 3
         坐标映射: 拖拽从(475,650)至(300,430) -> 方向滑动至(450,430)
[ACTION] ⛔ Fast-Fail! 目标网格(1,3)非绿色高亮(绿像素:0)。取消拖拽。
[REWARD] 执行前血条数: 0 -> 执行后血条数: 0
[REWARD] ⛔ 非法区域/无费用，已被 CV 阻断。奖励 -1.0 (连续无作为: 3次)

[STEP 15] 开始执行动作...
[ACTION] AI决定: 选卡 8 -> 放入网格(2,3) -> 朝向 1
         坐标映射: 拖拽从(1015,650)至(400,430) -> 方向滑动至(400,580)
[ACTION] ✅ CV校验通过！网格(2,3)具有高亮绿色(像素:38)，准许拖拽。
[REWARD] 执行前血条数: 0 -> 执行后血条数: 0
[REWARD] 部署失败，计算前后帧 MSE (均方误差) = 2764.84
[REWARD] 动作无效，但游戏仍在进行(画面有变化)。奖励 -0.5 (已清空无作为计数器)

[STEP 16] 开始执行动作...
[ACTION] AI决定: 选卡 1 -> 放入网格(2,0) -> 朝向 0
         坐标映射: 拖拽从(385,650)至(400,190) -> 方向滑动至(400,40)
[ACTION] ✅ CV校验通过！网格(2,0)具有高亮绿色(像素:217)，准许拖拽。
[REWARD] 执行前血条数: 0 -> 执行后血条数: 0
[REWARD] 部署失败，计算前后帧 MSE (均方误差) = 2758.64
[REWARD] 动作无效，但游戏仍在进行(画面有变化)。奖励 -0.5 (已清空无作为计数器)

[STEP 17] 开始执行动作...
[ACTION] AI决定: 选卡 3 -> 放入网格(6,0) -> 朝向 0
         坐标映射: 拖拽从(565,650)至(800,190) -> 方向滑动至(800,40)
[ACTION] ✅ CV校验通过！网格(6,0)具有高亮绿色(像素:407)，准许拖拽。
[REWARD] 执行前血条数: 0 -> 执行后血条数: 0
[REWARD] 部署失败，计算前后帧 MSE (均方误差) = 126.30
[REWARD] 画面未发生明显变化(非法部署)。奖励 -1.0 (连续无作为: 1次)

[STEP 18] 开始执行动作...
[ACTION] AI决定: 选卡 3 -> 放入网格(7,4) -> 朝向 1
         坐标映射: 拖拽从(565,650)至(900,510) -> 方向滑动至(900,660)
[ACTION] ⛔ Fast-Fail! 目标网格(7,4)非绿色高亮(绿像素:0)。取消拖拽。
[REWARD] 执行前血条数: 0 -> 执行后血条数: 0
[REWARD] ⛔ 非法区域/无费用，已被 CV 阻断。奖励 -1.0 (连续无作为: 2次)

[STEP 19] 开始执行动作...
[ACTION] AI决定: 选卡 0 -> 放入网格(6,0) -> 朝向 0
         坐标映射: 拖拽从(295,650)至(800,190) -> 方向滑动至(800,40)
[ACTION] ✅ CV校验通过！网格(6,0)具有高亮绿色(像素:425)，准许拖拽。
[REWARD] 执行前血条数: 0 -> 执行后血条数: 0
[REWARD] 部署失败，计算前后帧 MSE (均方误差) = 219.87
[REWARD] 画面未发生明显变化(非法部署)。奖励 -1.0 (连续无作为: 3次)

[STEP 20] 开始执行动作...
[ACTION] AI决定: 选卡 9 -> 放入网格(4,3) -> 朝向 3
         坐标映射: 拖拽从(1105,650)至(600,430) -> 方向滑动至(750,430)
[ACTION] ✅ CV校验通过！网格(4,3)具有高亮绿色(像素:900)，准许拖拽。
[REWARD] 执行前血条数: 0 -> 执行后血条数: 0
[REWARD] 部署失败，计算前后帧 MSE (均方误差) = 3637.31
[REWARD] 动作无效，但游戏仍在进行(画面有变化)。奖励 -0.5 (已清空无作为计数器)

[STEP 21] 开始执行动作...
[ACTION] AI决定: 选卡 5 -> 放入网格(5,3) -> 朝向 0
         坐标映射: 拖拽从(745,650)至(700,430) -> 方向滑动至(700,280)
[ACTION] ✅ CV校验通过！网格(5,3)具有高亮绿色(像素:62)，准许拖拽。
[REWARD] 执行前血条数: 0 -> 执行后血条数: 0
[REWARD] 部署失败，计算前后帧 MSE (均方误差) = 1558.48
[REWARD] 动作无效，但游戏仍在进行(画面有变化)。奖励 -0.5 (已清空无作为计数器)

[STEP 22] 开始执行动作...
[ACTION] AI决定: 选卡 2 -> 放入网格(3,1) -> 朝向 2
         坐标映射: 拖拽从(475,650)至(500,270) -> 方向滑动至(350,270)
[ACTION] ✅ CV校验通过！网格(3,1)具有高亮绿色(像素:24)，准许拖拽。
[REWARD] 执行前血条数: 0 -> 执行后血条数: 0
[REWARD] 部署失败，计算前后帧 MSE (均方误差) = 3646.11
[REWARD] 动作无效，但游戏仍在进行(画面有变化)。奖励 -0.5 (已清空无作为计数器)

[STEP 23] 开始执行动作...
[ACTION] AI决定: 选卡 5 -> 放入网格(1,3) -> 朝向 0
         坐标映射: 拖拽从(745,650)至(300,430) -> 方向滑动至(300,280)
[ACTION] ⛔ Fast-Fail! 目标网格(1,3)非绿色高亮(绿像素:0)。取消拖拽。
[REWARD] 执行前血条数: 0 -> 执行后血条数: 0
[REWARD] ⛔ 非法区域/无费用，已被 CV 阻断。奖励 -1.0 (连续无作为: 1次)

[STEP 24] 开始执行动作...
[ACTION] AI决定: 选卡 1 -> 放入网格(6,3) -> 朝向 3
         坐标映射: 拖拽从(385,650)至(800,430) -> 方向滑动至(950,430)
[ACTION] ✅ CV校验通过！网格(6,3)具有高亮绿色(像素:857)，准许拖拽。
[REWARD] 执行前血条数: 0 -> 执行后血条数: 0
[REWARD] 部署失败，计算前后帧 MSE (均方误差) = 299.22
[REWARD] 画面未发生明显变化(非法部署)。奖励 -1.0 (连续无作为: 2次)

[STEP 25] 开始执行动作...
[ACTION] AI决定: 选卡 5 -> 放入网格(7,2) -> 朝向 1
         坐标映射: 拖拽从(745,650)至(900,350) -> 方向滑动至(900,500)
[ACTION] ✅ CV校验通过！网格(7,2)具有高亮绿色(像素:333)，准许拖拽。
[REWARD] 执行前血条数: 0 -> 执行后血条数: 0
[REWARD] 部署失败，计算前后帧 MSE (均方误差) = 261.25
[REWARD] 画面未发生明显变化(非法部署)。奖励 -1.0 (连续无作为: 3次)

[STEP 26] 开始执行动作...
[ACTION] AI决定: 选卡 7 -> 放入网格(7,0) -> 朝向 2
         坐标映射: 拖拽从(925,650)至(900,190) -> 方向滑动至(750,190)
[ACTION] ✅ CV校验通过！网格(7,0)具有高亮绿色(像素:709)，准许拖拽。
[REWARD] 执行前血条数: 0 -> 执行后血条数: 0
[REWARD] 部署失败，计算前后帧 MSE (均方误差) = 368.66
[REWARD] 动作无效，但游戏仍在进行(画面有变化)。奖励 -0.5 (已清空无作为计数器)

[STEP 27] 开始执行动作...
[ACTION] AI决定: 选卡 3 -> 放入网格(6,3) -> 朝向 0
         坐标映射: 拖拽从(565,650)至(800,430) -> 方向滑动至(800,280)
[ACTION] ✅ CV校验通过！网格(6,3)具有高亮绿色(像素:858)，准许拖拽。
[REWARD] 执行前血条数: 0 -> 执行后血条数: 0
[REWARD] 部署失败，计算前后帧 MSE (均方误差) = 1271.75
[REWARD] 动作无效，但游戏仍在进行(画面有变化)。奖励 -0.5 (已清空无作为计数器)

[STEP 28] 开始执行动作...
[ACTION] AI决定: 选卡 5 -> 放入网格(7,2) -> 朝向 3
         坐标映射: 拖拽从(745,650)至(900,350) -> 方向滑动至(1050,350)
[ACTION] ✅ CV校验通过！网格(7,2)具有高亮绿色(像素:144)，准许拖拽。
[REWARD] 执行前血条数: 0 -> 执行后血条数: 0
[REWARD] 部署失败，计算前后帧 MSE (均方误差) = 373.95
[REWARD] 动作无效，但游戏仍在进行(画面有变化)。奖励 -0.5 (已清空无作为计数器)

[STEP 29] 开始执行动作...
[ACTION] AI决定: 选卡 8 -> 放入网格(9,2) -> 朝向 2
         坐标映射: 拖拽从(1015,650)至(1100,350) -> 方向滑动至(950,350)
[ACTION] ⛔ Fast-Fail! 目标网格(9,2)非绿色高亮(绿像素:0)。取消拖拽。
[REWARD] 执行前血条数: 0 -> 执行后血条数: 0
[REWARD] ⛔ 非法区域/无费用，已被 CV 阻断。奖励 -1.0 (连续无作为: 1次)

[STEP 30] 开始执行动作...
[ACTION] AI决定: 选卡 3 -> 放入网格(7,0) -> 朝向 2
         坐标映射: 拖拽从(565,650)至(900,190) -> 方向滑动至(750,190)
[ACTION] ✅ CV校验通过！网格(7,0)具有高亮绿色(像素:754)，准许拖拽。
[REWARD] 执行前血条数: 0 -> 执行后血条数: 0
[REWARD] 部署失败，计算前后帧 MSE (均方误差) = 387.60
[REWARD] 动作无效，但游戏仍在进行(画面有变化)。奖励 -0.5 (已清空无作为计数器)

[STEP 31] 开始执行动作...
[ACTION] AI决定: 选卡 8 -> 放入网格(3,2) -> 朝向 1
         坐标映射: 拖拽从(1015,650)至(500,350) -> 方向滑动至(500,500)
[ACTION] ✅ CV校验通过！网格(3,2)具有高亮绿色(像素:362)，准许拖拽。
[REWARD] 执行前血条数: 0 -> 执行后血条数: 0
[REWARD] 部署失败，计算前后帧 MSE (均方误差) = 2770.20
[REWARD] 动作无效，但游戏仍在进行(画面有变化)。奖励 -0.5 (已清空无作为计数器)

[STEP 32] 开始执行动作...
[ACTION] AI决定: 选卡 7 -> 放入网格(0,2) -> 朝向 2
         坐标映射: 拖拽从(925,650)至(200,350) -> 方向滑动至(50,350)
[ACTION] ⛔ Fast-Fail! 目标网格(0,2)非绿色高亮(绿像素:0)。取消拖拽。
[REWARD] 执行前血条数: 0 -> 执行后血条数: 0
[REWARD] ⛔ 非法区域/无费用，已被 CV 阻断。奖励 -1.0 (连续无作为: 1次)

[STEP 33] 开始执行动作...
[ACTION] AI决定: 选卡 9 -> 放入网格(9,1) -> 朝向 2
         坐标映射: 拖拽从(1105,650)至(1100,270) -> 方向滑动至(950,270)
[ACTION] ⛔ Fast-Fail! 目标网格(9,1)非绿色高亮(绿像素:0)。取消拖拽。
[REWARD] 执行前血条数: 0 -> 执行后血条数: 0
[REWARD] ⛔ 非法区域/无费用，已被 CV 阻断。奖励 -1.0 (连续无作为: 2次)

[STEP 34] 开始执行动作...
[ACTION] AI决定: 选卡 0 -> 放入网格(8,1) -> 朝向 3
         坐标映射: 拖拽从(295,650)至(1000,270) -> 方向滑动至(1150,270)
[ACTION] ✅ CV校验通过！网格(8,1)具有高亮绿色(像素:582)，准许拖拽。
[REWARD] 执行前血条数: 0 -> 执行后血条数: 0
[REWARD] 部署失败，计算前后帧 MSE (均方误差) = 278.80
[REWARD] 画面未发生明显变化(非法部署)。奖励 -1.0 (连续无作为: 3次)

[STEP 35] 开始执行动作...
[ACTION] AI决定: 选卡 0 -> 放入网格(4,0) -> 朝向 2
         坐标映射: 拖拽从(295,650)至(600,190) -> 方向滑动至(450,190)
[ACTION] ✅ CV校验通过！网格(4,0)具有高亮绿色(像素:706)，准许拖拽。
[REWARD] 执行前血条数: 0 -> 执行后血条数: 0
[REWARD] 部署失败，计算前后帧 MSE (均方误差) = 292.60
[REWARD] 画面未发生明显变化(非法部署)。奖励 -1.0 (连续无作为: 4次)

[STEP 36] 开始执行动作...
[ACTION] AI决定: 选卡 3 -> 放入网格(4,4) -> 朝向 2
         坐标映射: 拖拽从(565,650)至(600,510) -> 方向滑动至(450,510)
[ACTION] ⛔ Fast-Fail! 目标网格(4,4)非绿色高亮(绿像素:0)。取消拖拽。
[REWARD] 执行前血条数: 0 -> 执行后血条数: 0
[REWARD] ⛔ 非法区域/无费用，已被 CV 阻断。奖励 -1.0 (连续无作为: 5次)

[STEP 37] 开始执行动作...
[ACTION] AI决定: 选卡 9 -> 放入网格(5,4) -> 朝向 0
         坐标映射: 拖拽从(1105,650)至(700,510) -> 方向滑动至(700,360)
[ACTION] ✅ CV校验通过！网格(5,4)具有高亮绿色(像素:900)，准许拖拽。
[REWARD] 执行前血条数: 0 -> 执行后血条数: 0
[REWARD] 部署失败，计算前后帧 MSE (均方误差) = 3766.81
[REWARD] 动作无效，但游戏仍在进行(画面有变化)。奖励 -0.5 (已清空无作为计数器)

[STEP 38] 开始执行动作...
[ACTION] AI决定: 选卡 8 -> 放入网格(2,4) -> 朝向 2
         坐标映射: 拖拽从(1015,650)至(400,510) -> 方向滑动至(250,510)
[ACTION] ⛔ Fast-Fail! 目标网格(2,4)非绿色高亮(绿像素:0)。取消拖拽。
[REWARD] 执行前血条数: 0 -> 执行后血条数: 0
[REWARD] ⛔ 非法区域/无费用，已被 CV 阻断。奖励 -1.0 (连续无作为: 1次)

[STEP 39] 开始执行动作...
[ACTION] AI决定: 选卡 2 -> 放入网格(4,1) -> 朝向 1
         坐标映射: 拖拽从(475,650)至(600,270) -> 方向滑动至(600,420)
[ACTION] ✅ CV校验通过！网格(4,1)具有高亮绿色(像素:97)，准许拖拽。
[REWARD] 执行前血条数: 0 -> 执行后血条数: 0
[REWARD] 部署失败，计算前后帧 MSE (均方误差) = 3479.75
[REWARD] 动作无效，但游戏仍在进行(画面有变化)。奖励 -0.5 (已清空无作为计数器)

[STEP 40] 开始执行动作...
[ACTION] AI决定: 选卡 9 -> 放入网格(5,1) -> 朝向 2
         坐标映射: 拖拽从(1105,650)至(700,270) -> 方向滑动至(550,270)
[ACTION] ✅ CV校验通过！网格(5,1)具有高亮绿色(像素:36)，准许拖拽。
[REWARD] 执行前血条数: 0 -> 执行后血条数: 0
[REWARD] 部署失败，计算前后帧 MSE (均方误差) = 1371.22
[REWARD] 动作无效，但游戏仍在进行(画面有变化)。奖励 -0.5 (已清空无作为计数器)

[STEP 41] 开始执行动作...
[ACTION] AI决定: 选卡 5 -> 放入网格(7,3) -> 朝向 0
         坐标映射: 拖拽从(745,650)至(900,430) -> 方向滑动至(900,280)
[ACTION] ⛔ Fast-Fail! 目标网格(7,3)非绿色高亮(绿像素:0)。取消拖拽。
[REWARD] 执行前血条数: 0 -> 执行后血条数: 0
[REWARD] ⛔ 非法区域/无费用，已被 CV 阻断。奖励 -1.0 (连续无作为: 1次)

[STEP 42] 开始执行动作...
[ACTION] AI决定: 选卡 1 -> 放入网格(2,3) -> 朝向 2
         坐标映射: 拖拽从(385,650)至(400,430) -> 方向滑动至(250,430)
[ACTION] ⛔ Fast-Fail! 目标网格(2,3)非绿色高亮(绿像素:0)。取消拖拽。
[REWARD] 执行前血条数: 0 -> 执行后血条数: 0
[REWARD] ⛔ 非法区域/无费用，已被 CV 阻断。奖励 -1.0 (连续无作为: 2次)

[STEP 43] 开始执行动作...
[ACTION] AI决定: 选卡 6 -> 放入网格(0,1) -> 朝向 1
         坐标映射: 拖拽从(835,650)至(200,270) -> 方向滑动至(200,420)
[ACTION] ⛔ Fast-Fail! 目标网格(0,1)非绿色高亮(绿像素:0)。取消拖拽。
[REWARD] 执行前血条数: 0 -> 执行后血条数: 0
[REWARD] ⛔ 非法区域/无费用，已被 CV 阻断。奖励 -1.0 (连续无作为: 3次)

[STEP 44] 开始执行动作...
[ACTION] AI决定: 选卡 7 -> 放入网格(9,0) -> 朝向 2
         坐标映射: 拖拽从(925,650)至(1100,190) -> 方向滑动至(950,190)
[ACTION] ⛔ Fast-Fail! 目标网格(9,0)非绿色高亮(绿像素:0)。取消拖拽。
[REWARD] 执行前血条数: 0 -> 执行后血条数: 0
[REWARD] ⛔ 非法区域/无费用，已被 CV 阻断。奖励 -1.0 (连续无作为: 4次)

[STEP 45] 开始执行动作...
[ACTION] AI决定: 选卡 8 -> 放入网格(7,4) -> 朝向 2
         坐标映射: 拖拽从(1015,650)至(900,510) -> 方向滑动至(750,510)
[ACTION] ✅ CV校验通过！网格(7,4)具有高亮绿色(像素:676)，准许拖拽。
[REWARD] 执行前血条数: 0 -> 执行后血条数: 0
[REWARD] 部署失败，计算前后帧 MSE (均方误差) = 3923.68
[REWARD] 动作无效，但游戏仍在进行(画面有变化)。奖励 -0.5 (已清空无作为计数器)

[STEP 46] 开始执行动作...
[ACTION] AI决定: 选卡 1 -> 放入网格(6,4) -> 朝向 1
         坐标映射: 拖拽从(385,650)至(800,510) -> 方向滑动至(800,660)
[ACTION] ✅ CV校验通过！网格(6,4)具有高亮绿色(像素:900)，准许拖拽。
[REWARD] 执行前血条数: 0 -> 执行后血条数: 0
[REWARD] 部署失败，计算前后帧 MSE (均方误差) = 2991.55
[REWARD] 动作无效，但游戏仍在进行(画面有变化)。奖励 -0.5 (已清空无作为计数器)

[STEP 47] 开始执行动作...
[ACTION] AI决定: 选卡 4 -> 放入网格(3,2) -> 朝向 2
         坐标映射: 拖拽从(655,650)至(500,350) -> 方向滑动至(350,350)
[ACTION] ✅ CV校验通过！网格(3,2)具有高亮绿色(像素:61)，准许拖拽。
[REWARD] 执行前血条数: 0 -> 执行后血条数: 0
[REWARD] 部署失败，计算前后帧 MSE (均方误差) = 1724.31
[REWARD] 动作无效，但游戏仍在进行(画面有变化)。奖励 -0.5 (已清空无作为计数器)

[STEP 48] 开始执行动作...
[ACTION] AI决定: 选卡 8 -> 放入网格(4,4) -> 朝向 2
         坐标映射: 拖拽从(1015,650)至(600,510) -> 方向滑动至(450,510)
[ACTION] ⛔ Fast-Fail! 目标网格(4,4)非绿色高亮(绿像素:0)。取消拖拽。
[REWARD] 执行前血条数: 0 -> 执行后血条数: 0
[REWARD] ⛔ 非法区域/无费用，已被 CV 阻断。奖励 -1.0 (连续无作为: 1次)

[STEP 49] 开始执行动作...
[ACTION] AI决定: 选卡 2 -> 放入网格(1,2) -> 朝向 1
         坐标映射: 拖拽从(475,650)至(300,350) -> 方向滑动至(300,500)
[ACTION] ⛔ Fast-Fail! 目标网格(1,2)非绿色高亮(绿像素:1)。取消拖拽。
[REWARD] 执行前血条数: 0 -> 执行后血条数: 0
[REWARD] ⛔ 非法区域/无费用，已被 CV 阻断。奖励 -1.0 (连续无作为: 2次)

[STEP 50] 开始执行动作...
[ACTION] AI决定: 选卡 3 -> 放入网格(8,4) -> 朝向 0
         坐标映射: 拖拽从(565,650)至(1000,510) -> 方向滑动至(1000,360)
[ACTION] ✅ CV校验通过！网格(8,4)具有高亮绿色(像素:416)，准许拖拽。
[REWARD] 执行前血条数: 0 -> 执行后血条数: 0
[REWARD] 部署失败，计算前后帧 MSE (均方误差) = 432.28
[REWARD] 动作无效，但游戏仍在进行(画面有变化)。奖励 -0.5 (已清空无作为计数器)

[STEP 51] 开始执行动作...
[ACTION] AI决定: 选卡 6 -> 放入网格(5,1) -> 朝向 3
         坐标映射: 拖拽从(835,650)至(700,270) -> 方向滑动至(850,270)
[ACTION] ⛔ Fast-Fail! 目标网格(5,1)非绿色高亮(绿像素:0)。取消拖拽。
[REWARD] 执行前血条数: 0 -> 执行后血条数: 0
[REWARD] ⛔ 非法区域/无费用，已被 CV 阻断。奖励 -1.0 (连续无作为: 1次)

[STEP 52] 开始执行动作...
[ACTION] AI决定: 选卡 1 -> 放入网格(7,3) -> 朝向 1
         坐标映射: 拖拽从(385,650)至(900,430) -> 方向滑动至(900,580)
[ACTION] ⛔ Fast-Fail! 目标网格(7,3)非绿色高亮(绿像素:16)。取消拖拽。
[REWARD] 执行前血条数: 0 -> 执行后血条数: 0
[REWARD] ⛔ 非法区域/无费用，已被 CV 阻断。奖励 -1.0 (连续无作为: 2次)

[STEP 53] 开始执行动作...
[ACTION] AI决定: 选卡 8 -> 放入网格(8,3) -> 朝向 3
         坐标映射: 拖拽从(1015,650)至(1000,430) -> 方向滑动至(1150,430)
[ACTION] ✅ CV校验通过！网格(8,3)具有高亮绿色(像素:856)，准许拖拽。
[REWARD] 执行前血条数: 0 -> 执行后血条数: 0
[REWARD] 部署失败，计算前后帧 MSE (均方误差) = 373.29
[REWARD] 动作无效，但游戏仍在进行(画面有变化)。奖励 -0.5 (已清空无作为计数器)

[STEP 54] 开始执行动作...
[ACTION] AI决定: 选卡 6 -> 放入网格(9,1) -> 朝向 3
         坐标映射: 拖拽从(835,650)至(1100,270) -> 方向滑动至(1250,270)
[ACTION] ⛔ Fast-Fail! 目标网格(9,1)非绿色高亮(绿像素:0)。取消拖拽。
[REWARD] 执行前血条数: 0 -> 执行后血条数: 0
[REWARD] ⛔ 非法区域/无费用，已被 CV 阻断。奖励 -1.0 (连续无作为: 1次)

[STEP 55] 开始执行动作...
[ACTION] AI决定: 选卡 9 -> 放入网格(7,4) -> 朝向 0
         坐标映射: 拖拽从(1105,650)至(900,510) -> 方向滑动至(900,360)
[ACTION] ✅ CV校验通过！网格(7,4)具有高亮绿色(像素:469)，准许拖拽。
[REWARD] 执行前血条数: 0 -> 执行后血条数: 0
[REWARD] 部署失败，计算前后帧 MSE (均方误差) = 352.19
[REWARD] 动作无效，但游戏仍在进行(画面有变化)。奖励 -0.5 (已清空无作为计数器)

[STEP 56] 开始执行动作...
[ACTION] AI决定: 选卡 8 -> 放入网格(7,4) -> 朝向 1
         坐标映射: 拖拽从(1015,650)至(900,510) -> 方向滑动至(900,660)
[ACTION] ⛔ Fast-Fail! 目标网格(7,4)非绿色高亮(绿像素:0)。取消拖拽。
[REWARD] 执行前血条数: 0 -> 执行后血条数: 0
[REWARD] ⛔ 非法区域/无费用，已被 CV 阻断。奖励 -1.0 (连续无作为: 1次)

[STEP 57] 开始执行动作...
[ACTION] AI决定: 选卡 2 -> 放入网格(6,3) -> 朝向 0
         坐标映射: 拖拽从(475,650)至(800,430) -> 方向滑动至(800,280)
[ACTION] ⛔ Fast-Fail! 目标网格(6,3)非绿色高亮(绿像素:18)。取消拖拽。
[REWARD] 执行前血条数: 0 -> 执行后血条数: 0
[REWARD] ⛔ 非法区域/无费用，已被 CV 阻断。奖励 -1.0 (连续无作为: 2次)

[STEP 58] 开始执行动作...
[ACTION] AI决定: 选卡 0 -> 放入网格(1,1) -> 朝向 1
         坐标映射: 拖拽从(295,650)至(300,270) -> 方向滑动至(300,420)
[ACTION] ⛔ Fast-Fail! 目标网格(1,1)非绿色高亮(绿像素:0)。取消拖拽。
[REWARD] 执行前血条数: 0 -> 执行后血条数: 0
[REWARD] ⛔ 非法区域/无费用，已被 CV 阻断。奖励 -1.0 (连续无作为: 3次)

[STEP 59] 开始执行动作...
[ACTION] AI决定: 选卡 2 -> 放入网格(4,3) -> 朝向 1
         坐标映射: 拖拽从(475,650)至(600,430) -> 方向滑动至(600,580)
[ACTION] ⛔ Fast-Fail! 目标网格(4,3)非绿色高亮(绿像素:0)。取消拖拽。
[REWARD] 执行前血条数: 0 -> 执行后血条数: 0
[REWARD] ⛔ 非法区域/无费用，已被 CV 阻断。奖励 -1.0 (连续无作为: 4次)

[STEP 60] 开始执行动作...
[ACTION] AI决定: 选卡 4 -> 放入网格(9,4) -> 朝向 3
         坐标映射: 拖拽从(655,650)至(1100,510) -> 方向滑动至(1250,510)
[ACTION] ⛔ Fast-Fail! 目标网格(9,4)非绿色高亮(绿像素:0)。取消拖拽。
[REWARD] 执行前血条数: 0 -> 执行后血条数: 0
[REWARD] ⛔ 非法区域/无费用，已被 CV 阻断。奖励 -1.0 (连续无作为: 5次)

[STEP 61] 开始执行动作...
[ACTION] AI决定: 选卡 9 -> 放入网格(3,0) -> 朝向 3
         坐标映射: 拖拽从(1105,650)至(500,190) -> 方向滑动至(650,190)
[ACTION] ⛔ Fast-Fail! 目标网格(3,0)非绿色高亮(绿像素:0)。取消拖拽。
[REWARD] 执行前血条数: 0 -> 执行后血条数: 0
[REWARD] ⛔ 非法区域/无费用，已被 CV 阻断。奖励 -1.0 (连续无作为: 6次)

[STEP 62] 开始执行动作...
[ACTION] AI决定: 选卡 3 -> 放入网格(9,3) -> 朝向 3
         坐标映射: 拖拽从(565,650)至(1100,430) -> 方向滑动至(1250,430)
[ACTION] ✅ CV校验通过！网格(9,3)具有高亮绿色(像素:752)，准许拖拽。
[REWARD] 执行前血条数: 0 -> 执行后血条数: 0
[REWARD] 部署失败，计算前后帧 MSE (均方误差) = 748.87
[REWARD] 动作无效，但游戏仍在进行(画面有变化)。奖励 -0.5 (已清空无作为计数器)

[STEP 63] 开始执行动作...
[ACTION] AI决定: 选卡 5 -> 放入网格(0,2) -> 朝向 2
         坐标映射: 拖拽从(745,650)至(200,350) -> 方向滑动至(50,350)
[ACTION] ⛔ Fast-Fail! 目标网格(0,2)非绿色高亮(绿像素:0)。取消拖拽。
[REWARD] 执行前血条数: 0 -> 执行后血条数: 0
[REWARD] ⛔ 非法区域/无费用，已被 CV 阻断。奖励 -1.0 (连续无作为: 1次)

[STEP 64] 开始执行动作...
[ACTION] AI决定: 选卡 4 -> 放入网格(2,1) -> 朝向 2
         坐标映射: 拖拽从(655,650)至(400,270) -> 方向滑动至(250,270)
[ACTION] ✅ CV校验通过！网格(2,1)具有高亮绿色(像素:418)，准许拖拽。
[REWARD] 执行前血条数: 0 -> 执行后血条数: 0
[REWARD] 部署失败，计算前后帧 MSE (均方误差) = 427.31
[REWARD] 动作无效，但游戏仍在进行(画面有变化)。奖励 -0.5 (已清空无作为计数器)

[STEP 65] 开始执行动作...
[ACTION] AI决定: 选卡 3 -> 放入网格(6,1) -> 朝向 1
         坐标映射: 拖拽从(565,650)至(800,270) -> 方向滑动至(800,420)
[ACTION] ⛔ Fast-Fail! 目标网格(6,1)非绿色高亮(绿像素:7)。取消拖拽。
[REWARD] 执行前血条数: 0 -> 执行后血条数: 0
[REWARD] ⛔ 非法区域/无费用，已被 CV 阻断。奖励 -1.0 (连续无作为: 1次)

[STEP 66] 开始执行动作...
[ACTION] AI决定: 选卡 5 -> 放入网格(4,2) -> 朝向 2
         坐标映射: 拖拽从(745,650)至(600,350) -> 方向滑动至(450,350)
[ACTION] ✅ CV校验通过！网格(4,2)具有高亮绿色(像素:867)，准许拖拽。
[REWARD] 执行前血条数: 0 -> 执行后血条数: 0
[REWARD] 部署失败，计算前后帧 MSE (均方误差) = 8294.88
[REWARD] 动作无效，但游戏仍在进行(画面有变化)。奖励 -0.5 (已清空无作为计数器)

[STEP 67] 开始执行动作...
[ACTION] AI决定: 选卡 3 -> 放入网格(6,2) -> 朝向 2
         坐标映射: 拖拽从(565,650)至(800,350) -> 方向滑动至(650,350)
[ACTION] ⛔ Fast-Fail! 目标网格(6,2)非绿色高亮(绿像素:0)。取消拖拽。
[REWARD] 执行前血条数: 0 -> 执行后血条数: 0
[REWARD] ⛔ 非法区域/无费用，已被 CV 阻断。奖励 -1.0 (连续无作为: 1次)

[STEP 68] 开始执行动作...
[ACTION] AI决定: 选卡 0 -> 放入网格(3,2) -> 朝向 1
         坐标映射: 拖拽从(295,650)至(500,350) -> 方向滑动至(500,500)
[ACTION] ⛔ Fast-Fail! 目标网格(3,2)非绿色高亮(绿像素:0)。取消拖拽。
[REWARD] 执行前血条数: 0 -> 执行后血条数: 0
[REWARD] ⛔ 非法区域/无费用，已被 CV 阻断。奖励 -1.0 (连续无作为: 2次)

[STEP 69] 开始执行动作...
[ACTION] AI决定: 选卡 9 -> 放入网格(4,4) -> 朝向 2
         坐标映射: 拖拽从(1105,650)至(600,510) -> 方向滑动至(450,510)
[ACTION] ⛔ Fast-Fail! 目标网格(4,4)非绿色高亮(绿像素:0)。取消拖拽。
[REWARD] 执行前血条数: 0 -> 执行后血条数: 0
[REWARD] ⛔ 非法区域/无费用，已被 CV 阻断。奖励 -1.0 (连续无作为: 3次)

[STEP 70] 开始执行动作...
[ACTION] AI决定: 选卡 6 -> 放入网格(8,3) -> 朝向 1
         坐标映射: 拖拽从(835,650)至(1000,430) -> 方向滑动至(1000,580)
[ACTION] ⛔ Fast-Fail! 目标网格(8,3)非绿色高亮(绿像素:0)。取消拖拽。
[REWARD] 执行前血条数: 0 -> 执行后血条数: 0
[REWARD] ⛔ 非法区域/无费用，已被 CV 阻断。奖励 -1.0 (连续无作为: 4次)

[STEP 71] 开始执行动作...
[ACTION] AI决定: 选卡 0 -> 放入网格(2,2) -> 朝向 0
         坐标映射: 拖拽从(295,650)至(400,350) -> 方向滑动至(400,200)
[ACTION] ⛔ Fast-Fail! 目标网格(2,2)非绿色高亮(绿像素:0)。取消拖拽。
[REWARD] 执行前血条数: 0 -> 执行后血条数: 0
[REWARD] ⛔ 非法区域/无费用，已被 CV 阻断。奖励 -1.0 (连续无作为: 5次)

[STEP 72] 开始执行动作...
[ACTION] AI决定: 选卡 8 -> 放入网格(5,0) -> 朝向 0
         坐标映射: 拖拽从(1015,650)至(700,190) -> 方向滑动至(700,40)
[ACTION] ⛔ Fast-Fail! 目标网格(5,0)非绿色高亮(绿像素:0)。取消拖拽。
[REWARD] 执行前血条数: 0 -> 执行后血条数: 0
[REWARD] ⛔ 非法区域/无费用，已被 CV 阻断。奖励 -1.0 (连续无作为: 6次)

[STEP 73] 开始执行动作...
[ACTION] AI决定: 选卡 0 -> 放入网格(6,4) -> 朝向 1
         坐标映射: 拖拽从(295,650)至(800,510) -> 方向滑动至(800,660)
[ACTION] ⛔ Fast-Fail! 目标网格(6,4)非绿色高亮(绿像素:0)。取消拖拽。
[REWARD] 执行前血条数: 0 -> 执行后血条数: 0
[REWARD] ⛔ 非法区域/无费用，已被 CV 阻断。奖励 -1.0 (连续无作为: 7次)

[STEP 74] 开始执行动作...
[ACTION] AI决定: 选卡 5 -> 放入网格(2,0) -> 朝向 2
         坐标映射: 拖拽从(745,650)至(400,190) -> 方向滑动至(250,190)
[ACTION] ⛔ Fast-Fail! 目标网格(2,0)非绿色高亮(绿像素:0)。取消拖拽。
[REWARD] 执行前血条数: 0 -> 执行后血条数: 0
[REWARD] ⛔ 非法区域/无费用，已被 CV 阻断。奖励 -1.0 (连续无作为: 8次)

[STEP 75] 开始执行动作...
[ACTION] AI决定: 选卡 8 -> 放入网格(9,1) -> 朝向 0
         坐标映射: 拖拽从(1015,650)至(1100,270) -> 方向滑动至(1100,120)
[ACTION] ⛔ Fast-Fail! 目标网格(9,1)非绿色高亮(绿像素:0)。取消拖拽。
[REWARD] 执行前血条数: 0 -> 执行后血条数: 0
[REWARD] ⛔ 非法区域/无费用，已被 CV 阻断。奖励 -1.0 (连续无作为: 9次)

[STEP 76] 开始执行动作...
[ACTION] AI决定: 选卡 8 -> 放入网格(0,0) -> 朝向 3
         坐标映射: 拖拽从(1015,650)至(200,190) -> 方向滑动至(350,190)
[ACTION] ⛔ Fast-Fail! 目标网格(0,0)非绿色高亮(绿像素:0)。取消拖拽。
[REWARD] 执行前血条数: 0 -> 执行后血条数: 0
[REWARD] ⛔ 非法区域/无费用，已被 CV 阻断。奖励 -1.0 (连续无作为: 10次)

[STEP 77] 开始执行动作...
[ACTION] AI决定: 选卡 4 -> 放入网格(3,0) -> 朝向 2
         坐标映射: 拖拽从(655,650)至(500,190) -> 方向滑动至(350,190)
[ACTION] ⛔ Fast-Fail! 目标网格(3,0)非绿色高亮(绿像素:0)。取消拖拽。
[REWARD] 执行前血条数: 0 -> 执行后血条数: 0
[REWARD] ⛔ 非法区域/无费用，已被 CV 阻断。奖励 -1.0 (连续无作为: 11次)

[STEP 78] 开始执行动作...
[ACTION] AI决定: 选卡 4 -> 放入网格(1,1) -> 朝向 1
         坐标映射: 拖拽从(655,650)至(300,270) -> 方向滑动至(300,420)
[ACTION] ⛔ Fast-Fail! 目标网格(1,1)非绿色高亮(绿像素:0)。取消拖拽。
[REWARD] 执行前血条数: 0 -> 执行后血条数: 0
[REWARD] ⛔ 非法区域/无费用，已被 CV 阻断。奖励 -1.0 (连续无作为: 12次)

[STEP 79] 开始执行动作...
[ACTION] AI决定: 选卡 4 -> 放入网格(8,0) -> 朝向 3
         坐标映射: 拖拽从(655,650)至(1000,190) -> 方向滑动至(1150,190)
[ACTION] ⛔ Fast-Fail! 目标网格(8,0)非绿色高亮(绿像素:16)。取消拖拽。
[REWARD] 执行前血条数: 0 -> 执行后血条数: 0
[REWARD] ⛔ 非法区域/无费用，已被 CV 阻断。奖励 -1.0 (连续无作为: 13次)

[STEP 80] 开始执行动作...
[ACTION] AI决定: 选卡 2 -> 放入网格(1,2) -> 朝向 2
         坐标映射: 拖拽从(475,650)至(300,350) -> 方向滑动至(150,350)
[ACTION] ⛔ Fast-Fail! 目标网格(1,2)非绿色高亮(绿像素:0)。取消拖拽。
[REWARD] 执行前血条数: 0 -> 执行后血条数: 0
[REWARD] ⛔ 非法区域/无费用，已被 CV 阻断。奖励 -1.0 (连续无作为: 14次)

[STEP 81] 开始执行动作...
[ACTION] AI决定: 选卡 9 -> 放入网格(6,4) -> 朝向 3
         坐标映射: 拖拽从(1105,650)至(800,510) -> 方向滑动至(950,510)
[ACTION] ⛔ Fast-Fail! 目标网格(6,4)非绿色高亮(绿像素:0)。取消拖拽。
[REWARD] 执行前血条数: 0 -> 执行后血条数: 0
[REWARD] ⛔ 非法区域/无费用，已被 CV 阻断。奖励 -1.0 (连续无作为: 15次)

[STEP 82] 开始执行动作...
[ACTION] AI决定: 选卡 2 -> 放入网格(6,1) -> 朝向 2
         坐标映射: 拖拽从(475,650)至(800,270) -> 方向滑动至(650,270)
[ACTION] ⛔ Fast-Fail! 目标网格(6,1)非绿色高亮(绿像素:0)。取消拖拽。
[REWARD] 执行前血条数: 0 -> 执行后血条数: 0
[REWARD] ⛔ 非法区域/无费用，已被 CV 阻断。奖励 -1.0 (连续无作为: 16次)

[STEP 83] 开始执行动作...
[ACTION] AI决定: 选卡 7 -> 放入网格(1,3) -> 朝向 3
         坐标映射: 拖拽从(925,650)至(300,430) -> 方向滑动至(450,430)
[ACTION] ⛔ Fast-Fail! 目标网格(1,3)非绿色高亮(绿像素:0)。取消拖拽。
[REWARD] 执行前血条数: 0 -> 执行后血条数: 0
[REWARD] ⛔ 非法区域/无费用，已被 CV 阻断。奖励 -1.0 (连续无作为: 17次)

[STEP 84] 开始执行动作...
[ACTION] AI决定: 选卡 8 -> 放入网格(1,4) -> 朝向 2
         坐标映射: 拖拽从(1015,650)至(300,510) -> 方向滑动至(150,510)
[ACTION] ⛔ Fast-Fail! 目标网格(1,4)非绿色高亮(绿像素:0)。取消拖拽。
[REWARD] 执行前血条数: 0 -> 执行后血条数: 0
[REWARD] ⛔ 非法区域/无费用，已被 CV 阻断。奖励 -1.0 (连续无作为: 18次)

[STEP 85] 开始执行动作...
[ACTION] AI决定: 选卡 5 -> 放入网格(9,0) -> 朝向 0
         坐标映射: 拖拽从(745,650)至(1100,190) -> 方向滑动至(1100,40)
[ACTION] ⛔ Fast-Fail! 目标网格(9,0)非绿色高亮(绿像素:0)。取消拖拽。
[REWARD] 执行前血条数: 0 -> 执行后血条数: 0
[REWARD] ⛔ 非法区域/无费用，已被 CV 阻断。奖励 -1.0 (连续无作为: 19次)

[STEP 86] 开始执行动作...
[ACTION] AI决定: 选卡 4 -> 放入网格(6,4) -> 朝向 2
         坐标映射: 拖拽从(655,650)至(800,510) -> 方向滑动至(650,510)
[ACTION] ⛔ Fast-Fail! 目标网格(6,4)非绿色高亮(绿像素:0)。取消拖拽。
[REWARD] 执行前血条数: 0 -> 执行后血条数: 0
[REWARD] ⛔ 非法区域/无费用，已被 CV 阻断。奖励 -1.0 (连续无作为: 20次)
[ENV] 连续 20 次操作无效被拦截！系统判定游戏已结算或卡死，强制终止回合！

================= 回合结束，开始自动重启关卡 =================
[RESET] 尝试跳过动画/寻找入口... (尝试 1/100)
[RESET] 尝试跳过动画/寻找入口... (尝试 2/100)
[RESET] 尝试跳过动画/寻找入口... (尝试 3/100)
[RESET] 尝试跳过动画/寻找入口... (尝试 4/100)
[RESET] 尝试跳过动画/寻找入口... (尝试 5/100)
[RESET] 尝试跳过动画/寻找入口... (尝试 6/100)
[RESET] 尝试跳过动画/寻找入口... (尝试 7/100)
[RESET] 尝试跳过动画/寻找入口... (尝试 8/100)
[RESET] 尝试跳过动画/寻找入口... (尝试 9/100)
[RESET] 尝试跳过动画/寻找入口... (尝试 10/100)
[RESET] 尝试跳过动画/寻找入口... (尝试 11/100)
[RESET] 尝试跳过动画/寻找入口... (尝试 12/100)
[RESET] 尝试跳过动画/寻找入口... (尝试 13/100)
[RESET] 尝试跳过动画/寻找入口... (尝试 14/100)
[RESET] 尝试跳过动画/寻找入口... (尝试 15/100)
[RESET] 尝试跳过动画/寻找入口... (尝试 16/100)
[RESET] 尝试跳过动画/寻找入口... (尝试 17/100)
[RESET] 尝试跳过动画/寻找入口... (尝试 18/100)
[RESET] 尝试跳过动画/寻找入口... (尝试 19/100)
[RESET] 尝试跳过动画/寻找入口... (尝试 20/100)
[RESET] 尝试跳过动画/寻找入口... (尝试 21/100)
[RESET] 找到 [stage_1_7] (置信度 0.73 >= 0.6)，点击 (996, 645)
[RESET] 点击关卡 1-7 图标
[RESET] 尝试跳过动画/寻找入口... (尝试 23/100)
[RESET] 尝试跳过动画/寻找入口... (尝试 24/100)
[RESET] 尝试跳过动画/寻找入口... (尝试 25/100)
[RESET] 尝试跳过动画/寻找入口... (尝试 26/100)
[RESET] 尝试跳过动画/寻找入口... (尝试 27/100)
[RESET] 尝试跳过动画/寻找入口... (尝试 28/100)
[RESET] 尝试跳过动画/寻找入口... (尝试 29/100)
[RESET] 尝试跳过动画/寻找入口... (尝试 30/100)
[RESET] 找到 [stage_1_7] (置信度 0.60 >= 0.6)，点击 (336, 215)
[RESET] 点击关卡 1-7 图标
[RESET] 尝试跳过动画/寻找入口... (尝试 32/100)
[RESET] 尝试跳过动画/寻找入口... (尝试 33/100)
[RESET] 找到 [stage_1_7] (置信度 0.73 >= 0.6)，点击 (996, 645)
[RESET] 点击关卡 1-7 图标
[RESET] 尝试跳过动画/寻找入口... (尝试 35/100)
[RESET] 尝试跳过动画/寻找入口... (尝试 36/100)
[RESET] 找到 [stage_1_7] (置信度 0.73 >= 0.6)，点击 (996, 645)
[RESET] 点击关卡 1-7 图标
[RESET] 尝试跳过动画/寻找入口... (尝试 38/100)
[RESET] 尝试跳过动画/寻找入口... (尝试 39/100)
[RESET] 尝试跳过动画/寻找入口... (尝试 40/100)
[RESET] 尝试跳过动画/寻找入口... (尝试 41/100)
[RESET] 尝试跳过动画/寻找入口... (尝试 42/100)
[RESET] 找到 [stage_1_7] (置信度 0.73 >= 0.6)，点击 (996, 645)
[RESET] 点击关卡 1-7 图标
[RESET] 尝试跳过动画/寻找入口... (尝试 44/100)
[RESET] 尝试跳过动画/寻找入口... (尝试 45/100)
[RESET] 尝试跳过动画/寻找入口... (尝试 46/100)
[RESET] 尝试跳过动画/寻找入口... (尝试 47/100)
[RESET] 尝试跳过动画/寻找入口... (尝试 48/100)
[RESET] 找到 [stage_1_7] (置信度 0.73 >= 0.6)，点击 (996, 645)
[RESET] 点击关卡 1-7 图标
[RESET] 找到 [stage_1_7] (置信度 0.73 >= 0.6)，点击 (996, 645)
[RESET] 点击关卡 1-7 图标
[RESET] 找到 [stage_1_7] (置信度 0.73 >= 0.6)，点击 (996, 645)
[RESET] 点击关卡 1-7 图标
[RESET] 尝试跳过动画/寻找入口... (尝试 52/100)
[RESET] 尝试跳过动画/寻找入口... (尝试 53/100)
[RESET] 找到 [stage_1_7] (置信度 0.73 >= 0.6)，点击 (996, 645)
[RESET] 点击关卡 1-7 图标
[RESET] 找到 [stage_1_7] (置信度 0.73 >= 0.6)，点击 (996, 645)
[RESET] 点击关卡 1-7 图标
[RESET] 尝试跳过动画/寻找入口... (尝试 56/100)
[RESET] 尝试跳过动画/寻找入口... (尝试 57/100)
[RESET] 尝试跳过动画/寻找入口... (尝试 58/100)
[RESET] 尝试跳过动画/寻找入口... (尝试 59/100)
[RESET] 尝试跳过动画/寻找入口... (尝试 60/100)
[RESET] 尝试跳过动画/寻找入口... (尝试 61/100)
