[INFO] 正在查找 ADB 设备...
[SUCCESS] 连接到设备: MuMu安卓设备-MuMuPlayer12 v5 (127.0.0.1:16384)
[SUCCESS] 设备握手成功!
[INFO] 正在加载 YOLO 模型: D:\BiShe\MaAutomaton-main\MaAutomaton-main\models\yolo\best.pt
       使用设备: cpu
[SUCCESS] YOLO 模型加载完成!
[INFO] 正在加载模板匹配器...
[SUCCESS] 模板匹配器加载完成!
[INFO] 正在创建强化学习环境...
[SUCCESS] 环境创建完成!
[INFO] 正在创建 PPO 模型...
[SUCCESS] 发现已有模型存档，从 D:\BiShe\MaAutomaton-main\MaAutomaton-main\models\rl\policy_latest.zip 恢复记忆继续训练！
[SUCCESS] PPO 模型创建完成!

================ 开始训练 ===================
总步数: 5000, 每次更新前收集步数: 128, 批次: 64
Logging to ./tensorboard_logs/PPO_3

[STEP 1] 开始执行动作...
[ACTION] AI决定: 选卡 4 -> 放入网格(5,0) -> 朝向 0
         坐标映射: 拖拽从(655,650)至(700,190) -> 方向滑动至(700,40)
[ACTION] ✅ CV校验通过！网格(5,0)具有高亮绿色(像素:76)，准许拖拽。
[REWARD] 动作已执行，开始 3 次心跳检测 (间隔 0.2s)...
[REWARD] ❌ 第 1 次未检测到目标血条...
[REWARD] ❌ 第 2 次未检测到目标血条...
[REWARD] ❌ 第 3 次未检测到目标血条...
[REWARD] 执行前血条数: 0 -> 最终确认血条数: 0
[REWARD] 部署失败，计算前后帧 MSE (均方误差) = 1660.50
[REWARD] 动作无效，但游戏仍在进行(画面有变化)。奖励 -0.2 (已清空无作为计数器)
[TemplateMatcher] pause_gear.png -> max conf: 0.908 (needs 0.5, optimal scale: 0.80x)

[STEP 2] 开始执行动作...
[ACTION] AI决定: 选卡 8 -> 放入网格(3,1) -> 朝向 0
         坐标映射: 拖拽从(1015,650)至(500,270) -> 方向滑动至(500,120)
[ACTION] ⛔ Fast-Fail! 目标网格(3,1)非绿色高亮(绿像素:0)。取消拖拽。
[REWARD] 执行前血条数: 0 -> 最终确认血条数: 0
[REWARD] ⛔ 非法区域/无费用，已被 CV 阻断。奖励 -0.5 (连续无作为: 1次)
[TemplateMatcher] pause_gear.png -> max conf: 0.907 (needs 0.5, optimal scale: 0.80x)

[STEP 3] 开始执行动作...
[ACTION] AI决定: 选卡 0 -> 放入网格(7,3) -> 朝向 0
         坐标映射: 拖拽从(295,650)至(900,430) -> 方向滑动至(900,280)
[ACTION] ⛔ Fast-Fail! 目标网格(7,3)非绿色高亮(绿像素:16)。取消拖拽。
[REWARD] 执行前血条数: 0 -> 最终确认血条数: 0
[REWARD] ⛔ 非法区域/无费用，已被 CV 阻断。奖励 -0.5 (连续无作为: 2次)
[TemplateMatcher] pause_gear.png -> max conf: 0.908 (needs 0.5, optimal scale: 0.80x)

[STEP 4] 开始执行动作...
[ACTION] AI决定: 选卡 6 -> 放入网格(8,1) -> 朝向 1
         坐标映射: 拖拽从(835,650)至(1000,270) -> 方向滑动至(1000,420)
[ACTION] ✅ CV校验通过！网格(8,1)具有高亮绿色(像素:581)，准许拖拽。
[REWARD] 动作已执行，开始 3 次心跳检测 (间隔 0.2s)...
[REWARD] ❌ 第 1 次未检测到目标血条...
[REWARD] ❌ 第 2 次未检测到目标血条...
[REWARD] ❌ 第 3 次未检测到目标血条...
[REWARD] 执行前血条数: 0 -> 最终确认血条数: 0
[REWARD] 部署失败，计算前后帧 MSE (均方误差) = 155.82
[REWARD] 画面未发生明显变化(非法部署)。奖励 -0.5 (连续无作为: 3次)
[TemplateMatcher] pause_gear.png -> max conf: 0.908 (needs 0.5, optimal scale: 0.80x)

[STEP 5] 开始执行动作...
[ACTION] AI决定: 选卡 3 -> 放入网格(4,4) -> 朝向 3
         坐标映射: 拖拽从(565,650)至(600,510) -> 方向滑动至(750,510)
[ACTION] ⛔ Fast-Fail! 目标网格(4,4)非绿色高亮(绿像素:0)。取消拖拽。
[REWARD] 执行前血条数: 0 -> 最终确认血条数: 0
[REWARD] ⛔ 非法区域/无费用，已被 CV 阻断。奖励 -0.5 (连续无作为: 4次)
[TemplateMatcher] pause_gear.png -> max conf: 0.908 (needs 0.5, optimal scale: 0.80x)

[STEP 6] 开始执行动作...
[ACTION] AI决定: 选卡 1 -> 放入网格(5,0) -> 朝向 3
         坐标映射: 拖拽从(385,650)至(700,190) -> 方向滑动至(850,190)
[ACTION] ✅ CV校验通过！网格(5,0)具有高亮绿色(像素:82)，准许拖拽。
[REWARD] 动作已执行，开始 3 次心跳检测 (间隔 0.2s)...
[REWARD] ❌ 第 1 次未检测到目标血条...
[REWARD] ❌ 第 2 次未检测到目标血条...
[REWARD] ❌ 第 3 次未检测到目标血条...
[REWARD] 执行前血条数: 0 -> 最终确认血条数: 0
[REWARD] 部署失败，计算前后帧 MSE (均方误差) = 174.02
[REWARD] 画面未发生明显变化(非法部署)。奖励 -0.5 (连续无作为: 5次)
[TemplateMatcher] pause_gear.png -> max conf: 0.908 (needs 0.5, optimal scale: 0.80x)

[STEP 7] 开始执行动作...
[ACTION] AI决定: 选卡 6 -> 放入网格(8,3) -> 朝向 3
         坐标映射: 拖拽从(835,650)至(1000,430) -> 方向滑动至(1150,430)
[ACTION] ⛔ Fast-Fail! 目标网格(8,3)非绿色高亮(绿像素:0)。取消拖拽。
[REWARD] 执行前血条数: 0 -> 最终确认血条数: 0
[REWARD] ⛔ 非法区域/无费用，已被 CV 阻断。奖励 -0.5 (连续无作为: 6次)
[TemplateMatcher] pause_gear.png -> max conf: 0.908 (needs 0.5, optimal scale: 0.80x)

[STEP 8] 开始执行动作...
[ACTION] AI决定: 选卡 5 -> 放入网格(9,1) -> 朝向 1
         坐标映射: 拖拽从(745,650)至(1100,270) -> 方向滑动至(1100,420)
[ACTION] ⛔ Fast-Fail! 目标网格(9,1)非绿色高亮(绿像素:0)。取消拖拽。
[REWARD] 执行前血条数: 0 -> 最终确认血条数: 0
[REWARD] ⛔ 非法区域/无费用，已被 CV 阻断。奖励 -0.5 (连续无作为: 7次)
[TemplateMatcher] pause_gear.png -> max conf: 0.908 (needs 0.5, optimal scale: 0.80x)

[STEP 9] 开始执行动作...
[ACTION] AI决定: 选卡 3 -> 放入网格(0,2) -> 朝向 3
         坐标映射: 拖拽从(565,650)至(200,350) -> 方向滑动至(350,350)
[ACTION] ⛔ Fast-Fail! 目标网格(0,2)非绿色高亮(绿像素:0)。取消拖拽。
[REWARD] 执行前血条数: 0 -> 最终确认血条数: 0
[REWARD] ⛔ 非法区域/无费用，已被 CV 阻断。奖励 -0.5 (连续无作为: 8次)
[TemplateMatcher] pause_gear.png -> max conf: 0.908 (needs 0.5, optimal scale: 0.80x)

[STEP 10] 开始执行动作...
[ACTION] AI决定: 选卡 9 -> 放入网格(9,1) -> 朝向 3
         坐标映射: 拖拽从(1105,650)至(1100,270) -> 方向滑动至(1250,270)
[ACTION] ⛔ Fast-Fail! 目标网格(9,1)非绿色高亮(绿像素:0)。取消拖拽。
[REWARD] 执行前血条数: 0 -> 最终确认血条数: 0
[REWARD] ⛔ 非法区域/无费用，已被 CV 阻断。奖励 -0.5 (连续无作为: 9次)
[TemplateMatcher] pause_gear.png -> max conf: 0.907 (needs 0.5, optimal scale: 0.80x)

[STEP 11] 开始执行动作...
[ACTION] AI决定: 选卡 5 -> 放入网格(8,2) -> 朝向 2
         坐标映射: 拖拽从(745,650)至(1000,350) -> 方向滑动至(850,350)
[ACTION] ✅ CV校验通过！网格(8,2)具有高亮绿色(像素:812)，准许拖拽。
[REWARD] 动作已执行，开始 3 次心跳检测 (间隔 0.2s)...
[REWARD] ❌ 第 1 次未检测到目标血条...
[REWARD] ❌ 第 2 次未检测到目标血条...
[REWARD] ❌ 第 3 次未检测到目标血条...
[REWARD] 执行前血条数: 0 -> 最终确认血条数: 0
[REWARD] 部署失败，计算前后帧 MSE (均方误差) = 146.65
[REWARD] 画面未发生明显变化(非法部署)。奖励 -0.5 (连续无作为: 10次)
[TemplateMatcher] pause_gear.png -> max conf: 0.908 (needs 0.5, optimal scale: 0.80x)

[STEP 12] 开始执行动作...
[ACTION] AI决定: 选卡 3 -> 放入网格(3,0) -> 朝向 2
         坐标映射: 拖拽从(565,650)至(500,190) -> 方向滑动至(350,190)
[ACTION] ✅ CV校验通过！网格(3,0)具有高亮绿色(像素:900)，准许拖拽。
[REWARD] 动作已执行，开始 3 次心跳检测 (间隔 0.2s)...
[REWARD] ❌ 第 1 次未检测到目标血条...
[REWARD] ❌ 第 2 次未检测到目标血条...
[REWARD] ❌ 第 3 次未检测到目标血条...
[REWARD] 执行前血条数: 0 -> 最终确认血条数: 0
[REWARD] 部署失败，计算前后帧 MSE (均方误差) = 247.77
[REWARD] 画面未发生明显变化(非法部署)。奖励 -0.5 (连续无作为: 11次)
[TemplateMatcher] pause_gear.png -> max conf: 0.908 (needs 0.5, optimal scale: 0.80x)

[STEP 13] 开始执行动作...
[ACTION] AI决定: 选卡 1 -> 放入网格(4,2) -> 朝向 2
         坐标映射: 拖拽从(385,650)至(600,350) -> 方向滑动至(450,350)
[ACTION] ⛔ Fast-Fail! 目标网格(4,2)非绿色高亮(绿像素:0)。取消拖拽。
[REWARD] 执行前血条数: 0 -> 最终确认血条数: 0
[REWARD] ⛔ 非法区域/无费用，已被 CV 阻断。奖励 -0.5 (连续无作为: 12次)
[TemplateMatcher] pause_gear.png -> max conf: 0.908 (needs 0.5, optimal scale: 0.80x)

[STEP 14] 开始执行动作...
[ACTION] AI决定: 选卡 3 -> 放入网格(5,1) -> 朝向 2
         坐标映射: 拖拽从(565,650)至(700,270) -> 方向滑动至(550,270)
[ACTION] ✅ CV校验通过！网格(5,1)具有高亮绿色(像素:900)，准许拖拽。
[REWARD] 动作已执行，开始 3 次心跳检测 (间隔 0.2s)...
[REWARD] ❌ 第 1 次未检测到目标血条...
[REWARD] ❌ 第 2 次未检测到目标血条...
[REWARD] ❌ 第 3 次未检测到目标血条...
[REWARD] 执行前血条数: 0 -> 最终确认血条数: 0
[REWARD] 部署失败，计算前后帧 MSE (均方误差) = 245.89
[REWARD] 画面未发生明显变化(非法部署)。奖励 -0.5 (连续无作为: 13次)
[TemplateMatcher] pause_gear.png -> max conf: 0.908 (needs 0.5, optimal scale: 0.80x)

[STEP 15] 开始执行动作...
[ACTION] AI决定: 选卡 3 -> 放入网格(9,4) -> 朝向 2
         坐标映射: 拖拽从(565,650)至(1100,510) -> 方向滑动至(950,510)
[ACTION] ⛔ Fast-Fail! 目标网格(9,4)非绿色高亮(绿像素:0)。取消拖拽。
[REWARD] 执行前血条数: 0 -> 最终确认血条数: 0
[REWARD] ⛔ 非法区域/无费用，已被 CV 阻断。奖励 -0.5 (连续无作为: 14次)
[TemplateMatcher] pause_gear.png -> max conf: 0.907 (needs 0.5, optimal scale: 0.80x)

[STEP 16] 开始执行动作...
[ACTION] AI决定: 选卡 5 -> 放入网格(5,0) -> 朝向 0
         坐标映射: 拖拽从(745,650)至(700,190) -> 方向滑动至(700,40)
[ACTION] ✅ CV校验通过！网格(5,0)具有高亮绿色(像素:74)，准许拖拽。
[REWARD] 动作已执行，开始 3 次心跳检测 (间隔 0.2s)...
[REWARD] ✅ 第 1 次检测命中目标干员血条！
[REWARD] 执行前血条数: 0 -> 最终确认血条数: 1
[REWARD] 🎯 完美落子！部署点靠近敌人 (距离: 110.2)，奖励 +2.0
[REWARD] ⚔️ 完美朝向！正对敌人 (角度: 287.0°)，巨额奖励 +8.0
[TemplateMatcher] pause_gear.png -> max conf: 0.908 (needs 0.5, optimal scale: 0.80x)

[STEP 17] 开始执行动作...
[ACTION] AI决定: 选卡 7 -> 放入网格(5,3) -> 朝向 1
         坐标映射: 拖拽从(925,650)至(700,430) -> 方向滑动至(700,580)
[ACTION] ⛔ Fast-Fail! 目标网格(5,3)非绿色高亮(绿像素:0)。取消拖拽。
[REWARD] 执行前血条数: 1 -> 最终确认血条数: 0
[REWARD] ⛔ 非法区域/无费用，已被 CV 阻断。奖励 -0.5 (连续无作为: 1次)
[TemplateMatcher] pause_gear.png -> max conf: 0.908 (needs 0.5, optimal scale: 0.80x)

[STEP 18] 开始执行动作...
[ACTION] AI决定: 选卡 7 -> 放入网格(0,2) -> 朝向 2
         坐标映射: 拖拽从(925,650)至(200,350) -> 方向滑动至(50,350)
[ACTION] ⛔ Fast-Fail! 目标网格(0,2)非绿色高亮(绿像素:0)。取消拖拽。
[REWARD] 执行前血条数: 2 -> 最终确认血条数: 0
[REWARD] ⛔ 非法区域/无费用，已被 CV 阻断。奖励 -0.5 (连续无作为: 2次)
[TemplateMatcher] pause_gear.png -> max conf: 0.908 (needs 0.5, optimal scale: 0.80x)

[STEP 19] 开始执行动作...
[ACTION] AI决定: 选卡 2 -> 放入网格(0,2) -> 朝向 3
         坐标映射: 拖拽从(475,650)至(200,350) -> 方向滑动至(350,350)
[ACTION] ⛔ Fast-Fail! 目标网格(0,2)非绿色高亮(绿像素:0)。取消拖拽。
[REWARD] 执行前血条数: 1 -> 最终确认血条数: 0
[REWARD] ⛔ 非法区域/无费用，已被 CV 阻断。奖励 -0.5 (连续无作为: 3次)
[TemplateMatcher] pause_gear.png -> max conf: 0.907 (needs 0.5, optimal scale: 0.80x)

[STEP 20] 开始执行动作...
[ACTION] AI决定: 选卡 3 -> 放入网格(6,3) -> 朝向 1
         坐标映射: 拖拽从(565,650)至(800,430) -> 方向滑动至(800,580)
[ACTION] ✅ CV校验通过！网格(6,3)具有高亮绿色(像素:900)，准许拖拽。
[REWARD] 动作已执行，开始 3 次心跳检测 (间隔 0.2s)...
[REWARD] ✅ 第 1 次检测命中目标干员血条！
[REWARD] 执行前血条数: 1 -> 最终确认血条数: 2
[REWARD] 🎯 完美落子！部署点靠近敌人 (距离: 191.1)，奖励 +2.0
[REWARD] 🛡️ 背对敌人！(角度: 216.1°)，严厉惩罚 -1.0
[TemplateMatcher] pause_gear.png -> max conf: 0.908 (needs 0.5, optimal scale: 0.80x)

[STEP 21] 开始执行动作...
[ACTION] AI决定: 选卡 9 -> 放入网格(4,1) -> 朝向 0
         坐标映射: 拖拽从(1105,650)至(600,270) -> 方向滑动至(600,120)
[ACTION] ✅ CV校验通过！网格(4,1)具有高亮绿色(像素:900)，准许拖拽。
[REWARD] 动作已执行，开始 3 次心跳检测 (间隔 0.2s)...
[REWARD] ❌ 第 1 次未检测到目标血条...
[REWARD] ❌ 第 2 次未检测到目标血条...
[REWARD] ❌ 第 3 次未检测到目标血条...
[REWARD] 执行前血条数: 2 -> 最终确认血条数: 2
[REWARD] 部署失败，计算前后帧 MSE (均方误差) = 313.33
[REWARD] 动作无效，但游戏仍在进行(画面有变化)。奖励 -0.2 (已清空无作为计数器)
[TemplateMatcher] pause_gear.png -> max conf: 0.908 (needs 0.5, optimal scale: 0.80x)

[STEP 22] 开始执行动作...
[ACTION] AI决定: 选卡 5 -> 放入网格(3,4) -> 朝向 0
         坐标映射: 拖拽从(745,650)至(500,510) -> 方向滑动至(500,360)
[ACTION] ✅ CV校验通过！网格(3,4)具有高亮绿色(像素:900)，准许拖拽。
[REWARD] 动作已执行，开始 3 次心跳检测 (间隔 0.2s)...
[REWARD] ❌ 第 1 次未检测到目标血条...
[REWARD] ❌ 第 2 次未检测到目标血条...
[REWARD] ❌ 第 3 次未检测到目标血条...
[REWARD] 执行前血条数: 2 -> 最终确认血条数: 2
[REWARD] 部署失败，计算前后帧 MSE (均方误差) = 3582.72
[REWARD] 动作无效，但游戏仍在进行(画面有变化)。奖励 -0.2 (已清空无作为计数器)
[TemplateMatcher] pause_gear.png -> max conf: 0.908 (needs 0.5, optimal scale: 0.80x)

[STEP 23] 开始执行动作...
[ACTION] AI决定: 选卡 4 -> 放入网格(2,0) -> 朝向 2
         坐标映射: 拖拽从(655,650)至(400,190) -> 方向滑动至(250,190)
[ACTION] ✅ CV校验通过！网格(2,0)具有高亮绿色(像素:391)，准许拖拽。
[REWARD] 动作已执行，开始 3 次心跳检测 (间隔 0.2s)...
[REWARD] ✅ 第 1 次检测命中目标干员血条！
[REWARD] 执行前血条数: 2 -> 最终确认血条数: 3
[REWARD] 🛡️ 背对敌人！(角度: 44.9°)，严厉惩罚 -1.0
[TemplateMatcher] pause_gear.png -> max conf: 0.908 (needs 0.5, optimal scale: 0.80x)

[STEP 24] 开始执行动作...
[ACTION] AI决定: 选卡 6 -> 放入网格(3,4) -> 朝向 2
         坐标映射: 拖拽从(835,650)至(500,510) -> 方向滑动至(350,510)
[ACTION] ⛔ Fast-Fail! 目标网格(3,4)非绿色高亮(绿像素:0)。取消拖拽。
[REWARD] 执行前血条数: 3 -> 最终确认血条数: 0
[REWARD] ⛔ 非法区域/无费用，已被 CV 阻断。奖励 -0.5 (连续无作为: 1次)
[TemplateMatcher] pause_gear.png -> max conf: 0.907 (needs 0.5, optimal scale: 0.80x)

[STEP 25] 开始执行动作...
[ACTION] AI决定: 选卡 3 -> 放入网格(7,2) -> 朝向 1
         坐标映射: 拖拽从(565,650)至(900,350) -> 方向滑动至(900,500)
[ACTION] ✅ CV校验通过！网格(7,2)具有高亮绿色(像素:515)，准许拖拽。
[REWARD] 动作已执行，开始 3 次心跳检测 (间隔 0.2s)...
[REWARD] ❌ 第 1 次未检测到目标血条...
[REWARD] ❌ 第 2 次未检测到目标血条...
[REWARD] ❌ 第 3 次未检测到目标血条...
[REWARD] 执行前血条数: 3 -> 最终确认血条数: 3
[REWARD] 部署失败，计算前后帧 MSE (均方误差) = 321.57
[REWARD] 动作无效，但游戏仍在进行(画面有变化)。奖励 -0.2 (已清空无作为计数器)
[TemplateMatcher] pause_gear.png -> max conf: 0.908 (needs 0.5, optimal scale: 0.80x)

[STEP 26] 开始执行动作...
[ACTION] AI决定: 选卡 0 -> 放入网格(3,4) -> 朝向 2
         坐标映射: 拖拽从(295,650)至(500,510) -> 方向滑动至(350,510)
[ACTION] ⛔ Fast-Fail! 目标网格(3,4)非绿色高亮(绿像素:0)。取消拖拽。
[REWARD] 执行前血条数: 3 -> 最终确认血条数: 0
[REWARD] ⛔ 非法区域/无费用，已被 CV 阻断。奖励 -0.5 (连续无作为: 1次)
[TemplateMatcher] pause_gear.png -> max conf: 0.908 (needs 0.5, optimal scale: 0.80x)

[STEP 27] 开始执行动作...
[ACTION] AI决定: 选卡 8 -> 放入网格(0,3) -> 朝向 0
         坐标映射: 拖拽从(1015,650)至(200,430) -> 方向滑动至(200,280)
[ACTION] ⛔ Fast-Fail! 目标网格(0,3)非绿色高亮(绿像素:0)。取消拖拽。
[REWARD] 执行前血条数: 3 -> 最终确认血条数: 0
[REWARD] ⛔ 非法区域/无费用，已被 CV 阻断。奖励 -0.5 (连续无作为: 2次)
[TemplateMatcher] pause_gear.png -> max conf: 0.908 (needs 0.5, optimal scale: 0.80x)

[STEP 28] 开始执行动作...
[ACTION] AI决定: 选卡 8 -> 放入网格(7,2) -> 朝向 2
         坐标映射: 拖拽从(1015,650)至(900,350) -> 方向滑动至(750,350)
[ACTION] ✅ CV校验通过！网格(7,2)具有高亮绿色(像素:515)，准许拖拽。
[REWARD] 动作已执行，开始 3 次心跳检测 (间隔 0.2s)...
[REWARD] ❌ 第 1 次未检测到目标血条...
[REWARD] ❌ 第 2 次未检测到目标血条...
[REWARD] ❌ 第 3 次未检测到目标血条...
[REWARD] 执行前血条数: 3 -> 最终确认血条数: 3
[REWARD] 部署失败，计算前后帧 MSE (均方误差) = 291.70
[REWARD] 画面未发生明显变化(非法部署)。奖励 -0.5 (连续无作为: 3次)
[TemplateMatcher] pause_gear.png -> max conf: 0.908 (needs 0.5, optimal scale: 0.80x)

[STEP 29] 开始执行动作...
[ACTION] AI决定: 选卡 5 -> 放入网格(1,4) -> 朝向 3
         坐标映射: 拖拽从(745,650)至(300,510) -> 方向滑动至(450,510)
[ACTION] ⛔ Fast-Fail! 目标网格(1,4)非绿色高亮(绿像素:0)。取消拖拽。
[REWARD] 执行前血条数: 2 -> 最终确认血条数: 0
[REWARD] ⛔ 非法区域/无费用，已被 CV 阻断。奖励 -0.5 (连续无作为: 4次)
[TemplateMatcher] pause_gear.png -> max conf: 0.908 (needs 0.5, optimal scale: 0.80x)

[STEP 30] 开始执行动作...
[ACTION] AI决定: 选卡 8 -> 放入网格(0,1) -> 朝向 3
         坐标映射: 拖拽从(1015,650)至(200,270) -> 方向滑动至(350,270)
[ACTION] ⛔ Fast-Fail! 目标网格(0,1)非绿色高亮(绿像素:0)。取消拖拽。
[REWARD] 执行前血条数: 3 -> 最终确认血条数: 0
[REWARD] ⛔ 非法区域/无费用，已被 CV 阻断。奖励 -0.5 (连续无作为: 5次)
[TemplateMatcher] pause_gear.png -> max conf: 0.908 (needs 0.5, optimal scale: 0.80x)

[STEP 31] 开始执行动作...
[ACTION] AI决定: 选卡 2 -> 放入网格(8,1) -> 朝向 1
         坐标映射: 拖拽从(475,650)至(1000,270) -> 方向滑动至(1000,420)
[ACTION] ✅ CV校验通过！网格(8,1)具有高亮绿色(像素:320)，准许拖拽。
[REWARD] 动作已执行，开始 3 次心跳检测 (间隔 0.2s)...
[REWARD] ❌ 第 1 次未检测到目标血条...
[REWARD] ❌ 第 2 次未检测到目标血条...
[REWARD] ❌ 第 3 次未检测到目标血条...
[REWARD] 执行前血条数: 3 -> 最终确认血条数: 3
[REWARD] 部署失败，计算前后帧 MSE (均方误差) = 226.22
[REWARD] 画面未发生明显变化(非法部署)。奖励 -0.5 (连续无作为: 6次)
[TemplateMatcher] pause_gear.png -> max conf: 0.908 (needs 0.5, optimal scale: 0.80x)

[STEP 32] 开始执行动作...
[ACTION] AI决定: 选卡 4 -> 放入网格(4,1) -> 朝向 2
         坐标映射: 拖拽从(655,650)至(600,270) -> 方向滑动至(450,270)
[ACTION] ⛔ Fast-Fail! 目标网格(4,1)非绿色高亮(绿像素:0)。取消拖拽。
[REWARD] 执行前血条数: 3 -> 最终确认血条数: 0
[REWARD] ⛔ 非法区域/无费用，已被 CV 阻断。奖励 -0.5 (连续无作为: 7次)
[TemplateMatcher] pause_gear.png -> max conf: 0.908 (needs 0.5, optimal scale: 0.80x)

[STEP 33] 开始执行动作...
[ACTION] AI决定: 选卡 0 -> 放入网格(0,4) -> 朝向 1
         坐标映射: 拖拽从(295,650)至(200,510) -> 方向滑动至(200,660)
[ACTION] ⛔ Fast-Fail! 目标网格(0,4)非绿色高亮(绿像素:0)。取消拖拽。
[REWARD] 执行前血条数: 3 -> 最终确认血条数: 0
[REWARD] ⛔ 非法区域/无费用，已被 CV 阻断。奖励 -0.5 (连续无作为: 8次)
[TemplateMatcher] pause_gear.png -> max conf: 0.908 (needs 0.5, optimal scale: 0.80x)

[STEP 34] 开始执行动作...
[ACTION] AI决定: 💤 挂机 (Skip / Wait for Cost) - 屏幕中上部防误触点击
[REWARD] 执行前血条数: 3 -> 最终确认血条数: 0
[REWARD] 💤 AI 主动挂机等费用，只扣除微小时间惩罚 -0.01
[TemplateMatcher] pause_gear.png -> max conf: 0.908 (needs 0.5, optimal scale: 0.80x)

[STEP 35] 开始执行动作...
[ACTION] AI决定: 选卡 0 -> 放入网格(2,1) -> 朝向 0
         坐标映射: 拖拽从(295,650)至(400,270) -> 方向滑动至(400,120)
[ACTION] ⛔ Fast-Fail! 目标网格(2,1)非绿色高亮(绿像素:0)。取消拖拽。
[REWARD] 执行前血条数: 3 -> 最终确认血条数: 0
[REWARD] ⛔ 非法区域/无费用，已被 CV 阻断。奖励 -0.5 (连续无作为: 1次)
[TemplateMatcher] pause_gear.png -> max conf: 0.908 (needs 0.5, optimal scale: 0.80x)

[STEP 36] 开始执行动作...
[ACTION] AI决定: 选卡 7 -> 放入网格(2,1) -> 朝向 3
         坐标映射: 拖拽从(925,650)至(400,270) -> 方向滑动至(550,270)
[ACTION] ⛔ Fast-Fail! 目标网格(2,1)非绿色高亮(绿像素:0)。取消拖拽。
[REWARD] 执行前血条数: 3 -> 最终确认血条数: 0
[REWARD] ⛔ 非法区域/无费用，已被 CV 阻断。奖励 -0.5 (连续无作为: 2次)
[TemplateMatcher] pause_gear.png -> max conf: 0.908 (needs 0.5, optimal scale: 0.80x)

[STEP 37] 开始执行动作...
[ACTION] AI决定: 选卡 9 -> 放入网格(1,4) -> 朝向 0
         坐标映射: 拖拽从(1105,650)至(300,510) -> 方向滑动至(300,360)
[ACTION] ⛔ Fast-Fail! 目标网格(1,4)非绿色高亮(绿像素:0)。取消拖拽。
[REWARD] 执行前血条数: 3 -> 最终确认血条数: 0
[REWARD] ⛔ 非法区域/无费用，已被 CV 阻断。奖励 -0.5 (连续无作为: 3次)
[TemplateMatcher] pause_gear.png -> max conf: 0.908 (needs 0.5, optimal scale: 0.80x)

[STEP 38] 开始执行动作...
[ACTION] AI决定: 选卡 9 -> 放入网格(8,0) -> 朝向 2
         坐标映射: 拖拽从(1105,650)至(1000,190) -> 方向滑动至(850,190)
[ACTION] ⛔ Fast-Fail! 目标网格(8,0)非绿色高亮(绿像素:0)。取消拖拽。
[REWARD] 执行前血条数: 3 -> 最终确认血条数: 0
[REWARD] ⛔ 非法区域/无费用，已被 CV 阻断。奖励 -0.5 (连续无作为: 4次)
[TemplateMatcher] pause_gear.png -> max conf: 0.908 (needs 0.5, optimal scale: 0.80x)

[STEP 39] 开始执行动作...
[ACTION] AI决定: 选卡 0 -> 放入网格(2,4) -> 朝向 3
         坐标映射: 拖拽从(295,650)至(400,510) -> 方向滑动至(550,510)
[ACTION] ⛔ Fast-Fail! 目标网格(2,4)非绿色高亮(绿像素:0)。取消拖拽。
[REWARD] 执行前血条数: 3 -> 最终确认血条数: 0
[REWARD] ⛔ 非法区域/无费用，已被 CV 阻断。奖励 -0.5 (连续无作为: 5次)
[TemplateMatcher] pause_gear.png -> max conf: 0.908 (needs 0.5, optimal scale: 0.80x)

[STEP 40] 开始执行动作...
[ACTION] AI决定: 选卡 8 -> 放入网格(2,1) -> 朝向 2
         坐标映射: 拖拽从(1015,650)至(400,270) -> 方向滑动至(250,270)
[ACTION] ⛔ Fast-Fail! 目标网格(2,1)非绿色高亮(绿像素:0)。取消拖拽。
[REWARD] 执行前血条数: 3 -> 最终确认血条数: 0
[REWARD] ⛔ 非法区域/无费用，已被 CV 阻断。奖励 -0.5 (连续无作为: 6次)
[TemplateMatcher] pause_gear.png -> max conf: 0.908 (needs 0.5, optimal scale: 0.80x)

[STEP 41] 开始执行动作...
[ACTION] AI决定: 选卡 0 -> 放入网格(0,1) -> 朝向 0
         坐标映射: 拖拽从(295,650)至(200,270) -> 方向滑动至(200,120)
[ACTION] ⛔ Fast-Fail! 目标网格(0,1)非绿色高亮(绿像素:0)。取消拖拽。
[REWARD] 执行前血条数: 3 -> 最终确认血条数: 0
[REWARD] ⛔ 非法区域/无费用，已被 CV 阻断。奖励 -0.5 (连续无作为: 7次)
[TemplateMatcher] pause_gear.png -> max conf: 0.907 (needs 0.5, optimal scale: 0.80x)

[STEP 42] 开始执行动作...
[ACTION] AI决定: 选卡 6 -> 放入网格(3,1) -> 朝向 0
         坐标映射: 拖拽从(835,650)至(500,270) -> 方向滑动至(500,120)
[ACTION] ✅ CV校验通过！网格(3,1)具有高亮绿色(像素:755)，准许拖拽。
[REWARD] 动作已执行，开始 3 次心跳检测 (间隔 0.2s)...
[REWARD] ✅ 第 1 次检测命中目标干员血条！
[REWARD] 执行前血条数: 2 -> 最终确认血条数: 4
[REWARD] 🎯 完美落子！部署点靠近敌人 (距离: 33.4)，奖励 +2.0
[REWARD] 🛡️ 背对敌人！(角度: 331.7°)，严厉惩罚 -1.0
[TemplateMatcher] pause_gear.png -> max conf: 0.908 (needs 0.5, optimal scale: 0.80x)

[STEP 43] 开始执行动作...
[ACTION] AI决定: 选卡 4 -> 放入网格(8,0) -> 朝向 1
         坐标映射: 拖拽从(655,650)至(1000,190) -> 方向滑动至(1000,340)
[ACTION] ✅ CV校验通过！网格(8,0)具有高亮绿色(像素:900)，准许拖拽。
[REWARD] 动作已执行，开始 3 次心跳检测 (间隔 0.2s)...
[REWARD] ✅ 第 1 次检测命中目标干员血条！
[REWARD] 执行前血条数: 4 -> 最终确认血条数: 5
[REWARD] 场上暂无移动目标，仅发放基础部署奖励 +1.0
[TemplateMatcher] pause_gear.png -> max conf: 0.908 (needs 0.5, optimal scale: 0.80x)

[STEP 44] 开始执行动作...
[ACTION] AI决定: 选卡 8 -> 放入网格(7,4) -> 朝向 1
         坐标映射: 拖拽从(1015,650)至(900,510) -> 方向滑动至(900,660)
[ACTION] ⛔ Fast-Fail! 目标网格(7,4)非绿色高亮(绿像素:0)。取消拖拽。
[REWARD] 执行前血条数: 5 -> 最终确认血条数: 0
[REWARD] ⛔ 非法区域/无费用，已被 CV 阻断。奖励 -0.5 (连续无作为: 1次)
[TemplateMatcher] pause_gear.png -> max conf: 0.908 (needs 0.5, optimal scale: 0.80x)

[STEP 45] 开始执行动作...
[ACTION] AI决定: 选卡 6 -> 放入网格(7,3) -> 朝向 2
         坐标映射: 拖拽从(835,650)至(900,430) -> 方向滑动至(750,430)
[ACTION] ✅ CV校验通过！网格(7,3)具有高亮绿色(像素:523)，准许拖拽。
[REWARD] 动作已执行，开始 3 次心跳检测 (间隔 0.2s)...
[REWARD] ❌ 第 1 次未检测到目标血条...
[REWARD] ❌ 第 2 次未检测到目标血条...
[REWARD] ❌ 第 3 次未检测到目标血条...
[REWARD] 执行前血条数: 5 -> 最终确认血条数: 5
[REWARD] 部署失败，计算前后帧 MSE (均方误差) = 491.40
[REWARD] 动作无效，但游戏仍在进行(画面有变化)。奖励 -0.2 (已清空无作为计数器)
[TemplateMatcher] pause_gear.png -> max conf: 0.908 (needs 0.5, optimal scale: 0.80x)

[STEP 46] 开始执行动作...
[ACTION] AI决定: 选卡 7 -> 放入网格(8,2) -> 朝向 3
         坐标映射: 拖拽从(925,650)至(1000,350) -> 方向滑动至(1150,350)
[ACTION] ✅ CV校验通过！网格(8,2)具有高亮绿色(像素:812)，准许拖拽。
[REWARD] 动作已执行，开始 3 次心跳检测 (间隔 0.2s)...
[REWARD] ❌ 第 1 次未检测到目标血条...
[REWARD] ❌ 第 2 次未检测到目标血条...
[REWARD] ❌ 第 3 次未检测到目标血条...
[REWARD] 执行前血条数: 5 -> 最终确认血条数: 5
[REWARD] 部署失败，计算前后帧 MSE (均方误差) = 294.73
[REWARD] 画面未发生明显变化(非法部署)。奖励 -0.5 (连续无作为: 1次)
[TemplateMatcher] pause_gear.png -> max conf: 0.908 (needs 0.5, optimal scale: 0.80x)

[STEP 47] 开始执行动作...
[ACTION] AI决定: 选卡 8 -> 放入网格(7,4) -> 朝向 3
         坐标映射: 拖拽从(1015,650)至(900,510) -> 方向滑动至(1050,510)
[ACTION] ⛔ Fast-Fail! 目标网格(7,4)非绿色高亮(绿像素:0)。取消拖拽。
[REWARD] 执行前血条数: 5 -> 最终确认血条数: 0
[REWARD] ⛔ 非法区域/无费用，已被 CV 阻断。奖励 -0.5 (连续无作为: 2次)
[TemplateMatcher] pause_gear.png -> max conf: 0.908 (needs 0.5, optimal scale: 0.80x)

[STEP 48] 开始执行动作...
[ACTION] AI决定: 选卡 7 -> 放入网格(9,1) -> 朝向 3
         坐标映射: 拖拽从(925,650)至(1100,270) -> 方向滑动至(1250,270)
[ACTION] ⛔ Fast-Fail! 目标网格(9,1)非绿色高亮(绿像素:0)。取消拖拽。
[REWARD] 执行前血条数: 5 -> 最终确认血条数: 0
[REWARD] ⛔ 非法区域/无费用，已被 CV 阻断。奖励 -0.5 (连续无作为: 3次)
[TemplateMatcher] pause_gear.png -> max conf: 0.908 (needs 0.5, optimal scale: 0.80x)

[STEP 49] 开始执行动作...
[ACTION] AI决定: 选卡 0 -> 放入网格(7,1) -> 朝向 0
         坐标映射: 拖拽从(295,650)至(900,270) -> 方向滑动至(900,120)
[ACTION] ✅ CV校验通过！网格(7,1)具有高亮绿色(像素:900)，准许拖拽。
[REWARD] 动作已执行，开始 3 次心跳检测 (间隔 0.2s)...
[REWARD] ❌ 第 1 次未检测到目标血条...
[REWARD] ❌ 第 2 次未检测到目标血条...
[REWARD] ❌ 第 3 次未检测到目标血条...
[REWARD] 执行前血条数: 5 -> 最终确认血条数: 0
[REWARD] 部署失败，计算前后帧 MSE (均方误差) = 2548.23
[REWARD] 动作无效，但游戏仍在进行(画面有变化)。奖励 -0.2 (已清空无作为计数器)
[TemplateMatcher] pause_gear.png -> max conf: 0.637 (needs 0.5, optimal scale: 1.20x)

[STEP 50] 开始执行动作...
[ACTION] AI决定: 选卡 2 -> 放入网格(5,0) -> 朝向 3
         坐标映射: 拖拽从(475,650)至(700,190) -> 方向滑动至(850,190)
[ACTION] ⛔ Fast-Fail! 目标网格(5,0)非绿色高亮(绿像素:0)。取消拖拽。
[REWARD] 执行前血条数: 0 -> 最终确认血条数: 0
[REWARD] ⛔ 非法区域/无费用，已被 CV 阻断。奖励 -0.5 (连续无作为: 1次)
[TemplateMatcher] pause_gear.png -> max conf: 0.677 (needs 0.5, optimal scale: 0.80x)

[STEP 51] 开始执行动作...
[ACTION] AI决定: 选卡 4 -> 放入网格(9,2) -> 朝向 2
         坐标映射: 拖拽从(655,650)至(1100,350) -> 方向滑动至(950,350)
[ACTION] ⛔ Fast-Fail! 目标网格(9,2)非绿色高亮(绿像素:0)。取消拖拽。
[REWARD] 执行前血条数: 0 -> 最终确认血条数: 0
[REWARD] ⛔ 非法区域/无费用，已被 CV 阻断。奖励 -0.5 (连续无作为: 2次)
[TemplateMatcher] pause_gear.png -> max conf: 0.000 (needs 0.5, optimal scale: 0.80x)
[ENV] ⚠️ 未检测到右上角齿轮图标！(连续 1/3 次)

[STEP 52] 开始执行动作...
[ACTION] AI决定: 选卡 7 -> 放入网格(1,3) -> 朝向 1
         坐标映射: 拖拽从(925,650)至(300,430) -> 方向滑动至(300,580)
[ACTION] ⛔ Fast-Fail! 目标网格(1,3)非绿色高亮(绿像素:0)。取消拖拽。
[REWARD] 执行前血条数: 0 -> 最终确认血条数: 0
[REWARD] ⛔ 非法区域/无费用，已被 CV 阻断。奖励 -0.5 (连续无作为: 3次)
[TemplateMatcher] pause_gear.png -> max conf: 0.000 (needs 0.5, optimal scale: 0.80x)
[ENV] ⚠️ 未检测到右上角齿轮图标！(连续 2/3 次)

[STEP 53] 开始执行动作...
[ACTION] AI决定: 选卡 3 -> 放入网格(3,1) -> 朝向 3
         坐标映射: 拖拽从(565,650)至(500,270) -> 方向滑动至(650,270)
[ACTION] ⛔ Fast-Fail! 目标网格(3,1)非绿色高亮(绿像素:0)。取消拖拽。
[REWARD] 执行前血条数: 0 -> 最终确认血条数: 0
[REWARD] ⛔ 非法区域/无费用，已被 CV 阻断。奖励 -0.5 (连续无作为: 4次)
[TemplateMatcher] pause_gear.png -> max conf: 0.000 (needs 0.5, optimal scale: 0.80x)
[ENV] ⚠️ 未检测到右上角齿轮图标！(连续 3/3 次)
[ENV] 🚨 优先级 3 触发：齿轮彻底消失，战斗已结束！

================= 回合结束，开始自动重启关卡 =================
[TemplateMatcher] pause_gear.png -> max conf: 0.000 (needs 0.7, optimal scale: 0.80x)
[DEBUG] 未匹配 [pause_gear] (要求阈值 0.7)
[TemplateMatcher] start_action.png -> max conf: 0.000 (needs 0.45, optimal scale: 0.80x)
[DEBUG] 未匹配 [start_action] (要求阈值 0.45)
[TemplateMatcher] practice.png -> max conf: 0.000 (needs 0.5, optimal scale: 0.80x)
[DEBUG] 未匹配 [practice] (要求阈值 0.5)
[TemplateMatcher] stage_1_7.png -> max conf: 0.000 (needs 0.5, optimal scale: 0.80x)
[DEBUG] 未匹配 [stage_1_7] (要求阈值 0.5)
[RESET] 尝试跳过动画/寻找入口... (尝试 1/100)
[TemplateMatcher] pause_gear.png -> max conf: 0.617 (needs 0.7, optimal scale: 0.80x)
[DEBUG] 未匹配 [pause_gear] (要求阈值 0.7)
[TemplateMatcher] start_action.png -> max conf: -0.055 (needs 0.45, optimal scale: 0.80x)
[DEBUG] 未匹配 [start_action] (要求阈值 0.45)
[TemplateMatcher] practice.png -> max conf: 0.461 (needs 0.5, optimal scale: 0.80x)
[DEBUG] 未匹配 [practice] (要求阈值 0.5)
[TemplateMatcher] stage_1_7.png -> max conf: 0.382 (needs 0.5, optimal scale: 0.95x)
[DEBUG] 未匹配 [stage_1_7] (要求阈值 0.5)
[RESET] 尝试跳过动画/寻找入口... (尝试 2/100)
[TemplateMatcher] pause_gear.png -> max conf: 0.617 (needs 0.7, optimal scale: 0.80x)
[DEBUG] 未匹配 [pause_gear] (要求阈值 0.7)
[TemplateMatcher] start_action.png -> max conf: -0.055 (needs 0.45, optimal scale: 0.80x)
[DEBUG] 未匹配 [start_action] (要求阈值 0.45)
[TemplateMatcher] practice.png -> max conf: 0.461 (needs 0.5, optimal scale: 0.80x)
[DEBUG] 未匹配 [practice] (要求阈值 0.5)
[TemplateMatcher] stage_1_7.png -> max conf: 0.382 (needs 0.5, optimal scale: 0.95x)
[DEBUG] 未匹配 [stage_1_7] (要求阈值 0.5)
[RESET] 尝试跳过动画/寻找入口... (尝试 3/100)
[TemplateMatcher] pause_gear.png -> max conf: 0.490 (needs 0.7, optimal scale: 0.80x)
[DEBUG] 未匹配 [pause_gear] (要求阈值 0.7)
[TemplateMatcher] start_action.png -> max conf: -0.034 (needs 0.45, optimal scale: 0.80x)
[DEBUG] 未匹配 [start_action] (要求阈值 0.45)
[TemplateMatcher] practice.png -> max conf: 0.522 (needs 0.5, optimal scale: 0.80x)
[RESET] 找到 [practice] (置信度 0.52 >= 0.5)，点击 (533, 603)
[RESET] 点击演习按钮
[TemplateMatcher] pause_gear.png -> max conf: 0.490 (needs 0.7, optimal scale: 0.80x)
[DEBUG] 未匹配 [pause_gear] (要求阈值 0.7)
[TemplateMatcher] start_action.png -> max conf: -0.034 (needs 0.45, optimal scale: 0.80x)
[DEBUG] 未匹配 [start_action] (要求阈值 0.45)
[TemplateMatcher] practice.png -> max conf: 0.522 (needs 0.5, optimal scale: 0.80x)
[RESET] 找到 [practice] (置信度 0.52 >= 0.5)，点击 (533, 603)
[RESET] 点击演习按钮
[TemplateMatcher] pause_gear.png -> max conf: 0.490 (needs 0.7, optimal scale: 0.80x)
[DEBUG] 未匹配 [pause_gear] (要求阈值 0.7)
[TemplateMatcher] start_action.png -> max conf: -0.034 (needs 0.45, optimal scale: 0.80x)
[DEBUG] 未匹配 [start_action] (要求阈值 0.45)
[TemplateMatcher] practice.png -> max conf: 0.522 (needs 0.5, optimal scale: 0.80x)
[RESET] 找到 [practice] (置信度 0.52 >= 0.5)，点击 (533, 603)
[RESET] 点击演习按钮
[TemplateMatcher] pause_gear.png -> max conf: 0.473 (needs 0.7, optimal scale: 0.90x)
[DEBUG] 未匹配 [pause_gear] (要求阈值 0.7)
[TemplateMatcher] start_action.png -> max conf: 0.037 (needs 0.45, optimal scale: 0.80x)
[DEBUG] 未匹配 [start_action] (要求阈值 0.45)
[TemplateMatcher] practice.png -> max conf: 0.489 (needs 0.5, optimal scale: 0.85x)
[DEBUG] 未匹配 [practice] (要求阈值 0.5)
[TemplateMatcher] stage_1_7.png -> max conf: 0.712 (needs 0.5, optimal scale: 0.80x)
[RESET] 找到 [stage_1_7] (置信度 0.71 >= 0.5)，点击 (638, 224)
[RESET] 点击关卡 1-7 图标
[TemplateMatcher] pause_gear.png -> max conf: 0.612 (needs 0.7, optimal scale: 1.10x)
[DEBUG] 未匹配 [pause_gear] (要求阈值 0.7)
[TemplateMatcher] start_action.png -> max conf: 0.100 (needs 0.45, optimal scale: 0.80x)
[DEBUG] 未匹配 [start_action] (要求阈值 0.45)
[TemplateMatcher] practice.png -> max conf: 0.687 (needs 0.5, optimal scale: 0.80x)
[RESET] 找到 [practice] (置信度 0.69 >= 0.5)，点击 (935, 660)
[RESET] 点击演习按钮
[TemplateMatcher] pause_gear.png -> max conf: 0.470 (needs 0.7, optimal scale: 1.05x)
[DEBUG] 未匹配 [pause_gear] (要求阈值 0.7)
[TemplateMatcher] start_action.png -> max conf: 0.451 (needs 0.45, optimal scale: 0.80x)
[RESET] 找到 [start_action] (置信度 0.45 >= 0.45)，点击 (1101, 513)
[RESET] 点击开始行动，进入加载...
[TemplateMatcher] pause_gear.png -> max conf: 0.000 (needs 0.7, optimal scale: 0.80x)
[DEBUG] 未匹配 [pause_gear] (要求阈值 0.7)
[TemplateMatcher] start_action.png -> max conf: 0.000 (needs 0.45, optimal scale: 0.80x)
[DEBUG] 未匹配 [start_action] (要求阈值 0.45)
[TemplateMatcher] practice.png -> max conf: 0.000 (needs 0.5, optimal scale: 0.80x)
[DEBUG] 未匹配 [practice] (要求阈值 0.5)
[TemplateMatcher] stage_1_7.png -> max conf: 0.000 (needs 0.5, optimal scale: 0.80x)
[DEBUG] 未匹配 [stage_1_7] (要求阈值 0.5)
[RESET] 尝试跳过动画/寻找入口... (尝试 10/100)
[TemplateMatcher] pause_gear.png -> max conf: 0.000 (needs 0.7, optimal scale: 0.80x)
[DEBUG] 未匹配 [pause_gear] (要求阈值 0.7)
[TemplateMatcher] start_action.png -> max conf: 0.000 (needs 0.45, optimal scale: 0.80x)
[DEBUG] 未匹配 [start_action] (要求阈值 0.45)
[TemplateMatcher] practice.png -> max conf: 0.000 (needs 0.5, optimal scale: 0.80x)
[DEBUG] 未匹配 [practice] (要求阈值 0.5)
[TemplateMatcher] stage_1_7.png -> max conf: 0.000 (needs 0.5, optimal scale: 0.80x)
[DEBUG] 未匹配 [stage_1_7] (要求阈值 0.5)
[RESET] 尝试跳过动画/寻找入口... (尝试 11/100)
[TemplateMatcher] pause_gear.png -> max conf: 0.511 (needs 0.7, optimal scale: 1.20x)
[DEBUG] 未匹配 [pause_gear] (要求阈值 0.7)
[TemplateMatcher] start_action.png -> max conf: -0.063 (needs 0.45, optimal scale: 0.80x)
[DEBUG] 未匹配 [start_action] (要求阈值 0.45)
[TemplateMatcher] practice.png -> max conf: 0.379 (needs 0.5, optimal scale: 0.90x)
[DEBUG] 未匹配 [practice] (要求阈值 0.5)
[TemplateMatcher] stage_1_7.png -> max conf: 0.411 (needs 0.5, optimal scale: 0.90x)
[DEBUG] 未匹配 [stage_1_7] (要求阈值 0.5)
[RESET] 尝试跳过动画/寻找入口... (尝试 12/100)
[TemplateMatcher] pause_gear.png -> max conf: 0.511 (needs 0.7, optimal scale: 1.20x)
[DEBUG] 未匹配 [pause_gear] (要求阈值 0.7)
[TemplateMatcher] start_action.png -> max conf: -0.063 (needs 0.45, optimal scale: 0.80x)
[DEBUG] 未匹配 [start_action] (要求阈值 0.45)
[TemplateMatcher] practice.png -> max conf: 0.379 (needs 0.5, optimal scale: 0.90x)
[DEBUG] 未匹配 [practice] (要求阈值 0.5)
[TemplateMatcher] stage_1_7.png -> max conf: 0.411 (needs 0.5, optimal scale: 0.90x)
[DEBUG] 未匹配 [stage_1_7] (要求阈值 0.5)
[RESET] 尝试跳过动画/寻找入口... (尝试 13/100)
[TemplateMatcher] pause_gear.png -> max conf: 0.215 (needs 0.7, optimal scale: 1.20x)
[DEBUG] 未匹配 [pause_gear] (要求阈值 0.7)
[TemplateMatcher] start_action.png -> max conf: 0.224 (needs 0.45, optimal scale: 0.80x)
[DEBUG] 未匹配 [start_action] (要求阈值 0.45)
[TemplateMatcher] practice.png -> max conf: 0.345 (needs 0.5, optimal scale: 0.80x)
[DEBUG] 未匹配 [practice] (要求阈值 0.5)
[TemplateMatcher] stage_1_7.png -> max conf: 0.271 (needs 0.5, optimal scale: 0.80x)
[DEBUG] 未匹配 [stage_1_7] (要求阈值 0.5)
[RESET] 尝试跳过动画/寻找入口... (尝试 14/100)
[TemplateMatcher] pause_gear.png -> max conf: 0.211 (needs 0.7, optimal scale: 1.05x)
[DEBUG] 未匹配 [pause_gear] (要求阈值 0.7)
[TemplateMatcher] start_action.png -> max conf: 0.202 (needs 0.45, optimal scale: 0.80x)
[DEBUG] 未匹配 [start_action] (要求阈值 0.45)
[TemplateMatcher] practice.png -> max conf: 0.297 (needs 0.5, optimal scale: 0.80x)
[DEBUG] 未匹配 [practice] (要求阈值 0.5)
[TemplateMatcher] stage_1_7.png -> max conf: 0.277 (needs 0.5, optimal scale: 0.85x)
[DEBUG] 未匹配 [stage_1_7] (要求阈值 0.5)
[RESET] 尝试跳过动画/寻找入口... (尝试 15/100)
[TemplateMatcher] pause_gear.png -> max conf: 0.833 (needs 0.7, optimal scale: 0.80x)
[RESET] 找到 [pause_gear] (置信度 0.83 >= 0.7)，(仅检测，不点击)
[RESET] ✅ 检测到战斗画面右上角齿轮，重启成功！
================= 关卡重启流程结束 =================

--> [回合结束] 第 1 回合 | 奖励: -5.7 | 步数: 53

[STEP 1] 开始执行动作...
[ACTION] AI决定: 选卡 3 -> 放入网格(7,4) -> 朝向 3
         坐标映射: 拖拽从(565,650)至(900,510) -> 方向滑动至(1050,510)
[ACTION] ⛔ Fast-Fail! 目标网格(7,4)非绿色高亮(绿像素:0)。取消拖拽。
[REWARD] 执行前血条数: 0 -> 最终确认血条数: 0
[REWARD] ⛔ 非法区域/无费用，已被 CV 阻断。奖励 -0.5 (连续无作为: 5次)
[TemplateMatcher] pause_gear.png -> max conf: 0.907 (needs 0.5, optimal scale: 0.80x)

[STEP 2] 开始执行动作...
[ACTION] AI决定: 选卡 8 -> 放入网格(8,2) -> 朝向 0
         坐标映射: 拖拽从(1015,650)至(1000,350) -> 方向滑动至(1000,200)
[ACTION] ✅ CV校验通过！网格(8,2)具有高亮绿色(像素:669)，准许拖拽。
[REWARD] 动作已执行，开始 3 次心跳检测 (间隔 0.2s)...
[REWARD] ❌ 第 1 次未检测到目标血条...
[REWARD] ❌ 第 2 次未检测到目标血条...
[REWARD] ❌ 第 3 次未检测到目标血条...
[REWARD] 执行前血条数: 0 -> 最终确认血条数: 0
[REWARD] 部署失败，计算前后帧 MSE (均方误差) = 170.96
[REWARD] 画面未发生明显变化(非法部署)。奖励 -0.5 (连续无作为: 6次)
[TemplateMatcher] pause_gear.png -> max conf: 0.909 (needs 0.5, optimal scale: 0.80x)

[STEP 3] 开始执行动作...
[ACTION] AI决定: 选卡 8 -> 放入网格(2,2) -> 朝向 0
         坐标映射: 拖拽从(1015,650)至(400,350) -> 方向滑动至(400,200)
[ACTION] ⛔ Fast-Fail! 目标网格(2,2)非绿色高亮(绿像素:0)。取消拖拽。
[REWARD] 执行前血条数: 0 -> 最终确认血条数: 0
[REWARD] ⛔ 非法区域/无费用，已被 CV 阻断。奖励 -0.5 (连续无作为: 7次)
[TemplateMatcher] pause_gear.png -> max conf: 0.907 (needs 0.5, optimal scale: 0.80x)

[STEP 4] 开始执行动作...
[ACTION] AI决定: 选卡 0 -> 放入网格(3,1) -> 朝向 1
         坐标映射: 拖拽从(295,650)至(500,270) -> 方向滑动至(500,420)
[ACTION] ✅ CV校验通过！网格(3,1)具有高亮绿色(像素:757)，准许拖拽。
[REWARD] 动作已执行，开始 3 次心跳检测 (间隔 0.2s)...
[REWARD] ✅ 第 1 次检测命中目标干员血条！
[REWARD] 执行前血条数: 0 -> 最终确认血条数: 1
[REWARD] 🛡️ 背对敌人！(角度: 348.3°)，严厉惩罚 -1.0
[TemplateMatcher] pause_gear.png -> max conf: 0.908 (needs 0.5, optimal scale: 0.80x)

[STEP 5] 开始执行动作...
[ACTION] AI决定: 选卡 8 -> 放入网格(6,4) -> 朝向 2
         坐标映射: 拖拽从(1015,650)至(800,510) -> 方向滑动至(650,510)
[ACTION] ⛔ Fast-Fail! 目标网格(6,4)非绿色高亮(绿像素:0)。取消拖拽。
[REWARD] 执行前血条数: 1 -> 最终确认血条数: 0
[REWARD] ⛔ 非法区域/无费用，已被 CV 阻断。奖励 -0.5 (连续无作为: 1次)
[TemplateMatcher] pause_gear.png -> max conf: 0.908 (needs 0.5, optimal scale: 0.80x)

[STEP 6] 开始执行动作...
[ACTION] AI决定: 选卡 7 -> 放入网格(3,3) -> 朝向 2
         坐标映射: 拖拽从(925,650)至(500,430) -> 方向滑动至(350,430)
[ACTION] ✅ CV校验通过！网格(3,3)具有高亮绿色(像素:898)，准许拖拽。
[REWARD] 动作已执行，开始 3 次心跳检测 (间隔 0.2s)...
[REWARD] ✅ 第 1 次检测命中目标干员血条！
[REWARD] 执行前血条数: 1 -> 最终确认血条数: 1
[REWARD] 🛡️ 背对敌人！(角度: 231.7°)，严厉惩罚 -1.0
[TemplateMatcher] pause_gear.png -> max conf: 0.908 (needs 0.5, optimal scale: 0.80x)

[STEP 7] 开始执行动作...
[ACTION] AI决定: 选卡 8 -> 放入网格(4,2) -> 朝向 2
         坐标映射: 拖拽从(1015,650)至(600,350) -> 方向滑动至(450,350)
[ACTION] ⛔ Fast-Fail! 目标网格(4,2)非绿色高亮(绿像素:0)。取消拖拽。
[REWARD] 执行前血条数: 1 -> 最终确认血条数: 0
[REWARD] ⛔ 非法区域/无费用，已被 CV 阻断。奖励 -0.5 (连续无作为: 1次)
[TemplateMatcher] pause_gear.png -> max conf: 0.908 (needs 0.5, optimal scale: 0.80x)

[STEP 8] 开始执行动作...
[ACTION] AI决定: 选卡 5 -> 放入网格(2,1) -> 朝向 2
         坐标映射: 拖拽从(745,650)至(400,270) -> 方向滑动至(250,270)
[ACTION] ⛔ Fast-Fail! 目标网格(2,1)非绿色高亮(绿像素:9)。取消拖拽。
[REWARD] 执行前血条数: 1 -> 最终确认血条数: 0
[REWARD] ⛔ 非法区域/无费用，已被 CV 阻断。奖励 -0.5 (连续无作为: 2次)
[TemplateMatcher] pause_gear.png -> max conf: 0.908 (needs 0.5, optimal scale: 0.80x)

[STEP 9] 开始执行动作...
[ACTION] AI决定: 选卡 8 -> 放入网格(9,1) -> 朝向 3
         坐标映射: 拖拽从(1015,650)至(1100,270) -> 方向滑动至(1250,270)
[ACTION] ⛔ Fast-Fail! 目标网格(9,1)非绿色高亮(绿像素:0)。取消拖拽。
[REWARD] 执行前血条数: 1 -> 最终确认血条数: 0
[REWARD] ⛔ 非法区域/无费用，已被 CV 阻断。奖励 -0.5 (连续无作为: 3次)
[TemplateMatcher] pause_gear.png -> max conf: 0.908 (needs 0.5, optimal scale: 0.80x)

[STEP 10] 开始执行动作...
[ACTION] AI决定: 选卡 0 -> 放入网格(0,3) -> 朝向 0
         坐标映射: 拖拽从(295,650)至(200,430) -> 方向滑动至(200,280)
[ACTION] ✅ CV校验通过！网格(0,3)具有高亮绿色(像素:50)，准许拖拽。
[REWARD] 动作已执行，开始 3 次心跳检测 (间隔 0.2s)...
[REWARD] ❌ 第 1 次未检测到目标血条...
[REWARD] ❌ 第 2 次未检测到目标血条...
[REWARD] ❌ 第 3 次未检测到目标血条...
[REWARD] 执行前血条数: 1 -> 最终确认血条数: 1
[REWARD] 部署失败，计算前后帧 MSE (均方误差) = 225.99
[REWARD] 画面未发生明显变化(非法部署)。奖励 -0.5 (连续无作为: 4次)
[TemplateMatcher] pause_gear.png -> max conf: 0.908 (needs 0.5, optimal scale: 0.80x)

[STEP 11] 开始执行动作...
[ACTION] AI决定: 选卡 0 -> 放入网格(3,2) -> 朝向 0
         坐标映射: 拖拽从(295,650)至(500,350) -> 方向滑动至(500,200)
[ACTION] ✅ CV校验通过！网格(3,2)具有高亮绿色(像素:68)，准许拖拽。
[REWARD] 动作已执行，开始 3 次心跳检测 (间隔 0.2s)...
[REWARD] ❌ 第 1 次未检测到目标血条...
[REWARD] ❌ 第 2 次未检测到目标血条...
[REWARD] ❌ 第 3 次未检测到目标血条...
[REWARD] 执行前血条数: 1 -> 最终确认血条数: 1
[REWARD] 部署失败，计算前后帧 MSE (均方误差) = 272.25
[REWARD] 画面未发生明显变化(非法部署)。奖励 -0.5 (连续无作为: 5次)
[TemplateMatcher] pause_gear.png -> max conf: 0.908 (needs 0.5, optimal scale: 0.80x)

[STEP 12] 开始执行动作...
[ACTION] AI决定: 选卡 4 -> 放入网格(9,0) -> 朝向 1
         坐标映射: 拖拽从(655,650)至(1100,190) -> 方向滑动至(1100,340)
[ACTION] ⛔ Fast-Fail! 目标网格(9,0)非绿色高亮(绿像素:0)。取消拖拽。
[REWARD] 执行前血条数: 1 -> 最终确认血条数: 0
[REWARD] ⛔ 非法区域/无费用，已被 CV 阻断。奖励 -0.5 (连续无作为: 6次)
[TemplateMatcher] pause_gear.png -> max conf: 0.908 (needs 0.5, optimal scale: 0.80x)

[STEP 13] 开始执行动作...
[ACTION] AI决定: 选卡 0 -> 放入网格(5,1) -> 朝向 2
         坐标映射: 拖拽从(295,650)至(700,270) -> 方向滑动至(550,270)
[ACTION] ✅ CV校验通过！网格(5,1)具有高亮绿色(像素:900)，准许拖拽。
[REWARD] 动作已执行，开始 3 次心跳检测 (间隔 0.2s)...
[REWARD] ❌ 第 1 次未检测到目标血条...
[REWARD] ❌ 第 2 次未检测到目标血条...
[REWARD] ❌ 第 3 次未检测到目标血条...
[REWARD] 执行前血条数: 1 -> 最终确认血条数: 1
[REWARD] 部署失败，计算前后帧 MSE (均方误差) = 300.03
[REWARD] 动作无效，但游戏仍在进行(画面有变化)。奖励 -0.2 (已清空无作为计数器)
[TemplateMatcher] pause_gear.png -> max conf: 0.908 (needs 0.5, optimal scale: 0.80x)

[STEP 14] 开始执行动作...
[ACTION] AI决定: 选卡 4 -> 放入网格(3,3) -> 朝向 1
         坐标映射: 拖拽从(655,650)至(500,430) -> 方向滑动至(500,580)
[ACTION] ⛔ Fast-Fail! 目标网格(3,3)非绿色高亮(绿像素:0)。取消拖拽。
[REWARD] 执行前血条数: 1 -> 最终确认血条数: 0
[REWARD] ⛔ 非法区域/无费用，已被 CV 阻断。奖励 -0.5 (连续无作为: 1次)
[TemplateMatcher] pause_gear.png -> max conf: 0.908 (needs 0.5, optimal scale: 0.80x)

[STEP 15] 开始执行动作...
[ACTION] AI决定: 选卡 3 -> 放入网格(3,1) -> 朝向 2
         坐标映射: 拖拽从(565,650)至(500,270) -> 方向滑动至(350,270)
[ACTION] ⛔ Fast-Fail! 目标网格(3,1)非绿色高亮(绿像素:5)。取消拖拽。
[REWARD] 执行前血条数: 1 -> 最终确认血条数: 0
[REWARD] ⛔ 非法区域/无费用，已被 CV 阻断。奖励 -0.5 (连续无作为: 2次)
[TemplateMatcher] pause_gear.png -> max conf: 0.907 (needs 0.5, optimal scale: 0.80x)

[STEP 16] 开始执行动作...
[ACTION] AI决定: 选卡 6 -> 放入网格(6,1) -> 朝向 1
         坐标映射: 拖拽从(835,650)至(800,270) -> 方向滑动至(800,420)
[ACTION] ⛔ Fast-Fail! 目标网格(6,1)非绿色高亮(绿像素:10)。取消拖拽。
[REWARD] 执行前血条数: 1 -> 最终确认血条数: 0
[REWARD] ⛔ 非法区域/无费用，已被 CV 阻断。奖励 -0.5 (连续无作为: 3次)
[TemplateMatcher] pause_gear.png -> max conf: 0.907 (needs 0.5, optimal scale: 0.80x)

[STEP 17] 开始执行动作...
[ACTION] AI决定: 选卡 8 -> 放入网格(5,1) -> 朝向 3
         坐标映射: 拖拽从(1015,650)至(700,270) -> 方向滑动至(850,270)
[ACTION] ✅ CV校验通过！网格(5,1)具有高亮绿色(像素:900)，准许拖拽。
[REWARD] 动作已执行，开始 3 次心跳检测 (间隔 0.2s)...
[REWARD] ✅ 第 1 次检测命中目标干员血条！
[REWARD] 执行前血条数: 1 -> 最终确认血条数: 2
[REWARD] 🎯 完美落子！部署点靠近敌人 (距离: 113.2)，奖励 +2.0
[REWARD] 🛡️ 背对敌人！(角度: 133.2°)，严厉惩罚 -1.0
[TemplateMatcher] pause_gear.png -> max conf: 0.908 (needs 0.5, optimal scale: 0.80x)

[STEP 18] 开始执行动作...
[ACTION] AI决定: 选卡 8 -> 放入网格(4,0) -> 朝向 3
         坐标映射: 拖拽从(1015,650)至(600,190) -> 方向滑动至(750,190)
[ACTION] ✅ CV校验通过！网格(4,0)具有高亮绿色(像素:705)，准许拖拽。
[REWARD] 动作已执行，开始 3 次心跳检测 (间隔 0.2s)...
[REWARD] ✅ 第 1 次检测命中目标干员血条！
[REWARD] 执行前血条数: 2 -> 最终确认血条数: 2
[REWARD] 场上暂无移动目标，仅发放基础部署奖励 +1.0
[TemplateMatcher] pause_gear.png -> max conf: 0.909 (needs 0.5, optimal scale: 0.80x)

[STEP 19] 开始执行动作...
[ACTION] AI决定: 选卡 1 -> 放入网格(6,2) -> 朝向 0
         坐标映射: 拖拽从(385,650)至(800,350) -> 方向滑动至(800,200)
[ACTION] ⛔ Fast-Fail! 目标网格(6,2)非绿色高亮(绿像素:0)。取消拖拽。
[REWARD] 执行前血条数: 2 -> 最终确认血条数: 0
[REWARD] ⛔ 非法区域/无费用，已被 CV 阻断。奖励 -0.5 (连续无作为: 1次)
[TemplateMatcher] pause_gear.png -> max conf: 0.908 (needs 0.5, optimal scale: 0.80x)

[STEP 20] 开始执行动作...
[ACTION] AI决定: 选卡 7 -> 放入网格(0,4) -> 朝向 2
         坐标映射: 拖拽从(925,650)至(200,510) -> 方向滑动至(50,510)
[ACTION] ⛔ Fast-Fail! 目标网格(0,4)非绿色高亮(绿像素:0)。取消拖拽。
[REWARD] 执行前血条数: 2 -> 最终确认血条数: 0
[REWARD] ⛔ 非法区域/无费用，已被 CV 阻断。奖励 -0.5 (连续无作为: 2次)
[TemplateMatcher] pause_gear.png -> max conf: 0.908 (needs 0.5, optimal scale: 0.80x)

[STEP 21] 开始执行动作...
[ACTION] AI决定: 选卡 5 -> 放入网格(5,2) -> 朝向 0
         坐标映射: 拖拽从(745,650)至(700,350) -> 方向滑动至(700,200)
[ACTION] ⛔ Fast-Fail! 目标网格(5,2)非绿色高亮(绿像素:15)。取消拖拽。
[REWARD] 执行前血条数: 2 -> 最终确认血条数: 0
[REWARD] ⛔ 非法区域/无费用，已被 CV 阻断。奖励 -0.5 (连续无作为: 3次)
[TemplateMatcher] pause_gear.png -> max conf: 0.908 (needs 0.5, optimal scale: 0.80x)

[STEP 22] 开始执行动作...
[ACTION] AI决定: 💤 挂机 (Skip / Wait for Cost) - 屏幕中上部防误触点击
[REWARD] 执行前血条数: 2 -> 最终确认血条数: 0
[REWARD] 💤 AI 主动挂机等费用，只扣除微小时间惩罚 -0.01
[TemplateMatcher] pause_gear.png -> max conf: 0.908 (needs 0.5, optimal scale: 0.80x)

[STEP 23] 开始执行动作...
[ACTION] AI决定: 选卡 6 -> 放入网格(1,1) -> 朝向 0
         坐标映射: 拖拽从(835,650)至(300,270) -> 方向滑动至(300,120)
[ACTION] ⛔ Fast-Fail! 目标网格(1,1)非绿色高亮(绿像素:0)。取消拖拽。
[REWARD] 执行前血条数: 2 -> 最终确认血条数: 0
[REWARD] ⛔ 非法区域/无费用，已被 CV 阻断。奖励 -0.5 (连续无作为: 1次)
[TemplateMatcher] pause_gear.png -> max conf: 0.908 (needs 0.5, optimal scale: 0.80x)

[STEP 24] 开始执行动作...
[ACTION] AI决定: 选卡 6 -> 放入网格(0,3) -> 朝向 1
         坐标映射: 拖拽从(835,650)至(200,430) -> 方向滑动至(200,580)
[ACTION] ⛔ Fast-Fail! 目标网格(0,3)非绿色高亮(绿像素:0)。取消拖拽。
[REWARD] 执行前血条数: 2 -> 最终确认血条数: 0
[REWARD] ⛔ 非法区域/无费用，已被 CV 阻断。奖励 -0.5 (连续无作为: 2次)
[TemplateMatcher] pause_gear.png -> max conf: 0.908 (needs 0.5, optimal scale: 0.80x)

[STEP 25] 开始执行动作...
[ACTION] AI决定: 选卡 7 -> 放入网格(7,0) -> 朝向 3
         坐标映射: 拖拽从(925,650)至(900,190) -> 方向滑动至(1050,190)
[ACTION] ✅ CV校验通过！网格(7,0)具有高亮绿色(像素:118)，准许拖拽。
[REWARD] 动作已执行，开始 3 次心跳检测 (间隔 0.2s)...
[REWARD] ❌ 第 1 次未检测到目标血条...
[REWARD] ❌ 第 2 次未检测到目标血条...
[REWARD] ❌ 第 3 次未检测到目标血条...
[REWARD] 执行前血条数: 2 -> 最终确认血条数: 2
[REWARD] 部署失败，计算前后帧 MSE (均方误差) = 215.72
[REWARD] 画面未发生明显变化(非法部署)。奖励 -0.5 (连续无作为: 3次)
[TemplateMatcher] pause_gear.png -> max conf: 0.908 (needs 0.5, optimal scale: 0.80x)

[STEP 26] 开始执行动作...
[ACTION] AI决定: 选卡 1 -> 放入网格(1,1) -> 朝向 1
         坐标映射: 拖拽从(385,650)至(300,270) -> 方向滑动至(300,420)
[ACTION] ⛔ Fast-Fail! 目标网格(1,1)非绿色高亮(绿像素:0)。取消拖拽。
[REWARD] 执行前血条数: 2 -> 最终确认血条数: 0
[REWARD] ⛔ 非法区域/无费用，已被 CV 阻断。奖励 -0.5 (连续无作为: 4次)
[TemplateMatcher] pause_gear.png -> max conf: 0.908 (needs 0.5, optimal scale: 0.80x)

[STEP 27] 开始执行动作...
[ACTION] AI决定: 选卡 9 -> 放入网格(4,1) -> 朝向 1
         坐标映射: 拖拽从(1105,650)至(600,270) -> 方向滑动至(600,420)
[ACTION] ✅ CV校验通过！网格(4,1)具有高亮绿色(像素:900)，准许拖拽。
[REWARD] 动作已执行，开始 3 次心跳检测 (间隔 0.2s)...
[REWARD] ❌ 第 1 次未检测到目标血条...
[REWARD] ❌ 第 2 次未检测到目标血条...
[REWARD] ❌ 第 3 次未检测到目标血条...
[REWARD] 执行前血条数: 2 -> 最终确认血条数: 2
[REWARD] 部署失败，计算前后帧 MSE (均方误差) = 194.78
[REWARD] 画面未发生明显变化(非法部署)。奖励 -0.5 (连续无作为: 5次)
[TemplateMatcher] pause_gear.png -> max conf: 0.908 (needs 0.5, optimal scale: 0.80x)

[STEP 28] 开始执行动作...
[ACTION] AI决定: 选卡 9 -> 放入网格(2,2) -> 朝向 2
         坐标映射: 拖拽从(1105,650)至(400,350) -> 方向滑动至(250,350)
[ACTION] ✅ CV校验通过！网格(2,2)具有高亮绿色(像素:143)，准许拖拽。
[REWARD] 动作已执行，开始 3 次心跳检测 (间隔 0.2s)...
[REWARD] ✅ 第 1 次检测命中目标干员血条！
[REWARD] 执行前血条数: 2 -> 最终确认血条数: 2
[REWARD] 🛡️ 背对敌人！(角度: 24.6°)，严厉惩罚 -1.0
[TemplateMatcher] pause_gear.png -> max conf: 0.908 (needs 0.5, optimal scale: 0.80x)

[STEP 29] 开始执行动作...
[ACTION] AI决定: 选卡 3 -> 放入网格(4,1) -> 朝向 1
         坐标映射: 拖拽从(565,650)至(600,270) -> 方向滑动至(600,420)
[ACTION] ⛔ Fast-Fail! 目标网格(4,1)非绿色高亮(绿像素:0)。取消拖拽。
[REWARD] 执行前血条数: 2 -> 最终确认血条数: 0
[REWARD] ⛔ 非法区域/无费用，已被 CV 阻断。奖励 -0.5 (连续无作为: 1次)
[TemplateMatcher] pause_gear.png -> max conf: 0.908 (needs 0.5, optimal scale: 0.80x)

[STEP 30] 开始执行动作...
[ACTION] AI决定: 选卡 0 -> 放入网格(5,4) -> 朝向 2
         坐标映射: 拖拽从(295,650)至(700,510) -> 方向滑动至(550,510)
[ACTION] ✅ CV校验通过！网格(5,4)具有高亮绿色(像素:743)，准许拖拽。
[REWARD] 动作已执行，开始 3 次心跳检测 (间隔 0.2s)...
[REWARD] ✅ 第 1 次检测命中目标干员血条！
[REWARD] 执行前血条数: 2 -> 最终确认血条数: 3
[REWARD] 🎯 完美落子！部署点靠近敌人 (距离: 42.2)，奖励 +2.0
[REWARD] 🛡️ 背对敌人！(角度: 58.4°)，严厉惩罚 -1.0
[TemplateMatcher] pause_gear.png -> max conf: 0.908 (needs 0.5, optimal scale: 0.80x)

[STEP 31] 开始执行动作...
[ACTION] AI决定: 选卡 4 -> 放入网格(5,3) -> 朝向 2
         坐标映射: 拖拽从(655,650)至(700,430) -> 方向滑动至(550,430)
[ACTION] ✅ CV校验通过！网格(5,3)具有高亮绿色(像素:897)，准许拖拽。
[REWARD] 动作已执行，开始 3 次心跳检测 (间隔 0.2s)...
[REWARD] ❌ 第 1 次未检测到目标血条...
[REWARD] ❌ 第 2 次未检测到目标血条...
[REWARD] ❌ 第 3 次未检测到目标血条...
[REWARD] 执行前血条数: 3 -> 最终确认血条数: 3
[REWARD] 部署失败，计算前后帧 MSE (均方误差) = 253.90
[REWARD] 画面未发生明显变化(非法部署)。奖励 -0.5 (连续无作为: 1次)
[TemplateMatcher] pause_gear.png -> max conf: 0.908 (needs 0.5, optimal scale: 0.80x)

[STEP 32] 开始执行动作...
[ACTION] AI决定: 选卡 4 -> 放入网格(5,0) -> 朝向 2
         坐标映射: 拖拽从(655,650)至(700,190) -> 方向滑动至(550,190)
[ACTION] ⛔ Fast-Fail! 目标网格(5,0)非绿色高亮(绿像素:0)。取消拖拽。
[REWARD] 执行前血条数: 3 -> 最终确认血条数: 0
[REWARD] ⛔ 非法区域/无费用，已被 CV 阻断。奖励 -0.5 (连续无作为: 2次)
[TemplateMatcher] pause_gear.png -> max conf: 0.908 (needs 0.5, optimal scale: 0.80x)

[STEP 33] 开始执行动作...
[ACTION] AI决定: 选卡 9 -> 放入网格(4,2) -> 朝向 3
         坐标映射: 拖拽从(1105,650)至(600,350) -> 方向滑动至(750,350)
[ACTION] ✅ CV校验通过！网格(4,2)具有高亮绿色(像素:853)，准许拖拽。
[REWARD] 动作已执行，开始 3 次心跳检测 (间隔 0.2s)...
[REWARD] ❌ 第 1 次未检测到目标血条...
[REWARD] ❌ 第 2 次未检测到目标血条...
[REWARD] ❌ 第 3 次未检测到目标血条...
[REWARD] 执行前血条数: 3 -> 最终确认血条数: 3
[REWARD] 部署失败，计算前后帧 MSE (均方误差) = 198.55
[REWARD] 画面未发生明显变化(非法部署)。奖励 -0.5 (连续无作为: 3次)
[TemplateMatcher] pause_gear.png -> max conf: 0.908 (needs 0.5, optimal scale: 0.80x)

[STEP 34] 开始执行动作...
[ACTION] AI决定: 选卡 4 -> 放入网格(4,4) -> 朝向 0
         坐标映射: 拖拽从(655,650)至(600,510) -> 方向滑动至(600,360)
[ACTION] ⛔ Fast-Fail! 目标网格(4,4)非绿色高亮(绿像素:0)。取消拖拽。
[REWARD] 执行前血条数: 3 -> 最终确认血条数: 0
[REWARD] ⛔ 非法区域/无费用，已被 CV 阻断。奖励 -0.5 (连续无作为: 4次)
[TemplateMatcher] pause_gear.png -> max conf: 0.907 (needs 0.5, optimal scale: 0.80x)

[STEP 35] 开始执行动作...
[ACTION] AI决定: 选卡 1 -> 放入网格(2,1) -> 朝向 0
         坐标映射: 拖拽从(385,650)至(400,270) -> 方向滑动至(400,120)
[ACTION] ✅ CV校验通过！网格(2,1)具有高亮绿色(像素:636)，准许拖拽。
[REWARD] 动作已执行，开始 3 次心跳检测 (间隔 0.2s)...
[REWARD] ✅ 第 1 次检测命中目标干员血条！
[REWARD] 执行前血条数: 3 -> 最终确认血条数: 4
[REWARD] 🎯 完美落子！部署点靠近敌人 (距离: 270.1)，奖励 +2.0
[REWARD] 🛡️ 背对敌人！(角度: 53.9°)，严厉惩罚 -1.0
[TemplateMatcher] pause_gear.png -> max conf: 0.908 (needs 0.5, optimal scale: 0.80x)

[STEP 36] 开始执行动作...
[ACTION] AI决定: 选卡 0 -> 放入网格(5,0) -> 朝向 0
         坐标映射: 拖拽从(295,650)至(700,190) -> 方向滑动至(700,40)
[ACTION] ⛔ Fast-Fail! 目标网格(5,0)非绿色高亮(绿像素:0)。取消拖拽。
[REWARD] 执行前血条数: 5 -> 最终确认血条数: 0
[REWARD] ⛔ 非法区域/无费用，已被 CV 阻断。奖励 -0.5 (连续无作为: 1次)
[TemplateMatcher] pause_gear.png -> max conf: 0.908 (needs 0.5, optimal scale: 0.80x)

[STEP 37] 开始执行动作...
[ACTION] AI决定: 选卡 4 -> 放入网格(4,3) -> 朝向 0
         坐标映射: 拖拽从(655,650)至(600,430) -> 方向滑动至(600,280)
[ACTION] ⛔ Fast-Fail! 目标网格(4,3)非绿色高亮(绿像素:0)。取消拖拽。
[REWARD] 执行前血条数: 4 -> 最终确认血条数: 0
[REWARD] ⛔ 非法区域/无费用，已被 CV 阻断。奖励 -0.5 (连续无作为: 2次)
[TemplateMatcher] pause_gear.png -> max conf: 0.908 (needs 0.5, optimal scale: 0.80x)

[STEP 38] 开始执行动作...
[ACTION] AI决定: 选卡 8 -> 放入网格(2,0) -> 朝向 0
         坐标映射: 拖拽从(1015,650)至(400,190) -> 方向滑动至(400,40)
[ACTION] ✅ CV校验通过！网格(2,0)具有高亮绿色(像素:117)，准许拖拽。
[REWARD] 动作已执行，开始 3 次心跳检测 (间隔 0.2s)...
[REWARD] ❌ 第 1 次未检测到目标血条...
[REWARD] ❌ 第 2 次未检测到目标血条...
[REWARD] ❌ 第 3 次未检测到目标血条...
[REWARD] 执行前血条数: 4 -> 最终确认血条数: 4
[REWARD] 部署失败，计算前后帧 MSE (均方误差) = 338.19
[REWARD] 动作无效，但游戏仍在进行(画面有变化)。奖励 -0.2 (已清空无作为计数器)
[TemplateMatcher] pause_gear.png -> max conf: 0.908 (needs 0.5, optimal scale: 0.80x)

[STEP 39] 开始执行动作...
[ACTION] AI决定: 选卡 1 -> 放入网格(8,4) -> 朝向 2
         坐标映射: 拖拽从(385,650)至(1000,510) -> 方向滑动至(850,510)
[ACTION] ✅ CV校验通过！网格(8,4)具有高亮绿色(像素:900)，准许拖拽。
[REWARD] 动作已执行，开始 3 次心跳检测 (间隔 0.2s)...
[REWARD] ✅ 第 1 次检测命中目标干员血条！
[REWARD] 执行前血条数: 4 -> 最终确认血条数: 6
[REWARD] 场上暂无移动目标，仅发放基础部署奖励 +1.0
[TemplateMatcher] pause_gear.png -> max conf: 0.908 (needs 0.5, optimal scale: 0.80x)

[STEP 40] 开始执行动作...
[ACTION] AI决定: 选卡 5 -> 放入网格(1,1) -> 朝向 3
         坐标映射: 拖拽从(745,650)至(300,270) -> 方向滑动至(450,270)
[ACTION] ⛔ Fast-Fail! 目标网格(1,1)非绿色高亮(绿像素:0)。取消拖拽。
[REWARD] 执行前血条数: 6 -> 最终确认血条数: 0
[REWARD] ⛔ 非法区域/无费用，已被 CV 阻断。奖励 -0.5 (连续无作为: 1次)
[TemplateMatcher] pause_gear.png -> max conf: 0.908 (needs 0.5, optimal scale: 0.80x)

[STEP 41] 开始执行动作...
[ACTION] AI决定: 选卡 3 -> 放入网格(7,3) -> 朝向 0
         坐标映射: 拖拽从(565,650)至(900,430) -> 方向滑动至(900,280)
[ACTION] ✅ CV校验通过！网格(7,3)具有高亮绿色(像素:899)，准许拖拽。
[REWARD] 动作已执行，开始 3 次心跳检测 (间隔 0.2s)...
[REWARD] ❌ 第 1 次未检测到目标血条...
[REWARD] ❌ 第 2 次未检测到目标血条...
[REWARD] ❌ 第 3 次未检测到目标血条...
[REWARD] 执行前血条数: 5 -> 最终确认血条数: 5
[REWARD] 部署失败，计算前后帧 MSE (均方误差) = 354.31
[REWARD] 动作无效，但游戏仍在进行(画面有变化)。奖励 -0.2 (已清空无作为计数器)
[TemplateMatcher] pause_gear.png -> max conf: 0.908 (needs 0.5, optimal scale: 0.80x)

[STEP 42] 开始执行动作...
[ACTION] AI决定: 选卡 1 -> 放入网格(4,3) -> 朝向 3
         坐标映射: 拖拽从(385,650)至(600,430) -> 方向滑动至(750,430)
[ACTION] ⛔ Fast-Fail! 目标网格(4,3)非绿色高亮(绿像素:0)。取消拖拽。
[REWARD] 执行前血条数: 5 -> 最终确认血条数: 0
[REWARD] ⛔ 非法区域/无费用，已被 CV 阻断。奖励 -0.5 (连续无作为: 1次)
[TemplateMatcher] pause_gear.png -> max conf: 0.907 (needs 0.5, optimal scale: 0.80x)

[STEP 43] 开始执行动作...
[ACTION] AI决定: 💤 挂机 (Skip / Wait for Cost) - 屏幕中上部防误触点击
[REWARD] 执行前血条数: 5 -> 最终确认血条数: 0
[REWARD] 💤 AI 主动挂机等费用，只扣除微小时间惩罚 -0.01
[TemplateMatcher] pause_gear.png -> max conf: 0.908 (needs 0.5, optimal scale: 0.80x)

[STEP 44] 开始执行动作...
[ACTION] AI决定: 选卡 6 -> 放入网格(6,0) -> 朝向 3
         坐标映射: 拖拽从(835,650)至(800,190) -> 方向滑动至(950,190)
[ACTION] ✅ CV校验通过！网格(6,0)具有高亮绿色(像素:475)，准许拖拽。
[REWARD] 动作已执行，开始 3 次心跳检测 (间隔 0.2s)...
[REWARD] ❌ 第 1 次未检测到目标血条...
[REWARD] ❌ 第 2 次未检测到目标血条...
[REWARD] ❌ 第 3 次未检测到目标血条...
[REWARD] 执行前血条数: 5 -> 最终确认血条数: 5
[REWARD] 部署失败，计算前后帧 MSE (均方误差) = 250.48
[REWARD] 画面未发生明显变化(非法部署)。奖励 -0.5 (连续无作为: 1次)
[TemplateMatcher] pause_gear.png -> max conf: 0.908 (needs 0.5, optimal scale: 0.80x)

[STEP 45] 开始执行动作...
[ACTION] AI决定: 选卡 6 -> 放入网格(9,1) -> 朝向 2
         坐标映射: 拖拽从(835,650)至(1100,270) -> 方向滑动至(950,270)
[ACTION] ⛔ Fast-Fail! 目标网格(9,1)非绿色高亮(绿像素:0)。取消拖拽。
[REWARD] 执行前血条数: 5 -> 最终确认血条数: 0
[REWARD] ⛔ 非法区域/无费用，已被 CV 阻断。奖励 -0.5 (连续无作为: 2次)
[TemplateMatcher] pause_gear.png -> max conf: 0.908 (needs 0.5, optimal scale: 0.80x)

[STEP 46] 开始执行动作...
[ACTION] AI决定: 选卡 4 -> 放入网格(5,3) -> 朝向 0
         坐标映射: 拖拽从(655,650)至(700,430) -> 方向滑动至(700,280)
[ACTION] ✅ CV校验通过！网格(5,3)具有高亮绿色(像素:900)，准许拖拽。
[REWARD] 动作已执行，开始 3 次心跳检测 (间隔 0.2s)...
[REWARD] ✅ 第 1 次检测命中目标干员血条！
[REWARD] 执行前血条数: 5 -> 最终确认血条数: 6
[REWARD] 🛡️ 背对敌人！(角度: 327.5°)，严厉惩罚 -1.0
[TemplateMatcher] pause_gear.png -> max conf: 0.908 (needs 0.5, optimal scale: 0.80x)

[STEP 47] 开始执行动作...
[ACTION] AI决定: 选卡 2 -> 放入网格(9,0) -> 朝向 0
         坐标映射: 拖拽从(475,650)至(1100,190) -> 方向滑动至(1100,40)
[ACTION] ⛔ Fast-Fail! 目标网格(9,0)非绿色高亮(绿像素:0)。取消拖拽。
[REWARD] 执行前血条数: 6 -> 最终确认血条数: 0
[REWARD] ⛔ 非法区域/无费用，已被 CV 阻断。奖励 -0.5 (连续无作为: 1次)
[TemplateMatcher] pause_gear.png -> max conf: 0.908 (needs 0.5, optimal scale: 0.80x)
[SAVE] 自动保存进度 (Step 100) -> policy_latest.zip

[STEP 48] 开始执行动作...
[ACTION] AI决定: 选卡 9 -> 放入网格(8,4) -> 朝向 2
         坐标映射: 拖拽从(1105,650)至(1000,510) -> 方向滑动至(850,510)
[ACTION] ⛔ Fast-Fail! 目标网格(8,4)非绿色高亮(绿像素:0)。取消拖拽。
[REWARD] 执行前血条数: 6 -> 最终确认血条数: 0
[REWARD] ⛔ 非法区域/无费用，已被 CV 阻断。奖励 -0.5 (连续无作为: 2次)
[TemplateMatcher] pause_gear.png -> max conf: 0.908 (needs 0.5, optimal scale: 0.80x)

[STEP 49] 开始执行动作...
[ACTION] AI决定: 选卡 0 -> 放入网格(5,0) -> 朝向 1
         坐标映射: 拖拽从(295,650)至(700,190) -> 方向滑动至(700,340)
[ACTION] ⛔ Fast-Fail! 目标网格(5,0)非绿色高亮(绿像素:0)。取消拖拽。
[REWARD] 执行前血条数: 6 -> 最终确认血条数: 0
[REWARD] ⛔ 非法区域/无费用，已被 CV 阻断。奖励 -0.5 (连续无作为: 3次)
[TemplateMatcher] pause_gear.png -> max conf: 0.908 (needs 0.5, optimal scale: 0.80x)

[STEP 50] 开始执行动作...
[ACTION] AI决定: 选卡 0 -> 放入网格(5,4) -> 朝向 0
         坐标映射: 拖拽从(295,650)至(700,510) -> 方向滑动至(700,360)
[ACTION] ⛔ Fast-Fail! 目标网格(5,4)非绿色高亮(绿像素:0)。取消拖拽。
[REWARD] 执行前血条数: 6 -> 最终确认血条数: 0
[REWARD] ⛔ 非法区域/无费用，已被 CV 阻断。奖励 -0.5 (连续无作为: 4次)
[TemplateMatcher] pause_gear.png -> max conf: 0.908 (needs 0.5, optimal scale: 0.80x)

[STEP 51] 开始执行动作...
[ACTION] AI决定: 💤 挂机 (Skip / Wait for Cost) - 屏幕中上部防误触点击
[REWARD] 执行前血条数: 6 -> 最终确认血条数: 0
[REWARD] 💤 AI 主动挂机等费用，只扣除微小时间惩罚 -0.01
[TemplateMatcher] pause_gear.png -> max conf: 0.908 (needs 0.5, optimal scale: 0.80x)

[STEP 52] 开始执行动作...
[ACTION] AI决定: 选卡 9 -> 放入网格(0,2) -> 朝向 3
         坐标映射: 拖拽从(1105,650)至(200,350) -> 方向滑动至(350,350)
[ACTION] ⛔ Fast-Fail! 目标网格(0,2)非绿色高亮(绿像素:0)。取消拖拽。
[REWARD] 执行前血条数: 6 -> 最终确认血条数: 0
[REWARD] ⛔ 非法区域/无费用，已被 CV 阻断。奖励 -0.5 (连续无作为: 1次)
[TemplateMatcher] pause_gear.png -> max conf: 0.908 (needs 0.5, optimal scale: 0.80x)

[STEP 53] 开始执行动作...
[ACTION] AI决定: 选卡 2 -> 放入网格(7,2) -> 朝向 1
         坐标映射: 拖拽从(475,650)至(900,350) -> 方向滑动至(900,500)
[ACTION] ⛔ Fast-Fail! 目标网格(7,2)非绿色高亮(绿像素:0)。取消拖拽。
[REWARD] 执行前血条数: 6 -> 最终确认血条数: 0
[REWARD] ⛔ 非法区域/无费用，已被 CV 阻断。奖励 -0.5 (连续无作为: 2次)
[TemplateMatcher] pause_gear.png -> max conf: 0.908 (needs 0.5, optimal scale: 0.80x)

[STEP 54] 开始执行动作...
[ACTION] AI决定: 选卡 3 -> 放入网格(1,3) -> 朝向 2
         坐标映射: 拖拽从(565,650)至(300,430) -> 方向滑动至(150,430)
[ACTION] ⛔ Fast-Fail! 目标网格(1,3)非绿色高亮(绿像素:0)。取消拖拽。
[REWARD] 执行前血条数: 6 -> 最终确认血条数: 0
[REWARD] ⛔ 非法区域/无费用，已被 CV 阻断。奖励 -0.5 (连续无作为: 3次)
[TemplateMatcher] pause_gear.png -> max conf: 0.908 (needs 0.5, optimal scale: 0.80x)

[STEP 55] 开始执行动作...
[ACTION] AI决定: 选卡 8 -> 放入网格(4,4) -> 朝向 0
         坐标映射: 拖拽从(1015,650)至(600,510) -> 方向滑动至(600,360)
[ACTION] ⛔ Fast-Fail! 目标网格(4,4)非绿色高亮(绿像素:0)。取消拖拽。
[REWARD] 执行前血条数: 6 -> 最终确认血条数: 0
[REWARD] ⛔ 非法区域/无费用，已被 CV 阻断。奖励 -0.5 (连续无作为: 4次)
[TemplateMatcher] pause_gear.png -> max conf: 0.908 (needs 0.5, optimal scale: 0.80x)

[STEP 56] 开始执行动作...
[ACTION] AI决定: 选卡 0 -> 放入网格(8,3) -> 朝向 1
         坐标映射: 拖拽从(295,650)至(1000,430) -> 方向滑动至(1000,580)
[ACTION] ⛔ Fast-Fail! 目标网格(8,3)非绿色高亮(绿像素:0)。取消拖拽。
[REWARD] 执行前血条数: 6 -> 最终确认血条数: 0
[REWARD] ⛔ 非法区域/无费用，已被 CV 阻断。奖励 -0.5 (连续无作为: 5次)
[TemplateMatcher] pause_gear.png -> max conf: 0.908 (needs 0.5, optimal scale: 0.80x)

[STEP 57] 开始执行动作...
[ACTION] AI决定: 💤 挂机 (Skip / Wait for Cost) - 屏幕中上部防误触点击
[REWARD] 执行前血条数: 6 -> 最终确认血条数: 0
[REWARD] 💤 AI 主动挂机等费用，只扣除微小时间惩罚 -0.01
[TemplateMatcher] pause_gear.png -> max conf: 0.908 (needs 0.5, optimal scale: 0.80x)

[STEP 58] 开始执行动作...
[ACTION] AI决定: 选卡 8 -> 放入网格(8,1) -> 朝向 0
         坐标映射: 拖拽从(1015,650)至(1000,270) -> 方向滑动至(1000,120)
[ACTION] ✅ CV校验通过！网格(8,1)具有高亮绿色(像素:553)，准许拖拽。
[REWARD] 动作已执行，开始 3 次心跳检测 (间隔 0.2s)...
[REWARD] ✅ 第 1 次检测命中目标干员血条！
[REWARD] 执行前血条数: 6 -> 最终确认血条数: 8
[REWARD] 🛡️ 背对敌人！(角度: 48.1°)，严厉惩罚 -1.0
[TemplateMatcher] pause_gear.png -> max conf: 0.908 (needs 0.5, optimal scale: 0.80x)

[STEP 59] 开始执行动作...
[ACTION] AI决定: 选卡 2 -> 放入网格(7,2) -> 朝向 0
         坐标映射: 拖拽从(475,650)至(900,350) -> 方向滑动至(900,200)
[ACTION] ⛔ Fast-Fail! 目标网格(7,2)非绿色高亮(绿像素:0)。取消拖拽。
[REWARD] 执行前血条数: 7 -> 最终确认血条数: 0
[REWARD] ⛔ 非法区域/无费用，已被 CV 阻断。奖励 -0.5 (连续无作为: 1次)
[TemplateMatcher] pause_gear.png -> max conf: 0.908 (needs 0.5, optimal scale: 0.80x)

[STEP 60] 开始执行动作...
[ACTION] AI决定: 选卡 3 -> 放入网格(5,3) -> 朝向 2
         坐标映射: 拖拽从(565,650)至(700,430) -> 方向滑动至(550,430)
[ACTION] ⛔ Fast-Fail! 目标网格(5,3)非绿色高亮(绿像素:0)。取消拖拽。
[REWARD] 执行前血条数: 7 -> 最终确认血条数: 0
[REWARD] ⛔ 非法区域/无费用，已被 CV 阻断。奖励 -0.5 (连续无作为: 2次)
[TemplateMatcher] pause_gear.png -> max conf: 0.909 (needs 0.5, optimal scale: 0.80x)

[STEP 61] 开始执行动作...
[ACTION] AI决定: 选卡 0 -> 放入网格(7,0) -> 朝向 0
         坐标映射: 拖拽从(295,650)至(900,190) -> 方向滑动至(900,40)
[ACTION] ⛔ Fast-Fail! 目标网格(7,0)非绿色高亮(绿像素:0)。取消拖拽。
[REWARD] 执行前血条数: 7 -> 最终确认血条数: 0
[REWARD] ⛔ 非法区域/无费用，已被 CV 阻断。奖励 -0.5 (连续无作为: 3次)
[TemplateMatcher] pause_gear.png -> max conf: 0.908 (needs 0.5, optimal scale: 0.80x)

[STEP 62] 开始执行动作...
[ACTION] AI决定: 选卡 1 -> 放入网格(6,3) -> 朝向 1
         坐标映射: 拖拽从(385,650)至(800,430) -> 方向滑动至(800,580)
[ACTION] ⛔ Fast-Fail! 目标网格(6,3)非绿色高亮(绿像素:19)。取消拖拽。
[REWARD] 执行前血条数: 7 -> 最终确认血条数: 0
[REWARD] ⛔ 非法区域/无费用，已被 CV 阻断。奖励 -0.5 (连续无作为: 4次)
[TemplateMatcher] pause_gear.png -> max conf: 0.908 (needs 0.5, optimal scale: 0.80x)

[STEP 63] 开始执行动作...
[ACTION] AI决定: 选卡 6 -> 放入网格(9,0) -> 朝向 0
         坐标映射: 拖拽从(835,650)至(1100,190) -> 方向滑动至(1100,40)
[ACTION] ⛔ Fast-Fail! 目标网格(9,0)非绿色高亮(绿像素:0)。取消拖拽。
[REWARD] 执行前血条数: 7 -> 最终确认血条数: 0
[REWARD] ⛔ 非法区域/无费用，已被 CV 阻断。奖励 -0.5 (连续无作为: 5次)
[TemplateMatcher] pause_gear.png -> max conf: 0.908 (needs 0.5, optimal scale: 0.80x)

[STEP 64] 开始执行动作...
[ACTION] AI决定: 选卡 1 -> 放入网格(6,0) -> 朝向 0
         坐标映射: 拖拽从(385,650)至(800,190) -> 方向滑动至(800,40)
[ACTION] ⛔ Fast-Fail! 目标网格(6,0)非绿色高亮(绿像素:0)。取消拖拽。
[REWARD] 执行前血条数: 7 -> 最终确认血条数: 0
[REWARD] ⛔ 非法区域/无费用，已被 CV 阻断。奖励 -0.5 (连续无作为: 6次)
[TemplateMatcher] pause_gear.png -> max conf: 0.908 (needs 0.5, optimal scale: 0.80x)

[STEP 65] 开始执行动作...
[ACTION] AI决定: 选卡 9 -> 放入网格(6,1) -> 朝向 3
         坐标映射: 拖拽从(1105,650)至(800,270) -> 方向滑动至(950,270)
[ACTION] ⛔ Fast-Fail! 目标网格(6,1)非绿色高亮(绿像素:10)。取消拖拽。
[REWARD] 执行前血条数: 7 -> 最终确认血条数: 0
[REWARD] ⛔ 非法区域/无费用，已被 CV 阻断。奖励 -0.5 (连续无作为: 7次)
[TemplateMatcher] pause_gear.png -> max conf: 0.908 (needs 0.5, optimal scale: 0.80x)

[STEP 66] 开始执行动作...
[ACTION] AI决定: 选卡 5 -> 放入网格(2,0) -> 朝向 1
         坐标映射: 拖拽从(745,650)至(400,190) -> 方向滑动至(400,340)
[ACTION] ✅ CV校验通过！网格(2,0)具有高亮绿色(像素:877)，准许拖拽。
[REWARD] 动作已执行，开始 3 次心跳检测 (间隔 0.2s)...
[REWARD] ✅ 第 1 次检测命中目标干员血条！
[REWARD] 执行前血条数: 7 -> 最终确认血条数: 8
[REWARD] 🛡️ 背对敌人！(角度: 349.3°)，严厉惩罚 -1.0
[TemplateMatcher] pause_gear.png -> max conf: 0.908 (needs 0.5, optimal scale: 0.80x)

[STEP 67] 开始执行动作...
[ACTION] AI决定: 选卡 9 -> 放入网格(6,2) -> 朝向 3
         坐标映射: 拖拽从(1105,650)至(800,350) -> 方向滑动至(950,350)
[ACTION] ✅ CV校验通过！网格(6,2)具有高亮绿色(像素:553)，准许拖拽。
[REWARD] 动作已执行，开始 3 次心跳检测 (间隔 0.2s)...
[REWARD] ❌ 第 1 次未检测到目标血条...
[REWARD] ❌ 第 2 次未检测到目标血条...
[REWARD] ❌ 第 3 次未检测到目标血条...
[REWARD] 执行前血条数: 8 -> 最终确认血条数: 8
[REWARD] 部署失败，计算前后帧 MSE (均方误差) = 457.07
[REWARD] 动作无效，但游戏仍在进行(画面有变化)。奖励 -0.2 (已清空无作为计数器)
[TemplateMatcher] pause_gear.png -> max conf: 0.908 (needs 0.5, optimal scale: 0.80x)

[STEP 68] 开始执行动作...
[ACTION] AI决定: 💤 挂机 (Skip / Wait for Cost) - 屏幕中上部防误触点击
[REWARD] 执行前血条数: 8 -> 最终确认血条数: 0
[REWARD] 💤 AI 主动挂机等费用，只扣除微小时间惩罚 -0.01
[TemplateMatcher] pause_gear.png -> max conf: 0.908 (needs 0.5, optimal scale: 0.80x)

[STEP 69] 开始执行动作...
[ACTION] AI决定: 选卡 5 -> 放入网格(3,2) -> 朝向 2
         坐标映射: 拖拽从(745,650)至(500,350) -> 方向滑动至(350,350)
[ACTION] ⛔ Fast-Fail! 目标网格(3,2)非绿色高亮(绿像素:0)。取消拖拽。
[REWARD] 执行前血条数: 8 -> 最终确认血条数: 0
[REWARD] ⛔ 非法区域/无费用，已被 CV 阻断。奖励 -0.5 (连续无作为: 1次)
[TemplateMatcher] pause_gear.png -> max conf: 0.907 (needs 0.5, optimal scale: 0.80x)

[STEP 70] 开始执行动作...
[ACTION] AI决定: 选卡 5 -> 放入网格(0,1) -> 朝向 1
         坐标映射: 拖拽从(745,650)至(200,270) -> 方向滑动至(200,420)
[ACTION] ⛔ Fast-Fail! 目标网格(0,1)非绿色高亮(绿像素:0)。取消拖拽。
[REWARD] 执行前血条数: 9 -> 最终确认血条数: 0
[REWARD] ⛔ 非法区域/无费用，已被 CV 阻断。奖励 -0.5 (连续无作为: 2次)
[TemplateMatcher] pause_gear.png -> max conf: 0.907 (needs 0.5, optimal scale: 0.80x)

[STEP 71] 开始执行动作...
[ACTION] AI决定: 选卡 1 -> 放入网格(6,4) -> 朝向 2
         坐标映射: 拖拽从(385,650)至(800,510) -> 方向滑动至(650,510)
[ACTION] ⛔ Fast-Fail! 目标网格(6,4)非绿色高亮(绿像素:0)。取消拖拽。
[REWARD] 执行前血条数: 8 -> 最终确认血条数: 0
[REWARD] ⛔ 非法区域/无费用，已被 CV 阻断。奖励 -0.5 (连续无作为: 3次)
[TemplateMatcher] pause_gear.png -> max conf: 0.908 (needs 0.5, optimal scale: 0.80x)

[STEP 72] 开始执行动作...
[ACTION] AI决定: 选卡 4 -> 放入网格(5,4) -> 朝向 3
         坐标映射: 拖拽从(655,650)至(700,510) -> 方向滑动至(850,510)
[ACTION] ⛔ Fast-Fail! 目标网格(5,4)非绿色高亮(绿像素:0)。取消拖拽。
[REWARD] 执行前血条数: 8 -> 最终确认血条数: 0
[REWARD] ⛔ 非法区域/无费用，已被 CV 阻断。奖励 -0.5 (连续无作为: 4次)
[TemplateMatcher] pause_gear.png -> max conf: 0.908 (needs 0.5, optimal scale: 0.80x)

[STEP 73] 开始执行动作...
[ACTION] AI决定: 选卡 9 -> 放入网格(8,1) -> 朝向 3
         坐标映射: 拖拽从(1105,650)至(1000,270) -> 方向滑动至(1150,270)
[ACTION] ⛔ Fast-Fail! 目标网格(8,1)非绿色高亮(绿像素:0)。取消拖拽。
[REWARD] 执行前血条数: 8 -> 最终确认血条数: 0
[REWARD] ⛔ 非法区域/无费用，已被 CV 阻断。奖励 -0.5 (连续无作为: 5次)
[TemplateMatcher] pause_gear.png -> max conf: 0.908 (needs 0.5, optimal scale: 0.80x)

[STEP 74] 开始执行动作...
[ACTION] AI决定: 选卡 5 -> 放入网格(0,2) -> 朝向 2
         坐标映射: 拖拽从(745,650)至(200,350) -> 方向滑动至(50,350)
[ACTION] ⛔ Fast-Fail! 目标网格(0,2)非绿色高亮(绿像素:0)。取消拖拽。
[REWARD] 执行前血条数: 8 -> 最终确认血条数: 0
[REWARD] ⛔ 非法区域/无费用，已被 CV 阻断。奖励 -0.5 (连续无作为: 6次)
[TemplateMatcher] pause_gear.png -> max conf: 0.908 (needs 0.5, optimal scale: 0.80x)

[STEP 75] 开始执行动作...
[ACTION] AI决定: 选卡 3 -> 放入网格(9,4) -> 朝向 0
         坐标映射: 拖拽从(565,650)至(1100,510) -> 方向滑动至(1100,360)
[ACTION] ⛔ Fast-Fail! 目标网格(9,4)非绿色高亮(绿像素:0)。取消拖拽。
[REWARD] 执行前血条数: 8 -> 最终确认血条数: 0
[REWARD] ⛔ 非法区域/无费用，已被 CV 阻断。奖励 -0.5 (连续无作为: 7次)
[TemplateMatcher] pause_gear.png -> max conf: 0.908 (needs 0.5, optimal scale: 0.80x)
----------------------------
| time/              |     |
|    fps             | 0   |
|    iterations      | 1   |
|    time_elapsed    | 319 |
|    total_timesteps | 128 |
----------------------------

[STEP 76] 开始执行动作...
[ACTION] AI决定: 选卡 8 -> 放入网格(4,3) -> 朝向 3
         坐标映射: 拖拽从(1015,650)至(600,430) -> 方向滑动至(750,430)
[ACTION] ✅ CV校验通过！网格(4,3)具有高亮绿色(像素:835)，准许拖拽。
[REWARD] 动作已执行，开始 3 次心跳检测 (间隔 0.2s)...
[REWARD] ✅ 第 1 次检测命中目标干员血条！
[REWARD] 执行前血条数: 8 -> 最终确认血条数: 6
[REWARD] 🎯 完美落子！部署点靠近敌人 (距离: 108.3)，奖励 +2.0
[REWARD] 🛡️ 背对敌人！(角度: 313.6°)，严厉惩罚 -1.0
[TemplateMatcher] pause_gear.png -> max conf: 0.908 (needs 0.5, optimal scale: 0.80x)

[STEP 77] 开始执行动作...
[ACTION] AI决定: 选卡 1 -> 放入网格(2,4) -> 朝向 1
         坐标映射: 拖拽从(385,650)至(400,510) -> 方向滑动至(400,660)
[ACTION] ⛔ Fast-Fail! 目标网格(2,4)非绿色高亮(绿像素:0)。取消拖拽。
[REWARD] 执行前血条数: 6 -> 最终确认血条数: 0
[REWARD] ⛔ 非法区域/无费用，已被 CV 阻断。奖励 -0.5 (连续无作为: 1次)
[TemplateMatcher] pause_gear.png -> max conf: 0.907 (needs 0.5, optimal scale: 0.80x)

[STEP 78] 开始执行动作...
[ACTION] AI决定: 选卡 7 -> 放入网格(3,1) -> 朝向 2
         坐标映射: 拖拽从(925,650)至(500,270) -> 方向滑动至(350,270)
[ACTION] ✅ CV校验通过！网格(3,1)具有高亮绿色(像素:68)，准许拖拽。
[REWARD] 动作已执行，开始 3 次心跳检测 (间隔 0.2s)...
[REWARD] ✅ 第 1 次检测命中目标干员血条！
[REWARD] 执行前血条数: 6 -> 最终确认血条数: 9
[REWARD] 🎯 完美落子！部署点靠近敌人 (距离: 198.6)，奖励 +2.0
[REWARD] 🛡️ 背对敌人！(角度: 317.6°)，严厉惩罚 -1.0
[TemplateMatcher] pause_gear.png -> max conf: 0.908 (needs 0.5, optimal scale: 0.80x)

[STEP 79] 开始执行动作...
[ACTION] AI决定: 选卡 1 -> 放入网格(0,0) -> 朝向 1
         坐标映射: 拖拽从(385,650)至(200,190) -> 方向滑动至(200,340)
[ACTION] ⛔ Fast-Fail! 目标网格(0,0)非绿色高亮(绿像素:0)。取消拖拽。
[REWARD] 执行前血条数: 9 -> 最终确认血条数: 0
[REWARD] ⛔ 非法区域/无费用，已被 CV 阻断。奖励 -0.5 (连续无作为: 1次)
[TemplateMatcher] pause_gear.png -> max conf: 0.908 (needs 0.5, optimal scale: 0.80x)

[STEP 80] 开始执行动作...
[ACTION] AI决定: 选卡 3 -> 放入网格(5,1) -> 朝向 1
         坐标映射: 拖拽从(565,650)至(700,270) -> 方向滑动至(700,420)
[ACTION] ⛔ Fast-Fail! 目标网格(5,1)非绿色高亮(绿像素:0)。取消拖拽。
[REWARD] 执行前血条数: 9 -> 最终确认血条数: 0
[REWARD] ⛔ 非法区域/无费用，已被 CV 阻断。奖励 -0.5 (连续无作为: 2次)
[TemplateMatcher] pause_gear.png -> max conf: 0.908 (needs 0.5, optimal scale: 0.80x)

[STEP 81] 开始执行动作...
[ACTION] AI决定: 选卡 4 -> 放入网格(2,0) -> 朝向 2
         坐标映射: 拖拽从(655,650)至(400,190) -> 方向滑动至(250,190)
[ACTION] ⛔ Fast-Fail! 目标网格(2,0)非绿色高亮(绿像素:4)。取消拖拽。
[REWARD] 执行前血条数: 9 -> 最终确认血条数: 0
[REWARD] ⛔ 非法区域/无费用，已被 CV 阻断。奖励 -0.5 (连续无作为: 3次)
[TemplateMatcher] pause_gear.png -> max conf: 0.908 (needs 0.5, optimal scale: 0.80x)

[STEP 82] 开始执行动作...
[ACTION] AI决定: 选卡 7 -> 放入网格(5,0) -> 朝向 1
         坐标映射: 拖拽从(925,650)至(700,190) -> 方向滑动至(700,340)
[ACTION] ⛔ Fast-Fail! 目标网格(5,0)非绿色高亮(绿像素:0)。取消拖拽。
[REWARD] 执行前血条数: 9 -> 最终确认血条数: 0
[REWARD] ⛔ 非法区域/无费用，已被 CV 阻断。奖励 -0.5 (连续无作为: 4次)
[TemplateMatcher] pause_gear.png -> max conf: 0.910 (needs 0.5, optimal scale: 0.80x)

[STEP 83] 开始执行动作...
[ACTION] AI决定: 选卡 1 -> 放入网格(8,1) -> 朝向 2
         坐标映射: 拖拽从(385,650)至(1000,270) -> 方向滑动至(850,270)
[ACTION] ⛔ Fast-Fail! 目标网格(8,1)非绿色高亮(绿像素:0)。取消拖拽。
[REWARD] 执行前血条数: 7 -> 最终确认血条数: 0
[REWARD] ⛔ 非法区域/无费用，已被 CV 阻断。奖励 -0.5 (连续无作为: 5次)
[TemplateMatcher] pause_gear.png -> max conf: 0.908 (needs 0.5, optimal scale: 0.80x)

[STEP 84] 开始执行动作...
[ACTION] AI决定: 💤 挂机 (Skip / Wait for Cost) - 屏幕中上部防误触点击
[REWARD] 执行前血条数: 7 -> 最终确认血条数: 0
[REWARD] 💤 AI 主动挂机等费用，只扣除微小时间惩罚 -0.01
[TemplateMatcher] pause_gear.png -> max conf: 0.908 (needs 0.5, optimal scale: 0.80x)

[STEP 85] 开始执行动作...
[ACTION] AI决定: 选卡 3 -> 放入网格(1,2) -> 朝向 1
         坐标映射: 拖拽从(565,650)至(300,350) -> 方向滑动至(300,500)
[ACTION] ⛔ Fast-Fail! 目标网格(1,2)非绿色高亮(绿像素:0)。取消拖拽。
[REWARD] 执行前血条数: 9 -> 最终确认血条数: 0
[REWARD] ⛔ 非法区域/无费用，已被 CV 阻断。奖励 -0.5 (连续无作为: 1次)
[TemplateMatcher] pause_gear.png -> max conf: 0.908 (needs 0.5, optimal scale: 0.80x)

[STEP 86] 开始执行动作...
[ACTION] AI决定: 选卡 9 -> 放入网格(1,1) -> 朝向 2
         坐标映射: 拖拽从(1105,650)至(300,270) -> 方向滑动至(150,270)
[ACTION] ✅ CV校验通过！网格(1,1)具有高亮绿色(像素:231)，准许拖拽。
[REWARD] 动作已执行，开始 3 次心跳检测 (间隔 0.2s)...
[REWARD] ❌ 第 1 次未检测到目标血条...
[REWARD] ❌ 第 2 次未检测到目标血条...
[REWARD] ❌ 第 3 次未检测到目标血条...
[REWARD] 执行前血条数: 7 -> 最终确认血条数: 0
[REWARD] 部署失败，计算前后帧 MSE (均方误差) = 5341.39
[REWARD] 动作无效，但游戏仍在进行(画面有变化)。奖励 -0.2 (已清空无作为计数器)
[TemplateMatcher] pause_gear.png -> max conf: 0.000 (needs 0.5, optimal scale: 0.80x)
[ENV] ⚠️ 未检测到右上角齿轮图标！(连续 1/3 次)

[STEP 87] 开始执行动作...
[ACTION] AI决定: 选卡 1 -> 放入网格(1,3) -> 朝向 0
         坐标映射: 拖拽从(385,650)至(300,430) -> 方向滑动至(300,280)
[ACTION] ⛔ Fast-Fail! 目标网格(1,3)非绿色高亮(绿像素:0)。取消拖拽。
[REWARD] 执行前血条数: 0 -> 最终确认血条数: 0
[REWARD] ⛔ 非法区域/无费用，已被 CV 阻断。奖励 -0.5 (连续无作为: 1次)
[TemplateMatcher] pause_gear.png -> max conf: 0.000 (needs 0.5, optimal scale: 0.80x)
[ENV] ⚠️ 未检测到右上角齿轮图标！(连续 2/3 次)

[STEP 88] 开始执行动作...
[ACTION] AI决定: 选卡 1 -> 放入网格(6,2) -> 朝向 3
         坐标映射: 拖拽从(385,650)至(800,350) -> 方向滑动至(950,350)
[ACTION] ⛔ Fast-Fail! 目标网格(6,2)非绿色高亮(绿像素:0)。取消拖拽。
[REWARD] 执行前血条数: 0 -> 最终确认血条数: 0
[REWARD] ⛔ 非法区域/无费用，已被 CV 阻断。奖励 -0.5 (连续无作为: 2次)
[TemplateMatcher] pause_gear.png -> max conf: 0.000 (needs 0.5, optimal scale: 0.80x)
[ENV] ⚠️ 未检测到右上角齿轮图标！(连续 3/3 次)
[ENV] 🚨 优先级 3 触发：齿轮彻底消失，战斗已结束！

================= 回合结束，开始自动重启关卡 =================
[TemplateMatcher] pause_gear.png -> max conf: 0.000 (needs 0.7, optimal scale: 0.80x)
[DEBUG] 未匹配 [pause_gear] (要求阈值 0.7)
[TemplateMatcher] start_action.png -> max conf: 0.000 (needs 0.45, optimal scale: 0.80x)
[DEBUG] 未匹配 [start_action] (要求阈值 0.45)
[TemplateMatcher] practice.png -> max conf: 0.000 (needs 0.5, optimal scale: 0.80x)
[DEBUG] 未匹配 [practice] (要求阈值 0.5)
[TemplateMatcher] stage_1_7.png -> max conf: 0.000 (needs 0.5, optimal scale: 0.80x)
[DEBUG] 未匹配 [stage_1_7] (要求阈值 0.5)
[RESET] 尝试跳过动画/寻找入口... (尝试 1/100)
[TemplateMatcher] pause_gear.png -> max conf: 0.548 (needs 0.7, optimal scale: 0.95x)
[DEBUG] 未匹配 [pause_gear] (要求阈值 0.7)
[TemplateMatcher] start_action.png -> max conf: 0.053 (needs 0.45, optimal scale: 0.80x)
[DEBUG] 未匹配 [start_action] (要求阈值 0.45)
[TemplateMatcher] practice.png -> max conf: 0.538 (needs 0.5, optimal scale: 1.20x)
[RESET] 找到 [practice] (置信度 0.54 >= 0.5)，点击 (625, 665)
[RESET] 点击演习按钮
[TemplateMatcher] pause_gear.png -> max conf: 0.548 (needs 0.7, optimal scale: 0.95x)
[DEBUG] 未匹配 [pause_gear] (要求阈值 0.7)
[TemplateMatcher] start_action.png -> max conf: 0.053 (needs 0.45, optimal scale: 0.80x)
[DEBUG] 未匹配 [start_action] (要求阈值 0.45)
[TemplateMatcher] practice.png -> max conf: 0.538 (needs 0.5, optimal scale: 1.20x)
[RESET] 找到 [practice] (置信度 0.54 >= 0.5)，点击 (625, 665)
[RESET] 点击演习按钮
[TemplateMatcher] pause_gear.png -> max conf: 0.490 (needs 0.7, optimal scale: 0.80x)
[DEBUG] 未匹配 [pause_gear] (要求阈值 0.7)
[TemplateMatcher] start_action.png -> max conf: -0.034 (needs 0.45, optimal scale: 0.80x)
[DEBUG] 未匹配 [start_action] (要求阈值 0.45)
[TemplateMatcher] practice.png -> max conf: 0.522 (needs 0.5, optimal scale: 0.80x)
[RESET] 找到 [practice] (置信度 0.52 >= 0.5)，点击 (533, 603)
[RESET] 点击演习按钮
[TemplateMatcher] pause_gear.png -> max conf: 0.490 (needs 0.7, optimal scale: 0.80x)
[DEBUG] 未匹配 [pause_gear] (要求阈值 0.7)
[TemplateMatcher] start_action.png -> max conf: -0.034 (needs 0.45, optimal scale: 0.80x)
[DEBUG] 未匹配 [start_action] (要求阈值 0.45)
[TemplateMatcher] practice.png -> max conf: 0.522 (needs 0.5, optimal scale: 0.80x)
[RESET] 找到 [practice] (置信度 0.52 >= 0.5)，点击 (533, 603)
[RESET] 点击演习按钮
[TemplateMatcher] pause_gear.png -> max conf: 0.490 (needs 0.7, optimal scale: 0.80x)
[DEBUG] 未匹配 [pause_gear] (要求阈值 0.7)
[TemplateMatcher] start_action.png -> max conf: -0.034 (needs 0.45, optimal scale: 0.80x)
[DEBUG] 未匹配 [start_action] (要求阈值 0.45)
[TemplateMatcher] practice.png -> max conf: 0.522 (needs 0.5, optimal scale: 0.80x)
[RESET] 找到 [practice] (置信度 0.52 >= 0.5)，点击 (533, 603)
[RESET] 点击演习按钮
[TemplateMatcher] pause_gear.png -> max conf: 0.473 (needs 0.7, optimal scale: 0.90x)
[DEBUG] 未匹配 [pause_gear] (要求阈值 0.7)
[TemplateMatcher] start_action.png -> max conf: 0.037 (needs 0.45, optimal scale: 0.80x)
[DEBUG] 未匹配 [start_action] (要求阈值 0.45)
[TemplateMatcher] practice.png -> max conf: 0.489 (needs 0.5, optimal scale: 0.85x)
[DEBUG] 未匹配 [practice] (要求阈值 0.5)
[TemplateMatcher] stage_1_7.png -> max conf: 0.712 (needs 0.5, optimal scale: 0.80x)
[RESET] 找到 [stage_1_7] (置信度 0.71 >= 0.5)，点击 (638, 224)
[RESET] 点击关卡 1-7 图标
[TemplateMatcher] pause_gear.png -> max conf: 0.612 (needs 0.7, optimal scale: 1.10x)
[DEBUG] 未匹配 [pause_gear] (要求阈值 0.7)
[TemplateMatcher] start_action.png -> max conf: 0.100 (needs 0.45, optimal scale: 0.80x)
[DEBUG] 未匹配 [start_action] (要求阈值 0.45)
[TemplateMatcher] practice.png -> max conf: 0.687 (needs 0.5, optimal scale: 0.80x)
[RESET] 找到 [practice] (置信度 0.69 >= 0.5)，点击 (935, 660)
[RESET] 点击演习按钮
[TemplateMatcher] pause_gear.png -> max conf: 0.470 (needs 0.7, optimal scale: 1.05x)
[DEBUG] 未匹配 [pause_gear] (要求阈值 0.7)
[TemplateMatcher] start_action.png -> max conf: 0.451 (needs 0.45, optimal scale: 0.80x)
[RESET] 找到 [start_action] (置信度 0.45 >= 0.45)，点击 (1101, 513)
[RESET] 点击开始行动，进入加载...
[TemplateMatcher] pause_gear.png -> max conf: 0.000 (needs 0.7, optimal scale: 0.80x)
[DEBUG] 未匹配 [pause_gear] (要求阈值 0.7)
[TemplateMatcher] start_action.png -> max conf: 0.000 (needs 0.45, optimal scale: 0.80x)
[DEBUG] 未匹配 [start_action] (要求阈值 0.45)
[TemplateMatcher] practice.png -> max conf: 0.000 (needs 0.5, optimal scale: 0.80x)
[DEBUG] 未匹配 [practice] (要求阈值 0.5)
[TemplateMatcher] stage_1_7.png -> max conf: 0.000 (needs 0.5, optimal scale: 0.80x)
[DEBUG] 未匹配 [stage_1_7] (要求阈值 0.5)
[RESET] 尝试跳过动画/寻找入口... (尝试 10/100)
[TemplateMatcher] pause_gear.png -> max conf: 0.000 (needs 0.7, optimal scale: 0.80x)
[DEBUG] 未匹配 [pause_gear] (要求阈值 0.7)
[TemplateMatcher] start_action.png -> max conf: 0.000 (needs 0.45, optimal scale: 0.80x)
[DEBUG] 未匹配 [start_action] (要求阈值 0.45)
[TemplateMatcher] practice.png -> max conf: 0.000 (needs 0.5, optimal scale: 0.80x)
[DEBUG] 未匹配 [practice] (要求阈值 0.5)
[TemplateMatcher] stage_1_7.png -> max conf: 0.000 (needs 0.5, optimal scale: 0.80x)
[DEBUG] 未匹配 [stage_1_7] (要求阈值 0.5)
[RESET] 尝试跳过动画/寻找入口... (尝试 11/100)
[TemplateMatcher] pause_gear.png -> max conf: 0.511 (needs 0.7, optimal scale: 1.20x)
[DEBUG] 未匹配 [pause_gear] (要求阈值 0.7)
[TemplateMatcher] start_action.png -> max conf: -0.063 (needs 0.45, optimal scale: 0.80x)
[DEBUG] 未匹配 [start_action] (要求阈值 0.45)
[TemplateMatcher] practice.png -> max conf: 0.381 (needs 0.5, optimal scale: 0.80x)
[DEBUG] 未匹配 [practice] (要求阈值 0.5)
[TemplateMatcher] stage_1_7.png -> max conf: 0.411 (needs 0.5, optimal scale: 0.90x)
[DEBUG] 未匹配 [stage_1_7] (要求阈值 0.5)
[RESET] 尝试跳过动画/寻找入口... (尝试 12/100)
[TemplateMatcher] pause_gear.png -> max conf: 0.511 (needs 0.7, optimal scale: 1.20x)
[DEBUG] 未匹配 [pause_gear] (要求阈值 0.7)
[TemplateMatcher] start_action.png -> max conf: -0.063 (needs 0.45, optimal scale: 0.80x)
[DEBUG] 未匹配 [start_action] (要求阈值 0.45)
[TemplateMatcher] practice.png -> max conf: 0.381 (needs 0.5, optimal scale: 0.80x)
[DEBUG] 未匹配 [practice] (要求阈值 0.5)
[TemplateMatcher] stage_1_7.png -> max conf: 0.411 (needs 0.5, optimal scale: 0.90x)
[DEBUG] 未匹配 [stage_1_7] (要求阈值 0.5)
[RESET] 尝试跳过动画/寻找入口... (尝试 13/100)
[TemplateMatcher] pause_gear.png -> max conf: 0.215 (needs 0.7, optimal scale: 1.20x)
[DEBUG] 未匹配 [pause_gear] (要求阈值 0.7)
[TemplateMatcher] start_action.png -> max conf: 0.224 (needs 0.45, optimal scale: 0.80x)
[DEBUG] 未匹配 [start_action] (要求阈值 0.45)
[TemplateMatcher] practice.png -> max conf: 0.378 (needs 0.5, optimal scale: 0.80x)
[DEBUG] 未匹配 [practice] (要求阈值 0.5)
[TemplateMatcher] stage_1_7.png -> max conf: 0.271 (needs 0.5, optimal scale: 0.80x)
[DEBUG] 未匹配 [stage_1_7] (要求阈值 0.5)
[RESET] 尝试跳过动画/寻找入口... (尝试 14/100)
