[INFO] 正在查找 ADB 设备...
[SUCCESS] 连接到设备: MuMu安卓设备-MuMuPlayer12 v5 (127.0.0.1:16384)
[SUCCESS] 设备握手成功!
[INFO] 正在加载 YOLO 模型: D:\BiShe\MaAutomaton-main\MaAutomaton-main\models\yolo\best.pt
       使用设备: cpu
[SUCCESS] YOLO 模型加载完成!
[INFO] 正在加载模板匹配器...
[SUCCESS] 模板匹配器加载完成!
[INFO] 正在创建强化学习环境...
[SUCCESS] 环境创建完成!
[INFO] 正在创建 PPO 模型...
Using cpu device
[SUCCESS] PPO 模型创建完成!

================ 开始训练 ===================
总步数: 5000, 每次更新前收集步数: 128, 批次: 64
Logging to ./tensorboard_logs/PPO_8

[STEP 1] 开始执行动作...
[ACTION] AI决定: 选卡 6 -> 放入网格(9,2) -> 朝向 0
         坐标映射: 拖拽从(835,650)至(1100,350) -> 方向滑动至(1100,200)
[ACTION] ⛔ Fast-Fail! 目标网格(9,2)非绿色高亮(绿像素:0)。取消拖拽。
[REWARD] 执行前血条数: 0 -> 执行后血条数: 0
[REWARD] ⛔ 非法区域/无费用，已被 CV 阻断。奖励 -1.0

[STEP 2] 开始执行动作...
[ACTION] AI决定: 选卡 0 -> 放入网格(5,3) -> 朝向 3
         坐标映射: 拖拽从(295,650)至(700,430) -> 方向滑动至(850,430)
[ACTION] ✅ CV校验通过！网格(5,3)具有高亮绿色(像素:900)，准许拖拽。
[REWARD] 执行前血条数: 0 -> 执行后血条数: 0
[REWARD] 部署失败，计算前后帧 MSE (均方误差) = 4221.40
[REWARD] 动作无效。奖励 -0.5

[STEP 3] 开始执行动作...
[ACTION] AI决定: 选卡 8 -> 放入网格(8,0) -> 朝向 3
         坐标映射: 拖拽从(1015,650)至(1000,190) -> 方向滑动至(1150,190)
[ACTION] ⛔ Fast-Fail! 目标网格(8,0)非绿色高亮(绿像素:0)。取消拖拽。
[REWARD] 执行前血条数: 0 -> 执行后血条数: 0
[REWARD] ⛔ 非法区域/无费用，已被 CV 阻断。奖励 -1.0

[STEP 4] 开始执行动作...
[ACTION] AI决定: 选卡 3 -> 放入网格(2,3) -> 朝向 1
         坐标映射: 拖拽从(565,650)至(400,430) -> 方向滑动至(400,580)
[ACTION] ⛔ Fast-Fail! 目标网格(2,3)非绿色高亮(绿像素:0)。取消拖拽。
[REWARD] 执行前血条数: 0 -> 执行后血条数: 0
[REWARD] ⛔ 非法区域/无费用，已被 CV 阻断。奖励 -1.0

[STEP 5] 开始执行动作...
[ACTION] AI决定: 选卡 1 -> 放入网格(3,3) -> 朝向 2
         坐标映射: 拖拽从(385,650)至(500,430) -> 方向滑动至(350,430)
[ACTION] ⛔ Fast-Fail! 目标网格(3,3)非绿色高亮(绿像素:0)。取消拖拽。
[REWARD] 执行前血条数: 0 -> 执行后血条数: 0
[REWARD] ⛔ 非法区域/无费用，已被 CV 阻断。奖励 -1.0

[STEP 6] 开始执行动作...
[ACTION] AI决定: 选卡 4 -> 放入网格(1,3) -> 朝向 2
         坐标映射: 拖拽从(655,650)至(300,430) -> 方向滑动至(150,430)
[ACTION] ⛔ Fast-Fail! 目标网格(1,3)非绿色高亮(绿像素:0)。取消拖拽。
[REWARD] 执行前血条数: 0 -> 执行后血条数: 0
[REWARD] ⛔ 非法区域/无费用，已被 CV 阻断。奖励 -1.0

[STEP 7] 开始执行动作...
[ACTION] AI决定: 选卡 0 -> 放入网格(4,4) -> 朝向 3
         坐标映射: 拖拽从(295,650)至(600,510) -> 方向滑动至(750,510)
[ACTION] ⛔ Fast-Fail! 目标网格(4,4)非绿色高亮(绿像素:0)。取消拖拽。
[REWARD] 执行前血条数: 0 -> 执行后血条数: 0
[REWARD] ⛔ 非法区域/无费用，已被 CV 阻断。奖励 -1.0

[STEP 8] 开始执行动作...
[ACTION] AI决定: 选卡 9 -> 放入网格(6,2) -> 朝向 0
         坐标映射: 拖拽从(1105,650)至(800,350) -> 方向滑动至(800,200)
[ACTION] ✅ CV校验通过！网格(6,2)具有高亮绿色(像素:553)，准许拖拽。
[REWARD] 执行前血条数: 0 -> 执行后血条数: 0
[REWARD] 部署失败，计算前后帧 MSE (均方误差) = 152.45
[REWARD] 画面未发生明显变化(非法部署)。奖励 -1.0

[STEP 9] 开始执行动作...
[ACTION] AI决定: 选卡 0 -> 放入网格(8,1) -> 朝向 3
         坐标映射: 拖拽从(295,650)至(1000,270) -> 方向滑动至(1150,270)
[ACTION] ✅ CV校验通过！网格(8,1)具有高亮绿色(像素:323)，准许拖拽。
[REWARD] 执行前血条数: 0 -> 执行后血条数: 0
[REWARD] 部署失败，计算前后帧 MSE (均方误差) = 642.74
[REWARD] 动作无效。奖励 -0.5

[STEP 10] 开始执行动作...
[ACTION] AI决定: 选卡 7 -> 放入网格(9,1) -> 朝向 2
         坐标映射: 拖拽从(925,650)至(1100,270) -> 方向滑动至(950,270)
[ACTION] ⛔ Fast-Fail! 目标网格(9,1)非绿色高亮(绿像素:0)。取消拖拽。
[REWARD] 执行前血条数: 0 -> 执行后血条数: 0
[REWARD] ⛔ 非法区域/无费用，已被 CV 阻断。奖励 -1.0

[STEP 11] 开始执行动作...
[ACTION] AI决定: 选卡 2 -> 放入网格(3,4) -> 朝向 0
         坐标映射: 拖拽从(475,650)至(500,510) -> 方向滑动至(500,360)
[ACTION] ✅ CV校验通过！网格(3,4)具有高亮绿色(像素:900)，准许拖拽。
[REWARD] 执行前血条数: 0 -> 执行后血条数: 0
[REWARD] 部署失败，计算前后帧 MSE (均方误差) = 3401.76
[REWARD] 动作无效。奖励 -0.5

[STEP 12] 开始执行动作...
[ACTION] AI决定: 选卡 3 -> 放入网格(1,4) -> 朝向 1
         坐标映射: 拖拽从(565,650)至(300,510) -> 方向滑动至(300,660)
[ACTION] ⛔ Fast-Fail! 目标网格(1,4)非绿色高亮(绿像素:0)。取消拖拽。
[REWARD] 执行前血条数: 0 -> 执行后血条数: 0
[REWARD] ⛔ 非法区域/无费用，已被 CV 阻断。奖励 -1.0

[STEP 13] 开始执行动作...
[ACTION] AI决定: 选卡 3 -> 放入网格(9,2) -> 朝向 3
         坐标映射: 拖拽从(565,650)至(1100,350) -> 方向滑动至(1250,350)
[ACTION] ✅ CV校验通过！网格(9,2)具有高亮绿色(像素:860)，准许拖拽。
[REWARD] 执行前血条数: 0 -> 执行后血条数: 0
[REWARD] 部署失败，计算前后帧 MSE (均方误差) = 96.11
[REWARD] 画面未发生明显变化(非法部署)。奖励 -1.0

[STEP 14] 开始执行动作...
[ACTION] AI决定: 选卡 5 -> 放入网格(6,4) -> 朝向 2
         坐标映射: 拖拽从(745,650)至(800,510) -> 方向滑动至(650,510)
[ACTION] ✅ CV校验通过！网格(6,4)具有高亮绿色(像素:900)，准许拖拽。
[REWARD] 执行前血条数: 0 -> 执行后血条数: 0
[REWARD] 部署失败，计算前后帧 MSE (均方误差) = 145.31
[REWARD] 画面未发生明显变化(非法部署)。奖励 -1.0

[STEP 15] 开始执行动作...
[ACTION] AI决定: 选卡 6 -> 放入网格(6,4) -> 朝向 1
         坐标映射: 拖拽从(835,650)至(800,510) -> 方向滑动至(800,660)
[ACTION] ✅ CV校验通过！网格(6,4)具有高亮绿色(像素:900)，准许拖拽。
[REWARD] 执行前血条数: 0 -> 执行后血条数: 0
[REWARD] 部署失败，计算前后帧 MSE (均方误差) = 3087.46
[REWARD] 动作无效。奖励 -0.5

[STEP 16] 开始执行动作...
[ACTION] AI决定: 选卡 2 -> 放入网格(2,1) -> 朝向 2
         坐标映射: 拖拽从(475,650)至(400,270) -> 方向滑动至(250,270)
[ACTION] ✅ CV校验通过！网格(2,1)具有高亮绿色(像素:367)，准许拖拽。
[REWARD] 执行前血条数: 0 -> 执行后血条数: 0
[REWARD] 部署失败，计算前后帧 MSE (均方误差) = 3134.25
[REWARD] 动作无效。奖励 -0.5

[STEP 17] 开始执行动作...
[ACTION] AI决定: 选卡 1 -> 放入网格(6,1) -> 朝向 1
         坐标映射: 拖拽从(385,650)至(800,270) -> 方向滑动至(800,420)
[ACTION] ✅ CV校验通过！网格(6,1)具有高亮绿色(像素:893)，准许拖拽。
[REWARD] 执行前血条数: 0 -> 执行后血条数: 0
[REWARD] 部署失败，计算前后帧 MSE (均方误差) = 247.16
[REWARD] 画面未发生明显变化(非法部署)。奖励 -1.0

[STEP 18] 开始执行动作...
[ACTION] AI决定: 选卡 7 -> 放入网格(4,4) -> 朝向 1
         坐标映射: 拖拽从(925,650)至(600,510) -> 方向滑动至(600,660)
[ACTION] ⛔ Fast-Fail! 目标网格(4,4)非绿色高亮(绿像素:0)。取消拖拽。
[REWARD] 执行前血条数: 0 -> 执行后血条数: 0
[REWARD] ⛔ 非法区域/无费用，已被 CV 阻断。奖励 -1.0

[STEP 19] 开始执行动作...
[ACTION] AI决定: 选卡 9 -> 放入网格(2,0) -> 朝向 2
         坐标映射: 拖拽从(1105,650)至(400,190) -> 方向滑动至(250,190)
[ACTION] ⛔ Fast-Fail! 目标网格(2,0)非绿色高亮(绿像素:0)。取消拖拽。
[REWARD] 执行前血条数: 0 -> 执行后血条数: 0
[REWARD] ⛔ 非法区域/无费用，已被 CV 阻断。奖励 -1.0

[STEP 20] 开始执行动作...
[ACTION] AI决定: 选卡 4 -> 放入网格(4,2) -> 朝向 2
         坐标映射: 拖拽从(655,650)至(600,350) -> 方向滑动至(450,350)
[ACTION] ✅ CV校验通过！网格(4,2)具有高亮绿色(像素:864)，准许拖拽。
[REWARD] 执行前血条数: 0 -> 执行后血条数: 0
[REWARD] 部署失败，计算前后帧 MSE (均方误差) = 3538.09
[REWARD] 动作无效。奖励 -0.5

[STEP 21] 开始执行动作...
[ACTION] AI决定: 选卡 8 -> 放入网格(4,1) -> 朝向 1
         坐标映射: 拖拽从(1015,650)至(600,270) -> 方向滑动至(600,420)
[ACTION] ✅ CV校验通过！网格(4,1)具有高亮绿色(像素:900)，准许拖拽。
[REWARD] 执行前血条数: 0 -> 执行后血条数: 0
[REWARD] 部署失败，计算前后帧 MSE (均方误差) = 3592.57
[REWARD] 动作无效。奖励 -0.5

[STEP 22] 开始执行动作...
[ACTION] AI决定: 选卡 9 -> 放入网格(5,1) -> 朝向 2
         坐标映射: 拖拽从(1105,650)至(700,270) -> 方向滑动至(550,270)
[ACTION] ⛔ Fast-Fail! 目标网格(5,1)非绿色高亮(绿像素:0)。取消拖拽。
[REWARD] 执行前血条数: 0 -> 执行后血条数: 0
[REWARD] ⛔ 非法区域/无费用，已被 CV 阻断。奖励 -1.0

[STEP 23] 开始执行动作...
[ACTION] AI决定: 选卡 9 -> 放入网格(4,1) -> 朝向 0
         坐标映射: 拖拽从(1105,650)至(600,270) -> 方向滑动至(600,120)
[ACTION] ✅ CV校验通过！网格(4,1)具有高亮绿色(像素:900)，准许拖拽。
[REWARD] 执行前血条数: 0 -> 执行后血条数: 0
[REWARD] 部署失败，计算前后帧 MSE (均方误差) = 227.98
[REWARD] 画面未发生明显变化(非法部署)。奖励 -1.0

[STEP 24] 开始执行动作...
[ACTION] AI决定: 选卡 1 -> 放入网格(5,2) -> 朝向 2
         坐标映射: 拖拽从(385,650)至(700,350) -> 方向滑动至(550,350)
[ACTION] ✅ CV校验通过！网格(5,2)具有高亮绿色(像素:84)，准许拖拽。
[REWARD] 执行前血条数: 0 -> 执行后血条数: 0
[REWARD] 部署失败，计算前后帧 MSE (均方误差) = 320.00
[REWARD] 动作无效。奖励 -0.5

[STEP 25] 开始执行动作...
[ACTION] AI决定: 选卡 9 -> 放入网格(1,1) -> 朝向 1
         坐标映射: 拖拽从(1105,650)至(300,270) -> 方向滑动至(300,420)
[ACTION] ⛔ Fast-Fail! 目标网格(1,1)非绿色高亮(绿像素:9)。取消拖拽。
[REWARD] 执行前血条数: 0 -> 执行后血条数: 0
[REWARD] ⛔ 非法区域/无费用，已被 CV 阻断。奖励 -1.0

[STEP 26] 开始执行动作...
[ACTION] AI决定: 选卡 8 -> 放入网格(9,3) -> 朝向 1
         坐标映射: 拖拽从(1015,650)至(1100,430) -> 方向滑动至(1100,580)
[ACTION] ✅ CV校验通过！网格(9,3)具有高亮绿色(像素:97)，准许拖拽。
[REWARD] 执行前血条数: 0 -> 执行后血条数: 0
[REWARD] 部署失败，计算前后帧 MSE (均方误差) = 1420.04
[REWARD] 动作无效。奖励 -0.5

[STEP 27] 开始执行动作...
[ACTION] AI决定: 选卡 0 -> 放入网格(7,4) -> 朝向 2
         坐标映射: 拖拽从(295,650)至(900,510) -> 方向滑动至(750,510)
[ACTION] ✅ CV校验通过！网格(7,4)具有高亮绿色(像素:900)，准许拖拽。
[REWARD] 执行前血条数: 0 -> 执行后血条数: 0
[REWARD] 部署失败，计算前后帧 MSE (均方误差) = 115.34
[REWARD] 画面未发生明显变化(非法部署)。奖励 -1.0

[STEP 28] 开始执行动作...
[ACTION] AI决定: 选卡 7 -> 放入网格(4,0) -> 朝向 2
         坐标映射: 拖拽从(925,650)至(600,190) -> 方向滑动至(450,190)
[ACTION] ✅ CV校验通过！网格(4,0)具有高亮绿色(像素:703)，准许拖拽。
[REWARD] 执行前血条数: 0 -> 执行后血条数: 0
[REWARD] 部署失败，计算前后帧 MSE (均方误差) = 147.57
[REWARD] 画面未发生明显变化(非法部署)。奖励 -1.0

[STEP 29] 开始执行动作...
[ACTION] AI决定: 选卡 2 -> 放入网格(5,1) -> 朝向 3
         坐标映射: 拖拽从(475,650)至(700,270) -> 方向滑动至(850,270)
[ACTION] ✅ CV校验通过！网格(5,1)具有高亮绿色(像素:521)，准许拖拽。
[REWARD] 执行前血条数: 0 -> 执行后血条数: 0
[REWARD] 部署失败，计算前后帧 MSE (均方误差) = 232.30
[REWARD] 画面未发生明显变化(非法部署)。奖励 -1.0

[STEP 30] 开始执行动作...
[ACTION] AI决定: 选卡 5 -> 放入网格(1,0) -> 朝向 2
         坐标映射: 拖拽从(745,650)至(300,190) -> 方向滑动至(150,190)
[ACTION] ⛔ Fast-Fail! 目标网格(1,0)非绿色高亮(绿像素:0)。取消拖拽。
[REWARD] 执行前血条数: 0 -> 执行后血条数: 0
[REWARD] ⛔ 非法区域/无费用，已被 CV 阻断。奖励 -1.0

[STEP 31] 开始执行动作...
[ACTION] AI决定: 选卡 5 -> 放入网格(8,4) -> 朝向 2
         坐标映射: 拖拽从(745,650)至(1000,510) -> 方向滑动至(850,510)
[ACTION] ✅ CV校验通过！网格(8,4)具有高亮绿色(像素:881)，准许拖拽。
[REWARD] 执行前血条数: 0 -> 执行后血条数: 0
[REWARD] 部署失败，计算前后帧 MSE (均方误差) = 222.12
[REWARD] 画面未发生明显变化(非法部署)。奖励 -1.0

[STEP 32] 开始执行动作...
[ACTION] AI决定: 选卡 2 -> 放入网格(9,2) -> 朝向 0
         坐标映射: 拖拽从(475,650)至(1100,350) -> 方向滑动至(1100,200)
[ACTION] ✅ CV校验通过！网格(9,2)具有高亮绿色(像素:860)，准许拖拽。
[REWARD] 执行前血条数: 0 -> 执行后血条数: 0
[REWARD] 部署失败，计算前后帧 MSE (均方误差) = 229.70
[REWARD] 画面未发生明显变化(非法部署)。奖励 -1.0

[STEP 33] 开始执行动作...
[ACTION] AI决定: 选卡 0 -> 放入网格(9,4) -> 朝向 3
         坐标映射: 拖拽从(295,650)至(1100,510) -> 方向滑动至(1250,510)
[ACTION] ⛔ Fast-Fail! 目标网格(9,4)非绿色高亮(绿像素:0)。取消拖拽。
[REWARD] 执行前血条数: 0 -> 执行后血条数: 0
[REWARD] ⛔ 非法区域/无费用，已被 CV 阻断。奖励 -1.0

[STEP 34] 开始执行动作...
[ACTION] AI决定: 选卡 7 -> 放入网格(1,4) -> 朝向 1
         坐标映射: 拖拽从(925,650)至(300,510) -> 方向滑动至(300,660)
[ACTION] ⛔ Fast-Fail! 目标网格(1,4)非绿色高亮(绿像素:0)。取消拖拽。
[REWARD] 执行前血条数: 0 -> 执行后血条数: 0
[REWARD] ⛔ 非法区域/无费用，已被 CV 阻断。奖励 -1.0

[STEP 35] 开始执行动作...
[ACTION] AI决定: 选卡 8 -> 放入网格(8,4) -> 朝向 3
         坐标映射: 拖拽从(1015,650)至(1000,510) -> 方向滑动至(1150,510)
[ACTION] ⛔ Fast-Fail! 目标网格(8,4)非绿色高亮(绿像素:0)。取消拖拽。
[REWARD] 执行前血条数: 0 -> 执行后血条数: 0
[REWARD] ⛔ 非法区域/无费用，已被 CV 阻断。奖励 -1.0

[STEP 36] 开始执行动作...
[ACTION] AI决定: 选卡 5 -> 放入网格(1,4) -> 朝向 3
         坐标映射: 拖拽从(745,650)至(300,510) -> 方向滑动至(450,510)
[ACTION] ⛔ Fast-Fail! 目标网格(1,4)非绿色高亮(绿像素:0)。取消拖拽。
[REWARD] 执行前血条数: 0 -> 执行后血条数: 0
[REWARD] ⛔ 非法区域/无费用，已被 CV 阻断。奖励 -1.0

[STEP 37] 开始执行动作...
[ACTION] AI决定: 选卡 8 -> 放入网格(0,3) -> 朝向 0
         坐标映射: 拖拽从(1015,650)至(200,430) -> 方向滑动至(200,280)
[ACTION] ⛔ Fast-Fail! 目标网格(0,3)非绿色高亮(绿像素:0)。取消拖拽。
[REWARD] 执行前血条数: 0 -> 执行后血条数: 0
[REWARD] ⛔ 非法区域/无费用，已被 CV 阻断。奖励 -1.0

[STEP 38] 开始执行动作...
[ACTION] AI决定: 选卡 8 -> 放入网格(4,2) -> 朝向 1
         坐标映射: 拖拽从(1015,650)至(600,350) -> 方向滑动至(600,500)
[ACTION] ⛔ Fast-Fail! 目标网格(4,2)非绿色高亮(绿像素:0)。取消拖拽。
[REWARD] 执行前血条数: 0 -> 执行后血条数: 0
[REWARD] ⛔ 非法区域/无费用，已被 CV 阻断。奖励 -1.0

[STEP 39] 开始执行动作...
[ACTION] AI决定: 选卡 5 -> 放入网格(2,3) -> 朝向 3
         坐标映射: 拖拽从(745,650)至(400,430) -> 方向滑动至(550,430)
[ACTION] ⛔ Fast-Fail! 目标网格(2,3)非绿色高亮(绿像素:3)。取消拖拽。
[REWARD] 执行前血条数: 0 -> 执行后血条数: 0
[REWARD] ⛔ 非法区域/无费用，已被 CV 阻断。奖励 -1.0

[STEP 40] 开始执行动作...
[ACTION] AI决定: 选卡 1 -> 放入网格(0,0) -> 朝向 1
         坐标映射: 拖拽从(385,650)至(200,190) -> 方向滑动至(200,340)
[ACTION] ⛔ Fast-Fail! 目标网格(0,0)非绿色高亮(绿像素:0)。取消拖拽。
[REWARD] 执行前血条数: 0 -> 执行后血条数: 0
[REWARD] ⛔ 非法区域/无费用，已被 CV 阻断。奖励 -1.0

[STEP 41] 开始执行动作...
[ACTION] AI决定: 选卡 8 -> 放入网格(6,4) -> 朝向 2
         坐标映射: 拖拽从(1015,650)至(800,510) -> 方向滑动至(650,510)
[ACTION] ⛔ Fast-Fail! 目标网格(6,4)非绿色高亮(绿像素:0)。取消拖拽。
[REWARD] 执行前血条数: 0 -> 执行后血条数: 0
[REWARD] ⛔ 非法区域/无费用，已被 CV 阻断。奖励 -1.0

[STEP 42] 开始执行动作...
[ACTION] AI决定: 选卡 9 -> 放入网格(9,3) -> 朝向 1
         坐标映射: 拖拽从(1105,650)至(1100,430) -> 方向滑动至(1100,580)
[ACTION] ✅ CV校验通过！网格(9,3)具有高亮绿色(像素:262)，准许拖拽。
[REWARD] 执行前血条数: 0 -> 执行后血条数: 0
[REWARD] 部署失败，计算前后帧 MSE (均方误差) = 191.25
[REWARD] 画面未发生明显变化(非法部署)。奖励 -1.0

[STEP 43] 开始执行动作...
[ACTION] AI决定: 选卡 4 -> 放入网格(7,3) -> 朝向 1
         坐标映射: 拖拽从(655,650)至(900,430) -> 方向滑动至(900,580)
[ACTION] ✅ CV校验通过！网格(7,3)具有高亮绿色(像素:900)，准许拖拽。
[REWARD] 执行前血条数: 0 -> 执行后血条数: 0
[REWARD] 部署失败，计算前后帧 MSE (均方误差) = 1320.41
[REWARD] 动作无效。奖励 -0.5

[STEP 44] 开始执行动作...
[ACTION] AI决定: 选卡 3 -> 放入网格(1,4) -> 朝向 3
         坐标映射: 拖拽从(565,650)至(300,510) -> 方向滑动至(450,510)
[ACTION] ⛔ Fast-Fail! 目标网格(1,4)非绿色高亮(绿像素:0)。取消拖拽。
[REWARD] 执行前血条数: 0 -> 执行后血条数: 0
[REWARD] ⛔ 非法区域/无费用，已被 CV 阻断。奖励 -1.0

[STEP 45] 开始执行动作...
[ACTION] AI决定: 选卡 0 -> 放入网格(9,1) -> 朝向 1
         坐标映射: 拖拽从(295,650)至(1100,270) -> 方向滑动至(1100,420)
[ACTION] ⛔ Fast-Fail! 目标网格(9,1)非绿色高亮(绿像素:0)。取消拖拽。
[REWARD] 执行前血条数: 0 -> 执行后血条数: 0
[REWARD] ⛔ 非法区域/无费用，已被 CV 阻断。奖励 -1.0

[STEP 46] 开始执行动作...
[ACTION] AI决定: 选卡 4 -> 放入网格(6,3) -> 朝向 1
         坐标映射: 拖拽从(655,650)至(800,430) -> 方向滑动至(800,580)
[ACTION] ✅ CV校验通过！网格(6,3)具有高亮绿色(像素:60)，准许拖拽。
[REWARD] 执行前血条数: 0 -> 执行后血条数: 0
[REWARD] 部署失败，计算前后帧 MSE (均方误差) = 405.07
[REWARD] 动作无效。奖励 -0.5

[STEP 47] 开始执行动作...
[ACTION] AI决定: 选卡 0 -> 放入网格(4,3) -> 朝向 2
         坐标映射: 拖拽从(295,650)至(600,430) -> 方向滑动至(450,430)
[ACTION] ✅ CV校验通过！网格(4,3)具有高亮绿色(像素:900)，准许拖拽。
[REWARD] 执行前血条数: 0 -> 执行后血条数: 0
[REWARD] 部署失败，计算前后帧 MSE (均方误差) = 532.67
[REWARD] 动作无效。奖励 -0.5

[STEP 48] 开始执行动作...
[ACTION] AI决定: 选卡 2 -> 放入网格(7,4) -> 朝向 1
         坐标映射: 拖拽从(475,650)至(900,510) -> 方向滑动至(900,660)
[ACTION] ⛔ Fast-Fail! 目标网格(7,4)非绿色高亮(绿像素:0)。取消拖拽。
[REWARD] 执行前血条数: 0 -> 执行后血条数: 0
[REWARD] ⛔ 非法区域/无费用，已被 CV 阻断。奖励 -1.0

[STEP 49] 开始执行动作...
[ACTION] AI决定: 选卡 3 -> 放入网格(9,3) -> 朝向 3
         坐标映射: 拖拽从(565,650)至(1100,430) -> 方向滑动至(1250,430)
[ACTION] ⛔ Fast-Fail! 目标网格(9,3)非绿色高亮(绿像素:12)。取消拖拽。
[REWARD] 执行前血条数: 0 -> 执行后血条数: 0
[REWARD] ⛔ 非法区域/无费用，已被 CV 阻断。奖励 -1.0

[STEP 50] 开始执行动作...
[ACTION] AI决定: 选卡 3 -> 放入网格(9,2) -> 朝向 0
         坐标映射: 拖拽从(565,650)至(1100,350) -> 方向滑动至(1100,200)
[ACTION] ✅ CV校验通过！网格(9,2)具有高亮绿色(像素:855)，准许拖拽。
[REWARD] 执行前血条数: 0 -> 执行后血条数: 0
[REWARD] 部署失败，计算前后帧 MSE (均方误差) = 202.39
[REWARD] 画面未发生明显变化(非法部署)。奖励 -1.0

[STEP 51] 开始执行动作...
[ACTION] AI决定: 选卡 3 -> 放入网格(9,0) -> 朝向 3
         坐标映射: 拖拽从(565,650)至(1100,190) -> 方向滑动至(1250,190)
[ACTION] ⛔ Fast-Fail! 目标网格(9,0)非绿色高亮(绿像素:19)。取消拖拽。
[REWARD] 执行前血条数: 0 -> 执行后血条数: 0
[REWARD] ⛔ 非法区域/无费用，已被 CV 阻断。奖励 -1.0

[STEP 52] 开始执行动作...
[ACTION] AI决定: 选卡 0 -> 放入网格(5,3) -> 朝向 2
         坐标映射: 拖拽从(295,650)至(700,430) -> 方向滑动至(550,430)
[ACTION] ⛔ Fast-Fail! 目标网格(5,3)非绿色高亮(绿像素:0)。取消拖拽。
[REWARD] 执行前血条数: 0 -> 执行后血条数: 0
[REWARD] ⛔ 非法区域/无费用，已被 CV 阻断。奖励 -1.0

[STEP 53] 开始执行动作...
[ACTION] AI决定: 选卡 5 -> 放入网格(1,1) -> 朝向 0
         坐标映射: 拖拽从(745,650)至(300,270) -> 方向滑动至(300,120)
[ACTION] ⛔ Fast-Fail! 目标网格(1,1)非绿色高亮(绿像素:0)。取消拖拽。
[REWARD] 执行前血条数: 0 -> 执行后血条数: 0
[REWARD] ⛔ 非法区域/无费用，已被 CV 阻断。奖励 -1.0

[STEP 54] 开始执行动作...
[ACTION] AI决定: 选卡 8 -> 放入网格(3,3) -> 朝向 1
         坐标映射: 拖拽从(1015,650)至(500,430) -> 方向滑动至(500,580)
[ACTION] ⛔ Fast-Fail! 目标网格(3,3)非绿色高亮(绿像素:0)。取消拖拽。
[REWARD] 执行前血条数: 0 -> 执行后血条数: 0
[REWARD] ⛔ 非法区域/无费用，已被 CV 阻断。奖励 -1.0

[STEP 55] 开始执行动作...
[ACTION] AI决定: 选卡 2 -> 放入网格(3,3) -> 朝向 3
         坐标映射: 拖拽从(475,650)至(500,430) -> 方向滑动至(650,430)
[ACTION] ⛔ Fast-Fail! 目标网格(3,3)非绿色高亮(绿像素:0)。取消拖拽。
[REWARD] 执行前血条数: 0 -> 执行后血条数: 0
[REWARD] ⛔ 非法区域/无费用，已被 CV 阻断。奖励 -1.0

[STEP 56] 开始执行动作...
[ACTION] AI决定: 选卡 3 -> 放入网格(5,1) -> 朝向 3
         坐标映射: 拖拽从(565,650)至(700,270) -> 方向滑动至(850,270)
[ACTION] ✅ CV校验通过！网格(5,1)具有高亮绿色(像素:900)，准许拖拽。
[REWARD] 执行前血条数: 0 -> 执行后血条数: 0
[REWARD] 部署失败，计算前后帧 MSE (均方误差) = 238.98
[REWARD] 画面未发生明显变化(非法部署)。奖励 -1.0

[STEP 57] 开始执行动作...
[ACTION] AI决定: 选卡 9 -> 放入网格(0,0) -> 朝向 3
         坐标映射: 拖拽从(1105,650)至(200,190) -> 方向滑动至(350,190)
[ACTION] ⛔ Fast-Fail! 目标网格(0,0)非绿色高亮(绿像素:0)。取消拖拽。
[REWARD] 执行前血条数: 0 -> 执行后血条数: 0
[REWARD] ⛔ 非法区域/无费用，已被 CV 阻断。奖励 -1.0

[STEP 58] 开始执行动作...
[ACTION] AI决定: 选卡 3 -> 放入网格(1,3) -> 朝向 0
         坐标映射: 拖拽从(565,650)至(300,430) -> 方向滑动至(300,280)
[ACTION] ⛔ Fast-Fail! 目标网格(1,3)非绿色高亮(绿像素:0)。取消拖拽。
[REWARD] 执行前血条数: 0 -> 执行后血条数: 0
[REWARD] ⛔ 非法区域/无费用，已被 CV 阻断。奖励 -1.0

[STEP 59] 开始执行动作...
[ACTION] AI决定: 选卡 9 -> 放入网格(9,2) -> 朝向 3
         坐标映射: 拖拽从(1105,650)至(1100,350) -> 方向滑动至(1250,350)
[ACTION] ⛔ Fast-Fail! 目标网格(9,2)非绿色高亮(绿像素:0)。取消拖拽。
[REWARD] 执行前血条数: 0 -> 执行后血条数: 0
[REWARD] ⛔ 非法区域/无费用，已被 CV 阻断。奖励 -1.0

[STEP 60] 开始执行动作...
[ACTION] AI决定: 选卡 4 -> 放入网格(4,3) -> 朝向 0
         坐标映射: 拖拽从(655,650)至(600,430) -> 方向滑动至(600,280)
[ACTION] ⛔ Fast-Fail! 目标网格(4,3)非绿色高亮(绿像素:0)。取消拖拽。
[REWARD] 执行前血条数: 0 -> 执行后血条数: 0
[REWARD] ⛔ 非法区域/无费用，已被 CV 阻断。奖励 -1.0

[STEP 61] 开始执行动作...
[ACTION] AI决定: 选卡 7 -> 放入网格(6,3) -> 朝向 2
         坐标映射: 拖拽从(925,650)至(800,430) -> 方向滑动至(650,430)
[ACTION] ✅ CV校验通过！网格(6,3)具有高亮绿色(像素:75)，准许拖拽。
[REWARD] 执行前血条数: 0 -> 执行后血条数: 0
[REWARD] 部署失败，计算前后帧 MSE (均方误差) = 188.02
[REWARD] 画面未发生明显变化(非法部署)。奖励 -1.0

[STEP 62] 开始执行动作...
[ACTION] AI决定: 选卡 5 -> 放入网格(5,1) -> 朝向 2
         坐标映射: 拖拽从(745,650)至(700,270) -> 方向滑动至(550,270)
[ACTION] ⛔ Fast-Fail! 目标网格(5,1)非绿色高亮(绿像素:0)。取消拖拽。
[REWARD] 执行前血条数: 0 -> 执行后血条数: 0
[REWARD] ⛔ 非法区域/无费用，已被 CV 阻断。奖励 -1.0

[STEP 63] 开始执行动作...
[ACTION] AI决定: 选卡 5 -> 放入网格(0,0) -> 朝向 1
         坐标映射: 拖拽从(745,650)至(200,190) -> 方向滑动至(200,340)
[ACTION] ⛔ Fast-Fail! 目标网格(0,0)非绿色高亮(绿像素:0)。取消拖拽。
[REWARD] 执行前血条数: 0 -> 执行后血条数: 0
[REWARD] ⛔ 非法区域/无费用，已被 CV 阻断。奖励 -1.0

[STEP 64] 开始执行动作...
[ACTION] AI决定: 选卡 8 -> 放入网格(4,4) -> 朝向 0
         坐标映射: 拖拽从(1015,650)至(600,510) -> 方向滑动至(600,360)
[ACTION] ⛔ Fast-Fail! 目标网格(4,4)非绿色高亮(绿像素:0)。取消拖拽。
[REWARD] 执行前血条数: 0 -> 执行后血条数: 0
[REWARD] ⛔ 非法区域/无费用，已被 CV 阻断。奖励 -1.0

[STEP 65] 开始执行动作...
[ACTION] AI决定: 选卡 0 -> 放入网格(1,1) -> 朝向 1
         坐标映射: 拖拽从(295,650)至(300,270) -> 方向滑动至(300,420)
[ACTION] ⛔ Fast-Fail! 目标网格(1,1)非绿色高亮(绿像素:0)。取消拖拽。
[REWARD] 执行前血条数: 0 -> 执行后血条数: 0
[REWARD] ⛔ 非法区域/无费用，已被 CV 阻断。奖励 -1.0

[STEP 66] 开始执行动作...
[ACTION] AI决定: 选卡 0 -> 放入网格(1,0) -> 朝向 3
         坐标映射: 拖拽从(295,650)至(300,190) -> 方向滑动至(450,190)
[ACTION] ⛔ Fast-Fail! 目标网格(1,0)非绿色高亮(绿像素:0)。取消拖拽。
[REWARD] 执行前血条数: 0 -> 执行后血条数: 0
[REWARD] ⛔ 非法区域/无费用，已被 CV 阻断。奖励 -1.0

[STEP 67] 开始执行动作...
[ACTION] AI决定: 选卡 9 -> 放入网格(4,1) -> 朝向 1
         坐标映射: 拖拽从(1105,650)至(600,270) -> 方向滑动至(600,420)
[ACTION] ✅ CV校验通过！网格(4,1)具有高亮绿色(像素:557)，准许拖拽。
[REWARD] 执行前血条数: 0 -> 执行后血条数: 0
[REWARD] 部署失败，计算前后帧 MSE (均方误差) = 179.83
[REWARD] 画面未发生明显变化(非法部署)。奖励 -1.0

[STEP 68] 开始执行动作...
[ACTION] AI决定: 选卡 7 -> 放入网格(4,3) -> 朝向 1
         坐标映射: 拖拽从(925,650)至(600,430) -> 方向滑动至(600,580)
[ACTION] ⛔ Fast-Fail! 目标网格(4,3)非绿色高亮(绿像素:0)。取消拖拽。
[REWARD] 执行前血条数: 0 -> 执行后血条数: 0
[REWARD] ⛔ 非法区域/无费用，已被 CV 阻断。奖励 -1.0

[STEP 69] 开始执行动作...
[ACTION] AI决定: 选卡 9 -> 放入网格(3,4) -> 朝向 2
         坐标映射: 拖拽从(1105,650)至(500,510) -> 方向滑动至(350,510)
[ACTION] ⛔ Fast-Fail! 目标网格(3,4)非绿色高亮(绿像素:0)。取消拖拽。
[REWARD] 执行前血条数: 0 -> 执行后血条数: 0
[REWARD] ⛔ 非法区域/无费用，已被 CV 阻断。奖励 -1.0

[STEP 70] 开始执行动作...
[ACTION] AI决定: 选卡 4 -> 放入网格(4,0) -> 朝向 1
         坐标映射: 拖拽从(655,650)至(600,190) -> 方向滑动至(600,340)
[ACTION] ✅ CV校验通过！网格(4,0)具有高亮绿色(像素:189)，准许拖拽。
[REWARD] 执行前血条数: 0 -> 执行后血条数: 0
[REWARD] 部署失败，计算前后帧 MSE (均方误差) = 330.51
[REWARD] 动作无效。奖励 -0.5

[STEP 71] 开始执行动作...
[ACTION] AI决定: 选卡 7 -> 放入网格(4,4) -> 朝向 3
         坐标映射: 拖拽从(925,650)至(600,510) -> 方向滑动至(750,510)
[ACTION] ⛔ Fast-Fail! 目标网格(4,4)非绿色高亮(绿像素:0)。取消拖拽。
[REWARD] 执行前血条数: 0 -> 执行后血条数: 0
[REWARD] ⛔ 非法区域/无费用，已被 CV 阻断。奖励 -1.0

[STEP 72] 开始执行动作...
[ACTION] AI决定: 选卡 9 -> 放入网格(0,0) -> 朝向 1
         坐标映射: 拖拽从(1105,650)至(200,190) -> 方向滑动至(200,340)
[ACTION] ⛔ Fast-Fail! 目标网格(0,0)非绿色高亮(绿像素:0)。取消拖拽。
[REWARD] 执行前血条数: 0 -> 执行后血条数: 0
[REWARD] ⛔ 非法区域/无费用，已被 CV 阻断。奖励 -1.0

[STEP 73] 开始执行动作...
[ACTION] AI决定: 选卡 1 -> 放入网格(8,4) -> 朝向 0
         坐标映射: 拖拽从(385,650)至(1000,510) -> 方向滑动至(1000,360)
[ACTION] ✅ CV校验通过！网格(8,4)具有高亮绿色(像素:689)，准许拖拽。
[REWARD] 执行前血条数: 0 -> 执行后血条数: 0
[REWARD] 部署失败，计算前后帧 MSE (均方误差) = 868.43
[REWARD] 动作无效。奖励 -0.5

[STEP 74] 开始执行动作...
[ACTION] AI决定: 选卡 9 -> 放入网格(0,1) -> 朝向 2
         坐标映射: 拖拽从(1105,650)至(200,270) -> 方向滑动至(50,270)
[ACTION] ⛔ Fast-Fail! 目标网格(0,1)非绿色高亮(绿像素:0)。取消拖拽。
[REWARD] 执行前血条数: 0 -> 执行后血条数: 0
[REWARD] ⛔ 非法区域/无费用，已被 CV 阻断。奖励 -1.0

[STEP 75] 开始执行动作...
[ACTION] AI决定: 选卡 6 -> 放入网格(6,2) -> 朝向 0
         坐标映射: 拖拽从(835,650)至(800,350) -> 方向滑动至(800,200)
[ACTION] ✅ CV校验通过！网格(6,2)具有高亮绿色(像素:140)，准许拖拽。
[REWARD] 执行前血条数: 0 -> 执行后血条数: 0
[REWARD] 部署失败，计算前后帧 MSE (均方误差) = 339.23
[REWARD] 动作无效。奖励 -0.5

[STEP 76] 开始执行动作...
[ACTION] AI决定: 选卡 7 -> 放入网格(3,4) -> 朝向 0
         坐标映射: 拖拽从(925,650)至(500,510) -> 方向滑动至(500,360)
[ACTION] ✅ CV校验通过！网格(3,4)具有高亮绿色(像素:900)，准许拖拽。
[REWARD] 执行前血条数: 0 -> 执行后血条数: 0
[REWARD] 部署失败，计算前后帧 MSE (均方误差) = 3171.16
[REWARD] 动作无效。奖励 -0.5

[STEP 77] 开始执行动作...
[ACTION] AI决定: 选卡 2 -> 放入网格(1,2) -> 朝向 0
         坐标映射: 拖拽从(475,650)至(300,350) -> 方向滑动至(300,200)
[ACTION] ⛔ Fast-Fail! 目标网格(1,2)非绿色高亮(绿像素:0)。取消拖拽。
[REWARD] 执行前血条数: 0 -> 执行后血条数: 0
[REWARD] ⛔ 非法区域/无费用，已被 CV 阻断。奖励 -1.0

[STEP 78] 开始执行动作...
[ACTION] AI决定: 选卡 2 -> 放入网格(0,0) -> 朝向 2
         坐标映射: 拖拽从(475,650)至(200,190) -> 方向滑动至(50,190)
[ACTION] ⛔ Fast-Fail! 目标网格(0,0)非绿色高亮(绿像素:0)。取消拖拽。
[REWARD] 执行前血条数: 0 -> 执行后血条数: 0
[REWARD] ⛔ 非法区域/无费用，已被 CV 阻断。奖励 -1.0

[STEP 79] 开始执行动作...
[ACTION] AI决定: 选卡 2 -> 放入网格(3,2) -> 朝向 0
         坐标映射: 拖拽从(475,650)至(500,350) -> 方向滑动至(500,200)
[ACTION] ✅ CV校验通过！网格(3,2)具有高亮绿色(像素:67)，准许拖拽。
[REWARD] 执行前血条数: 0 -> 执行后血条数: 0
[REWARD] 部署失败，计算前后帧 MSE (均方误差) = 314.24
[REWARD] 动作无效。奖励 -0.5

[STEP 80] 开始执行动作...
[ACTION] AI决定: 选卡 6 -> 放入网格(1,1) -> 朝向 0
         坐标映射: 拖拽从(835,650)至(300,270) -> 方向滑动至(300,120)
[ACTION] ⛔ Fast-Fail! 目标网格(1,1)非绿色高亮(绿像素:0)。取消拖拽。
[REWARD] 执行前血条数: 0 -> 执行后血条数: 0
[REWARD] ⛔ 非法区域/无费用，已被 CV 阻断。奖励 -1.0

[STEP 81] 开始执行动作...
[ACTION] AI决定: 选卡 4 -> 放入网格(9,1) -> 朝向 2
         坐标映射: 拖拽从(655,650)至(1100,270) -> 方向滑动至(950,270)
[ACTION] ⛔ Fast-Fail! 目标网格(9,1)非绿色高亮(绿像素:0)。取消拖拽。
[REWARD] 执行前血条数: 0 -> 执行后血条数: 0
[REWARD] ⛔ 非法区域/无费用，已被 CV 阻断。奖励 -1.0

[STEP 82] 开始执行动作...
[ACTION] AI决定: 选卡 9 -> 放入网格(7,3) -> 朝向 3
         坐标映射: 拖拽从(1105,650)至(900,430) -> 方向滑动至(1050,430)
[ACTION] ⛔ Fast-Fail! 目标网格(7,3)非绿色高亮(绿像素:15)。取消拖拽。
[REWARD] 执行前血条数: 0 -> 执行后血条数: 0
[REWARD] ⛔ 非法区域/无费用，已被 CV 阻断。奖励 -1.0

[STEP 83] 开始执行动作...
[ACTION] AI决定: 选卡 9 -> 放入网格(9,3) -> 朝向 2
         坐标映射: 拖拽从(1105,650)至(1100,430) -> 方向滑动至(950,430)
[ACTION] ✅ CV校验通过！网格(9,3)具有高亮绿色(像素:402)，准许拖拽。
[REWARD] 执行前血条数: 0 -> 执行后血条数: 0
[REWARD] 部署失败，计算前后帧 MSE (均方误差) = 244.00
[REWARD] 画面未发生明显变化(非法部署)。奖励 -1.0

[STEP 84] 开始执行动作...
[ACTION] AI决定: 选卡 8 -> 放入网格(1,2) -> 朝向 3
         坐标映射: 拖拽从(1015,650)至(300,350) -> 方向滑动至(450,350)
[ACTION] ⛔ Fast-Fail! 目标网格(1,2)非绿色高亮(绿像素:0)。取消拖拽。
[REWARD] 执行前血条数: 0 -> 执行后血条数: 0
[REWARD] ⛔ 非法区域/无费用，已被 CV 阻断。奖励 -1.0

[STEP 85] 开始执行动作...
[ACTION] AI决定: 选卡 7 -> 放入网格(9,2) -> 朝向 1
         坐标映射: 拖拽从(925,650)至(1100,350) -> 方向滑动至(1100,500)
[ACTION] ✅ CV校验通过！网格(9,2)具有高亮绿色(像素:860)，准许拖拽。
[REWARD] 执行前血条数: 0 -> 执行后血条数: 0
[REWARD] 部署失败，计算前后帧 MSE (均方误差) = 927.52
[REWARD] 动作无效。奖励 -0.5

[STEP 86] 开始执行动作...
[ACTION] AI决定: 选卡 1 -> 放入网格(0,3) -> 朝向 3
         坐标映射: 拖拽从(385,650)至(200,430) -> 方向滑动至(350,430)
[ACTION] ⛔ Fast-Fail! 目标网格(0,3)非绿色高亮(绿像素:3)。取消拖拽。
[REWARD] 执行前血条数: 0 -> 执行后血条数: 0
[REWARD] ⛔ 非法区域/无费用，已被 CV 阻断。奖励 -1.0

[STEP 87] 开始执行动作...
[ACTION] AI决定: 选卡 3 -> 放入网格(5,3) -> 朝向 2
         坐标映射: 拖拽从(565,650)至(700,430) -> 方向滑动至(550,430)
[ACTION] ⛔ Fast-Fail! 目标网格(5,3)非绿色高亮(绿像素:0)。取消拖拽。
[REWARD] 执行前血条数: 0 -> 执行后血条数: 0
[REWARD] ⛔ 非法区域/无费用，已被 CV 阻断。奖励 -1.0

[STEP 88] 开始执行动作...
[ACTION] AI决定: 选卡 3 -> 放入网格(7,4) -> 朝向 2
         坐标映射: 拖拽从(565,650)至(900,510) -> 方向滑动至(750,510)
[ACTION] ⛔ Fast-Fail! 目标网格(7,4)非绿色高亮(绿像素:0)。取消拖拽。
[REWARD] 执行前血条数: 0 -> 执行后血条数: 0
[REWARD] ⛔ 非法区域/无费用，已被 CV 阻断。奖励 -1.0

[STEP 89] 开始执行动作...
[ACTION] AI决定: 选卡 7 -> 放入网格(4,1) -> 朝向 2
         坐标映射: 拖拽从(925,650)至(600,270) -> 方向滑动至(450,270)
[ACTION] ✅ CV校验通过！网格(4,1)具有高亮绿色(像素:900)，准许拖拽。
[REWARD] 执行前血条数: 0 -> 执行后血条数: 0
[REWARD] 部署失败，计算前后帧 MSE (均方误差) = 248.41
[REWARD] 画面未发生明显变化(非法部署)。奖励 -1.0

[STEP 90] 开始执行动作...
[ACTION] AI决定: 选卡 6 -> 放入网格(7,2) -> 朝向 2
         坐标映射: 拖拽从(835,650)至(900,350) -> 方向滑动至(750,350)
[ACTION] ✅ CV校验通过！网格(7,2)具有高亮绿色(像素:154)，准许拖拽。
[REWARD] 执行前血条数: 0 -> 执行后血条数: 0
[REWARD] 部署失败，计算前后帧 MSE (均方误差) = 283.80
[REWARD] 画面未发生明显变化(非法部署)。奖励 -1.0

[STEP 91] 开始执行动作...
[ACTION] AI决定: 选卡 3 -> 放入网格(2,2) -> 朝向 2
         坐标映射: 拖拽从(565,650)至(400,350) -> 方向滑动至(250,350)
[ACTION] ⛔ Fast-Fail! 目标网格(2,2)非绿色高亮(绿像素:0)。取消拖拽。
[REWARD] 执行前血条数: 0 -> 执行后血条数: 0
[REWARD] ⛔ 非法区域/无费用，已被 CV 阻断。奖励 -1.0

[STEP 92] 开始执行动作...
[ACTION] AI决定: 选卡 3 -> 放入网格(1,2) -> 朝向 1
         坐标映射: 拖拽从(565,650)至(300,350) -> 方向滑动至(300,500)
[ACTION] ⛔ Fast-Fail! 目标网格(1,2)非绿色高亮(绿像素:8)。取消拖拽。
[REWARD] 执行前血条数: 0 -> 执行后血条数: 0
[REWARD] ⛔ 非法区域/无费用，已被 CV 阻断。奖励 -1.0

[STEP 93] 开始执行动作...
[ACTION] AI决定: 选卡 1 -> 放入网格(0,2) -> 朝向 1
         坐标映射: 拖拽从(385,650)至(200,350) -> 方向滑动至(200,500)
[ACTION] ⛔ Fast-Fail! 目标网格(0,2)非绿色高亮(绿像素:0)。取消拖拽。
[REWARD] 执行前血条数: 0 -> 执行后血条数: 0
[REWARD] ⛔ 非法区域/无费用，已被 CV 阻断。奖励 -1.0

[STEP 94] 开始执行动作...
[ACTION] AI决定: 选卡 4 -> 放入网格(6,2) -> 朝向 3
         坐标映射: 拖拽从(655,650)至(800,350) -> 方向滑动至(950,350)
[ACTION] ⛔ Fast-Fail! 目标网格(6,2)非绿色高亮(绿像素:0)。取消拖拽。
[REWARD] 执行前血条数: 0 -> 执行后血条数: 0
[REWARD] ⛔ 非法区域/无费用，已被 CV 阻断。奖励 -1.0

[STEP 95] 开始执行动作...
[ACTION] AI决定: 选卡 8 -> 放入网格(6,2) -> 朝向 2
         坐标映射: 拖拽从(1015,650)至(800,350) -> 方向滑动至(650,350)
[ACTION] ✅ CV校验通过！网格(6,2)具有高亮绿色(像素:280)，准许拖拽。
[REWARD] 执行前血条数: 0 -> 执行后血条数: 0
[REWARD] 部署失败，计算前后帧 MSE (均方误差) = 349.01
[REWARD] 动作无效。奖励 -0.5

[STEP 96] 开始执行动作...
[ACTION] AI决定: 选卡 1 -> 放入网格(0,1) -> 朝向 2
         坐标映射: 拖拽从(385,650)至(200,270) -> 方向滑动至(50,270)
[ACTION] ⛔ Fast-Fail! 目标网格(0,1)非绿色高亮(绿像素:0)。取消拖拽。
[REWARD] 执行前血条数: 0 -> 执行后血条数: 0
[REWARD] ⛔ 非法区域/无费用，已被 CV 阻断。奖励 -1.0

[STEP 97] 开始执行动作...
[ACTION] AI决定: 选卡 2 -> 放入网格(5,0) -> 朝向 1
         坐标映射: 拖拽从(475,650)至(700,190) -> 方向滑动至(700,340)
[ACTION] ⛔ Fast-Fail! 目标网格(5,0)非绿色高亮(绿像素:0)。取消拖拽。
[REWARD] 执行前血条数: 0 -> 执行后血条数: 0
[REWARD] ⛔ 非法区域/无费用，已被 CV 阻断。奖励 -1.0

[STEP 98] 开始执行动作...
[ACTION] AI决定: 选卡 8 -> 放入网格(4,3) -> 朝向 3
         坐标映射: 拖拽从(1015,650)至(600,430) -> 方向滑动至(750,430)
[ACTION] ⛔ Fast-Fail! 目标网格(4,3)非绿色高亮(绿像素:5)。取消拖拽。
[REWARD] 执行前血条数: 0 -> 执行后血条数: 0
[REWARD] ⛔ 非法区域/无费用，已被 CV 阻断。奖励 -1.0

[STEP 99] 开始执行动作...
[ACTION] AI决定: 选卡 0 -> 放入网格(2,1) -> 朝向 0
         坐标映射: 拖拽从(295,650)至(400,270) -> 方向滑动至(400,120)
[ACTION] ⛔ Fast-Fail! 目标网格(2,1)非绿色高亮(绿像素:0)。取消拖拽。
[REWARD] 执行前血条数: 0 -> 执行后血条数: 0
[REWARD] ⛔ 非法区域/无费用，已被 CV 阻断。奖励 -1.0

[STEP 100] 开始执行动作...
[ACTION] AI决定: 选卡 4 -> 放入网格(0,4) -> 朝向 2
         坐标映射: 拖拽从(655,650)至(200,510) -> 方向滑动至(50,510)
[ACTION] ⛔ Fast-Fail! 目标网格(0,4)非绿色高亮(绿像素:0)。取消拖拽。
[REWARD] 执行前血条数: 0 -> 执行后血条数: 0
[REWARD] ⛔ 非法区域/无费用，已被 CV 阻断。奖励 -1.0

[STEP 101] 开始执行动作...
[ACTION] AI决定: 选卡 9 -> 放入网格(8,4) -> 朝向 3
         坐标映射: 拖拽从(1105,650)至(1000,510) -> 方向滑动至(1150,510)
[ACTION] ⛔ Fast-Fail! 目标网格(8,4)非绿色高亮(绿像素:0)。取消拖拽。
[REWARD] 执行前血条数: 0 -> 执行后血条数: 0
[REWARD] ⛔ 非法区域/无费用，已被 CV 阻断。奖励 -1.0

[STEP 102] 开始执行动作...
[ACTION] AI决定: 选卡 2 -> 放入网格(2,2) -> 朝向 1
         坐标映射: 拖拽从(475,650)至(400,350) -> 方向滑动至(400,500)
[ACTION] ⛔ Fast-Fail! 目标网格(2,2)非绿色高亮(绿像素:0)。取消拖拽。
[REWARD] 执行前血条数: 0 -> 执行后血条数: 0
[REWARD] ⛔ 非法区域/无费用，已被 CV 阻断。奖励 -1.0

[STEP 103] 开始执行动作...
[ACTION] AI决定: 选卡 3 -> 放入网格(5,2) -> 朝向 1
         坐标映射: 拖拽从(565,650)至(700,350) -> 方向滑动至(700,500)
[ACTION] ⛔ Fast-Fail! 目标网格(5,2)非绿色高亮(绿像素:0)。取消拖拽。
[REWARD] 执行前血条数: 0 -> 执行后血条数: 0
[REWARD] ⛔ 非法区域/无费用，已被 CV 阻断。奖励 -1.0

[STEP 104] 开始执行动作...
[ACTION] AI决定: 选卡 3 -> 放入网格(6,2) -> 朝向 2
         坐标映射: 拖拽从(565,650)至(800,350) -> 方向滑动至(650,350)
[ACTION] ⛔ Fast-Fail! 目标网格(6,2)非绿色高亮(绿像素:0)。取消拖拽。
[REWARD] 执行前血条数: 0 -> 执行后血条数: 0
[REWARD] ⛔ 非法区域/无费用，已被 CV 阻断。奖励 -1.0

[STEP 105] 开始执行动作...
[ACTION] AI决定: 选卡 5 -> 放入网格(0,0) -> 朝向 0
         坐标映射: 拖拽从(745,650)至(200,190) -> 方向滑动至(200,40)
[ACTION] ⛔ Fast-Fail! 目标网格(0,0)非绿色高亮(绿像素:0)。取消拖拽。
[REWARD] 执行前血条数: 0 -> 执行后血条数: 0
[REWARD] ⛔ 非法区域/无费用，已被 CV 阻断。奖励 -1.0

[STEP 106] 开始执行动作...
[ACTION] AI决定: 选卡 6 -> 放入网格(5,0) -> 朝向 0
         坐标映射: 拖拽从(835,650)至(700,190) -> 方向滑动至(700,40)
[ACTION] ✅ CV校验通过！网格(5,0)具有高亮绿色(像素:812)，准许拖拽。
[REWARD] 执行前血条数: 0 -> 执行后血条数: 0
[REWARD] 部署失败，计算前后帧 MSE (均方误差) = 740.64
[REWARD] 动作无效。奖励 -0.5

[STEP 107] 开始执行动作...
[ACTION] AI决定: 选卡 5 -> 放入网格(6,1) -> 朝向 0
         坐标映射: 拖拽从(745,650)至(800,270) -> 方向滑动至(800,120)
[ACTION] ✅ CV校验通过！网格(6,1)具有高亮绿色(像素:893)，准许拖拽。
[REWARD] 执行前血条数: 0 -> 执行后血条数: 0
[REWARD] 部署失败，计算前后帧 MSE (均方误差) = 214.07
[REWARD] 画面未发生明显变化(非法部署)。奖励 -1.0

[STEP 108] 开始执行动作...
[ACTION] AI决定: 选卡 4 -> 放入网格(1,4) -> 朝向 1
         坐标映射: 拖拽从(655,650)至(300,510) -> 方向滑动至(300,660)
[ACTION] ⛔ Fast-Fail! 目标网格(1,4)非绿色高亮(绿像素:0)。取消拖拽。
[REWARD] 执行前血条数: 0 -> 执行后血条数: 0
[REWARD] ⛔ 非法区域/无费用，已被 CV 阻断。奖励 -1.0

[STEP 109] 开始执行动作...
[ACTION] AI决定: 选卡 6 -> 放入网格(4,0) -> 朝向 0
         坐标映射: 拖拽从(835,650)至(600,190) -> 方向滑动至(600,40)
[ACTION] ✅ CV校验通过！网格(4,0)具有高亮绿色(像素:186)，准许拖拽。
[REWARD] 执行前血条数: 0 -> 执行后血条数: 0
[REWARD] 部署失败，计算前后帧 MSE (均方误差) = 404.35
[REWARD] 动作无效。奖励 -0.5

[STEP 110] 开始执行动作...
[ACTION] AI决定: 选卡 0 -> 放入网格(1,1) -> 朝向 2
         坐标映射: 拖拽从(295,650)至(300,270) -> 方向滑动至(150,270)
[ACTION] ⛔ Fast-Fail! 目标网格(1,1)非绿色高亮(绿像素:0)。取消拖拽。
[REWARD] 执行前血条数: 0 -> 执行后血条数: 0
[REWARD] ⛔ 非法区域/无费用，已被 CV 阻断。奖励 -1.0

[STEP 111] 开始执行动作...
[ACTION] AI决定: 选卡 1 -> 放入网格(0,2) -> 朝向 0
         坐标映射: 拖拽从(385,650)至(200,350) -> 方向滑动至(200,200)
[ACTION] ⛔ Fast-Fail! 目标网格(0,2)非绿色高亮(绿像素:0)。取消拖拽。
[REWARD] 执行前血条数: 0 -> 执行后血条数: 0
[REWARD] ⛔ 非法区域/无费用，已被 CV 阻断。奖励 -1.0

[STEP 112] 开始执行动作...
[ACTION] AI决定: 选卡 3 -> 放入网格(6,2) -> 朝向 2
         坐标映射: 拖拽从(565,650)至(800,350) -> 方向滑动至(650,350)
[ACTION] ⛔ Fast-Fail! 目标网格(6,2)非绿色高亮(绿像素:0)。取消拖拽。
[REWARD] 执行前血条数: 0 -> 执行后血条数: 0
[REWARD] ⛔ 非法区域/无费用，已被 CV 阻断。奖励 -1.0

[STEP 113] 开始执行动作...
[ACTION] AI决定: 选卡 8 -> 放入网格(1,3) -> 朝向 1
         坐标映射: 拖拽从(1015,650)至(300,430) -> 方向滑动至(300,580)
[ACTION] ⛔ Fast-Fail! 目标网格(1,3)非绿色高亮(绿像素:0)。取消拖拽。
[REWARD] 执行前血条数: 0 -> 执行后血条数: 0
[REWARD] ⛔ 非法区域/无费用，已被 CV 阻断。奖励 -1.0

[STEP 114] 开始执行动作...
[ACTION] AI决定: 选卡 7 -> 放入网格(3,1) -> 朝向 0
         坐标映射: 拖拽从(925,650)至(500,270) -> 方向滑动至(500,120)
[ACTION] ✅ CV校验通过！网格(3,1)具有高亮绿色(像素:755)，准许拖拽。
[REWARD] 执行前血条数: 0 -> 执行后血条数: 0
[REWARD] 部署失败，计算前后帧 MSE (均方误差) = 265.30
[REWARD] 画面未发生明显变化(非法部署)。奖励 -1.0

[STEP 115] 开始执行动作...
[ACTION] AI决定: 选卡 7 -> 放入网格(3,1) -> 朝向 3
         坐标映射: 拖拽从(925,650)至(500,270) -> 方向滑动至(650,270)
[ACTION] ✅ CV校验通过！网格(3,1)具有高亮绿色(像素:755)，准许拖拽。
[REWARD] 执行前血条数: 0 -> 执行后血条数: 0
[REWARD] 部署失败，计算前后帧 MSE (均方误差) = 257.49
[REWARD] 画面未发生明显变化(非法部署)。奖励 -1.0

[STEP 116] 开始执行动作...
[ACTION] AI决定: 选卡 6 -> 放入网格(7,0) -> 朝向 1
         坐标映射: 拖拽从(835,650)至(900,190) -> 方向滑动至(900,340)
[ACTION] ✅ CV校验通过！网格(7,0)具有高亮绿色(像素:741)，准许拖拽。
[REWARD] 执行前血条数: 0 -> 执行后血条数: 0
[REWARD] 部署失败，计算前后帧 MSE (均方误差) = 260.71
[REWARD] 画面未发生明显变化(非法部署)。奖励 -1.0

[STEP 117] 开始执行动作...
[ACTION] AI决定: 选卡 7 -> 放入网格(7,1) -> 朝向 2
         坐标映射: 拖拽从(925,650)至(900,270) -> 方向滑动至(750,270)
[ACTION] ✅ CV校验通过！网格(7,1)具有高亮绿色(像素:28)，准许拖拽。
[REWARD] 执行前血条数: 0 -> 执行后血条数: 0
[REWARD] 部署失败，计算前后帧 MSE (均方误差) = 245.21
[REWARD] 画面未发生明显变化(非法部署)。奖励 -1.0

[STEP 118] 开始执行动作...
[ACTION] AI决定: 选卡 5 -> 放入网格(1,2) -> 朝向 2
         坐标映射: 拖拽从(745,650)至(300,350) -> 方向滑动至(150,350)
[ACTION] ⛔ Fast-Fail! 目标网格(1,2)非绿色高亮(绿像素:0)。取消拖拽。
[REWARD] 执行前血条数: 0 -> 执行后血条数: 0
[REWARD] ⛔ 非法区域/无费用，已被 CV 阻断。奖励 -1.0

[STEP 119] 开始执行动作...
[ACTION] AI决定: 选卡 7 -> 放入网格(4,4) -> 朝向 2
         坐标映射: 拖拽从(925,650)至(600,510) -> 方向滑动至(450,510)
[ACTION] ✅ CV校验通过！网格(4,4)具有高亮绿色(像素:900)，准许拖拽。
[REWARD] 执行前血条数: 0 -> 执行后血条数: 0
[REWARD] 部署失败，计算前后帧 MSE (均方误差) = 2998.67
[REWARD] 动作无效。奖励 -0.5

[STEP 120] 开始执行动作...
[ACTION] AI决定: 选卡 3 -> 放入网格(1,3) -> 朝向 3
         坐标映射: 拖拽从(565,650)至(300,430) -> 方向滑动至(450,430)
[ACTION] ⛔ Fast-Fail! 目标网格(1,3)非绿色高亮(绿像素:0)。取消拖拽。
[REWARD] 执行前血条数: 0 -> 执行后血条数: 0
[REWARD] ⛔ 非法区域/无费用，已被 CV 阻断。奖励 -1.0

[STEP 121] 开始执行动作...
[ACTION] AI决定: 选卡 7 -> 放入网格(5,2) -> 朝向 2
         坐标映射: 拖拽从(925,650)至(700,350) -> 方向滑动至(550,350)
[ACTION] ✅ CV校验通过！网格(5,2)具有高亮绿色(像素:813)，准许拖拽。
[REWARD] 执行前血条数: 0 -> 执行后血条数: 0
[REWARD] 部署失败，计算前后帧 MSE (均方误差) = 3013.23
[REWARD] 动作无效。奖励 -0.5

[STEP 122] 开始执行动作...
[ACTION] AI决定: 选卡 7 -> 放入网格(6,3) -> 朝向 0
         坐标映射: 拖拽从(925,650)至(800,430) -> 方向滑动至(800,280)
[ACTION] ⛔ Fast-Fail! 目标网格(6,3)非绿色高亮(绿像素:0)。取消拖拽。
[REWARD] 执行前血条数: 0 -> 执行后血条数: 0
[REWARD] ⛔ 非法区域/无费用，已被 CV 阻断。奖励 -1.0

[STEP 123] 开始执行动作...
[ACTION] AI决定: 选卡 5 -> 放入网格(2,3) -> 朝向 2
         坐标映射: 拖拽从(745,650)至(400,430) -> 方向滑动至(250,430)
[ACTION] ⛔ Fast-Fail! 目标网格(2,3)非绿色高亮(绿像素:0)。取消拖拽。
[REWARD] 执行前血条数: 0 -> 执行后血条数: 0
[REWARD] ⛔ 非法区域/无费用，已被 CV 阻断。奖励 -1.0

[STEP 124] 开始执行动作...
[ACTION] AI决定: 选卡 9 -> 放入网格(8,3) -> 朝向 0
         坐标映射: 拖拽从(1105,650)至(1000,430) -> 方向滑动至(1000,280)
[ACTION] ⛔ Fast-Fail! 目标网格(8,3)非绿色高亮(绿像素:0)。取消拖拽。
[REWARD] 执行前血条数: 0 -> 执行后血条数: 0
[REWARD] ⛔ 非法区域/无费用，已被 CV 阻断。奖励 -1.0

[STEP 125] 开始执行动作...
[ACTION] AI决定: 选卡 3 -> 放入网格(1,0) -> 朝向 0
         坐标映射: 拖拽从(565,650)至(300,190) -> 方向滑动至(300,40)
[ACTION] ⛔ Fast-Fail! 目标网格(1,0)非绿色高亮(绿像素:0)。取消拖拽。
[REWARD] 执行前血条数: 0 -> 执行后血条数: 0
[REWARD] ⛔ 非法区域/无费用，已被 CV 阻断。奖励 -1.0

[STEP 126] 开始执行动作...
[ACTION] AI决定: 选卡 4 -> 放入网格(3,2) -> 朝向 1
         坐标映射: 拖拽从(655,650)至(500,350) -> 方向滑动至(500,500)
[ACTION] ✅ CV校验通过！网格(3,2)具有高亮绿色(像素:68)，准许拖拽。
[REWARD] 执行前血条数: 0 -> 执行后血条数: 0
[REWARD] 部署失败，计算前后帧 MSE (均方误差) = 236.57
[REWARD] 画面未发生明显变化(非法部署)。奖励 -1.0

[STEP 127] 开始执行动作...
[ACTION] AI决定: 选卡 5 -> 放入网格(7,3) -> 朝向 1
         坐标映射: 拖拽从(745,650)至(900,430) -> 方向滑动至(900,580)
[ACTION] ✅ CV校验通过！网格(7,3)具有高亮绿色(像素:583)，准许拖拽。
[REWARD] 执行前血条数: 0 -> 执行后血条数: 0
[REWARD] 部署失败，计算前后帧 MSE (均方误差) = 3632.97
[REWARD] 动作无效。奖励 -0.5

[STEP 128] 开始执行动作...
[ACTION] AI决定: 选卡 5 -> 放入网格(1,1) -> 朝向 1
         坐标映射: 拖拽从(745,650)至(300,270) -> 方向滑动至(300,420)
[ACTION] ⛔ Fast-Fail! 目标网格(1,1)非绿色高亮(绿像素:0)。取消拖拽。
[REWARD] 执行前血条数: 0 -> 执行后血条数: 0
[REWARD] ⛔ 非法区域/无费用，已被 CV 阻断。奖励 -1.0
----------------------------
| time/              |     |
|    fps             | 0   |
|    iterations      | 1   |
|    time_elapsed    | 229 |
|    total_timesteps | 128 |
----------------------------

[STEP 129] 开始执行动作...
[ACTION] AI决定: 选卡 3 -> 放入网格(0,4) -> 朝向 3
         坐标映射: 拖拽从(565,650)至(200,510) -> 方向滑动至(350,510)
[ACTION] ⛔ Fast-Fail! 目标网格(0,4)非绿色高亮(绿像素:0)。取消拖拽。
[REWARD] 执行前血条数: 0 -> 执行后血条数: 0
[REWARD] ⛔ 非法区域/无费用，已被 CV 阻断。奖励 -1.0

[STEP 130] 开始执行动作...
[ACTION] AI决定: 选卡 5 -> 放入网格(1,1) -> 朝向 3
         坐标映射: 拖拽从(745,650)至(300,270) -> 方向滑动至(450,270)
[ACTION] ⛔ Fast-Fail! 目标网格(1,1)非绿色高亮(绿像素:0)。取消拖拽。
[REWARD] 执行前血条数: 0 -> 执行后血条数: 0
[REWARD] ⛔ 非法区域/无费用，已被 CV 阻断。奖励 -1.0

[STEP 131] 开始执行动作...
[ACTION] AI决定: 选卡 7 -> 放入网格(0,3) -> 朝向 3
         坐标映射: 拖拽从(925,650)至(200,430) -> 方向滑动至(350,430)
[ACTION] ⛔ Fast-Fail! 目标网格(0,3)非绿色高亮(绿像素:0)。取消拖拽。
[REWARD] 执行前血条数: 0 -> 执行后血条数: 0
[REWARD] ⛔ 非法区域/无费用，已被 CV 阻断。奖励 -1.0

[STEP 132] 开始执行动作...
[ACTION] AI决定: 选卡 4 -> 放入网格(2,3) -> 朝向 0
         坐标映射: 拖拽从(655,650)至(400,430) -> 方向滑动至(400,280)
[ACTION] ⛔ Fast-Fail! 目标网格(2,3)非绿色高亮(绿像素:0)。取消拖拽。
[REWARD] 执行前血条数: 0 -> 执行后血条数: 0
[REWARD] ⛔ 非法区域/无费用，已被 CV 阻断。奖励 -1.0

[STEP 133] 开始执行动作...
[ACTION] AI决定: 选卡 5 -> 放入网格(5,0) -> 朝向 2
         坐标映射: 拖拽从(745,650)至(700,190) -> 方向滑动至(550,190)
[ACTION] ✅ CV校验通过！网格(5,0)具有高亮绿色(像素:84)，准许拖拽。
[REWARD] 执行前血条数: 0 -> 执行后血条数: 0
[REWARD] 部署失败，计算前后帧 MSE (均方误差) = 2109.70
[REWARD] 动作无效。奖励 -0.5

[STEP 134] 开始执行动作...
[ACTION] AI决定: 选卡 3 -> 放入网格(6,1) -> 朝向 1
         坐标映射: 拖拽从(565,650)至(800,270) -> 方向滑动至(800,420)
[ACTION] ⛔ Fast-Fail! 目标网格(6,1)非绿色高亮(绿像素:0)。取消拖拽。
[REWARD] 执行前血条数: 0 -> 执行后血条数: 0
[REWARD] ⛔ 非法区域/无费用，已被 CV 阻断。奖励 -1.0

[STEP 135] 开始执行动作...
[ACTION] AI决定: 选卡 4 -> 放入网格(8,2) -> 朝向 0
         坐标映射: 拖拽从(655,650)至(1000,350) -> 方向滑动至(1000,200)
[ACTION] ⛔ Fast-Fail! 目标网格(8,2)非绿色高亮(绿像素:0)。取消拖拽。
[REWARD] 执行前血条数: 0 -> 执行后血条数: 0
[REWARD] ⛔ 非法区域/无费用，已被 CV 阻断。奖励 -1.0

[STEP 136] 开始执行动作...
[ACTION] AI决定: 选卡 7 -> 放入网格(8,2) -> 朝向 0
         坐标映射: 拖拽从(925,650)至(1000,350) -> 方向滑动至(1000,200)
[ACTION] ⛔ Fast-Fail! 目标网格(8,2)非绿色高亮(绿像素:0)。取消拖拽。
[REWARD] 执行前血条数: 0 -> 执行后血条数: 0
[REWARD] ⛔ 非法区域/无费用，已被 CV 阻断。奖励 -1.0

[STEP 137] 开始执行动作...
[ACTION] AI决定: 选卡 9 -> 放入网格(1,0) -> 朝向 0
         坐标映射: 拖拽从(1105,650)至(300,190) -> 方向滑动至(300,40)
[ACTION] ⛔ Fast-Fail! 目标网格(1,0)非绿色高亮(绿像素:0)。取消拖拽。
[REWARD] 执行前血条数: 0 -> 执行后血条数: 0
[REWARD] ⛔ 非法区域/无费用，已被 CV 阻断。奖励 -1.0

[STEP 138] 开始执行动作...
[ACTION] AI决定: 选卡 1 -> 放入网格(3,0) -> 朝向 2
         坐标映射: 拖拽从(385,650)至(500,190) -> 方向滑动至(350,190)
[ACTION] ⛔ Fast-Fail! 目标网格(3,0)非绿色高亮(绿像素:0)。取消拖拽。
[REWARD] 执行前血条数: 0 -> 执行后血条数: 0
[REWARD] ⛔ 非法区域/无费用，已被 CV 阻断。奖励 -1.0

[STEP 139] 开始执行动作...
[ACTION] AI决定: 选卡 1 -> 放入网格(6,1) -> 朝向 0
         坐标映射: 拖拽从(385,650)至(800,270) -> 方向滑动至(800,120)
[ACTION] ⛔ Fast-Fail! 目标网格(6,1)非绿色高亮(绿像素:0)。取消拖拽。
[REWARD] 执行前血条数: 0 -> 执行后血条数: 0
[REWARD] ⛔ 非法区域/无费用，已被 CV 阻断。奖励 -1.0

[STEP 140] 开始执行动作...
[ACTION] AI决定: 选卡 9 -> 放入网格(0,4) -> 朝向 0
         坐标映射: 拖拽从(1105,650)至(200,510) -> 方向滑动至(200,360)
[ACTION] ⛔ Fast-Fail! 目标网格(0,4)非绿色高亮(绿像素:0)。取消拖拽。
[REWARD] 执行前血条数: 0 -> 执行后血条数: 0
[REWARD] ⛔ 非法区域/无费用，已被 CV 阻断。奖励 -1.0

[STEP 141] 开始执行动作...
[ACTION] AI决定: 选卡 8 -> 放入网格(4,0) -> 朝向 2
         坐标映射: 拖拽从(1015,650)至(600,190) -> 方向滑动至(450,190)
[ACTION] ⛔ Fast-Fail! 目标网格(4,0)非绿色高亮(绿像素:0)。取消拖拽。
[REWARD] 执行前血条数: 0 -> 执行后血条数: 0
[REWARD] ⛔ 非法区域/无费用，已被 CV 阻断。奖励 -1.0

[STEP 142] 开始执行动作...
[ACTION] AI决定: 选卡 0 -> 放入网格(9,2) -> 朝向 1
         坐标映射: 拖拽从(295,650)至(1100,350) -> 方向滑动至(1100,500)
[ACTION] ⛔ Fast-Fail! 目标网格(9,2)非绿色高亮(绿像素:0)。取消拖拽。
[REWARD] 执行前血条数: 0 -> 执行后血条数: 0
[REWARD] ⛔ 非法区域/无费用，已被 CV 阻断。奖励 -1.0

[STEP 143] 开始执行动作...
[ACTION] AI决定: 选卡 0 -> 放入网格(9,3) -> 朝向 3
         坐标映射: 拖拽从(295,650)至(1100,430) -> 方向滑动至(1250,430)
[ACTION] ⛔ Fast-Fail! 目标网格(9,3)非绿色高亮(绿像素:0)。取消拖拽。
[REWARD] 执行前血条数: 0 -> 执行后血条数: 0
[REWARD] ⛔ 非法区域/无费用，已被 CV 阻断。奖励 -1.0

[STEP 144] 开始执行动作...
[ACTION] AI决定: 选卡 2 -> 放入网格(8,2) -> 朝向 3
         坐标映射: 拖拽从(475,650)至(1000,350) -> 方向滑动至(1150,350)
[ACTION] ⛔ Fast-Fail! 目标网格(8,2)非绿色高亮(绿像素:0)。取消拖拽。
[REWARD] 执行前血条数: 0 -> 执行后血条数: 0
[REWARD] ⛔ 非法区域/无费用，已被 CV 阻断。奖励 -1.0

[STEP 145] 开始执行动作...
[ACTION] AI决定: 选卡 7 -> 放入网格(5,2) -> 朝向 2
         坐标映射: 拖拽从(925,650)至(700,350) -> 方向滑动至(550,350)
[ACTION] ⛔ Fast-Fail! 目标网格(5,2)非绿色高亮(绿像素:0)。取消拖拽。
[REWARD] 执行前血条数: 0 -> 执行后血条数: 0
[REWARD] ⛔ 非法区域/无费用，已被 CV 阻断。奖励 -1.0

[STEP 146] 开始执行动作...
[ACTION] AI决定: 选卡 8 -> 放入网格(8,1) -> 朝向 0
         坐标映射: 拖拽从(1015,650)至(1000,270) -> 方向滑动至(1000,120)
[ACTION] ⛔ Fast-Fail! 目标网格(8,1)非绿色高亮(绿像素:0)。取消拖拽。
[REWARD] 执行前血条数: 0 -> 执行后血条数: 0
[REWARD] ⛔ 非法区域/无费用，已被 CV 阻断。奖励 -1.0

[STEP 147] 开始执行动作...
[ACTION] AI决定: 选卡 3 -> 放入网格(1,0) -> 朝向 0
         坐标映射: 拖拽从(565,650)至(300,190) -> 方向滑动至(300,40)
[ACTION] ⛔ Fast-Fail! 目标网格(1,0)非绿色高亮(绿像素:0)。取消拖拽。
[REWARD] 执行前血条数: 0 -> 执行后血条数: 0
[REWARD] ⛔ 非法区域/无费用，已被 CV 阻断。奖励 -1.0

[STEP 148] 开始执行动作...
[ACTION] AI决定: 选卡 7 -> 放入网格(5,0) -> 朝向 0
         坐标映射: 拖拽从(925,650)至(700,190) -> 方向滑动至(700,40)
[ACTION] ⛔ Fast-Fail! 目标网格(5,0)非绿色高亮(绿像素:0)。取消拖拽。
[REWARD] 执行前血条数: 0 -> 执行后血条数: 0
[REWARD] ⛔ 非法区域/无费用，已被 CV 阻断。奖励 -1.0

[STEP 149] 开始执行动作...
[ACTION] AI决定: 选卡 5 -> 放入网格(7,3) -> 朝向 0
         坐标映射: 拖拽从(745,650)至(900,430) -> 方向滑动至(900,280)
[ACTION] ⛔ Fast-Fail! 目标网格(7,3)非绿色高亮(绿像素:0)。取消拖拽。
[REWARD] 执行前血条数: 0 -> 执行后血条数: 0
[REWARD] ⛔ 非法区域/无费用，已被 CV 阻断。奖励 -1.0

[STEP 150] 开始执行动作...
[ACTION] AI决定: 选卡 0 -> 放入网格(3,2) -> 朝向 2
         坐标映射: 拖拽从(295,650)至(500,350) -> 方向滑动至(350,350)
[ACTION] ⛔ Fast-Fail! 目标网格(3,2)非绿色高亮(绿像素:0)。取消拖拽。
[REWARD] 执行前血条数: 0 -> 执行后血条数: 0
[REWARD] ⛔ 非法区域/无费用，已被 CV 阻断。奖励 -1.0

[STEP 151] 开始执行动作...
[ACTION] AI决定: 选卡 3 -> 放入网格(2,3) -> 朝向 3
         坐标映射: 拖拽从(565,650)至(400,430) -> 方向滑动至(550,430)
[ACTION] ⛔ Fast-Fail! 目标网格(2,3)非绿色高亮(绿像素:0)。取消拖拽。
[REWARD] 执行前血条数: 0 -> 执行后血条数: 0
[REWARD] ⛔ 非法区域/无费用，已被 CV 阻断。奖励 -1.0

[STEP 152] 开始执行动作...
[ACTION] AI决定: 选卡 4 -> 放入网格(2,1) -> 朝向 0
         坐标映射: 拖拽从(655,650)至(400,270) -> 方向滑动至(400,120)
[ACTION] ⛔ Fast-Fail! 目标网格(2,1)非绿色高亮(绿像素:0)。取消拖拽。
[REWARD] 执行前血条数: 0 -> 执行后血条数: 0
[REWARD] ⛔ 非法区域/无费用，已被 CV 阻断。奖励 -1.0

[STEP 153] 开始执行动作...
[ACTION] AI决定: 选卡 0 -> 放入网格(7,3) -> 朝向 1
         坐标映射: 拖拽从(295,650)至(900,430) -> 方向滑动至(900,580)
[ACTION] ⛔ Fast-Fail! 目标网格(7,3)非绿色高亮(绿像素:0)。取消拖拽。
[REWARD] 执行前血条数: 0 -> 执行后血条数: 0
[REWARD] ⛔ 非法区域/无费用，已被 CV 阻断。奖励 -1.0

[STEP 154] 开始执行动作...
[ACTION] AI决定: 选卡 0 -> 放入网格(5,2) -> 朝向 0
         坐标映射: 拖拽从(295,650)至(700,350) -> 方向滑动至(700,200)
[ACTION] ⛔ Fast-Fail! 目标网格(5,2)非绿色高亮(绿像素:0)。取消拖拽。
[REWARD] 执行前血条数: 0 -> 执行后血条数: 0
[REWARD] ⛔ 非法区域/无费用，已被 CV 阻断。奖励 -1.0

[STEP 155] 开始执行动作...
[ACTION] AI决定: 选卡 8 -> 放入网格(1,4) -> 朝向 3
         坐标映射: 拖拽从(1015,650)至(300,510) -> 方向滑动至(450,510)
[ACTION] ⛔ Fast-Fail! 目标网格(1,4)非绿色高亮(绿像素:0)。取消拖拽。
[REWARD] 执行前血条数: 0 -> 执行后血条数: 0
[REWARD] ⛔ 非法区域/无费用，已被 CV 阻断。奖励 -1.0

[STEP 156] 开始执行动作...
[ACTION] AI决定: 选卡 9 -> 放入网格(0,4) -> 朝向 0
         坐标映射: 拖拽从(1105,650)至(200,510) -> 方向滑动至(200,360)
[ACTION] ⛔ Fast-Fail! 目标网格(0,4)非绿色高亮(绿像素:0)。取消拖拽。
[REWARD] 执行前血条数: 0 -> 执行后血条数: 0
[REWARD] ⛔ 非法区域/无费用，已被 CV 阻断。奖励 -1.0

[STEP 157] 开始执行动作...
[ACTION] AI决定: 选卡 9 -> 放入网格(1,1) -> 朝向 3
         坐标映射: 拖拽从(1105,650)至(300,270) -> 方向滑动至(450,270)
[ACTION] ⛔ Fast-Fail! 目标网格(1,1)非绿色高亮(绿像素:0)。取消拖拽。
[REWARD] 执行前血条数: 0 -> 执行后血条数: 0
[REWARD] ⛔ 非法区域/无费用，已被 CV 阻断。奖励 -1.0

[STEP 158] 开始执行动作...
[ACTION] AI决定: 选卡 2 -> 放入网格(7,3) -> 朝向 2
         坐标映射: 拖拽从(475,650)至(900,430) -> 方向滑动至(750,430)
[ACTION] ⛔ Fast-Fail! 目标网格(7,3)非绿色高亮(绿像素:0)。取消拖拽。
[REWARD] 执行前血条数: 0 -> 执行后血条数: 0
[REWARD] ⛔ 非法区域/无费用，已被 CV 阻断。奖励 -1.0

[STEP 159] 开始执行动作...
[ACTION] AI决定: 选卡 8 -> 放入网格(6,2) -> 朝向 3
         坐标映射: 拖拽从(1015,650)至(800,350) -> 方向滑动至(950,350)
[ACTION] ⛔ Fast-Fail! 目标网格(6,2)非绿色高亮(绿像素:0)。取消拖拽。
[REWARD] 执行前血条数: 0 -> 执行后血条数: 0
[REWARD] ⛔ 非法区域/无费用，已被 CV 阻断。奖励 -1.0

[STEP 160] 开始执行动作...
[ACTION] AI决定: 选卡 5 -> 放入网格(0,3) -> 朝向 0
         坐标映射: 拖拽从(745,650)至(200,430) -> 方向滑动至(200,280)
[ACTION] ⛔ Fast-Fail! 目标网格(0,3)非绿色高亮(绿像素:0)。取消拖拽。
[REWARD] 执行前血条数: 0 -> 执行后血条数: 0
[REWARD] ⛔ 非法区域/无费用，已被 CV 阻断。奖励 -1.0

[STEP 161] 开始执行动作...
[ACTION] AI决定: 选卡 5 -> 放入网格(8,3) -> 朝向 0
         坐标映射: 拖拽从(745,650)至(1000,430) -> 方向滑动至(1000,280)
[ACTION] ⛔ Fast-Fail! 目标网格(8,3)非绿色高亮(绿像素:0)。取消拖拽。
[REWARD] 执行前血条数: 0 -> 执行后血条数: 0
[REWARD] ⛔ 非法区域/无费用，已被 CV 阻断。奖励 -1.0

[STEP 162] 开始执行动作...
[ACTION] AI决定: 选卡 6 -> 放入网格(8,1) -> 朝向 3
         坐标映射: 拖拽从(835,650)至(1000,270) -> 方向滑动至(1150,270)
[ACTION] ⛔ Fast-Fail! 目标网格(8,1)非绿色高亮(绿像素:0)。取消拖拽。
[REWARD] 执行前血条数: 0 -> 执行后血条数: 0
[REWARD] ⛔ 非法区域/无费用，已被 CV 阻断。奖励 -1.0

[STEP 163] 开始执行动作...
[ACTION] AI决定: 选卡 7 -> 放入网格(2,1) -> 朝向 2
         坐标映射: 拖拽从(925,650)至(400,270) -> 方向滑动至(250,270)
