[INFO] 正在查找 ADB 设备...
[SUCCESS] 连接到设备: MuMu安卓设备-MuMuPlayer12 v5 (127.0.0.1:16384)
[SUCCESS] 设备握手成功!
[INFO] 正在加载 YOLO 模型: D:\BiShe\MaAutomaton-main\MaAutomaton-main\models\yolo\best.pt
       使用设备: cpu
[SUCCESS] YOLO 模型加载完成!
[INFO] 正在加载模板匹配器...
[SUCCESS] 模板匹配器加载完成!
[INFO] 正在创建强化学习环境...
[SUCCESS] 环境创建完成!
[INFO] 正在创建 PPO 模型...
Using cpu device
[SUCCESS] PPO 模型创建完成!

================ 开始训练 ===================
总步数: 5000, 每次更新前收集步数: 128, 批次: 64
Logging to ./tensorboard_logs/PPO_7

[STEP 1] 开始执行动作...
[ACTION] AI决定: 选卡 3 -> 放入网格(4,2) -> 朝向 2
         坐标映射: 拖拽从(565,650)至(600,350) -> 方向滑动至(450,350)
[ACTION] ⛔ Fast-Fail! 目标网格(4,2)非绿色高亮(绿像素:0)。取消拖拽。
[REWARD] 执行前血条数: 0 -> 执行后血条数: 0
[REWARD] ⛔ 非法区域/无费用，已被 CV 阻断。奖励 -1.0

[STEP 2] 开始执行动作...
[ACTION] AI决定: 选卡 7 -> 放入网格(4,1) -> 朝向 0
         坐标映射: 拖拽从(925,650)至(600,270) -> 方向滑动至(600,120)
[ACTION] ⛔ Fast-Fail! 目标网格(4,1)非绿色高亮(绿像素:0)。取消拖拽。
[REWARD] 执行前血条数: 0 -> 执行后血条数: 0
[REWARD] ⛔ 非法区域/无费用，已被 CV 阻断。奖励 -1.0

[STEP 3] 开始执行动作...
[ACTION] AI决定: 选卡 4 -> 放入网格(6,0) -> 朝向 3
         坐标映射: 拖拽从(655,650)至(800,190) -> 方向滑动至(950,190)
[ACTION] ✅ CV校验通过！网格(6,0)具有高亮绿色(像素:475)，准许拖拽。
[REWARD] 执行前血条数: 0 -> 执行后血条数: 0
[REWARD] 部署失败，计算前后帧 MSE (均方误差) = 238.05
[REWARD] 画面未发生明显变化(非法部署)。奖励 -1.0

[STEP 4] 开始执行动作...
[ACTION] AI决定: 选卡 4 -> 放入网格(6,3) -> 朝向 3
         坐标映射: 拖拽从(655,650)至(800,430) -> 方向滑动至(950,430)
[ACTION] ⛔ Fast-Fail! 目标网格(6,3)非绿色高亮(绿像素:0)。取消拖拽。
[REWARD] 执行前血条数: 0 -> 执行后血条数: 0
[REWARD] ⛔ 非法区域/无费用，已被 CV 阻断。奖励 -1.0

[STEP 5] 开始执行动作...
[ACTION] AI决定: 选卡 4 -> 放入网格(7,3) -> 朝向 0
         坐标映射: 拖拽从(655,650)至(900,430) -> 方向滑动至(900,280)
[ACTION] ⛔ Fast-Fail! 目标网格(7,3)非绿色高亮(绿像素:0)。取消拖拽。
[REWARD] 执行前血条数: 0 -> 执行后血条数: 0
[REWARD] ⛔ 非法区域/无费用，已被 CV 阻断。奖励 -1.0

[STEP 6] 开始执行动作...
[ACTION] AI决定: 选卡 1 -> 放入网格(5,1) -> 朝向 3
         坐标映射: 拖拽从(385,650)至(700,270) -> 方向滑动至(850,270)
[ACTION] ✅ CV校验通过！网格(5,1)具有高亮绿色(像素:900)，准许拖拽。
[REWARD] 执行前血条数: 0 -> 执行后血条数: 0
[REWARD] 部署失败，计算前后帧 MSE (均方误差) = 780.70
[REWARD] 动作无效。奖励 -0.5

[STEP 7] 开始执行动作...
[ACTION] AI决定: 选卡 4 -> 放入网格(1,2) -> 朝向 3
         坐标映射: 拖拽从(655,650)至(300,350) -> 方向滑动至(450,350)
[ACTION] ⛔ Fast-Fail! 目标网格(1,2)非绿色高亮(绿像素:0)。取消拖拽。
[REWARD] 执行前血条数: 0 -> 执行后血条数: 0
[REWARD] ⛔ 非法区域/无费用，已被 CV 阻断。奖励 -1.0

[STEP 8] 开始执行动作...
[ACTION] AI决定: 选卡 4 -> 放入网格(3,4) -> 朝向 0
         坐标映射: 拖拽从(655,650)至(500,510) -> 方向滑动至(500,360)
[ACTION] ⛔ Fast-Fail! 目标网格(3,4)非绿色高亮(绿像素:0)。取消拖拽。
[REWARD] 执行前血条数: 0 -> 执行后血条数: 0
[REWARD] ⛔ 非法区域/无费用，已被 CV 阻断。奖励 -1.0

[STEP 9] 开始执行动作...
[ACTION] AI决定: 选卡 7 -> 放入网格(2,3) -> 朝向 2
         坐标映射: 拖拽从(925,650)至(400,430) -> 方向滑动至(250,430)
[ACTION] ⛔ Fast-Fail! 目标网格(2,3)非绿色高亮(绿像素:0)。取消拖拽。
[REWARD] 执行前血条数: 0 -> 执行后血条数: 0
[REWARD] ⛔ 非法区域/无费用，已被 CV 阻断。奖励 -1.0

[STEP 10] 开始执行动作...
[ACTION] AI决定: 选卡 6 -> 放入网格(3,3) -> 朝向 1
         坐标映射: 拖拽从(835,650)至(500,430) -> 方向滑动至(500,580)
[ACTION] ⛔ Fast-Fail! 目标网格(3,3)非绿色高亮(绿像素:0)。取消拖拽。
[REWARD] 执行前血条数: 0 -> 执行后血条数: 0
[REWARD] ⛔ 非法区域/无费用，已被 CV 阻断。奖励 -1.0

[STEP 11] 开始执行动作...
[ACTION] AI决定: 选卡 8 -> 放入网格(1,4) -> 朝向 2
         坐标映射: 拖拽从(1015,650)至(300,510) -> 方向滑动至(150,510)
[ACTION] ⛔ Fast-Fail! 目标网格(1,4)非绿色高亮(绿像素:0)。取消拖拽。
[REWARD] 执行前血条数: 0 -> 执行后血条数: 0
[REWARD] ⛔ 非法区域/无费用，已被 CV 阻断。奖励 -1.0

[STEP 12] 开始执行动作...
[ACTION] AI决定: 选卡 4 -> 放入网格(5,0) -> 朝向 1
         坐标映射: 拖拽从(655,650)至(700,190) -> 方向滑动至(700,340)
[ACTION] ✅ CV校验通过！网格(5,0)具有高亮绿色(像素:72)，准许拖拽。
[REWARD] 执行前血条数: 0 -> 执行后血条数: 0
[REWARD] 部署失败，计算前后帧 MSE (均方误差) = 156.75
[REWARD] 画面未发生明显变化(非法部署)。奖励 -1.0

[STEP 13] 开始执行动作...
[ACTION] AI决定: 选卡 1 -> 放入网格(7,1) -> 朝向 0
         坐标映射: 拖拽从(385,650)至(900,270) -> 方向滑动至(900,120)
[ACTION] ✅ CV校验通过！网格(7,1)具有高亮绿色(像素:616)，准许拖拽。
[REWARD] 执行前血条数: 0 -> 执行后血条数: 0
[REWARD] 部署失败，计算前后帧 MSE (均方误差) = 80.64
[REWARD] 画面未发生明显变化(非法部署)。奖励 -1.0

[STEP 14] 开始执行动作...
[ACTION] AI决定: 选卡 4 -> 放入网格(7,0) -> 朝向 1
         坐标映射: 拖拽从(655,650)至(900,190) -> 方向滑动至(900,340)
[ACTION] ✅ CV校验通过！网格(7,0)具有高亮绿色(像素:137)，准许拖拽。
[REWARD] 执行前血条数: 0 -> 执行后血条数: 0
[REWARD] 部署失败，计算前后帧 MSE (均方误差) = 64.38
[REWARD] 画面未发生明显变化(非法部署)。奖励 -1.0

[STEP 15] 开始执行动作...
[ACTION] AI决定: 选卡 3 -> 放入网格(3,3) -> 朝向 2
         坐标映射: 拖拽从(565,650)至(500,430) -> 方向滑动至(350,430)
[ACTION] ⛔ Fast-Fail! 目标网格(3,3)非绿色高亮(绿像素:0)。取消拖拽。
[REWARD] 执行前血条数: 0 -> 执行后血条数: 0
[REWARD] ⛔ 非法区域/无费用，已被 CV 阻断。奖励 -1.0

[STEP 16] 开始执行动作...
[ACTION] AI决定: 选卡 4 -> 放入网格(0,3) -> 朝向 3
         坐标映射: 拖拽从(655,650)至(200,430) -> 方向滑动至(350,430)
[ACTION] ⛔ Fast-Fail! 目标网格(0,3)非绿色高亮(绿像素:0)。取消拖拽。
[REWARD] 执行前血条数: 0 -> 执行后血条数: 0
[REWARD] ⛔ 非法区域/无费用，已被 CV 阻断。奖励 -1.0

[STEP 17] 开始执行动作...
[ACTION] AI决定: 选卡 0 -> 放入网格(6,2) -> 朝向 1
         坐标映射: 拖拽从(295,650)至(800,350) -> 方向滑动至(800,500)
[ACTION] ✅ CV校验通过！网格(6,2)具有高亮绿色(像素:341)，准许拖拽。
[REWARD] 执行前血条数: 0 -> 执行后血条数: 0
[REWARD] 部署失败，计算前后帧 MSE (均方误差) = 178.51
[REWARD] 画面未发生明显变化(非法部署)。奖励 -1.0

[STEP 18] 开始执行动作...
[ACTION] AI决定: 选卡 3 -> 放入网格(5,2) -> 朝向 0
         坐标映射: 拖拽从(565,650)至(700,350) -> 方向滑动至(700,200)
[ACTION] ✅ CV校验通过！网格(5,2)具有高亮绿色(像素:84)，准许拖拽。
[REWARD] 执行前血条数: 0 -> 执行后血条数: 0
[REWARD] 部署失败，计算前后帧 MSE (均方误差) = 3700.37
[REWARD] 动作无效。奖励 -0.5

[STEP 19] 开始执行动作...
[ACTION] AI决定: 选卡 8 -> 放入网格(8,1) -> 朝向 2
         坐标映射: 拖拽从(1015,650)至(1000,270) -> 方向滑动至(850,270)
[ACTION] ⛔ Fast-Fail! 目标网格(8,1)非绿色高亮(绿像素:0)。取消拖拽。
[REWARD] 执行前血条数: 0 -> 执行后血条数: 0
[REWARD] ⛔ 非法区域/无费用，已被 CV 阻断。奖励 -1.0

[STEP 20] 开始执行动作...
[ACTION] AI决定: 选卡 0 -> 放入网格(8,4) -> 朝向 1
         坐标映射: 拖拽从(295,650)至(1000,510) -> 方向滑动至(1000,660)
[ACTION] ⛔ Fast-Fail! 目标网格(8,4)非绿色高亮(绿像素:0)。取消拖拽。
[REWARD] 执行前血条数: 0 -> 执行后血条数: 0
[REWARD] ⛔ 非法区域/无费用，已被 CV 阻断。奖励 -1.0

[STEP 21] 开始执行动作...
[ACTION] AI决定: 选卡 1 -> 放入网格(5,2) -> 朝向 1
         坐标映射: 拖拽从(385,650)至(700,350) -> 方向滑动至(700,500)
[ACTION] ✅ CV校验通过！网格(5,2)具有高亮绿色(像素:152)，准许拖拽。
[REWARD] 执行前血条数: 0 -> 执行后血条数: 0
[REWARD] 部署失败，计算前后帧 MSE (均方误差) = 3697.10
[REWARD] 动作无效。奖励 -0.5

[STEP 22] 开始执行动作...
[ACTION] AI决定: 选卡 4 -> 放入网格(2,4) -> 朝向 3
         坐标映射: 拖拽从(655,650)至(400,510) -> 方向滑动至(550,510)
[ACTION] ⛔ Fast-Fail! 目标网格(2,4)非绿色高亮(绿像素:0)。取消拖拽。
[REWARD] 执行前血条数: 0 -> 执行后血条数: 0
[REWARD] ⛔ 非法区域/无费用，已被 CV 阻断。奖励 -1.0

[STEP 23] 开始执行动作...
[ACTION] AI决定: 选卡 2 -> 放入网格(4,1) -> 朝向 1
         坐标映射: 拖拽从(475,650)至(600,270) -> 方向滑动至(600,420)
[ACTION] ✅ CV校验通过！网格(4,1)具有高亮绿色(像素:152)，准许拖拽。
[REWARD] 执行前血条数: 0 -> 执行后血条数: 0
[REWARD] 部署失败，计算前后帧 MSE (均方误差) = 2991.69
[REWARD] 动作无效。奖励 -0.5

[STEP 24] 开始执行动作...
[ACTION] AI决定: 选卡 2 -> 放入网格(9,0) -> 朝向 2
         坐标映射: 拖拽从(475,650)至(1100,190) -> 方向滑动至(950,190)
[ACTION] ⛔ Fast-Fail! 目标网格(9,0)非绿色高亮(绿像素:0)。取消拖拽。
[REWARD] 执行前血条数: 0 -> 执行后血条数: 0
[REWARD] ⛔ 非法区域/无费用，已被 CV 阻断。奖励 -1.0

[STEP 25] 开始执行动作...
[ACTION] AI决定: 选卡 6 -> 放入网格(4,3) -> 朝向 3
         坐标映射: 拖拽从(835,650)至(600,430) -> 方向滑动至(750,430)
[ACTION] ⛔ Fast-Fail! 目标网格(4,3)非绿色高亮(绿像素:0)。取消拖拽。
[REWARD] 执行前血条数: 0 -> 执行后血条数: 0
[REWARD] ⛔ 非法区域/无费用，已被 CV 阻断。奖励 -1.0

[STEP 26] 开始执行动作...
[ACTION] AI决定: 选卡 6 -> 放入网格(0,2) -> 朝向 1
         坐标映射: 拖拽从(835,650)至(200,350) -> 方向滑动至(200,500)
[ACTION] ⛔ Fast-Fail! 目标网格(0,2)非绿色高亮(绿像素:0)。取消拖拽。
[REWARD] 执行前血条数: 0 -> 执行后血条数: 0
[REWARD] ⛔ 非法区域/无费用，已被 CV 阻断。奖励 -1.0

[STEP 27] 开始执行动作...
[ACTION] AI决定: 选卡 8 -> 放入网格(1,4) -> 朝向 1
         坐标映射: 拖拽从(1015,650)至(300,510) -> 方向滑动至(300,660)
[ACTION] ⛔ Fast-Fail! 目标网格(1,4)非绿色高亮(绿像素:0)。取消拖拽。
[REWARD] 执行前血条数: 0 -> 执行后血条数: 0
[REWARD] ⛔ 非法区域/无费用，已被 CV 阻断。奖励 -1.0

[STEP 28] 开始执行动作...
[ACTION] AI决定: 选卡 9 -> 放入网格(4,4) -> 朝向 1
         坐标映射: 拖拽从(1105,650)至(600,510) -> 方向滑动至(600,660)
[ACTION] ✅ CV校验通过！网格(4,4)具有高亮绿色(像素:900)，准许拖拽。
[REWARD] 执行前血条数: 0 -> 执行后血条数: 0
[REWARD] 部署失败，计算前后帧 MSE (均方误差) = 3439.84
[REWARD] 动作无效。奖励 -0.5

[STEP 29] 开始执行动作...
[ACTION] AI决定: 选卡 2 -> 放入网格(0,1) -> 朝向 0
         坐标映射: 拖拽从(475,650)至(200,270) -> 方向滑动至(200,120)
[ACTION] ⛔ Fast-Fail! 目标网格(0,1)非绿色高亮(绿像素:0)。取消拖拽。
[REWARD] 执行前血条数: 0 -> 执行后血条数: 0
[REWARD] ⛔ 非法区域/无费用，已被 CV 阻断。奖励 -1.0

[STEP 30] 开始执行动作...
[ACTION] AI决定: 选卡 8 -> 放入网格(3,3) -> 朝向 0
         坐标映射: 拖拽从(1015,650)至(500,430) -> 方向滑动至(500,280)
[ACTION] ✅ CV校验通过！网格(3,3)具有高亮绿色(像素:900)，准许拖拽。
[REWARD] 执行前血条数: 0 -> 执行后血条数: 0
[REWARD] 部署失败，计算前后帧 MSE (均方误差) = 2975.84
[REWARD] 动作无效。奖励 -0.5
[ENV] 达到最大步数 (30)，终止回合。

================= 回合结束，开始自动重启关卡 =================
[WARN] 找不到重启模板文件: D:\BiShe\MaAutomaton-main\MaAutomaton-main\src\data\templates\pause_gear.png，跳过点击。
[WARN] 找不到重启模板文件: D:\BiShe\MaAutomaton-main\MaAutomaton-main\src\data\templates\stage_1_7.png，跳过点击。
[WARN] 找不到重启模板文件: D:\BiShe\MaAutomaton-main\MaAutomaton-main\src\data\templates\practice.png，跳过点击。
[WARN] 找不到重启模板文件: D:\BiShe\MaAutomaton-main\MaAutomaton-main\src\data\templates\start_action.png，跳过点击。
[RESET] 尝试跳过动画/寻找入口... (尝试 1/100)
[WARN] 找不到重启模板文件: D:\BiShe\MaAutomaton-main\MaAutomaton-main\src\data\templates\pause_gear.png，跳过点击。
[WARN] 找不到重启模板文件: D:\BiShe\MaAutomaton-main\MaAutomaton-main\src\data\templates\stage_1_7.png，跳过点击。
[WARN] 找不到重启模板文件: D:\BiShe\MaAutomaton-main\MaAutomaton-main\src\data\templates\practice.png，跳过点击。
[WARN] 找不到重启模板文件: D:\BiShe\MaAutomaton-main\MaAutomaton-main\src\data\templates\start_action.png，跳过点击。
[RESET] 尝试跳过动画/寻找入口... (尝试 2/100)
[WARN] 找不到重启模板文件: D:\BiShe\MaAutomaton-main\MaAutomaton-main\src\data\templates\pause_gear.png，跳过点击。
[WARN] 找不到重启模板文件: D:\BiShe\MaAutomaton-main\MaAutomaton-main\src\data\templates\stage_1_7.png，跳过点击。
[WARN] 找不到重启模板文件: D:\BiShe\MaAutomaton-main\MaAutomaton-main\src\data\templates\practice.png，跳过点击。
[WARN] 找不到重启模板文件: D:\BiShe\MaAutomaton-main\MaAutomaton-main\src\data\templates\start_action.png，跳过点击。
[RESET] 尝试跳过动画/寻找入口... (尝试 3/100)
[WARN] 找不到重启模板文件: D:\BiShe\MaAutomaton-main\MaAutomaton-main\src\data\templates\pause_gear.png，跳过点击。
[WARN] 找不到重启模板文件: D:\BiShe\MaAutomaton-main\MaAutomaton-main\src\data\templates\stage_1_7.png，跳过点击。
[WARN] 找不到重启模板文件: D:\BiShe\MaAutomaton-main\MaAutomaton-main\src\data\templates\practice.png，跳过点击。
[WARN] 找不到重启模板文件: D:\BiShe\MaAutomaton-main\MaAutomaton-main\src\data\templates\start_action.png，跳过点击。
[RESET] 尝试跳过动画/寻找入口... (尝试 4/100)
[WARN] 找不到重启模板文件: D:\BiShe\MaAutomaton-main\MaAutomaton-main\src\data\templates\pause_gear.png，跳过点击。
[WARN] 找不到重启模板文件: D:\BiShe\MaAutomaton-main\MaAutomaton-main\src\data\templates\stage_1_7.png，跳过点击。
[WARN] 找不到重启模板文件: D:\BiShe\MaAutomaton-main\MaAutomaton-main\src\data\templates\practice.png，跳过点击。
[WARN] 找不到重启模板文件: D:\BiShe\MaAutomaton-main\MaAutomaton-main\src\data\templates\start_action.png，跳过点击。
[RESET] 尝试跳过动画/寻找入口... (尝试 5/100)
[WARN] 找不到重启模板文件: D:\BiShe\MaAutomaton-main\MaAutomaton-main\src\data\templates\pause_gear.png，跳过点击。
[WARN] 找不到重启模板文件: D:\BiShe\MaAutomaton-main\MaAutomaton-main\src\data\templates\stage_1_7.png，跳过点击。
[WARN] 找不到重启模板文件: D:\BiShe\MaAutomaton-main\MaAutomaton-main\src\data\templates\practice.png，跳过点击。
[WARN] 找不到重启模板文件: D:\BiShe\MaAutomaton-main\MaAutomaton-main\src\data\templates\start_action.png，跳过点击。
[RESET] 尝试跳过动画/寻找入口... (尝试 6/100)
[WARN] 找不到重启模板文件: D:\BiShe\MaAutomaton-main\MaAutomaton-main\src\data\templates\pause_gear.png，跳过点击。
[WARN] 找不到重启模板文件: D:\BiShe\MaAutomaton-main\MaAutomaton-main\src\data\templates\stage_1_7.png，跳过点击。
[WARN] 找不到重启模板文件: D:\BiShe\MaAutomaton-main\MaAutomaton-main\src\data\templates\practice.png，跳过点击。
[WARN] 找不到重启模板文件: D:\BiShe\MaAutomaton-main\MaAutomaton-main\src\data\templates\start_action.png，跳过点击。
[RESET] 尝试跳过动画/寻找入口... (尝试 7/100)
[WARN] 找不到重启模板文件: D:\BiShe\MaAutomaton-main\MaAutomaton-main\src\data\templates\pause_gear.png，跳过点击。
[WARN] 找不到重启模板文件: D:\BiShe\MaAutomaton-main\MaAutomaton-main\src\data\templates\stage_1_7.png，跳过点击。
[WARN] 找不到重启模板文件: D:\BiShe\MaAutomaton-main\MaAutomaton-main\src\data\templates\practice.png，跳过点击。
[WARN] 找不到重启模板文件: D:\BiShe\MaAutomaton-main\MaAutomaton-main\src\data\templates\start_action.png，跳过点击。
[RESET] 尝试跳过动画/寻找入口... (尝试 8/100)
[WARN] 找不到重启模板文件: D:\BiShe\MaAutomaton-main\MaAutomaton-main\src\data\templates\pause_gear.png，跳过点击。
[WARN] 找不到重启模板文件: D:\BiShe\MaAutomaton-main\MaAutomaton-main\src\data\templates\stage_1_7.png，跳过点击。
[WARN] 找不到重启模板文件: D:\BiShe\MaAutomaton-main\MaAutomaton-main\src\data\templates\practice.png，跳过点击。
[WARN] 找不到重启模板文件: D:\BiShe\MaAutomaton-main\MaAutomaton-main\src\data\templates\start_action.png，跳过点击。
[RESET] 尝试跳过动画/寻找入口... (尝试 9/100)
[WARN] 找不到重启模板文件: D:\BiShe\MaAutomaton-main\MaAutomaton-main\src\data\templates\pause_gear.png，跳过点击。
[WARN] 找不到重启模板文件: D:\BiShe\MaAutomaton-main\MaAutomaton-main\src\data\templates\stage_1_7.png，跳过点击。
[WARN] 找不到重启模板文件: D:\BiShe\MaAutomaton-main\MaAutomaton-main\src\data\templates\practice.png，跳过点击。
[WARN] 找不到重启模板文件: D:\BiShe\MaAutomaton-main\MaAutomaton-main\src\data\templates\start_action.png，跳过点击。
[RESET] 尝试跳过动画/寻找入口... (尝试 10/100)
[WARN] 找不到重启模板文件: D:\BiShe\MaAutomaton-main\MaAutomaton-main\src\data\templates\pause_gear.png，跳过点击。
[WARN] 找不到重启模板文件: D:\BiShe\MaAutomaton-main\MaAutomaton-main\src\data\templates\stage_1_7.png，跳过点击。
[WARN] 找不到重启模板文件: D:\BiShe\MaAutomaton-main\MaAutomaton-main\src\data\templates\practice.png，跳过点击。
[WARN] 找不到重启模板文件: D:\BiShe\MaAutomaton-main\MaAutomaton-main\src\data\templates\start_action.png，跳过点击。
[RESET] 尝试跳过动画/寻找入口... (尝试 11/100)
[WARN] 找不到重启模板文件: D:\BiShe\MaAutomaton-main\MaAutomaton-main\src\data\templates\pause_gear.png，跳过点击。
[WARN] 找不到重启模板文件: D:\BiShe\MaAutomaton-main\MaAutomaton-main\src\data\templates\stage_1_7.png，跳过点击。
[WARN] 找不到重启模板文件: D:\BiShe\MaAutomaton-main\MaAutomaton-main\src\data\templates\practice.png，跳过点击。
[WARN] 找不到重启模板文件: D:\BiShe\MaAutomaton-main\MaAutomaton-main\src\data\templates\start_action.png，跳过点击。
[RESET] 尝试跳过动画/寻找入口... (尝试 12/100)
[WARN] 找不到重启模板文件: D:\BiShe\MaAutomaton-main\MaAutomaton-main\src\data\templates\pause_gear.png，跳过点击。
[WARN] 找不到重启模板文件: D:\BiShe\MaAutomaton-main\MaAutomaton-main\src\data\templates\stage_1_7.png，跳过点击。
[WARN] 找不到重启模板文件: D:\BiShe\MaAutomaton-main\MaAutomaton-main\src\data\templates\practice.png，跳过点击。
[WARN] 找不到重启模板文件: D:\BiShe\MaAutomaton-main\MaAutomaton-main\src\data\templates\start_action.png，跳过点击。
[RESET] 尝试跳过动画/寻找入口... (尝试 13/100)
[WARN] 找不到重启模板文件: D:\BiShe\MaAutomaton-main\MaAutomaton-main\src\data\templates\pause_gear.png，跳过点击。
[WARN] 找不到重启模板文件: D:\BiShe\MaAutomaton-main\MaAutomaton-main\src\data\templates\stage_1_7.png，跳过点击。
[WARN] 找不到重启模板文件: D:\BiShe\MaAutomaton-main\MaAutomaton-main\src\data\templates\practice.png，跳过点击。
[WARN] 找不到重启模板文件: D:\BiShe\MaAutomaton-main\MaAutomaton-main\src\data\templates\start_action.png，跳过点击。
[RESET] 尝试跳过动画/寻找入口... (尝试 14/100)
[WARN] 找不到重启模板文件: D:\BiShe\MaAutomaton-main\MaAutomaton-main\src\data\templates\pause_gear.png，跳过点击。
[WARN] 找不到重启模板文件: D:\BiShe\MaAutomaton-main\MaAutomaton-main\src\data\templates\stage_1_7.png，跳过点击。
[WARN] 找不到重启模板文件: D:\BiShe\MaAutomaton-main\MaAutomaton-main\src\data\templates\practice.png，跳过点击。
[WARN] 找不到重启模板文件: D:\BiShe\MaAutomaton-main\MaAutomaton-main\src\data\templates\start_action.png，跳过点击。
[RESET] 尝试跳过动画/寻找入口... (尝试 15/100)
[WARN] 找不到重启模板文件: D:\BiShe\MaAutomaton-main\MaAutomaton-main\src\data\templates\pause_gear.png，跳过点击。
[WARN] 找不到重启模板文件: D:\BiShe\MaAutomaton-main\MaAutomaton-main\src\data\templates\stage_1_7.png，跳过点击。
[WARN] 找不到重启模板文件: D:\BiShe\MaAutomaton-main\MaAutomaton-main\src\data\templates\practice.png，跳过点击。
[WARN] 找不到重启模板文件: D:\BiShe\MaAutomaton-main\MaAutomaton-main\src\data\templates\start_action.png，跳过点击。
[RESET] 尝试跳过动画/寻找入口... (尝试 16/100)
[WARN] 找不到重启模板文件: D:\BiShe\MaAutomaton-main\MaAutomaton-main\src\data\templates\pause_gear.png，跳过点击。
[WARN] 找不到重启模板文件: D:\BiShe\MaAutomaton-main\MaAutomaton-main\src\data\templates\stage_1_7.png，跳过点击。
[WARN] 找不到重启模板文件: D:\BiShe\MaAutomaton-main\MaAutomaton-main\src\data\templates\practice.png，跳过点击。
[WARN] 找不到重启模板文件: D:\BiShe\MaAutomaton-main\MaAutomaton-main\src\data\templates\start_action.png，跳过点击。
[RESET] 尝试跳过动画/寻找入口... (尝试 17/100)
[WARN] 找不到重启模板文件: D:\BiShe\MaAutomaton-main\MaAutomaton-main\src\data\templates\pause_gear.png，跳过点击。
[WARN] 找不到重启模板文件: D:\BiShe\MaAutomaton-main\MaAutomaton-main\src\data\templates\stage_1_7.png，跳过点击。
[WARN] 找不到重启模板文件: D:\BiShe\MaAutomaton-main\MaAutomaton-main\src\data\templates\practice.png，跳过点击。
[WARN] 找不到重启模板文件: D:\BiShe\MaAutomaton-main\MaAutomaton-main\src\data\templates\start_action.png，跳过点击。
[RESET] 尝试跳过动画/寻找入口... (尝试 18/100)
[WARN] 找不到重启模板文件: D:\BiShe\MaAutomaton-main\MaAutomaton-main\src\data\templates\pause_gear.png，跳过点击。
[WARN] 找不到重启模板文件: D:\BiShe\MaAutomaton-main\MaAutomaton-main\src\data\templates\stage_1_7.png，跳过点击。
[WARN] 找不到重启模板文件: D:\BiShe\MaAutomaton-main\MaAutomaton-main\src\data\templates\practice.png，跳过点击。
[WARN] 找不到重启模板文件: D:\BiShe\MaAutomaton-main\MaAutomaton-main\src\data\templates\start_action.png，跳过点击。
[RESET] 尝试跳过动画/寻找入口... (尝试 19/100)
