[INFO] 正在查找 ADB 设备...
[SUCCESS] 连接到设备: MuMu安卓设备-MuMuPlayer12 v5 (127.0.0.1:16384)
[SUCCESS] 设备握手成功!
[INFO] 正在加载 YOLO 模型: D:\BiShe\MaAutomaton-main\MaAutomaton-main\models\yolo\best.pt
       使用设备: cpu
[SUCCESS] YOLO 模型加载完成!
[INFO] 正在加载模板匹配器...
[SUCCESS] 模板匹配器加载完成!
[INFO] 正在创建强化学习环境...
[SUCCESS] 环境创建完成!
[INFO] 正在创建 PPO 模型...
Using cpu device
[SUCCESS] PPO 模型创建完成!

================ 开始训练 ===================
总步数: 5000, 每次更新前收集步数: 128, 批次: 64
Logging to ./tensorboard_logs/PPO_9

[STEP 1] 开始执行动作...
[ACTION] AI决定: 选卡 0 -> 放入网格(7,0) -> 朝向 2
         坐标映射: 拖拽从(295,650)至(900,190) -> 方向滑动至(750,190)
[ACTION] ✅ CV校验通过！网格(7,0)具有高亮绿色(像素:754)，准许拖拽。
[REWARD] 执行前血条数: 0 -> 执行后血条数: 0
[REWARD] 部署失败，计算前后帧 MSE (均方误差) = 1869.30
[REWARD] 动作无效。奖励 -0.5
[ENV] ⚠️ 战斗界面的暂停齿轮消失，判定战斗非正常结束或已进入结算。
[ENV] 精准识别到战斗结算画面！回合终止！

================= 回合结束，开始自动重启关卡 =================
[RESET] 尝试跳过动画/寻找入口... (尝试 1/100)
[RESET] 尝试跳过动画/寻找入口... (尝试 2/100)
[RESET] 尝试跳过动画/寻找入口... (尝试 3/100)
[RESET] 尝试跳过动画/寻找入口... (尝试 4/100)
[RESET] 尝试跳过动画/寻找入口... (尝试 5/100)
[RESET] 尝试跳过动画/寻找入口... (尝试 6/100)
[RESET] 尝试跳过动画/寻找入口... (尝试 7/100)
[RESET] 尝试跳过动画/寻找入口... (尝试 8/100)
[RESET] 尝试跳过动画/寻找入口... (尝试 9/100)
[RESET] 尝试跳过动画/寻找入口... (尝试 10/100)
[RESET] 尝试跳过动画/寻找入口... (尝试 11/100)
[RESET] 尝试跳过动画/寻找入口... (尝试 12/100)
[RESET] 尝试跳过动画/寻找入口... (尝试 13/100)
[RESET] 尝试跳过动画/寻找入口... (尝试 14/100)
[RESET] 尝试跳过动画/寻找入口... (尝试 15/100)
[RESET] 尝试跳过动画/寻找入口... (尝试 16/100)
[RESET] 尝试跳过动画/寻找入口... (尝试 17/100)
[RESET] 尝试跳过动画/寻找入口... (尝试 18/100)
[RESET] 尝试跳过动画/寻找入口... (尝试 19/100)
[RESET] 尝试跳过动画/寻找入口... (尝试 20/100)
[RESET] 尝试跳过动画/寻找入口... (尝试 21/100)
[RESET] 尝试跳过动画/寻找入口... (尝试 22/100)
[RESET] 尝试跳过动画/寻找入口... (尝试 23/100)
[RESET] 尝试跳过动画/寻找入口... (尝试 24/100)
[RESET] 尝试跳过动画/寻找入口... (尝试 25/100)
