[INFO] 正在查找 ADB 设备...
[SUCCESS] 连接到设备: MuMu安卓设备-MuMuPlayer12 v5 (127.0.0.1:16384)
[SUCCESS] 设备握手成功!
[INFO] 正在加载 YOLO 模型: D:\BiShe\MaAutomaton-main\MaAutomaton-main\models\yolo\best.pt
       使用设备: cpu
[SUCCESS] YOLO 模型加载完成!
[INFO] 正在创建强化学习环境...
[SUCCESS] 环境创建完成!
[INFO] 正在创建 PPO 模型...
Using cpu device
[SUCCESS] PPO 模型创建完成!

================ 开始训练 ===================
总步数: 5000, 每次更新前收集步数: 128, 批次: 64
Logging to ./tensorboard_logs/PPO_6

[STEP 1] 开始执行动作...
[ACTION] AI决定: 选卡 4 -> 放入网格(8,4) -> 朝向 1
         坐标映射: 拖拽从(655,650)至(1000,510) -> 方向滑动至(1000,660)
[ACTION] ⛔ Fast-Fail! 目标网格(8,4)非绿色高亮(绿像素:0)。取消拖拽。
[REWARD] 执行前血条数: 0 -> 执行后血条数: 0
[REWARD] ⛔ 非法区域/无费用，已被 CV 阻断。奖励 -1.0

[STEP 2] 开始执行动作...
[ACTION] AI决定: 选卡 5 -> 放入网格(7,0) -> 朝向 1
         坐标映射: 拖拽从(745,650)至(900,190) -> 方向滑动至(900,340)
[ACTION] ✅ CV校验通过！网格(7,0)具有高亮绿色(像素:755)，准许拖拽。
[REWARD] 执行前血条数: 0 -> 执行后血条数: 0
[REWARD] 部署失败，计算前后帧 MSE (均方误差) = 134.91
[REWARD] 画面未发生明显变化(非法部署)。奖励 -1.0

[STEP 3] 开始执行动作...
[ACTION] AI决定: 选卡 8 -> 放入网格(8,2) -> 朝向 2
         坐标映射: 拖拽从(1015,650)至(1000,350) -> 方向滑动至(850,350)
[ACTION] ✅ CV校验通过！网格(8,2)具有高亮绿色(像素:812)，准许拖拽。
[REWARD] 执行前血条数: 0 -> 执行后血条数: 0
[REWARD] 部署失败，计算前后帧 MSE (均方误差) = 115.59
[REWARD] 画面未发生明显变化(非法部署)。奖励 -1.0

[STEP 4] 开始执行动作...
[ACTION] AI决定: 选卡 1 -> 放入网格(9,0) -> 朝向 3
         坐标映射: 拖拽从(385,650)至(1100,190) -> 方向滑动至(1250,190)
[ACTION] ⛔ Fast-Fail! 目标网格(9,0)非绿色高亮(绿像素:0)。取消拖拽。
[REWARD] 执行前血条数: 0 -> 执行后血条数: 0
[REWARD] ⛔ 非法区域/无费用，已被 CV 阻断。奖励 -1.0

[STEP 5] 开始执行动作...
[ACTION] AI决定: 选卡 7 -> 放入网格(0,0) -> 朝向 2
         坐标映射: 拖拽从(925,650)至(200,190) -> 方向滑动至(50,190)
[ACTION] ⛔ Fast-Fail! 目标网格(0,0)非绿色高亮(绿像素:0)。取消拖拽。
[REWARD] 执行前血条数: 0 -> 执行后血条数: 0
[REWARD] ⛔ 非法区域/无费用，已被 CV 阻断。奖励 -1.0

[STEP 6] 开始执行动作...
[ACTION] AI决定: 选卡 7 -> 放入网格(4,4) -> 朝向 2
         坐标映射: 拖拽从(925,650)至(600,510) -> 方向滑动至(450,510)
[ACTION] ✅ CV校验通过！网格(4,4)具有高亮绿色(像素:900)，准许拖拽。
[REWARD] 执行前血条数: 0 -> 执行后血条数: 0
[REWARD] 部署失败，计算前后帧 MSE (均方误差) = 3629.96
[REWARD] 动作无效。奖励 -0.5

[STEP 7] 开始执行动作...
[ACTION] AI决定: 选卡 9 -> 放入网格(4,2) -> 朝向 0
         坐标映射: 拖拽从(1105,650)至(600,350) -> 方向滑动至(600,200)
[ACTION] ✅ CV校验通过！网格(4,2)具有高亮绿色(像素:866)，准许拖拽。
[REWARD] 执行前血条数: 0 -> 执行后血条数: 0
[REWARD] 部署失败，计算前后帧 MSE (均方误差) = 3752.08
[REWARD] 动作无效。奖励 -0.5

[STEP 8] 开始执行动作...
[ACTION] AI决定: 选卡 5 -> 放入网格(0,3) -> 朝向 0
         坐标映射: 拖拽从(745,650)至(200,430) -> 方向滑动至(200,280)
[ACTION] ⛔ Fast-Fail! 目标网格(0,3)非绿色高亮(绿像素:0)。取消拖拽。
[REWARD] 执行前血条数: 0 -> 执行后血条数: 0
[REWARD] ⛔ 非法区域/无费用，已被 CV 阻断。奖励 -1.0

[STEP 9] 开始执行动作...
[ACTION] AI决定: 选卡 6 -> 放入网格(4,2) -> 朝向 0
         坐标映射: 拖拽从(835,650)至(600,350) -> 方向滑动至(600,200)
[ACTION] ✅ CV校验通过！网格(4,2)具有高亮绿色(像素:867)，准许拖拽。
[REWARD] 执行前血条数: 0 -> 执行后血条数: 0
[REWARD] 部署失败，计算前后帧 MSE (均方误差) = 3666.25
[REWARD] 动作无效。奖励 -0.5

[STEP 10] 开始执行动作...
[ACTION] AI决定: 选卡 2 -> 放入网格(8,3) -> 朝向 2
         坐标映射: 拖拽从(475,650)至(1000,430) -> 方向滑动至(850,430)
[ACTION] ✅ CV校验通过！网格(8,3)具有高亮绿色(像素:891)，准许拖拽。
[REWARD] 执行前血条数: 0 -> 执行后血条数: 0
[REWARD] 部署失败，计算前后帧 MSE (均方误差) = 110.97
[REWARD] 画面未发生明显变化(非法部署)。奖励 -1.0

[STEP 11] 开始执行动作...
[ACTION] AI决定: 选卡 3 -> 放入网格(5,3) -> 朝向 2
         坐标映射: 拖拽从(565,650)至(700,430) -> 方向滑动至(550,430)
[ACTION] ✅ CV校验通过！网格(5,3)具有高亮绿色(像素:900)，准许拖拽。
[REWARD] 执行前血条数: 0 -> 执行后血条数: 0
[REWARD] 部署失败，计算前后帧 MSE (均方误差) = 157.68
[REWARD] 画面未发生明显变化(非法部署)。奖励 -1.0

[STEP 12] 开始执行动作...
[ACTION] AI决定: 选卡 8 -> 放入网格(4,1) -> 朝向 2
         坐标映射: 拖拽从(1015,650)至(600,270) -> 方向滑动至(450,270)
[ACTION] ⛔ Fast-Fail! 目标网格(4,1)非绿色高亮(绿像素:0)。取消拖拽。
[REWARD] 执行前血条数: 0 -> 执行后血条数: 0
[REWARD] ⛔ 非法区域/无费用，已被 CV 阻断。奖励 -1.0

[STEP 13] 开始执行动作...
[ACTION] AI决定: 选卡 6 -> 放入网格(1,1) -> 朝向 0
         坐标映射: 拖拽从(835,650)至(300,270) -> 方向滑动至(300,120)
[ACTION] ⛔ Fast-Fail! 目标网格(1,1)非绿色高亮(绿像素:0)。取消拖拽。
[REWARD] 执行前血条数: 0 -> 执行后血条数: 0
[REWARD] ⛔ 非法区域/无费用，已被 CV 阻断。奖励 -1.0

[STEP 14] 开始执行动作...
[ACTION] AI决定: 选卡 0 -> 放入网格(7,4) -> 朝向 0
         坐标映射: 拖拽从(295,650)至(900,510) -> 方向滑动至(900,360)
[ACTION] ✅ CV校验通过！网格(7,4)具有高亮绿色(像素:23)，准许拖拽。
[REWARD] 执行前血条数: 0 -> 执行后血条数: 0
[REWARD] 部署失败，计算前后帧 MSE (均方误差) = 399.61
[REWARD] 动作无效。奖励 -0.5

[STEP 15] 开始执行动作...
[ACTION] AI决定: 选卡 4 -> 放入网格(5,1) -> 朝向 3
         坐标映射: 拖拽从(655,650)至(700,270) -> 方向滑动至(850,270)
[ACTION] ✅ CV校验通过！网格(5,1)具有高亮绿色(像素:900)，准许拖拽。
[REWARD] 执行前血条数: 0 -> 执行后血条数: 0
[REWARD] 部署失败，计算前后帧 MSE (均方误差) = 394.29
[REWARD] 动作无效。奖励 -0.5

[STEP 16] 开始执行动作...
[ACTION] AI决定: 选卡 3 -> 放入网格(5,2) -> 朝向 1
         坐标映射: 拖拽从(565,650)至(700,350) -> 方向滑动至(700,500)
[ACTION] ✅ CV校验通过！网格(5,2)具有高亮绿色(像素:84)，准许拖拽。
[REWARD] 执行前血条数: 0 -> 执行后血条数: 0
[REWARD] 部署失败，计算前后帧 MSE (均方误差) = 287.73
[REWARD] 画面未发生明显变化(非法部署)。奖励 -1.0

[STEP 17] 开始执行动作...
[ACTION] AI决定: 选卡 6 -> 放入网格(5,4) -> 朝向 3
         坐标映射: 拖拽从(835,650)至(700,510) -> 方向滑动至(850,510)
[ACTION] ✅ CV校验通过！网格(5,4)具有高亮绿色(像素:900)，准许拖拽。
[REWARD] 执行前血条数: 0 -> 执行后血条数: 0
[REWARD] 部署失败，计算前后帧 MSE (均方误差) = 340.27
[REWARD] 动作无效。奖励 -0.5

[STEP 18] 开始执行动作...
[ACTION] AI决定: 选卡 1 -> 放入网格(7,4) -> 朝向 1
         坐标映射: 拖拽从(385,650)至(900,510) -> 方向滑动至(900,660)
[ACTION] ⛔ Fast-Fail! 目标网格(7,4)非绿色高亮(绿像素:0)。取消拖拽。
[REWARD] 执行前血条数: 0 -> 执行后血条数: 0
[REWARD] ⛔ 非法区域/无费用，已被 CV 阻断。奖励 -1.0

[STEP 19] 开始执行动作...
[ACTION] AI决定: 选卡 0 -> 放入网格(7,1) -> 朝向 2
         坐标映射: 拖拽从(295,650)至(900,270) -> 方向滑动至(750,270)
[ACTION] ✅ CV校验通过！网格(7,1)具有高亮绿色(像素:292)，准许拖拽。
[REWARD] 执行前血条数: 0 -> 执行后血条数: 0
[REWARD] 部署失败，计算前后帧 MSE (均方误差) = 337.12
[REWARD] 动作无效。奖励 -0.5

[STEP 20] 开始执行动作...
[ACTION] AI决定: 选卡 8 -> 放入网格(4,2) -> 朝向 3
         坐标映射: 拖拽从(1015,650)至(600,350) -> 方向滑动至(750,350)
[ACTION] ⛔ Fast-Fail! 目标网格(4,2)非绿色高亮(绿像素:0)。取消拖拽。
[REWARD] 执行前血条数: 0 -> 执行后血条数: 0
[REWARD] ⛔ 非法区域/无费用，已被 CV 阻断。奖励 -1.0

[STEP 21] 开始执行动作...
[ACTION] AI决定: 选卡 1 -> 放入网格(5,4) -> 朝向 1
         坐标映射: 拖拽从(385,650)至(700,510) -> 方向滑动至(700,660)
[ACTION] ⛔ Fast-Fail! 目标网格(5,4)非绿色高亮(绿像素:0)。取消拖拽。
[REWARD] 执行前血条数: 0 -> 执行后血条数: 0
[REWARD] ⛔ 非法区域/无费用，已被 CV 阻断。奖励 -1.0

[STEP 22] 开始执行动作...
[ACTION] AI决定: 选卡 5 -> 放入网格(0,3) -> 朝向 3
         坐标映射: 拖拽从(745,650)至(200,430) -> 方向滑动至(350,430)
[ACTION] ⛔ Fast-Fail! 目标网格(0,3)非绿色高亮(绿像素:0)。取消拖拽。
[REWARD] 执行前血条数: 0 -> 执行后血条数: 0
[REWARD] ⛔ 非法区域/无费用，已被 CV 阻断。奖励 -1.0

[STEP 23] 开始执行动作...
[ACTION] AI决定: 选卡 0 -> 放入网格(4,1) -> 朝向 3
         坐标映射: 拖拽从(295,650)至(600,270) -> 方向滑动至(750,270)
[ACTION] ✅ CV校验通过！网格(4,1)具有高亮绿色(像素:586)，准许拖拽。
[REWARD] 执行前血条数: 0 -> 执行后血条数: 0
[REWARD] 部署失败，计算前后帧 MSE (均方误差) = 1415.85
[REWARD] 动作无效。奖励 -0.5

[STEP 24] 开始执行动作...
[ACTION] AI决定: 选卡 6 -> 放入网格(2,1) -> 朝向 0
         坐标映射: 拖拽从(835,650)至(400,270) -> 方向滑动至(400,120)
[ACTION] ⛔ Fast-Fail! 目标网格(2,1)非绿色高亮(绿像素:3)。取消拖拽。
[REWARD] 执行前血条数: 0 -> 执行后血条数: 0
[REWARD] ⛔ 非法区域/无费用，已被 CV 阻断。奖励 -1.0

[STEP 25] 开始执行动作...
[ACTION] AI决定: 选卡 2 -> 放入网格(7,3) -> 朝向 2
         坐标映射: 拖拽从(475,650)至(900,430) -> 方向滑动至(750,430)
[ACTION] ✅ CV校验通过！网格(7,3)具有高亮绿色(像素:900)，准许拖拽。
[REWARD] 执行前血条数: 0 -> 执行后血条数: 0
[REWARD] 部署失败，计算前后帧 MSE (均方误差) = 325.45
[REWARD] 动作无效。奖励 -0.5

[STEP 26] 开始执行动作...
[ACTION] AI决定: 选卡 2 -> 放入网格(4,3) -> 朝向 0
         坐标映射: 拖拽从(475,650)至(600,430) -> 方向滑动至(600,280)
[ACTION] ⛔ Fast-Fail! 目标网格(4,3)非绿色高亮(绿像素:0)。取消拖拽。
[REWARD] 执行前血条数: 0 -> 执行后血条数: 0
[REWARD] ⛔ 非法区域/无费用，已被 CV 阻断。奖励 -1.0

[STEP 27] 开始执行动作...
[ACTION] AI决定: 选卡 8 -> 放入网格(7,2) -> 朝向 0
         坐标映射: 拖拽从(1015,650)至(900,350) -> 方向滑动至(900,200)
[ACTION] ✅ CV校验通过！网格(7,2)具有高亮绿色(像素:562)，准许拖拽。
[REWARD] 执行前血条数: 0 -> 执行后血条数: 0
[REWARD] 部署失败，计算前后帧 MSE (均方误差) = 296.92
[REWARD] 画面未发生明显变化(非法部署)。奖励 -1.0

[STEP 28] 开始执行动作...
[ACTION] AI决定: 选卡 8 -> 放入网格(3,3) -> 朝向 2
         坐标映射: 拖拽从(1015,650)至(500,430) -> 方向滑动至(350,430)
[ACTION] ⛔ Fast-Fail! 目标网格(3,3)非绿色高亮(绿像素:0)。取消拖拽。
[REWARD] 执行前血条数: 0 -> 执行后血条数: 0
[REWARD] ⛔ 非法区域/无费用，已被 CV 阻断。奖励 -1.0

[STEP 29] 开始执行动作...
[ACTION] AI决定: 选卡 4 -> 放入网格(9,1) -> 朝向 0
         坐标映射: 拖拽从(655,650)至(1100,270) -> 方向滑动至(1100,120)
[ACTION] ⛔ Fast-Fail! 目标网格(9,1)非绿色高亮(绿像素:0)。取消拖拽。
[REWARD] 执行前血条数: 0 -> 执行后血条数: 0
[REWARD] ⛔ 非法区域/无费用，已被 CV 阻断。奖励 -1.0

[STEP 30] 开始执行动作...
[ACTION] AI决定: 选卡 8 -> 放入网格(5,4) -> 朝向 0
         坐标映射: 拖拽从(1015,650)至(700,510) -> 方向滑动至(700,360)
[ACTION] ⛔ Fast-Fail! 目标网格(5,4)非绿色高亮(绿像素:0)。取消拖拽。
[REWARD] 执行前血条数: 0 -> 执行后血条数: 0
[REWARD] ⛔ 非法区域/无费用，已被 CV 阻断。奖励 -1.0
[ENV] 达到最大步数 (30)，终止回合。
--> [回合结束] 第 1 回合 | 奖励: -25.5 | 步数: 30

[STEP 1] 开始执行动作...
[ACTION] AI决定: 选卡 4 -> 放入网格(9,3) -> 朝向 0
         坐标映射: 拖拽从(655,650)至(1100,430) -> 方向滑动至(1100,280)
[ACTION] ✅ CV校验通过！网格(9,3)具有高亮绿色(像素:810)，准许拖拽。
[REWARD] 执行前血条数: 0 -> 执行后血条数: 0
[REWARD] 部署失败，计算前后帧 MSE (均方误差) = 777.14
[REWARD] 动作无效。奖励 -0.5

[STEP 2] 开始执行动作...
[ACTION] AI决定: 选卡 7 -> 放入网格(2,3) -> 朝向 2
         坐标映射: 拖拽从(925,650)至(400,430) -> 方向滑动至(250,430)
[ACTION] ⛔ Fast-Fail! 目标网格(2,3)非绿色高亮(绿像素:0)。取消拖拽。
[REWARD] 执行前血条数: 0 -> 执行后血条数: 0
[REWARD] ⛔ 非法区域/无费用，已被 CV 阻断。奖励 -1.0

[STEP 3] 开始执行动作...
[ACTION] AI决定: 选卡 6 -> 放入网格(1,2) -> 朝向 3
         坐标映射: 拖拽从(835,650)至(300,350) -> 方向滑动至(450,350)
[ACTION] ⛔ Fast-Fail! 目标网格(1,2)非绿色高亮(绿像素:0)。取消拖拽。
[REWARD] 执行前血条数: 0 -> 执行后血条数: 0
[REWARD] ⛔ 非法区域/无费用，已被 CV 阻断。奖励 -1.0

[STEP 4] 开始执行动作...
[ACTION] AI决定: 选卡 0 -> 放入网格(2,4) -> 朝向 0
         坐标映射: 拖拽从(295,650)至(400,510) -> 方向滑动至(400,360)
[ACTION] ⛔ Fast-Fail! 目标网格(2,4)非绿色高亮(绿像素:0)。取消拖拽。
[REWARD] 执行前血条数: 0 -> 执行后血条数: 0
[REWARD] ⛔ 非法区域/无费用，已被 CV 阻断。奖励 -1.0

[STEP 5] 开始执行动作...
[ACTION] AI决定: 选卡 9 -> 放入网格(4,0) -> 朝向 0
         坐标映射: 拖拽从(1105,650)至(600,190) -> 方向滑动至(600,40)
[ACTION] ✅ CV校验通过！网格(4,0)具有高亮绿色(像素:703)，准许拖拽。
[REWARD] 执行前血条数: 0 -> 执行后血条数: 0
[REWARD] 部署失败，计算前后帧 MSE (均方误差) = 210.98
[REWARD] 画面未发生明显变化(非法部署)。奖励 -1.0

[STEP 6] 开始执行动作...
[ACTION] AI决定: 选卡 5 -> 放入网格(1,1) -> 朝向 0
         坐标映射: 拖拽从(745,650)至(300,270) -> 方向滑动至(300,120)
[ACTION] ⛔ Fast-Fail! 目标网格(1,1)非绿色高亮(绿像素:0)。取消拖拽。
[REWARD] 执行前血条数: 0 -> 执行后血条数: 0
[REWARD] ⛔ 非法区域/无费用，已被 CV 阻断。奖励 -1.0

[STEP 7] 开始执行动作...
[ACTION] AI决定: 选卡 1 -> 放入网格(5,2) -> 朝向 3
         坐标映射: 拖拽从(385,650)至(700,350) -> 方向滑动至(850,350)
[ACTION] ✅ CV校验通过！网格(5,2)具有高亮绿色(像素:225)，准许拖拽。
[REWARD] 执行前血条数: 0 -> 执行后血条数: 0
[REWARD] 部署失败，计算前后帧 MSE (均方误差) = 266.94
[REWARD] 画面未发生明显变化(非法部署)。奖励 -1.0

[STEP 8] 开始执行动作...
[ACTION] AI决定: 选卡 1 -> 放入网格(5,0) -> 朝向 0
         坐标映射: 拖拽从(385,650)至(700,190) -> 方向滑动至(700,40)
[ACTION] ✅ CV校验通过！网格(5,0)具有高亮绿色(像素:813)，准许拖拽。
[REWARD] 执行前血条数: 0 -> 执行后血条数: 0
[REWARD] 部署失败，计算前后帧 MSE (均方误差) = 386.80
[REWARD] 动作无效。奖励 -0.5

[STEP 9] 开始执行动作...
[ACTION] AI决定: 选卡 0 -> 放入网格(5,4) -> 朝向 2
         坐标映射: 拖拽从(295,650)至(700,510) -> 方向滑动至(550,510)
[ACTION] ✅ CV校验通过！网格(5,4)具有高亮绿色(像素:486)，准许拖拽。
[REWARD] 执行前血条数: 0 -> 执行后血条数: 0
[REWARD] 部署失败，计算前后帧 MSE (均方误差) = 387.20
[REWARD] 动作无效。奖励 -0.5

[STEP 10] 开始执行动作...
[ACTION] AI决定: 选卡 3 -> 放入网格(1,2) -> 朝向 2
         坐标映射: 拖拽从(565,650)至(300,350) -> 方向滑动至(150,350)
[ACTION] ⛔ Fast-Fail! 目标网格(1,2)非绿色高亮(绿像素:1)。取消拖拽。
[REWARD] 执行前血条数: 0 -> 执行后血条数: 0
[REWARD] ⛔ 非法区域/无费用，已被 CV 阻断。奖励 -1.0

[STEP 11] 开始执行动作...
[ACTION] AI决定: 选卡 9 -> 放入网格(0,3) -> 朝向 1
         坐标映射: 拖拽从(1105,650)至(200,430) -> 方向滑动至(200,580)
[ACTION] ⛔ Fast-Fail! 目标网格(0,3)非绿色高亮(绿像素:0)。取消拖拽。
[REWARD] 执行前血条数: 0 -> 执行后血条数: 0
[REWARD] ⛔ 非法区域/无费用，已被 CV 阻断。奖励 -1.0

[STEP 12] 开始执行动作...
[ACTION] AI决定: 选卡 4 -> 放入网格(1,4) -> 朝向 1
         坐标映射: 拖拽从(655,650)至(300,510) -> 方向滑动至(300,660)
[ACTION] ⛔ Fast-Fail! 目标网格(1,4)非绿色高亮(绿像素:0)。取消拖拽。
[REWARD] 执行前血条数: 0 -> 执行后血条数: 0
[REWARD] ⛔ 非法区域/无费用，已被 CV 阻断。奖励 -1.0

[STEP 13] 开始执行动作...
[ACTION] AI决定: 选卡 2 -> 放入网格(6,3) -> 朝向 2
         坐标映射: 拖拽从(475,650)至(800,430) -> 方向滑动至(650,430)
[ACTION] ✅ CV校验通过！网格(6,3)具有高亮绿色(像素:900)，准许拖拽。
[REWARD] 执行前血条数: 0 -> 执行后血条数: 0
[REWARD] 部署失败，计算前后帧 MSE (均方误差) = 324.22
[REWARD] 动作无效。奖励 -0.5

[STEP 14] 开始执行动作...
[ACTION] AI决定: 选卡 1 -> 放入网格(3,1) -> 朝向 2
         坐标映射: 拖拽从(385,650)至(500,270) -> 方向滑动至(350,270)
[ACTION] ✅ CV校验通过！网格(3,1)具有高亮绿色(像素:482)，准许拖拽。
[REWARD] 执行前血条数: 0 -> 执行后血条数: 0
[REWARD] 部署失败，计算前后帧 MSE (均方误差) = 321.98
[REWARD] 动作无效。奖励 -0.5

[STEP 15] 开始执行动作...
[ACTION] AI决定: 选卡 8 -> 放入网格(1,4) -> 朝向 0
         坐标映射: 拖拽从(1015,650)至(300,510) -> 方向滑动至(300,360)
[ACTION] ⛔ Fast-Fail! 目标网格(1,4)非绿色高亮(绿像素:0)。取消拖拽。
[REWARD] 执行前血条数: 0 -> 执行后血条数: 0
[REWARD] ⛔ 非法区域/无费用，已被 CV 阻断。奖励 -1.0

[STEP 16] 开始执行动作...
[ACTION] AI决定: 选卡 0 -> 放入网格(7,2) -> 朝向 0
         坐标映射: 拖拽从(295,650)至(900,350) -> 方向滑动至(900,200)
[ACTION] ⛔ Fast-Fail! 目标网格(7,2)非绿色高亮(绿像素:0)。取消拖拽。
[REWARD] 执行前血条数: 0 -> 执行后血条数: 0
[REWARD] ⛔ 非法区域/无费用，已被 CV 阻断。奖励 -1.0

[STEP 17] 开始执行动作...
[ACTION] AI决定: 选卡 5 -> 放入网格(4,1) -> 朝向 0
         坐标映射: 拖拽从(745,650)至(600,270) -> 方向滑动至(600,120)
[ACTION] ⛔ Fast-Fail! 目标网格(4,1)非绿色高亮(绿像素:0)。取消拖拽。
[REWARD] 执行前血条数: 0 -> 执行后血条数: 0
[REWARD] ⛔ 非法区域/无费用，已被 CV 阻断。奖励 -1.0

[STEP 18] 开始执行动作...
[ACTION] AI决定: 选卡 6 -> 放入网格(9,4) -> 朝向 0
         坐标映射: 拖拽从(835,650)至(1100,510) -> 方向滑动至(1100,360)
[ACTION] ✅ CV校验通过！网格(9,4)具有高亮绿色(像素:729)，准许拖拽。
[REWARD] 执行前血条数: 0 -> 执行后血条数: 0
[REWARD] 部署失败，计算前后帧 MSE (均方误差) = 3808.39
[REWARD] 动作无效。奖励 -0.5

[STEP 19] 开始执行动作...
[ACTION] AI决定: 选卡 7 -> 放入网格(6,0) -> 朝向 1
         坐标映射: 拖拽从(925,650)至(800,190) -> 方向滑动至(800,340)
[ACTION] ⛔ Fast-Fail! 目标网格(6,0)非绿色高亮(绿像素:0)。取消拖拽。
[REWARD] 执行前血条数: 0 -> 执行后血条数: 0
[REWARD] ⛔ 非法区域/无费用，已被 CV 阻断。奖励 -1.0

[STEP 20] 开始执行动作...
[ACTION] AI决定: 选卡 9 -> 放入网格(6,3) -> 朝向 3
         坐标映射: 拖拽从(1105,650)至(800,430) -> 方向滑动至(950,430)
[ACTION] ⛔ Fast-Fail! 目标网格(6,3)非绿色高亮(绿像素:17)。取消拖拽。
[REWARD] 执行前血条数: 0 -> 执行后血条数: 0
[REWARD] ⛔ 非法区域/无费用，已被 CV 阻断。奖励 -1.0

[STEP 21] 开始执行动作...
[ACTION] AI决定: 选卡 1 -> 放入网格(7,1) -> 朝向 1
         坐标映射: 拖拽从(385,650)至(900,270) -> 方向滑动至(900,420)
[ACTION] ⛔ Fast-Fail! 目标网格(7,1)非绿色高亮(绿像素:0)。取消拖拽。
[REWARD] 执行前血条数: 0 -> 执行后血条数: 0
[REWARD] ⛔ 非法区域/无费用，已被 CV 阻断。奖励 -1.0

[STEP 22] 开始执行动作...
[ACTION] AI决定: 选卡 2 -> 放入网格(9,2) -> 朝向 2
         坐标映射: 拖拽从(475,650)至(1100,350) -> 方向滑动至(950,350)
[ACTION] ⛔ Fast-Fail! 目标网格(9,2)非绿色高亮(绿像素:0)。取消拖拽。
[REWARD] 执行前血条数: 0 -> 执行后血条数: 0
[REWARD] ⛔ 非法区域/无费用，已被 CV 阻断。奖励 -1.0

[STEP 23] 开始执行动作...
[ACTION] AI决定: 选卡 8 -> 放入网格(7,2) -> 朝向 3
         坐标映射: 拖拽从(1015,650)至(900,350) -> 方向滑动至(1050,350)
[ACTION] ⛔ Fast-Fail! 目标网格(7,2)非绿色高亮(绿像素:0)。取消拖拽。
[REWARD] 执行前血条数: 0 -> 执行后血条数: 0
[REWARD] ⛔ 非法区域/无费用，已被 CV 阻断。奖励 -1.0

[STEP 24] 开始执行动作...
[ACTION] AI决定: 选卡 5 -> 放入网格(2,4) -> 朝向 2
         坐标映射: 拖拽从(745,650)至(400,510) -> 方向滑动至(250,510)
[ACTION] ⛔ Fast-Fail! 目标网格(2,4)非绿色高亮(绿像素:0)。取消拖拽。
[REWARD] 执行前血条数: 0 -> 执行后血条数: 0
[REWARD] ⛔ 非法区域/无费用，已被 CV 阻断。奖励 -1.0

[STEP 25] 开始执行动作...
[ACTION] AI决定: 选卡 3 -> 放入网格(5,0) -> 朝向 3
         坐标映射: 拖拽从(565,650)至(700,190) -> 方向滑动至(850,190)
[ACTION] ⛔ Fast-Fail! 目标网格(5,0)非绿色高亮(绿像素:0)。取消拖拽。
[REWARD] 执行前血条数: 0 -> 执行后血条数: 0
[REWARD] ⛔ 非法区域/无费用，已被 CV 阻断。奖励 -1.0

[STEP 26] 开始执行动作...
[ACTION] AI决定: 选卡 4 -> 放入网格(6,4) -> 朝向 1
         坐标映射: 拖拽从(655,650)至(800,510) -> 方向滑动至(800,660)
[ACTION] ⛔ Fast-Fail! 目标网格(6,4)非绿色高亮(绿像素:0)。取消拖拽。
[REWARD] 执行前血条数: 0 -> 执行后血条数: 0
[REWARD] ⛔ 非法区域/无费用，已被 CV 阻断。奖励 -1.0

[STEP 27] 开始执行动作...
[ACTION] AI决定: 选卡 2 -> 放入网格(8,1) -> 朝向 0
         坐标映射: 拖拽从(475,650)至(1000,270) -> 方向滑动至(1000,120)
[ACTION] ⛔ Fast-Fail! 目标网格(8,1)非绿色高亮(绿像素:0)。取消拖拽。
[REWARD] 执行前血条数: 0 -> 执行后血条数: 0
[REWARD] ⛔ 非法区域/无费用，已被 CV 阻断。奖励 -1.0

[STEP 28] 开始执行动作...
[ACTION] AI决定: 选卡 1 -> 放入网格(0,4) -> 朝向 2
         坐标映射: 拖拽从(385,650)至(200,510) -> 方向滑动至(50,510)
[ACTION] ⛔ Fast-Fail! 目标网格(0,4)非绿色高亮(绿像素:0)。取消拖拽。
[REWARD] 执行前血条数: 0 -> 执行后血条数: 0
[REWARD] ⛔ 非法区域/无费用，已被 CV 阻断。奖励 -1.0

[STEP 29] 开始执行动作...
[ACTION] AI决定: 选卡 3 -> 放入网格(3,0) -> 朝向 1
         坐标映射: 拖拽从(565,650)至(500,190) -> 方向滑动至(500,340)
[ACTION] ⛔ Fast-Fail! 目标网格(3,0)非绿色高亮(绿像素:0)。取消拖拽。
[REWARD] 执行前血条数: 0 -> 执行后血条数: 0
[REWARD] ⛔ 非法区域/无费用，已被 CV 阻断。奖励 -1.0

[STEP 30] 开始执行动作...
[ACTION] AI决定: 选卡 8 -> 放入网格(7,0) -> 朝向 2
         坐标映射: 拖拽从(1015,650)至(900,190) -> 方向滑动至(750,190)
[ACTION] ⛔ Fast-Fail! 目标网格(7,0)非绿色高亮(绿像素:0)。取消拖拽。
[REWARD] 执行前血条数: 0 -> 执行后血条数: 0
[REWARD] ⛔ 非法区域/无费用，已被 CV 阻断。奖励 -1.0
[ENV] 达到最大步数 (30)，终止回合。
--> [回合结束] 第 2 回合 | 奖励: -27.0 | 步数: 30

[STEP 1] 开始执行动作...
[ACTION] AI决定: 选卡 9 -> 放入网格(9,0) -> 朝向 3
         坐标映射: 拖拽从(1105,650)至(1100,190) -> 方向滑动至(1250,190)
[ACTION] ⛔ Fast-Fail! 目标网格(9,0)非绿色高亮(绿像素:0)。取消拖拽。
[REWARD] 执行前血条数: 0 -> 执行后血条数: 0
[REWARD] ⛔ 非法区域/无费用，已被 CV 阻断。奖励 -1.0

[STEP 2] 开始执行动作...
[ACTION] AI决定: 选卡 7 -> 放入网格(8,3) -> 朝向 2
         坐标映射: 拖拽从(925,650)至(1000,430) -> 方向滑动至(850,430)
[ACTION] ⛔ Fast-Fail! 目标网格(8,3)非绿色高亮(绿像素:0)。取消拖拽。
[REWARD] 执行前血条数: 0 -> 执行后血条数: 0
[REWARD] ⛔ 非法区域/无费用，已被 CV 阻断。奖励 -1.0

[STEP 3] 开始执行动作...
[ACTION] AI决定: 选卡 8 -> 放入网格(7,4) -> 朝向 0
         坐标映射: 拖拽从(1015,650)至(900,510) -> 方向滑动至(900,360)
[ACTION] ⛔ Fast-Fail! 目标网格(7,4)非绿色高亮(绿像素:0)。取消拖拽。
[REWARD] 执行前血条数: 0 -> 执行后血条数: 0
[REWARD] ⛔ 非法区域/无费用，已被 CV 阻断。奖励 -1.0

[STEP 4] 开始执行动作...
[ACTION] AI决定: 选卡 8 -> 放入网格(8,4) -> 朝向 1
         坐标映射: 拖拽从(1015,650)至(1000,510) -> 方向滑动至(1000,660)
[ACTION] ⛔ Fast-Fail! 目标网格(8,4)非绿色高亮(绿像素:0)。取消拖拽。
[REWARD] 执行前血条数: 0 -> 执行后血条数: 0
[REWARD] ⛔ 非法区域/无费用，已被 CV 阻断。奖励 -1.0

[STEP 5] 开始执行动作...
[ACTION] AI决定: 选卡 0 -> 放入网格(1,3) -> 朝向 2
         坐标映射: 拖拽从(295,650)至(300,430) -> 方向滑动至(150,430)
[ACTION] ⛔ Fast-Fail! 目标网格(1,3)非绿色高亮(绿像素:0)。取消拖拽。
[REWARD] 执行前血条数: 0 -> 执行后血条数: 0
[REWARD] ⛔ 非法区域/无费用，已被 CV 阻断。奖励 -1.0

[STEP 6] 开始执行动作...
[ACTION] AI决定: 选卡 8 -> 放入网格(3,1) -> 朝向 2
         坐标映射: 拖拽从(1015,650)至(500,270) -> 方向滑动至(350,270)
[ACTION] ⛔ Fast-Fail! 目标网格(3,1)非绿色高亮(绿像素:0)。取消拖拽。
[REWARD] 执行前血条数: 0 -> 执行后血条数: 0
[REWARD] ⛔ 非法区域/无费用，已被 CV 阻断。奖励 -1.0

[STEP 7] 开始执行动作...
[ACTION] AI决定: 选卡 3 -> 放入网格(5,4) -> 朝向 2
         坐标映射: 拖拽从(565,650)至(700,510) -> 方向滑动至(550,510)
[ACTION] ⛔ Fast-Fail! 目标网格(5,4)非绿色高亮(绿像素:0)。取消拖拽。
[REWARD] 执行前血条数: 0 -> 执行后血条数: 0
[REWARD] ⛔ 非法区域/无费用，已被 CV 阻断。奖励 -1.0

[STEP 8] 开始执行动作...
[ACTION] AI决定: 选卡 0 -> 放入网格(3,2) -> 朝向 2
         坐标映射: 拖拽从(295,650)至(500,350) -> 方向滑动至(350,350)
[ACTION] ⛔ Fast-Fail! 目标网格(3,2)非绿色高亮(绿像素:0)。取消拖拽。
[REWARD] 执行前血条数: 0 -> 执行后血条数: 0
[REWARD] ⛔ 非法区域/无费用，已被 CV 阻断。奖励 -1.0

[STEP 9] 开始执行动作...
[ACTION] AI决定: 选卡 1 -> 放入网格(5,1) -> 朝向 1
         坐标映射: 拖拽从(385,650)至(700,270) -> 方向滑动至(700,420)
[ACTION] ⛔ Fast-Fail! 目标网格(5,1)非绿色高亮(绿像素:0)。取消拖拽。
[REWARD] 执行前血条数: 0 -> 执行后血条数: 0
[REWARD] ⛔ 非法区域/无费用，已被 CV 阻断。奖励 -1.0

[STEP 10] 开始执行动作...
[ACTION] AI决定: 选卡 9 -> 放入网格(6,1) -> 朝向 2
         坐标映射: 拖拽从(1105,650)至(800,270) -> 方向滑动至(650,270)
[ACTION] ⛔ Fast-Fail! 目标网格(6,1)非绿色高亮(绿像素:9)。取消拖拽。
[REWARD] 执行前血条数: 0 -> 执行后血条数: 0
[REWARD] ⛔ 非法区域/无费用，已被 CV 阻断。奖励 -1.0

[STEP 11] 开始执行动作...
[ACTION] AI决定: 选卡 6 -> 放入网格(6,4) -> 朝向 0
         坐标映射: 拖拽从(835,650)至(800,510) -> 方向滑动至(800,360)
[ACTION] ✅ CV校验通过！网格(6,4)具有高亮绿色(像素:900)，准许拖拽。
[REWARD] 执行前血条数: 0 -> 执行后血条数: 0
[REWARD] 部署失败，计算前后帧 MSE (均方误差) = 320.23
[REWARD] 动作无效。奖励 -0.5

[STEP 12] 开始执行动作...
[ACTION] AI决定: 选卡 4 -> 放入网格(1,2) -> 朝向 2
         坐标映射: 拖拽从(655,650)至(300,350) -> 方向滑动至(150,350)
[ACTION] ⛔ Fast-Fail! 目标网格(1,2)非绿色高亮(绿像素:0)。取消拖拽。
[REWARD] 执行前血条数: 0 -> 执行后血条数: 0
[REWARD] ⛔ 非法区域/无费用，已被 CV 阻断。奖励 -1.0

[STEP 13] 开始执行动作...
[ACTION] AI决定: 选卡 0 -> 放入网格(5,2) -> 朝向 1
         坐标映射: 拖拽从(295,650)至(700,350) -> 方向滑动至(700,500)
[ACTION] ⛔ Fast-Fail! 目标网格(5,2)非绿色高亮(绿像素:0)。取消拖拽。
[REWARD] 执行前血条数: 0 -> 执行后血条数: 0
[REWARD] ⛔ 非法区域/无费用，已被 CV 阻断。奖励 -1.0

[STEP 14] 开始执行动作...
[ACTION] AI决定: 选卡 1 -> 放入网格(8,1) -> 朝向 2
         坐标映射: 拖拽从(385,650)至(1000,270) -> 方向滑动至(850,270)
[ACTION] ✅ CV校验通过！网格(8,1)具有高亮绿色(像素:582)，准许拖拽。
[REWARD] 执行前血条数: 0 -> 执行后血条数: 0
[REWARD] 部署失败，计算前后帧 MSE (均方误差) = 387.56
[REWARD] 动作无效。奖励 -0.5

[STEP 15] 开始执行动作...
[ACTION] AI决定: 选卡 1 -> 放入网格(5,0) -> 朝向 0
         坐标映射: 拖拽从(385,650)至(700,190) -> 方向滑动至(700,40)
[ACTION] ✅ CV校验通过！网格(5,0)具有高亮绿色(像素:812)，准许拖拽。
[REWARD] 执行前血条数: 0 -> 执行后血条数: 0
[REWARD] 部署失败，计算前后帧 MSE (均方误差) = 756.89
[REWARD] 动作无效。奖励 -0.5

[STEP 16] 开始执行动作...
[ACTION] AI决定: 选卡 0 -> 放入网格(6,2) -> 朝向 2
         坐标映射: 拖拽从(295,650)至(800,350) -> 方向滑动至(650,350)
[ACTION] ⛔ Fast-Fail! 目标网格(6,2)非绿色高亮(绿像素:0)。取消拖拽。
[REWARD] 执行前血条数: 0 -> 执行后血条数: 0
[REWARD] ⛔ 非法区域/无费用，已被 CV 阻断。奖励 -1.0

[STEP 17] 开始执行动作...
[ACTION] AI决定: 选卡 9 -> 放入网格(4,0) -> 朝向 1
         坐标映射: 拖拽从(1105,650)至(600,190) -> 方向滑动至(600,340)
[ACTION] ✅ CV校验通过！网格(4,0)具有高亮绿色(像素:702)，准许拖拽。
[REWARD] 执行前血条数: 0 -> 执行后血条数: 0
[REWARD] 部署失败，计算前后帧 MSE (均方误差) = 3111.87
[REWARD] 动作无效。奖励 -0.5

[STEP 18] 开始执行动作...
[ACTION] AI决定: 选卡 4 -> 放入网格(6,1) -> 朝向 0
         坐标映射: 拖拽从(655,650)至(800,270) -> 方向滑动至(800,120)
[ACTION] ⛔ Fast-Fail! 目标网格(6,1)非绿色高亮(绿像素:0)。取消拖拽。
[REWARD] 执行前血条数: 0 -> 执行后血条数: 0
[REWARD] ⛔ 非法区域/无费用，已被 CV 阻断。奖励 -1.0

[STEP 19] 开始执行动作...
[ACTION] AI决定: 选卡 0 -> 放入网格(7,1) -> 朝向 0
         坐标映射: 拖拽从(295,650)至(900,270) -> 方向滑动至(900,120)
[ACTION] ⛔ Fast-Fail! 目标网格(7,1)非绿色高亮(绿像素:0)。取消拖拽。
[REWARD] 执行前血条数: 0 -> 执行后血条数: 0
[REWARD] ⛔ 非法区域/无费用，已被 CV 阻断。奖励 -1.0

[STEP 20] 开始执行动作...
[ACTION] AI决定: 选卡 8 -> 放入网格(2,3) -> 朝向 1
         坐标映射: 拖拽从(1015,650)至(400,430) -> 方向滑动至(400,580)
[ACTION] ⛔ Fast-Fail! 目标网格(2,3)非绿色高亮(绿像素:0)。取消拖拽。
[REWARD] 执行前血条数: 0 -> 执行后血条数: 0
[REWARD] ⛔ 非法区域/无费用，已被 CV 阻断。奖励 -1.0

[STEP 21] 开始执行动作...
[ACTION] AI决定: 选卡 1 -> 放入网格(2,3) -> 朝向 3
         坐标映射: 拖拽从(385,650)至(400,430) -> 方向滑动至(550,430)
[ACTION] ⛔ Fast-Fail! 目标网格(2,3)非绿色高亮(绿像素:0)。取消拖拽。
[REWARD] 执行前血条数: 0 -> 执行后血条数: 0
[REWARD] ⛔ 非法区域/无费用，已被 CV 阻断。奖励 -1.0

[STEP 22] 开始执行动作...
[ACTION] AI决定: 选卡 4 -> 放入网格(3,1) -> 朝向 1
         坐标映射: 拖拽从(655,650)至(500,270) -> 方向滑动至(500,420)
[ACTION] ⛔ Fast-Fail! 目标网格(3,1)非绿色高亮(绿像素:0)。取消拖拽。
[REWARD] 执行前血条数: 0 -> 执行后血条数: 0
[REWARD] ⛔ 非法区域/无费用，已被 CV 阻断。奖励 -1.0

[STEP 23] 开始执行动作...
[ACTION] AI决定: 选卡 5 -> 放入网格(4,4) -> 朝向 3
         坐标映射: 拖拽从(745,650)至(600,510) -> 方向滑动至(750,510)
[ACTION] ⛔ Fast-Fail! 目标网格(4,4)非绿色高亮(绿像素:0)。取消拖拽。
[REWARD] 执行前血条数: 0 -> 执行后血条数: 0
[REWARD] ⛔ 非法区域/无费用，已被 CV 阻断。奖励 -1.0

[STEP 24] 开始执行动作...
[ACTION] AI决定: 选卡 0 -> 放入网格(3,0) -> 朝向 2
         坐标映射: 拖拽从(295,650)至(500,190) -> 方向滑动至(350,190)
[ACTION] ⛔ Fast-Fail! 目标网格(3,0)非绿色高亮(绿像素:0)。取消拖拽。
[REWARD] 执行前血条数: 0 -> 执行后血条数: 0
[REWARD] ⛔ 非法区域/无费用，已被 CV 阻断。奖励 -1.0

[STEP 25] 开始执行动作...
[ACTION] AI决定: 选卡 1 -> 放入网格(7,0) -> 朝向 1
         坐标映射: 拖拽从(385,650)至(900,190) -> 方向滑动至(900,340)
[ACTION] ⛔ Fast-Fail! 目标网格(7,0)非绿色高亮(绿像素:0)。取消拖拽。
[REWARD] 执行前血条数: 0 -> 执行后血条数: 0
[REWARD] ⛔ 非法区域/无费用，已被 CV 阻断。奖励 -1.0

[STEP 26] 开始执行动作...
[ACTION] AI决定: 选卡 4 -> 放入网格(2,2) -> 朝向 2
         坐标映射: 拖拽从(655,650)至(400,350) -> 方向滑动至(250,350)
[ACTION] ⛔ Fast-Fail! 目标网格(2,2)非绿色高亮(绿像素:6)。取消拖拽。
[REWARD] 执行前血条数: 0 -> 执行后血条数: 0
[REWARD] ⛔ 非法区域/无费用，已被 CV 阻断。奖励 -1.0

[STEP 27] 开始执行动作...
[ACTION] AI决定: 选卡 3 -> 放入网格(2,2) -> 朝向 2
         坐标映射: 拖拽从(565,650)至(400,350) -> 方向滑动至(250,350)
[ACTION] ⛔ Fast-Fail! 目标网格(2,2)非绿色高亮(绿像素:0)。取消拖拽。
[REWARD] 执行前血条数: 0 -> 执行后血条数: 0
[REWARD] ⛔ 非法区域/无费用，已被 CV 阻断。奖励 -1.0

[STEP 28] 开始执行动作...
[ACTION] AI决定: 选卡 9 -> 放入网格(2,1) -> 朝向 2
         坐标映射: 拖拽从(1105,650)至(400,270) -> 方向滑动至(250,270)
[ACTION] ✅ CV校验通过！网格(2,1)具有高亮绿色(像素:238)，准许拖拽。
[REWARD] 执行前血条数: 0 -> 执行后血条数: 0
[REWARD] 部署失败，计算前后帧 MSE (均方误差) = 368.35
[REWARD] 动作无效。奖励 -0.5

[STEP 29] 开始执行动作...
[ACTION] AI决定: 选卡 4 -> 放入网格(3,4) -> 朝向 1
         坐标映射: 拖拽从(655,650)至(500,510) -> 方向滑动至(500,660)
[ACTION] ✅ CV校验通过！网格(3,4)具有高亮绿色(像素:900)，准许拖拽。
[REWARD] 执行前血条数: 0 -> 执行后血条数: 0
[REWARD] 部署失败，计算前后帧 MSE (均方误差) = 696.04
[REWARD] 动作无效。奖励 -0.5

[STEP 30] 开始执行动作...
[ACTION] AI决定: 选卡 2 -> 放入网格(1,4) -> 朝向 2
         坐标映射: 拖拽从(475,650)至(300,510) -> 方向滑动至(150,510)
[ACTION] ⛔ Fast-Fail! 目标网格(1,4)非绿色高亮(绿像素:0)。取消拖拽。
[REWARD] 执行前血条数: 0 -> 执行后血条数: 0
[REWARD] ⛔ 非法区域/无费用，已被 CV 阻断。奖励 -1.0
[ENV] 达到最大步数 (30)，终止回合。
--> [回合结束] 第 3 回合 | 奖励: -27.0 | 步数: 30

[STEP 1] 开始执行动作...
[ACTION] AI决定: 选卡 4 -> 放入网格(2,3) -> 朝向 1
         坐标映射: 拖拽从(655,650)至(400,430) -> 方向滑动至(400,580)
[ACTION] ⛔ Fast-Fail! 目标网格(2,3)非绿色高亮(绿像素:0)。取消拖拽。
[REWARD] 执行前血条数: 0 -> 执行后血条数: 0
[REWARD] ⛔ 非法区域/无费用，已被 CV 阻断。奖励 -1.0

[STEP 2] 开始执行动作...
[ACTION] AI决定: 选卡 2 -> 放入网格(3,1) -> 朝向 0
         坐标映射: 拖拽从(475,650)至(500,270) -> 方向滑动至(500,120)
[ACTION] ⛔ Fast-Fail! 目标网格(3,1)非绿色高亮(绿像素:0)。取消拖拽。
[REWARD] 执行前血条数: 0 -> 执行后血条数: 0
[REWARD] ⛔ 非法区域/无费用，已被 CV 阻断。奖励 -1.0

[STEP 3] 开始执行动作...
[ACTION] AI决定: 选卡 0 -> 放入网格(1,3) -> 朝向 1
         坐标映射: 拖拽从(295,650)至(300,430) -> 方向滑动至(300,580)
[ACTION] ⛔ Fast-Fail! 目标网格(1,3)非绿色高亮(绿像素:0)。取消拖拽。
[REWARD] 执行前血条数: 0 -> 执行后血条数: 0
[REWARD] ⛔ 非法区域/无费用，已被 CV 阻断。奖励 -1.0

[STEP 4] 开始执行动作...
[ACTION] AI决定: 选卡 4 -> 放入网格(7,4) -> 朝向 1
         坐标映射: 拖拽从(655,650)至(900,510) -> 方向滑动至(900,660)
[ACTION] ⛔ Fast-Fail! 目标网格(7,4)非绿色高亮(绿像素:0)。取消拖拽。
[REWARD] 执行前血条数: 0 -> 执行后血条数: 0
[REWARD] ⛔ 非法区域/无费用，已被 CV 阻断。奖励 -1.0

[STEP 5] 开始执行动作...
[ACTION] AI决定: 选卡 4 -> 放入网格(7,4) -> 朝向 0
         坐标映射: 拖拽从(655,650)至(900,510) -> 方向滑动至(900,360)
[ACTION] ⛔ Fast-Fail! 目标网格(7,4)非绿色高亮(绿像素:0)。取消拖拽。
[REWARD] 执行前血条数: 0 -> 执行后血条数: 0
[REWARD] ⛔ 非法区域/无费用，已被 CV 阻断。奖励 -1.0

[STEP 6] 开始执行动作...
[ACTION] AI决定: 选卡 6 -> 放入网格(1,1) -> 朝向 2
         坐标映射: 拖拽从(835,650)至(300,270) -> 方向滑动至(150,270)
[ACTION] ⛔ Fast-Fail! 目标网格(1,1)非绿色高亮(绿像素:0)。取消拖拽。
[REWARD] 执行前血条数: 0 -> 执行后血条数: 0
[REWARD] ⛔ 非法区域/无费用，已被 CV 阻断。奖励 -1.0

[STEP 7] 开始执行动作...
[ACTION] AI决定: 选卡 5 -> 放入网格(3,3) -> 朝向 2
         坐标映射: 拖拽从(745,650)至(500,430) -> 方向滑动至(350,430)
[ACTION] ⛔ Fast-Fail! 目标网格(3,3)非绿色高亮(绿像素:0)。取消拖拽。
[REWARD] 执行前血条数: 0 -> 执行后血条数: 0
[REWARD] ⛔ 非法区域/无费用，已被 CV 阻断。奖励 -1.0

[STEP 8] 开始执行动作...
[ACTION] AI决定: 选卡 7 -> 放入网格(2,3) -> 朝向 3
         坐标映射: 拖拽从(925,650)至(400,430) -> 方向滑动至(550,430)
[ACTION] ⛔ Fast-Fail! 目标网格(2,3)非绿色高亮(绿像素:0)。取消拖拽。
[REWARD] 执行前血条数: 0 -> 执行后血条数: 0
[REWARD] ⛔ 非法区域/无费用，已被 CV 阻断。奖励 -1.0

[STEP 9] 开始执行动作...
[ACTION] AI决定: 选卡 3 -> 放入网格(5,2) -> 朝向 2
         坐标映射: 拖拽从(565,650)至(700,350) -> 方向滑动至(550,350)
[ACTION] ⛔ Fast-Fail! 目标网格(5,2)非绿色高亮(绿像素:0)。取消拖拽。
[REWARD] 执行前血条数: 0 -> 执行后血条数: 0
[REWARD] ⛔ 非法区域/无费用，已被 CV 阻断。奖励 -1.0

[STEP 10] 开始执行动作...
[ACTION] AI决定: 选卡 1 -> 放入网格(7,2) -> 朝向 3
         坐标映射: 拖拽从(385,650)至(900,350) -> 方向滑动至(1050,350)
[ACTION] ⛔ Fast-Fail! 目标网格(7,2)非绿色高亮(绿像素:0)。取消拖拽。
[REWARD] 执行前血条数: 0 -> 执行后血条数: 0
[REWARD] ⛔ 非法区域/无费用，已被 CV 阻断。奖励 -1.0

[STEP 11] 开始执行动作...
[ACTION] AI决定: 选卡 5 -> 放入网格(6,2) -> 朝向 2
         坐标映射: 拖拽从(745,650)至(800,350) -> 方向滑动至(650,350)
[ACTION] ✅ CV校验通过！网格(6,2)具有高亮绿色(像素:335)，准许拖拽。
[REWARD] 执行前血条数: 0 -> 执行后血条数: 0
[REWARD] 部署失败，计算前后帧 MSE (均方误差) = 3231.11
[REWARD] 动作无效。奖励 -0.5

[STEP 12] 开始执行动作...
[ACTION] AI决定: 选卡 1 -> 放入网格(9,4) -> 朝向 1
         坐标映射: 拖拽从(385,650)至(1100,510) -> 方向滑动至(1100,660)
[ACTION] ⛔ Fast-Fail! 目标网格(9,4)非绿色高亮(绿像素:0)。取消拖拽。
[REWARD] 执行前血条数: 0 -> 执行后血条数: 0
[REWARD] ⛔ 非法区域/无费用，已被 CV 阻断。奖励 -1.0

[STEP 13] 开始执行动作...
[ACTION] AI决定: 选卡 8 -> 放入网格(4,4) -> 朝向 3
         坐标映射: 拖拽从(1015,650)至(600,510) -> 方向滑动至(750,510)
[ACTION] ⛔ Fast-Fail! 目标网格(4,4)非绿色高亮(绿像素:2)。取消拖拽。
[REWARD] 执行前血条数: 0 -> 执行后血条数: 0
[REWARD] ⛔ 非法区域/无费用，已被 CV 阻断。奖励 -1.0

[STEP 14] 开始执行动作...
[ACTION] AI决定: 选卡 7 -> 放入网格(5,0) -> 朝向 0
         坐标映射: 拖拽从(925,650)至(700,190) -> 方向滑动至(700,40)
[ACTION] ⛔ Fast-Fail! 目标网格(5,0)非绿色高亮(绿像素:0)。取消拖拽。
[REWARD] 执行前血条数: 0 -> 执行后血条数: 0
[REWARD] ⛔ 非法区域/无费用，已被 CV 阻断。奖励 -1.0

[STEP 15] 开始执行动作...
[ACTION] AI决定: 选卡 0 -> 放入网格(5,0) -> 朝向 3
         坐标映射: 拖拽从(295,650)至(700,190) -> 方向滑动至(850,190)
[ACTION] ⛔ Fast-Fail! 目标网格(5,0)非绿色高亮(绿像素:0)。取消拖拽。
[REWARD] 执行前血条数: 0 -> 执行后血条数: 0
[REWARD] ⛔ 非法区域/无费用，已被 CV 阻断。奖励 -1.0

[STEP 16] 开始执行动作...
[ACTION] AI决定: 选卡 9 -> 放入网格(2,2) -> 朝向 2
         坐标映射: 拖拽从(1105,650)至(400,350) -> 方向滑动至(250,350)
[ACTION] ✅ CV校验通过！网格(2,2)具有高亮绿色(像素:142)，准许拖拽。
[REWARD] 执行前血条数: 0 -> 执行后血条数: 0
[REWARD] 部署失败，计算前后帧 MSE (均方误差) = 2846.12
[REWARD] 动作无效。奖励 -0.5

[STEP 17] 开始执行动作...
[ACTION] AI决定: 选卡 4 -> 放入网格(9,4) -> 朝向 2
         坐标映射: 拖拽从(655,650)至(1100,510) -> 方向滑动至(950,510)
[ACTION] ⛔ Fast-Fail! 目标网格(9,4)非绿色高亮(绿像素:0)。取消拖拽。
[REWARD] 执行前血条数: 0 -> 执行后血条数: 0
[REWARD] ⛔ 非法区域/无费用，已被 CV 阻断。奖励 -1.0

[STEP 18] 开始执行动作...
[ACTION] AI决定: 选卡 1 -> 放入网格(0,3) -> 朝向 3
         坐标映射: 拖拽从(385,650)至(200,430) -> 方向滑动至(350,430)
[ACTION] ⛔ Fast-Fail! 目标网格(0,3)非绿色高亮(绿像素:2)。取消拖拽。
[REWARD] 执行前血条数: 0 -> 执行后血条数: 0
[REWARD] ⛔ 非法区域/无费用，已被 CV 阻断。奖励 -1.0

[STEP 19] 开始执行动作...
[ACTION] AI决定: 选卡 9 -> 放入网格(7,0) -> 朝向 0
         坐标映射: 拖拽从(1105,650)至(900,190) -> 方向滑动至(900,40)
[ACTION] ✅ CV校验通过！网格(7,0)具有高亮绿色(像素:137)，准许拖拽。
[REWARD] 执行前血条数: 0 -> 执行后血条数: 0
[REWARD] 部署失败，计算前后帧 MSE (均方误差) = 3061.59
[REWARD] 动作无效。奖励 -0.5

[STEP 20] 开始执行动作...
[ACTION] AI决定: 选卡 1 -> 放入网格(7,1) -> 朝向 2
         坐标映射: 拖拽从(385,650)至(900,270) -> 方向滑动至(750,270)
[ACTION] ✅ CV校验通过！网格(7,1)具有高亮绿色(像素:288)，准许拖拽。
[REWARD] 执行前血条数: 0 -> 执行后血条数: 0
[REWARD] 部署失败，计算前后帧 MSE (均方误差) = 3062.06
[REWARD] 动作无效。奖励 -0.5

[STEP 21] 开始执行动作...
[ACTION] AI决定: 选卡 0 -> 放入网格(0,0) -> 朝向 1
         坐标映射: 拖拽从(295,650)至(200,190) -> 方向滑动至(200,340)
[ACTION] ⛔ Fast-Fail! 目标网格(0,0)非绿色高亮(绿像素:15)。取消拖拽。
[REWARD] 执行前血条数: 0 -> 执行后血条数: 0
[REWARD] ⛔ 非法区域/无费用，已被 CV 阻断。奖励 -1.0

[STEP 22] 开始执行动作...
[ACTION] AI决定: 选卡 2 -> 放入网格(1,0) -> 朝向 3
         坐标映射: 拖拽从(475,650)至(300,190) -> 方向滑动至(450,190)
[ACTION] ⛔ Fast-Fail! 目标网格(1,0)非绿色高亮(绿像素:0)。取消拖拽。
[REWARD] 执行前血条数: 0 -> 执行后血条数: 0
[REWARD] ⛔ 非法区域/无费用，已被 CV 阻断。奖励 -1.0

[STEP 23] 开始执行动作...
[ACTION] AI决定: 选卡 2 -> 放入网格(4,0) -> 朝向 3
         坐标映射: 拖拽从(475,650)至(600,190) -> 方向滑动至(750,190)
[ACTION] ⛔ Fast-Fail! 目标网格(4,0)非绿色高亮(绿像素:17)。取消拖拽。
[REWARD] 执行前血条数: 0 -> 执行后血条数: 0
[REWARD] ⛔ 非法区域/无费用，已被 CV 阻断。奖励 -1.0

[STEP 24] 开始执行动作...
[ACTION] AI决定: 选卡 8 -> 放入网格(8,0) -> 朝向 1
         坐标映射: 拖拽从(1015,650)至(1000,190) -> 方向滑动至(1000,340)
[ACTION] ✅ CV校验通过！网格(8,0)具有高亮绿色(像素:900)，准许拖拽。
[REWARD] 执行前血条数: 0 -> 执行后血条数: 0
[REWARD] 部署失败，计算前后帧 MSE (均方误差) = 970.44
[REWARD] 动作无效。奖励 -0.5

[STEP 25] 开始执行动作...
[ACTION] AI决定: 选卡 9 -> 放入网格(8,1) -> 朝向 2
         坐标映射: 拖拽从(1105,650)至(1000,270) -> 方向滑动至(850,270)
[ACTION] ✅ CV校验通过！网格(8,1)具有高亮绿色(像素:576)，准许拖拽。
[REWARD] 执行前血条数: 0 -> 执行后血条数: 0
[REWARD] 部署失败，计算前后帧 MSE (均方误差) = 479.19
[REWARD] 动作无效。奖励 -0.5

[STEP 26] 开始执行动作...
[ACTION] AI决定: 选卡 7 -> 放入网格(9,3) -> 朝向 1
         坐标映射: 拖拽从(925,650)至(1100,430) -> 方向滑动至(1100,580)
[ACTION] ✅ CV校验通过！网格(9,3)具有高亮绿色(像素:99)，准许拖拽。
[REWARD] 执行前血条数: 0 -> 执行后血条数: 0
[REWARD] 部署失败，计算前后帧 MSE (均方误差) = 318.14
[REWARD] 动作无效。奖励 -0.5

[STEP 27] 开始执行动作...
[ACTION] AI决定: 选卡 5 -> 放入网格(6,4) -> 朝向 3
         坐标映射: 拖拽从(745,650)至(800,510) -> 方向滑动至(950,510)
[ACTION] ⛔ Fast-Fail! 目标网格(6,4)非绿色高亮(绿像素:0)。取消拖拽。
[REWARD] 执行前血条数: 0 -> 执行后血条数: 0
[REWARD] ⛔ 非法区域/无费用，已被 CV 阻断。奖励 -1.0

[STEP 28] 开始执行动作...
[ACTION] AI决定: 选卡 8 -> 放入网格(0,1) -> 朝向 1
         坐标映射: 拖拽从(1015,650)至(200,270) -> 方向滑动至(200,420)
[ACTION] ⛔ Fast-Fail! 目标网格(0,1)非绿色高亮(绿像素:0)。取消拖拽。
[REWARD] 执行前血条数: 0 -> 执行后血条数: 0
[REWARD] ⛔ 非法区域/无费用，已被 CV 阻断。奖励 -1.0

[STEP 29] 开始执行动作...
[ACTION] AI决定: 选卡 4 -> 放入网格(1,0) -> 朝向 3
         坐标映射: 拖拽从(655,650)至(300,190) -> 方向滑动至(450,190)
[ACTION] ⛔ Fast-Fail! 目标网格(1,0)非绿色高亮(绿像素:0)。取消拖拽。
[REWARD] 执行前血条数: 0 -> 执行后血条数: 0
[REWARD] ⛔ 非法区域/无费用，已被 CV 阻断。奖励 -1.0

[STEP 30] 开始执行动作...
[ACTION] AI决定: 选卡 8 -> 放入网格(0,2) -> 朝向 2
         坐标映射: 拖拽从(1015,650)至(200,350) -> 方向滑动至(50,350)
[ACTION] ⛔ Fast-Fail! 目标网格(0,2)非绿色高亮(绿像素:0)。取消拖拽。
[REWARD] 执行前血条数: 0 -> 执行后血条数: 0
[REWARD] ⛔ 非法区域/无费用，已被 CV 阻断。奖励 -1.0
[ENV] 达到最大步数 (30)，终止回合。
--> [回合结束] 第 4 回合 | 奖励: -26.5 | 步数: 30

[STEP 1] 开始执行动作...
[ACTION] AI决定: 选卡 3 -> 放入网格(6,2) -> 朝向 0
         坐标映射: 拖拽从(565,650)至(800,350) -> 方向滑动至(800,200)
[ACTION] ⛔ Fast-Fail! 目标网格(6,2)非绿色高亮(绿像素:0)。取消拖拽。
[REWARD] 执行前血条数: 0 -> 执行后血条数: 0
[REWARD] ⛔ 非法区域/无费用，已被 CV 阻断。奖励 -1.0

[STEP 2] 开始执行动作...
[ACTION] AI决定: 选卡 1 -> 放入网格(6,2) -> 朝向 0
         坐标映射: 拖拽从(385,650)至(800,350) -> 方向滑动至(800,200)
[ACTION] ⛔ Fast-Fail! 目标网格(6,2)非绿色高亮(绿像素:0)。取消拖拽。
[REWARD] 执行前血条数: 0 -> 执行后血条数: 0
[REWARD] ⛔ 非法区域/无费用，已被 CV 阻断。奖励 -1.0

[STEP 3] 开始执行动作...
[ACTION] AI决定: 选卡 8 -> 放入网格(0,1) -> 朝向 3
         坐标映射: 拖拽从(1015,650)至(200,270) -> 方向滑动至(350,270)
[ACTION] ⛔ Fast-Fail! 目标网格(0,1)非绿色高亮(绿像素:0)。取消拖拽。
[REWARD] 执行前血条数: 0 -> 执行后血条数: 0
[REWARD] ⛔ 非法区域/无费用，已被 CV 阻断。奖励 -1.0

[STEP 4] 开始执行动作...
[ACTION] AI决定: 选卡 2 -> 放入网格(6,3) -> 朝向 3
         坐标映射: 拖拽从(475,650)至(800,430) -> 方向滑动至(950,430)
[ACTION] ⛔ Fast-Fail! 目标网格(6,3)非绿色高亮(绿像素:19)。取消拖拽。
[REWARD] 执行前血条数: 0 -> 执行后血条数: 0
[REWARD] ⛔ 非法区域/无费用，已被 CV 阻断。奖励 -1.0

[STEP 5] 开始执行动作...
[ACTION] AI决定: 选卡 0 -> 放入网格(8,4) -> 朝向 3
         坐标映射: 拖拽从(295,650)至(1000,510) -> 方向滑动至(1150,510)
[ACTION] ⛔ Fast-Fail! 目标网格(8,4)非绿色高亮(绿像素:0)。取消拖拽。
[REWARD] 执行前血条数: 0 -> 执行后血条数: 0
[REWARD] ⛔ 非法区域/无费用，已被 CV 阻断。奖励 -1.0

[STEP 6] 开始执行动作...
[ACTION] AI决定: 选卡 8 -> 放入网格(8,1) -> 朝向 1
         坐标映射: 拖拽从(1015,650)至(1000,270) -> 方向滑动至(1000,420)
[ACTION] ✅ CV校验通过！网格(8,1)具有高亮绿色(像素:580)，准许拖拽。
[REWARD] 执行前血条数: 0 -> 执行后血条数: 0
[REWARD] 部署失败，计算前后帧 MSE (均方误差) = 305.67
[REWARD] 动作无效。奖励 -0.5

[STEP 7] 开始执行动作...
[ACTION] AI决定: 选卡 6 -> 放入网格(4,1) -> 朝向 0
         坐标映射: 拖拽从(835,650)至(600,270) -> 方向滑动至(600,120)
[ACTION] ⛔ Fast-Fail! 目标网格(4,1)非绿色高亮(绿像素:0)。取消拖拽。
[REWARD] 执行前血条数: 0 -> 执行后血条数: 0
[REWARD] ⛔ 非法区域/无费用，已被 CV 阻断。奖励 -1.0

[STEP 8] 开始执行动作...
[ACTION] AI决定: 选卡 3 -> 放入网格(8,1) -> 朝向 1
         坐标映射: 拖拽从(565,650)至(1000,270) -> 方向滑动至(1000,420)
[ACTION] ⛔ Fast-Fail! 目标网格(8,1)非绿色高亮(绿像素:1)。取消拖拽。
[REWARD] 执行前血条数: 0 -> 执行后血条数: 0
[REWARD] ⛔ 非法区域/无费用，已被 CV 阻断。奖励 -1.0
----------------------------
| time/              |     |
|    fps             | 0   |
|    iterations      | 1   |
|    time_elapsed    | 190 |
|    total_timesteps | 128 |
----------------------------

[STEP 9] 开始执行动作...
[ACTION] AI决定: 选卡 2 -> 放入网格(3,4) -> 朝向 3
         坐标映射: 拖拽从(475,650)至(500,510) -> 方向滑动至(650,510)
[ACTION] ⛔ Fast-Fail! 目标网格(3,4)非绿色高亮(绿像素:0)。取消拖拽。
[REWARD] 执行前血条数: 0 -> 执行后血条数: 0
[REWARD] ⛔ 非法区域/无费用，已被 CV 阻断。奖励 -1.0

[STEP 10] 开始执行动作...
[ACTION] AI决定: 选卡 2 -> 放入网格(0,0) -> 朝向 1
         坐标映射: 拖拽从(475,650)至(200,190) -> 方向滑动至(200,340)
[ACTION] ⛔ Fast-Fail! 目标网格(0,0)非绿色高亮(绿像素:1)。取消拖拽。
[REWARD] 执行前血条数: 0 -> 执行后血条数: 0
[REWARD] ⛔ 非法区域/无费用，已被 CV 阻断。奖励 -1.0

[STEP 11] 开始执行动作...
[ACTION] AI决定: 选卡 5 -> 放入网格(4,3) -> 朝向 3
         坐标映射: 拖拽从(745,650)至(600,430) -> 方向滑动至(750,430)
[ACTION] ⛔ Fast-Fail! 目标网格(4,3)非绿色高亮(绿像素:0)。取消拖拽。
[REWARD] 执行前血条数: 0 -> 执行后血条数: 0
[REWARD] ⛔ 非法区域/无费用，已被 CV 阻断。奖励 -1.0

[STEP 12] 开始执行动作...
[ACTION] AI决定: 选卡 8 -> 放入网格(3,1) -> 朝向 1
         坐标映射: 拖拽从(1015,650)至(500,270) -> 方向滑动至(500,420)
[ACTION] ✅ CV校验通过！网格(3,1)具有高亮绿色(像素:483)，准许拖拽。
[REWARD] 执行前血条数: 0 -> 执行后血条数: 0
[REWARD] 部署失败，计算前后帧 MSE (均方误差) = 3197.35
[REWARD] 动作无效。奖励 -0.5

[STEP 13] 开始执行动作...
[ACTION] AI决定: 选卡 7 -> 放入网格(8,1) -> 朝向 0
         坐标映射: 拖拽从(925,650)至(1000,270) -> 方向滑动至(1000,120)
[ACTION] ⛔ Fast-Fail! 目标网格(8,1)非绿色高亮(绿像素:0)。取消拖拽。
[REWARD] 执行前血条数: 0 -> 执行后血条数: 0
[REWARD] ⛔ 非法区域/无费用，已被 CV 阻断。奖励 -1.0

[STEP 14] 开始执行动作...
[ACTION] AI决定: 选卡 4 -> 放入网格(6,1) -> 朝向 0
         坐标映射: 拖拽从(655,650)至(800,270) -> 方向滑动至(800,120)
[ACTION] ⛔ Fast-Fail! 目标网格(6,1)非绿色高亮(绿像素:0)。取消拖拽。
[REWARD] 执行前血条数: 0 -> 执行后血条数: 0
[REWARD] ⛔ 非法区域/无费用，已被 CV 阻断。奖励 -1.0

[STEP 15] 开始执行动作...
[ACTION] AI决定: 选卡 3 -> 放入网格(0,1) -> 朝向 0
         坐标映射: 拖拽从(565,650)至(200,270) -> 方向滑动至(200,120)
[ACTION] ⛔ Fast-Fail! 目标网格(0,1)非绿色高亮(绿像素:0)。取消拖拽。
[REWARD] 执行前血条数: 0 -> 执行后血条数: 0
[REWARD] ⛔ 非法区域/无费用，已被 CV 阻断。奖励 -1.0

[STEP 16] 开始执行动作...
[ACTION] AI决定: 选卡 6 -> 放入网格(3,1) -> 朝向 3
         坐标映射: 拖拽从(835,650)至(500,270) -> 方向滑动至(650,270)
[ACTION] ⛔ Fast-Fail! 目标网格(3,1)非绿色高亮(绿像素:0)。取消拖拽。
[REWARD] 执行前血条数: 0 -> 执行后血条数: 0
[REWARD] ⛔ 非法区域/无费用，已被 CV 阻断。奖励 -1.0

[STEP 17] 开始执行动作...
[ACTION] AI决定: 选卡 7 -> 放入网格(8,0) -> 朝向 1
         坐标映射: 拖拽从(925,650)至(1000,190) -> 方向滑动至(1000,340)
[ACTION] ⛔ Fast-Fail! 目标网格(8,0)非绿色高亮(绿像素:0)。取消拖拽。
[REWARD] 执行前血条数: 0 -> 执行后血条数: 0
[REWARD] ⛔ 非法区域/无费用，已被 CV 阻断。奖励 -1.0

[STEP 18] 开始执行动作...
[ACTION] AI决定: 选卡 6 -> 放入网格(1,1) -> 朝向 3
         坐标映射: 拖拽从(835,650)至(300,270) -> 方向滑动至(450,270)
[ACTION] ⛔ Fast-Fail! 目标网格(1,1)非绿色高亮(绿像素:0)。取消拖拽。
[REWARD] 执行前血条数: 0 -> 执行后血条数: 0
[REWARD] ⛔ 非法区域/无费用，已被 CV 阻断。奖励 -1.0

[STEP 19] 开始执行动作...
[ACTION] AI决定: 选卡 2 -> 放入网格(4,1) -> 朝向 0
         坐标映射: 拖拽从(475,650)至(600,270) -> 方向滑动至(600,120)
[ACTION] ⛔ Fast-Fail! 目标网格(4,1)非绿色高亮(绿像素:0)。取消拖拽。
[REWARD] 执行前血条数: 0 -> 执行后血条数: 0
[REWARD] ⛔ 非法区域/无费用，已被 CV 阻断。奖励 -1.0

[STEP 20] 开始执行动作...
[ACTION] AI决定: 选卡 4 -> 放入网格(2,0) -> 朝向 0
         坐标映射: 拖拽从(655,650)至(400,190) -> 方向滑动至(400,40)
[ACTION] ⛔ Fast-Fail! 目标网格(2,0)非绿色高亮(绿像素:0)。取消拖拽。
[REWARD] 执行前血条数: 0 -> 执行后血条数: 0
[REWARD] ⛔ 非法区域/无费用，已被 CV 阻断。奖励 -1.0

[STEP 21] 开始执行动作...
[ACTION] AI决定: 选卡 4 -> 放入网格(0,1) -> 朝向 2
         坐标映射: 拖拽从(655,650)至(200,270) -> 方向滑动至(50,270)
[ACTION] ⛔ Fast-Fail! 目标网格(0,1)非绿色高亮(绿像素:0)。取消拖拽。
[REWARD] 执行前血条数: 0 -> 执行后血条数: 0
[REWARD] ⛔ 非法区域/无费用，已被 CV 阻断。奖励 -1.0

[STEP 22] 开始执行动作...
[ACTION] AI决定: 选卡 5 -> 放入网格(2,4) -> 朝向 2
         坐标映射: 拖拽从(745,650)至(400,510) -> 方向滑动至(250,510)
[ACTION] ✅ CV校验通过！网格(2,4)具有高亮绿色(像素:250)，准许拖拽。
[REWARD] 执行前血条数: 0 -> 执行后血条数: 0
[REWARD] 部署失败，计算前后帧 MSE (均方误差) = 527.40
[REWARD] 动作无效。奖励 -0.5

[STEP 23] 开始执行动作...
[ACTION] AI决定: 选卡 4 -> 放入网格(8,0) -> 朝向 1
         坐标映射: 拖拽从(655,650)至(1000,190) -> 方向滑动至(1000,340)
[ACTION] ⛔ Fast-Fail! 目标网格(8,0)非绿色高亮(绿像素:0)。取消拖拽。
[REWARD] 执行前血条数: 0 -> 执行后血条数: 0
[REWARD] ⛔ 非法区域/无费用，已被 CV 阻断。奖励 -1.0

[STEP 24] 开始执行动作...
[ACTION] AI决定: 选卡 2 -> 放入网格(8,2) -> 朝向 2
         坐标映射: 拖拽从(475,650)至(1000,350) -> 方向滑动至(850,350)
[ACTION] ⛔ Fast-Fail! 目标网格(8,2)非绿色高亮(绿像素:0)。取消拖拽。
[REWARD] 执行前血条数: 0 -> 执行后血条数: 0
[REWARD] ⛔ 非法区域/无费用，已被 CV 阻断。奖励 -1.0

[STEP 25] 开始执行动作...
[ACTION] AI决定: 选卡 1 -> 放入网格(2,0) -> 朝向 1
         坐标映射: 拖拽从(385,650)至(400,190) -> 方向滑动至(400,340)
[ACTION] ⛔ Fast-Fail! 目标网格(2,0)非绿色高亮(绿像素:6)。取消拖拽。
[REWARD] 执行前血条数: 0 -> 执行后血条数: 0
[REWARD] ⛔ 非法区域/无费用，已被 CV 阻断。奖励 -1.0

[STEP 26] 开始执行动作...
[ACTION] AI决定: 选卡 7 -> 放入网格(3,0) -> 朝向 0
         坐标映射: 拖拽从(925,650)至(500,190) -> 方向滑动至(500,40)
[ACTION] ⛔ Fast-Fail! 目标网格(3,0)非绿色高亮(绿像素:8)。取消拖拽。
[REWARD] 执行前血条数: 0 -> 执行后血条数: 0
[REWARD] ⛔ 非法区域/无费用，已被 CV 阻断。奖励 -1.0

[STEP 27] 开始执行动作...
[ACTION] AI决定: 选卡 3 -> 放入网格(8,3) -> 朝向 1
         坐标映射: 拖拽从(565,650)至(1000,430) -> 方向滑动至(1000,580)
[ACTION] ⛔ Fast-Fail! 目标网格(8,3)非绿色高亮(绿像素:0)。取消拖拽。
[REWARD] 执行前血条数: 0 -> 执行后血条数: 0
[REWARD] ⛔ 非法区域/无费用，已被 CV 阻断。奖励 -1.0

[STEP 28] 开始执行动作...
[ACTION] AI决定: 选卡 2 -> 放入网格(6,0) -> 朝向 0
         坐标映射: 拖拽从(475,650)至(800,190) -> 方向滑动至(800,40)
[ACTION] ⛔ Fast-Fail! 目标网格(6,0)非绿色高亮(绿像素:0)。取消拖拽。
[REWARD] 执行前血条数: 0 -> 执行后血条数: 0
[REWARD] ⛔ 非法区域/无费用，已被 CV 阻断。奖励 -1.0

[STEP 29] 开始执行动作...
[ACTION] AI决定: 选卡 1 -> 放入网格(0,1) -> 朝向 3
         坐标映射: 拖拽从(385,650)至(200,270) -> 方向滑动至(350,270)
[ACTION] ⛔ Fast-Fail! 目标网格(0,1)非绿色高亮(绿像素:0)。取消拖拽。
[REWARD] 执行前血条数: 0 -> 执行后血条数: 0
[REWARD] ⛔ 非法区域/无费用，已被 CV 阻断。奖励 -1.0

[STEP 30] 开始执行动作...
[ACTION] AI决定: 选卡 2 -> 放入网格(4,4) -> 朝向 1
         坐标映射: 拖拽从(475,650)至(600,510) -> 方向滑动至(600,660)
[ACTION] ⛔ Fast-Fail! 目标网格(4,4)非绿色高亮(绿像素:0)。取消拖拽。
[REWARD] 执行前血条数: 0 -> 执行后血条数: 0
[REWARD] ⛔ 非法区域/无费用，已被 CV 阻断。奖励 -1.0
[ENV] 达到最大步数 (30)，终止回合。
--> [回合结束] 第 5 回合 | 奖励: -28.5 | 步数: 30

[STEP 1] 开始执行动作...
[ACTION] AI决定: 选卡 8 -> 放入网格(0,0) -> 朝向 1
         坐标映射: 拖拽从(1015,650)至(200,190) -> 方向滑动至(200,340)
[ACTION] ⛔ Fast-Fail! 目标网格(0,0)非绿色高亮(绿像素:0)。取消拖拽。
[REWARD] 执行前血条数: 0 -> 执行后血条数: 0
[REWARD] ⛔ 非法区域/无费用，已被 CV 阻断。奖励 -1.0

[STEP 2] 开始执行动作...
[ACTION] AI决定: 选卡 8 -> 放入网格(3,3) -> 朝向 2
         坐标映射: 拖拽从(1015,650)至(500,430) -> 方向滑动至(350,430)
[ACTION] ✅ CV校验通过！网格(3,3)具有高亮绿色(像素:401)，准许拖拽。
[REWARD] 执行前血条数: 0 -> 执行后血条数: 0
[REWARD] 部署失败，计算前后帧 MSE (均方误差) = 3117.92
[REWARD] 动作无效。奖励 -0.5

[STEP 3] 开始执行动作...
[ACTION] AI决定: 选卡 8 -> 放入网格(9,1) -> 朝向 2
         坐标映射: 拖拽从(1015,650)至(1100,270) -> 方向滑动至(950,270)
[ACTION] ⛔ Fast-Fail! 目标网格(9,1)非绿色高亮(绿像素:0)。取消拖拽。
[REWARD] 执行前血条数: 0 -> 执行后血条数: 0
[REWARD] ⛔ 非法区域/无费用，已被 CV 阻断。奖励 -1.0

[STEP 4] 开始执行动作...
[ACTION] AI决定: 选卡 4 -> 放入网格(4,3) -> 朝向 3
         坐标映射: 拖拽从(655,650)至(600,430) -> 方向滑动至(750,430)
[ACTION] ⛔ Fast-Fail! 目标网格(4,3)非绿色高亮(绿像素:0)。取消拖拽。
[REWARD] 执行前血条数: 0 -> 执行后血条数: 0
[REWARD] ⛔ 非法区域/无费用，已被 CV 阻断。奖励 -1.0

[STEP 5] 开始执行动作...
[ACTION] AI决定: 选卡 4 -> 放入网格(3,0) -> 朝向 0
         坐标映射: 拖拽从(655,650)至(500,190) -> 方向滑动至(500,40)
[ACTION] ⛔ Fast-Fail! 目标网格(3,0)非绿色高亮(绿像素:0)。取消拖拽。
[REWARD] 执行前血条数: 0 -> 执行后血条数: 0
[REWARD] ⛔ 非法区域/无费用，已被 CV 阻断。奖励 -1.0

[STEP 6] 开始执行动作...
[ACTION] AI决定: 选卡 9 -> 放入网格(2,0) -> 朝向 3
         坐标映射: 拖拽从(1105,650)至(400,190) -> 方向滑动至(550,190)
[ACTION] ✅ CV校验通过！网格(2,0)具有高亮绿色(像素:444)，准许拖拽。
[REWARD] 执行前血条数: 0 -> 执行后血条数: 0
[REWARD] 部署失败，计算前后帧 MSE (均方误差) = 109.17
[REWARD] 画面未发生明显变化(非法部署)。奖励 -1.0

[STEP 7] 开始执行动作...
[ACTION] AI决定: 选卡 2 -> 放入网格(2,1) -> 朝向 0
         坐标映射: 拖拽从(475,650)至(400,270) -> 方向滑动至(400,120)
[ACTION] ✅ CV校验通过！网格(2,1)具有高亮绿色(像素:90)，准许拖拽。
[REWARD] 执行前血条数: 0 -> 执行后血条数: 0
[REWARD] 部署失败，计算前后帧 MSE (均方误差) = 223.94
[REWARD] 画面未发生明显变化(非法部署)。奖励 -1.0

[STEP 8] 开始执行动作...
[ACTION] AI决定: 选卡 1 -> 放入网格(8,3) -> 朝向 0
         坐标映射: 拖拽从(385,650)至(1000,430) -> 方向滑动至(1000,280)
[ACTION] ⛔ Fast-Fail! 目标网格(8,3)非绿色高亮(绿像素:0)。取消拖拽。
[REWARD] 执行前血条数: 0 -> 执行后血条数: 0
[REWARD] ⛔ 非法区域/无费用，已被 CV 阻断。奖励 -1.0

[STEP 9] 开始执行动作...
[ACTION] AI决定: 选卡 3 -> 放入网格(6,4) -> 朝向 0
         坐标映射: 拖拽从(565,650)至(800,510) -> 方向滑动至(800,360)
[ACTION] ⛔ Fast-Fail! 目标网格(6,4)非绿色高亮(绿像素:0)。取消拖拽。
[REWARD] 执行前血条数: 0 -> 执行后血条数: 0
[REWARD] ⛔ 非法区域/无费用，已被 CV 阻断。奖励 -1.0

[STEP 10] 开始执行动作...
[ACTION] AI决定: 选卡 3 -> 放入网格(6,3) -> 朝向 0
         坐标映射: 拖拽从(565,650)至(800,430) -> 方向滑动至(800,280)
[ACTION] ⛔ Fast-Fail! 目标网格(6,3)非绿色高亮(绿像素:0)。取消拖拽。
[REWARD] 执行前血条数: 0 -> 执行后血条数: 0
[REWARD] ⛔ 非法区域/无费用，已被 CV 阻断。奖励 -1.0

[STEP 11] 开始执行动作...
[ACTION] AI决定: 选卡 9 -> 放入网格(2,0) -> 朝向 2
         坐标映射: 拖拽从(1105,650)至(400,190) -> 方向滑动至(250,190)
[ACTION] ✅ CV校验通过！网格(2,0)具有高亮绿色(像素:444)，准许拖拽。
[REWARD] 执行前血条数: 0 -> 执行后血条数: 0
[REWARD] 部署失败，计算前后帧 MSE (均方误差) = 9233.79
[REWARD] 动作无效。奖励 -0.5
[ENV] 战斗画面锚点亮度过低 (0.0)，判定战斗结束。
--> [回合结束] 第 6 回合 | 奖励: -10.0 | 步数: 11

[STEP 1] 开始执行动作...
[ACTION] AI决定: 选卡 5 -> 放入网格(3,1) -> 朝向 3
         坐标映射: 拖拽从(745,650)至(500,270) -> 方向滑动至(650,270)
